01-01 12:17:35.227560   915  1137 I am_home_stack_moved: [0,0,1,1,sourceStackToFront]
01-01 12:17:35.227788   915  1137 I wm_task_moved: [8,1,0]
01-01 12:17:35.232415   915  1137 I am_create_activity: [0,95546660,8,com.android.dreams.phototable/.PhotoTableDreamSettings,NULL,NULL,NULL,0]
01-01 12:17:35.233992   915  1137 I am_pause_activity: [0,164348224,com.android.settings/.SubSettings]
01-01 12:17:35.239616   915  1137 I am_home_stack_moved: [0,0,1,1,startedActivity setFocusedActivity]
01-01 12:17:35.239825   915  1137 I wm_task_moved: [8,1,0]
01-01 12:17:35.242166  3766  3766 I sysui_view_visibility: [47,0]
01-01 12:17:35.251387   915  1137 I am_focused_activity: [0,com.android.dreams.phototable/.PhotoTableDreamSettings]
01-01 12:17:35.259606  3766  3766 I am_on_paused_called: [0,com.android.settings.SubSettings]
01-01 12:17:35.272946   915  1994 I am_restart_activity: [0,95546660,8,com.android.dreams.phototable/.PhotoTableDreamSettings]
01-01 12:17:35.337193   915   963 I am_pss  : [6826,10032,com.google.android.packageinstaller,17768448,14656512]
01-01 12:17:35.408135  6786  6786 I am_on_resume_called: [0,com.android.dreams.phototable.PhotoTableDreamSettings]
01-01 12:17:35.593101   915   991 I am_activity_launch_time: [0,95546660,com.android.dreams.phototable/.PhotoTableDreamSettings,331,331]
01-01 12:17:35.818882   246   246 I sf_frame_dur: [com.android.settings/com.android.settings.SubSettings,134,2,0,1,0,0,2]
01-01 12:17:39.824430  6786  6786 I menu_item_selected: [0,]
01-01 12:17:42.195007  6786  6786 I menu_item_selected: [0,]
01-01 12:17:42.680730   915   915 I notification_cancel: [10016,1176,com.android.systemui,2131361826,low_battery,-1,0,64,8,NULL]
01-01 12:17:42.681482   915   915 I notification_cancel: [10016,1176,com.android.systemui,20150528,low_battery,0,0,64,8,NULL]
01-01 12:17:42.682154   915   915 I notification_cancel: [1000,2014,com.asus.hardwarestub,2130837527,NULL,-1,0,0,8,NULL]
01-01 12:17:46.794817   915  1773 I am_finish_activity: [0,95546660,8,com.android.dreams.phototable/.PhotoTableDreamSettings,app-request]
01-01 12:17:46.806115   915  1773 I am_home_stack_moved: [0,0,1,1,finishActivity adjustFocus setFocusedActivity]
01-01 12:17:46.806471   915  1773 I wm_task_moved: [8,1,0]
01-01 12:17:46.820602   915  1773 I am_focused_activity: [0,com.android.settings/.SubSettings]
01-01 12:17:46.824964   915  1773 I am_pause_activity: [0,95546660,com.android.dreams.phototable/.PhotoTableDreamSettings]
01-01 12:17:46.831443  6786  6786 I am_on_paused_called: [0,com.android.dreams.phototable.PhotoTableDreamSettings]
01-01 12:17:46.857533   915   941 I am_resume_activity: [0,164348224,8,com.android.settings/.SubSettings]
01-01 12:17:46.918780  3766  3766 I sysui_view_visibility: [47,100]
01-01 12:17:46.926243   915   963 I am_pss  : [6786,10105,com.android.dreams.phototable,34267136,31278080]
01-01 12:17:46.996357  3766  3766 I am_on_resume_called: [0,com.android.settings.SubSettings]
01-01 12:17:47.020000  2210  2210 I auditd  : type=1400 audit(0.0:793): avc: denied { search } for comm="GpuAppSpectator" name="3766" dev="proc" ino=24800 scontext=u:r:gas_srv:s0 tcontext=u:r:system_app:s0 tclass=dir permissive=0
01-01 12:17:47.209378   915   991 I am_activity_launch_time: [0,164348224,com.android.settings/.SubSettings,337,337]
01-01 12:17:47.458932   915   965 I am_destroy_activity: [0,95546660,8,com.android.dreams.phototable/.PhotoTableDreamSettings,finish-imm]
01-01 12:17:47.472334   246   246 I sf_frame_dur: [com.android.dreams.phototable/com.android.dreams.phototable.PhotoTableDreamSettings,167,3,2,3,2,1,2]
01-01 12:17:48.020000  2210  2210 I auditd  : type=1400 audit(0.0:794): avc: denied { search } for comm="GpuAppSpectator" name="3766" dev="proc" ino=24800 scontext=u:r:gas_srv:s0 tcontext=u:r:system_app:s0 tclass=dir permissive=0
01-01 12:17:49.020000  2210  2210 I auditd  : type=1400 audit(0.0:795): avc: denied { search } for comm="GpuAppSpectator" name="3766" dev="proc" ino=24800 scontext=u:r:gas_srv:s0 tcontext=u:r:system_app:s0 tclass=dir permissive=0
01-01 12:17:50.030000  2210  2210 I auditd  : type=1400 audit(0.0:796): avc: denied { search } for comm="GpuAppSpectator" name="3766" dev="proc" ino=24800 scontext=u:r:gas_srv:s0 tcontext=u:r:system_app:s0 tclass=dir permissive=0
01-01 12:17:51.040000  2210  2210 I auditd  : type=1400 audit(0.0:797): avc: denied { search } for comm="GpuAppSpectator" name="3766" dev="proc" ino=24800 scontext=u:r:gas_srv:s0 tcontext=u:r:system_app:s0 tclass=dir permissive=0
01-01 12:17:52.050000  2210  2210 I auditd  : type=1400 audit(0.0:798): avc: denied { search } for comm="GpuAppSpectator" name="3766" dev="proc" ino=24800 scontext=u:r:gas_srv:s0 tcontext=u:r:system_app:s0 tclass=dir permissive=0
01-01 12:17:52.643049   915   915 I notification_cancel: [10016,1176,com.android.systemui,2131361826,low_battery,-1,0,64,8,NULL]
01-01 12:17:52.643575   915   915 I notification_cancel: [10016,1176,com.android.systemui,20150528,low_battery,0,0,64,8,NULL]
01-01 12:17:52.648425   915   915 I notification_cancel: [1000,2014,com.asus.hardwarestub,2130837527,NULL,-1,0,0,8,NULL]
01-01 12:17:53.050000  2210  2210 I auditd  : type=1400 audit(0.0:799): avc: denied { search } for comm="GpuAppSpectator" name="3766" dev="proc" ino=24800 scontext=u:r:gas_srv:s0 tcontext=u:r:system_app:s0 tclass=dir permissive=0
01-01 12:17:54.060000  2210  2210 I auditd  : type=1400 audit(0.0:800): avc: denied { search } for comm="GpuAppSpectator" name="3766" dev="proc" ino=24800 scontext=u:r:gas_srv:s0 tcontext=u:r:system_app:s0 tclass=dir permissive=0
01-01 12:17:55.080000  2210  2210 I auditd  : type=1400 audit(0.0:801): avc: denied { search } for comm="GpuAppSpectator" name="3766" dev="proc" ino=24800 scontext=u:r:gas_srv:s0 tcontext=u:r:system_app:s0 tclass=dir permissive=0
01-01 12:17:56.090000  2210  2210 I auditd  : type=1400 audit(0.0:802): avc: denied { search } for comm="GpuAppSpectator" name="3766" dev="proc" ino=24800 scontext=u:r:gas_srv:s0 tcontext=u:r:system_app:s0 tclass=dir permissive=0
01-01 12:17:57.090000  2210  2210 I auditd  : type=1400 audit(0.0:803): avc: denied { search } for comm="GpuAppSpectator" name="3766" dev="proc" ino=24800 scontext=u:r:gas_srv:s0 tcontext=u:r:system_app:s0 tclass=dir permissive=0
01-01 12:17:58.090000  2210  2210 I auditd  : type=1400 audit(0.0:804): avc: denied { search } for comm="GpuAppSpectator" name="3766" dev="proc" ino=24800 scontext=u:r:gas_srv:s0 tcontext=u:r:system_app:s0 tclass=dir permissive=0
01-01 12:17:59.100000  2210  2210 I auditd  : type=1400 audit(0.0:805): avc: denied { search } for comm="GpuAppSpectator" name="3766" dev="proc" ino=24800 scontext=u:r:gas_srv:s0 tcontext=u:r:system_app:s0 tclass=dir permissive=0
01-01 12:18:00.102543   915   963 I am_pss  : [3766,1000,com.android.settings,58481664,53560320]
01-01 12:18:00.100000  2210  2210 I auditd  : type=1400 audit(0.0:806): avc: denied { search } for comm="GpuAppSpectator" name="3766" dev="proc" ino=24800 scontext=u:r:gas_srv:s0 tcontext=u:r:system_app:s0 tclass=dir permissive=0
01-01 12:18:00.141713   915   963 I am_pss  : [3832,10025,android.process.media,15838208,13434880]
01-01 12:18:00.175853   915   963 I am_pss  : [2603,10007,com.asus.contacts,13400064,10952704]
01-01 12:18:01.110000  2210  2210 I auditd  : type=1400 audit(0.0:807): avc: denied { search } for comm="GpuAppSpectator" name="3766" dev="proc" ino=24800 scontext=u:r:gas_srv:s0 tcontext=u:r:system_app:s0 tclass=dir permissive=0
01-01 12:18:02.120000  2210  2210 I auditd  : type=1400 audit(0.0:808): avc: denied { search } for comm="GpuAppSpectator" name="3766" dev="proc" ino=24800 scontext=u:r:gas_srv:s0 tcontext=u:r:system_app:s0 tclass=dir permissive=0
01-01 12:18:02.770410   915   915 I notification_cancel: [10016,1176,com.android.systemui,2131361826,low_battery,-1,0,64,8,NULL]
01-01 12:18:02.770917   915   915 I notification_cancel: [10016,1176,com.android.systemui,20150528,low_battery,0,0,64,8,NULL]
01-01 12:18:02.771396   915   915 I notification_cancel: [1000,2014,com.asus.hardwarestub,2130837527,NULL,-1,0,0,8,NULL]
01-01 12:18:03.130000  2210  2210 I auditd  : type=1400 audit(0.0:809): avc: denied { search } for comm="GpuAppSpectator" name="3766" dev="proc" ino=24800 scontext=u:r:gas_srv:s0 tcontext=u:r:system_app:s0 tclass=dir permissive=0
01-01 12:18:03.377542   915  1989 I am_home_stack_moved: [0,0,1,1,sourceStackToFront]
01-01 12:18:03.377874   915  1989 I wm_task_moved: [8,1,0]
01-01 12:18:03.385507   915  1989 I am_create_activity: [0,217028747,8,com.android.dreams.phototable/.PhotoTableDreamSettings,NULL,NULL,NULL,0]
01-01 12:18:03.389354   915  1989 I am_pause_activity: [0,164348224,com.android.settings/.SubSettings]
01-01 12:18:03.391915  3766  3766 I sysui_view_visibility: [47,0]
01-01 12:18:03.394581   915  1989 I am_home_stack_moved: [0,0,1,1,startedActivity setFocusedActivity]
01-01 12:18:03.394858   915  1989 I wm_task_moved: [8,1,0]
01-01 12:18:03.404974   915  1989 I am_focused_activity: [0,com.android.dreams.phototable/.PhotoTableDreamSettings]
01-01 12:18:03.412793  3766  3766 I am_on_paused_called: [0,com.android.settings.SubSettings]
01-01 12:18:03.426770   915  1418 I am_restart_activity: [0,217028747,8,com.android.dreams.phototable/.PhotoTableDreamSettings]
01-01 12:18:03.440249   915   967 I dvm_lock_sample: [system_server,1,android.ui,17,ActivityManagerService.java,4032,-,7340,3]
01-01 12:18:03.572534  6786  6786 I am_on_resume_called: [0,com.android.dreams.phototable.PhotoTableDreamSettings]
01-01 12:18:03.770892   915   991 I am_activity_launch_time: [0,217028747,com.android.dreams.phototable/.PhotoTableDreamSettings,356,356]
01-01 12:18:03.812165   915  1990 I dvm_lock_sample: [system_server,1,Binder_C,10,WindowManagerService.java,3334,WindowAnimator.java,134,2]
01-01 12:18:03.996356   246   246 I sf_frame_dur: [com.android.settings/com.android.settings.SubSettings,92,3,0,1,1,0,0]
01-01 12:18:05.704409   915  1138 I am_proc_start: [0,6997,1000,com.asus.UpdateLauncher,broadcast,com.asus.UpdateLauncher/.UpdateLauncherIntentReceiver]
01-01 12:18:05.736375   915   915 I notification_cancel: [10016,1176,com.android.systemui,2131361826,low_battery,-1,0,64,8,NULL]
01-01 12:18:05.736918   915   915 I notification_cancel: [10016,1176,com.android.systemui,20150528,low_battery,0,0,64,8,NULL]
01-01 12:18:05.737480   915   915 I notification_cancel: [1000,2014,com.asus.hardwarestub,2130837527,NULL,-1,0,0,8,NULL]
01-01 12:18:05.891363   915   915 I notification_cancel: [10016,1176,com.android.systemui,2131361826,low_battery,-1,0,64,8,NULL]
01-01 12:18:05.892241   915   915 I notification_cancel: [10016,1176,com.android.systemui,20150528,low_battery,0,0,64,8,NULL]
01-01 12:18:05.893364   915   915 I notification_cancel: [1000,2014,com.asus.hardwarestub,2130837527,NULL,-1,0,0,8,NULL]
01-01 12:18:05.936629   915  1773 I am_proc_bound: [0,6997,com.asus.UpdateLauncher]
01-01 12:18:06.044260   915   915 I notification_cancel: [10016,1176,com.android.systemui,2131361826,low_battery,-1,0,64,8,NULL]
01-01 12:18:06.044854   915   915 I notification_cancel: [1000,2014,com.asus.hardwarestub,2130837527,NULL,-1,0,0,8,NULL]
01-01 12:18:06.046271   915   915 I notification_cancel: [10016,1176,com.android.systemui,20150528,low_battery,0,0,64,8,NULL]
01-01 12:18:06.121635   915  1992 I am_kill : [0,5264,com.android.providers.calendar,15,empty #17]
01-01 12:18:06.188732   915  1489 I am_proc_died: [0,5264,com.android.providers.calendar]
01-01 12:18:20.117065   915   915 I free_storage_changed: 9842307072
01-01 12:18:36.167092   915   915 I notification_cancel: [10016,1176,com.android.systemui,2131361826,low_battery,-1,0,64,8,NULL]
01-01 12:18:36.167628   915   915 I notification_cancel: [10016,1176,com.android.systemui,20150528,low_battery,0,0,64,8,NULL]
01-01 12:18:36.181345   915   915 I notification_cancel: [1000,2014,com.asus.hardwarestub,2130837527,NULL,-1,0,0,8,NULL]
01-01 12:18:56.738693   915   963 I am_pss  : [6786,10105,com.android.dreams.phototable,34065408,31073280]
01-01 12:18:56.783661   915   963 I am_pss  : [3766,1000,com.android.settings,43100160,38585344]
01-01 12:18:56.816617   915   963 I am_pss  : [3832,10025,android.process.media,15822848,13414400]
01-01 12:18:56.845422   915   963 I am_pss  : [6997,1000,com.asus.UpdateLauncher,6167552,4198400]
01-01 12:18:56.881885   915   963 I am_pss  : [3091,10092,com.mediatek.mtklogger,21008384,18019328]
01-01 12:19:03.271136   915   971 I sysui_view_visibility: [222,100]
01-01 12:19:03.631908   915   967 I am_pause_activity: [0,217028747,com.android.dreams.phototable/.PhotoTableDreamSettings]
01-01 12:19:03.723999   915  2047 I dvm_lock_sample: [system_server,1,Binder_F,88,ActivityManagerService.java,13470,-,22359,17]
01-01 12:19:03.725451   915   963 I dvm_lock_sample: [system_server,0,android.bg,62,ActivityManagerService.java,2269,-,22359,12]
01-01 12:19:04.083002  6786  6786 I am_on_paused_called: [0,com.android.dreams.phototable.PhotoTableDreamSettings]
01-01 12:19:04.107242   915   965 I am_focused_activity: [0,com.android.dreams.phototable/.PhotoTableDreamSettings]
01-01 12:19:04.431318   915   963 I am_meminfo: [455839744,31883264,4096,382586880,207984640]
01-01 12:19:04.478340   915   963 I am_pss  : [2014,1000,com.asus.services,23563264,20860928]
01-01 12:19:04.551202   915   963 I am_pss  : [1505,10013,com.asus.launcher,90661888,79626240]
01-01 12:19:04.593550   915   963 I am_pss  : [2178,10029,com.google.android.gms.persistent,45907968,38486016]
01-01 12:19:04.628400   915   963 I am_pss  : [5063,10083,com.google.android.talk,31429632,27922432]
01-01 12:19:04.659988   915   963 I am_pss  : [5283,1000,com.asus.dm,7222272,5267456]
01-01 12:19:04.691752   915   963 I am_pss  : [2507,10045,com.asus.weathertime:bg,17710080,15167488]
01-01 12:19:04.724194   915   963 I am_pss  : [4743,10021,android.process.acore,16084992,13852672]
01-01 12:19:04.753593   915   963 I am_pss  : [5583,10048,com.asus.appmanager,7776256,5726208]
01-01 12:19:04.787132   915   963 I am_pss  : [5394,10079,com.google.android.gm,19931136,17596416]
01-01 12:19:04.817659   915   963 I am_pss  : [5461,10017,com.asus.task,10771456,8687616]
01-01 12:19:04.851678   915   963 I am_pss  : [4989,10096,com.google.android.music:main,30647296,27357184]
01-01 12:19:04.885004   915   963 I am_pss  : [5182,10123,com.asus.zencircle,23677952,21450752]
01-01 12:19:04.914845   915   963 I am_pss  : [4612,10127,org.simalliance.openmobileapi.eseterminal,6487040,4517888]
01-01 12:19:04.944244   915   963 I am_pss  : [4595,10118,org.simalliance.openmobileapi.uicc2terminal,6489088,4521984]
01-01 12:19:04.973889   915   963 I am_pss  : [4587,10117,org.simalliance.openmobileapi.uicc1terminal,6517760,4554752]
01-01 12:19:05.003764   915   963 I am_pss  : [4544,10114,org.simalliance.openmobileapi.service:remote,6657024,4710400]
01-01 12:19:05.034252   915   963 I am_pss  : [1941,10115,com.asus.taskwidget,8448000,6307840]
01-01 12:19:05.070516   915   963 I am_pss  : [1643,10121,com.asus.ime,25346048,17805312]
01-01 12:19:05.098863   915   963 I am_pss  : [1732,1000,com.asus.audiowizard,8708096,6660096]
01-01 12:19:05.129339   915   963 I am_pss  : [1712,10085,dk.icepower.icesound,8884224,6795264]
01-01 12:19:05.164219   915   963 I am_pss  : [1707,1000,com.mediatek.voicecommand,32454656,25509888]
01-01 12:19:05.198025   915   963 I am_pss  : [1702,1000,com.mediatek.voiceextension,10843136,4042752]
01-01 12:19:05.239458   915   963 I am_pss  : [1697,1001,com.android.phone,31606784,28635136]
01-01 12:19:05.269446   915   963 I am_pss  : [1624,10042,com.google.android.googlequicksearchbox:interactor,13166592,10215424]
01-01 12:19:05.322063   915   963 I am_pss  : [1176,10016,com.android.systemui,82691072,76790784]
01-01 12:19:05.411239   915   963 I am_pss  : [915,1000,system,78740480,71599104]
01-01 12:19:26.183055   915   915 I notification_cancel: [10016,1176,com.android.systemui,2131361826,low_battery,-1,0,64,8,NULL]
01-01 12:19:26.183618   915   915 I notification_cancel: [10016,1176,com.android.systemui,20150528,low_battery,0,0,64,8,NULL]
01-01 12:19:26.193586   915   915 I notification_cancel: [1000,2014,com.asus.hardwarestub,2130837527,NULL,-1,0,0,8,NULL]
01-01 12:19:26.285702   915   963 I am_pss  : [6786,10105,com.android.dreams.phototable,64566272,61285376]
01-01 12:19:26.321061   915   963 I am_pss  : [2014,1000,com.asus.services,23575552,20873216]
01-01 12:19:26.361370   915   963 I am_pss  : [2178,10029,com.google.android.gms.persistent,45936640,38514688]
01-01 12:19:26.392913   915   963 I am_pss  : [2507,10045,com.asus.weathertime:bg,17710080,15167488]
01-01 12:19:26.422317   915   963 I am_pss  : [4612,10127,org.simalliance.openmobileapi.eseterminal,6487040,4517888]
01-01 12:19:26.451315   915   963 I am_pss  : [4595,10118,org.simalliance.openmobileapi.uicc2terminal,6489088,4521984]
01-01 12:19:26.480434   915   963 I am_pss  : [4587,10117,org.simalliance.openmobileapi.uicc1terminal,6517760,4554752]
01-01 12:19:26.510059   915   963 I am_pss  : [4544,10114,org.simalliance.openmobileapi.service:remote,6657024,4710400]
01-01 12:19:26.541348   915   963 I am_pss  : [1941,10115,com.asus.taskwidget,8449024,6307840]
01-01 12:19:26.576978   915   963 I am_pss  : [1643,10121,com.asus.ime,25346048,17805312]
01-01 12:19:26.606759   915   963 I am_pss  : [1624,10042,com.google.android.googlequicksearchbox:interactor,13166592,10215424]
01-01 12:19:29.422600   915   963 I am_pss  : [6052,10002,com.ironsource.appcloud.oobe.asus,16787456,14393344]
01-01 12:19:50.166616   915   915 I free_storage_changed: 9839407104
01-01 12:19:53.473340   915   963 I am_pss  : [1505,10013,com.asus.launcher,90661888,79626240]
01-01 12:19:53.504699   915   963 I am_pss  : [3832,10025,android.process.media,15830016,13422592]
01-01 12:19:53.537018   915   963 I am_pss  : [5063,10083,com.google.android.talk,31428608,27922432]
01-01 12:19:53.565279   915   963 I am_pss  : [5283,1000,com.asus.dm,7222272,5267456]
01-01 12:19:53.595509   915   963 I am_pss  : [4743,10021,android.process.acore,16084992,13852672]
01-01 12:19:53.623961   915   963 I am_pss  : [5583,10048,com.asus.appmanager,7776256,5726208]
01-01 12:19:53.655242   915   963 I am_pss  : [5394,10079,com.google.android.gm,19931136,17596416]
01-01 12:19:53.684205   915   963 I am_pss  : [5461,10017,com.asus.task,10771456,8687616]
01-01 12:19:53.716538   915   963 I am_pss  : [4989,10096,com.google.android.music:main,30648320,27357184]
01-01 12:19:53.748272   915   963 I am_pss  : [5182,10123,com.asus.zencircle,23677952,21450752]
01-01 12:19:56.068234   915   915 I notification_cancel: [10016,1176,com.android.systemui,2131361826,low_battery,-1,0,64,8,NULL]
01-01 12:19:56.068740   915   915 I notification_cancel: [10016,1176,com.android.systemui,20150528,low_battery,0,0,64,8,NULL]
01-01 12:19:56.087740   915   915 I notification_cancel: [1000,2014,com.asus.hardwarestub,2130837527,NULL,-1,0,0,8,NULL]
01-01 12:20:17.537935   915   963 I am_pss  : [2603,10007,com.asus.contacts,13403136,10956800]
01-01 12:20:44.870693   915   915 I notification_enqueue: [1000,915,android,17303337,NULL,0,Notification(pri=0 contentView=null vibrate=null sound=null tick defaults=0x0 flags=0x10 color=0xff607d8b vis=PRIVATE),1]
01-01 12:20:52.210070   915   963 I am_pss  : [3832,10025,android.process.media,15760384,13352960]
01-01 12:20:54.700000  2327  2327 I auditd  : type=1400 audit(0.0:810): avc: denied { read } for comm="LogHelper" name="gpu_memory" dev="debugfs" ino=3153 scontext=u:r:untrusted_app:s0:c512,c768 tcontext=u:object_r:debugfs:s0 tclass=file permissive=0
01-01 12:20:54.700000  2327  2327 I auditd  : type=1400 audit(0.0:811): avc: denied { read } for comm="LogHelper" name="1505-0" dev="debugfs" ino=17552 scontext=u:r:untrusted_app:s0:c512,c768 tcontext=u:object_r:debugfs:s0 tclass=file permissive=0
01-01 12:21:04.201702   915   963 I am_pss  : [1732,1000,com.asus.audiowizard,8708096,6660096]
01-01 12:21:04.234830   915   963 I am_pss  : [1712,10085,dk.icepower.icesound,8884224,6795264]
01-01 12:21:04.267780   915   963 I am_pss  : [1707,1000,com.mediatek.voicecommand,32454656,25509888]
01-01 12:21:04.299165   915   963 I am_pss  : [1702,1000,com.mediatek.voiceextension,10844160,4042752]
01-01 12:21:04.335601   915   963 I am_pss  : [1697,1001,com.android.phone,31188992,28217344]
01-01 12:21:04.384331   915   963 I am_pss  : [1176,10016,com.android.systemui,83158016,77257728]
01-01 12:21:04.465538   915   963 I am_pss  : [915,1000,system,80926720,73786368]
01-01 12:21:06.197186   915   915 I notification_cancel: [10016,1176,com.android.systemui,2131361826,low_battery,-1,0,64,8,NULL]
01-01 12:21:06.197713   915   915 I notification_cancel: [10016,1176,com.android.systemui,20150528,low_battery,0,0,64,8,NULL]
01-01 12:21:06.198186   915   915 I notification_cancel: [1000,2014,com.asus.hardwarestub,2130837527,NULL,-1,0,0,8,NULL]
01-01 12:21:16.151840   915   915 I notification_cancel: [10016,1176,com.android.systemui,2131361826,low_battery,-1,0,64,8,NULL]
01-01 12:21:16.152501   915   915 I notification_cancel: [10016,1176,com.android.systemui,20150528,low_battery,0,0,64,8,NULL]
01-01 12:21:16.156115   915   915 I notification_cancel: [1000,2014,com.asus.hardwarestub,2130837527,NULL,-1,0,0,8,NULL]
01-01 12:21:17.897129   915   971 I sysui_view_visibility: [222,0]
01-01 12:21:17.897282   915   971 I sysui_histogram: [dreaming_minutes,2]
01-01 12:21:18.008697   915   967 I am_resume_activity: [0,217028747,8,com.android.dreams.phototable/.PhotoTableDreamSettings]
01-01 12:21:18.037857   915  1418 I dvm_lock_sample: [system_server,1,Binder_5,32,ActivityManagerService.java,12119,-,22387,6]
01-01 12:21:18.179860  6786  6786 I am_on_resume_called: [0,com.android.dreams.phototable.PhotoTableDreamSettings]
01-01 12:21:18.196068   246   246 I sf_frame_dur: [dream,1229,13,1,0,0,0,15]
01-01 12:21:20.188971   915   915 I free_storage_changed: 9837006848
01-01 12:21:21.583335   915   940 I am_finish_activity: [0,217028747,8,com.android.dreams.phototable/.PhotoTableDreamSettings,app-request]
01-01 12:21:21.587579   915   940 I am_home_stack_moved: [0,0,1,1,finishActivity adjustFocus setFocusedActivity]
01-01 12:21:21.587878   915   940 I wm_task_moved: [8,1,0]
01-01 12:21:21.599693   915   940 I am_focused_activity: [0,com.android.settings/.SubSettings]
01-01 12:21:21.601168   915   940 I am_pause_activity: [0,217028747,com.android.dreams.phototable/.PhotoTableDreamSettings]
01-01 12:21:21.609668  6786  6786 I am_on_paused_called: [0,com.android.dreams.phototable.PhotoTableDreamSettings]
01-01 12:21:21.642344   915  1992 I am_resume_activity: [0,164348224,8,com.android.settings/.SubSettings]
01-01 12:21:21.690586  3766  3766 I sysui_view_visibility: [47,100]
01-01 12:21:21.768883  3766  3766 I am_on_resume_called: [0,com.android.settings.SubSettings]
01-01 12:21:22.019499   915   991 I am_activity_launch_time: [0,164348224,com.android.settings/.SubSettings,369,3991]
01-01 12:21:22.321768   915   965 I am_destroy_activity: [0,217028747,8,com.android.dreams.phototable/.PhotoTableDreamSettings,finish-imm]
01-01 12:21:22.336360   246   246 I sf_frame_dur: [com.android.dreams.phototable/com.android.dreams.phototable.PhotoTableDreamSettings,22,1,1,2,0,0,4]
01-01 12:21:22.470000  2210  2210 I auditd  : type=1400 audit(0.0:812): avc: denied { search } for comm="GpuAppSpectator" name="3766" dev="proc" ino=24800 scontext=u:r:gas_srv:s0 tcontext=u:r:system_app:s0 tclass=dir permissive=0
01-01 12:21:23.470000  2210  2210 I auditd  : type=1400 audit(0.0:813): avc: denied { search } for comm="GpuAppSpectator" name="3766" dev="proc" ino=24800 scontext=u:r:gas_srv:s0 tcontext=u:r:system_app:s0 tclass=dir permissive=0
01-01 12:21:24.470000  2210  2210 I auditd  : type=1400 audit(0.0:814): avc: denied { search } for comm="GpuAppSpectator" name="3766" dev="proc" ino=24800 scontext=u:r:gas_srv:s0 tcontext=u:r:system_app:s0 tclass=dir permissive=0
01-01 12:21:25.044286   915  1992 I am_home_stack_moved: [0,0,1,1,sourceStackToFront]
01-01 12:21:25.044500   915  1992 I wm_task_moved: [8,1,0]
01-01 12:21:25.050889   915  1992 I am_create_activity: [0,183149428,8,com.android.dreams.phototable/.FlipperDreamSettings,NULL,NULL,NULL,0]
01-01 12:21:25.052248   915  1992 I am_pause_activity: [0,164348224,com.android.settings/.SubSettings]
01-01 12:21:25.066023  3766  3766 I sysui_view_visibility: [47,0]
01-01 12:21:25.068724   915  1992 I am_home_stack_moved: [0,0,1,1,startedActivity setFocusedActivity]
01-01 12:21:25.068959   915  1992 I wm_task_moved: [8,1,0]
01-01 12:21:25.081330   915  1992 I am_focused_activity: [0,com.android.dreams.phototable/.FlipperDreamSettings]
01-01 12:21:25.088214  3766  3766 I am_on_paused_called: [0,com.android.settings.SubSettings]
01-01 12:21:25.109352   915  1418 I am_restart_activity: [0,183149428,8,com.android.dreams.phototable/.FlipperDreamSettings]
01-01 12:21:25.226282  6786  6786 I am_on_resume_called: [0,com.android.dreams.phototable.FlipperDreamSettings]
01-01 12:21:25.409574   915   991 I am_activity_launch_time: [0,183149428,com.android.dreams.phototable/.FlipperDreamSettings,317,317]
01-01 12:21:25.637163   246   246 I sf_frame_dur: [com.android.settings/com.android.settings.SubSettings,124,4,0,1,0,1,0]
01-01 12:21:36.103287   915   915 I notification_cancel: [10016,1176,com.android.systemui,2131361826,low_battery,-1,0,64,8,NULL]
01-01 12:21:36.103907   915   915 I notification_cancel: [10016,1176,com.android.systemui,20150528,low_battery,0,0,64,8,NULL]
01-01 12:21:36.104458   915   915 I notification_cancel: [1000,2014,com.asus.hardwarestub,2130837527,NULL,-1,0,0,8,NULL]
01-01 12:22:00.050731   915   963 I am_pss  : [6786,10105,com.android.dreams.phototable,61208576,57922560]
01-01 12:22:00.092958   915   963 I am_pss  : [3766,1000,com.android.settings,43706368,39244800]
01-01 12:22:00.134483   915   963 I am_pss  : [3832,10025,android.process.media,16282624,13873152]
01-01 12:22:00.170566   915   963 I am_pss  : [3269,10029,com.google.android.gms,34984960,27475968]
01-01 12:22:06.147209   915   915 I notification_cancel: [10016,1176,com.android.systemui,2131361826,low_battery,-1,0,64,8,NULL]
01-01 12:22:06.147763   915   915 I notification_cancel: [10016,1176,com.android.systemui,20150528,low_battery,0,0,64,8,NULL]
01-01 12:22:06.154811   915   915 I notification_cancel: [1000,2014,com.asus.hardwarestub,2130837527,NULL,-1,0,0,8,NULL]
01-01 12:22:24.979811   915   971 I sysui_view_visibility: [222,100]
01-01 12:22:25.027617   915  1822 I dvm_lock_sample: [system_server,0,Binder_A,33,ActivityManagerService.java,17374,-,17328,6]
01-01 12:22:25.322590   915   967 I am_pause_activity: [0,183149428,com.android.dreams.phototable/.FlipperDreamSettings]
01-01 12:22:25.523163  6786  6786 I am_on_paused_called: [0,com.android.dreams.phototable.FlipperDreamSettings]
01-01 12:22:25.548055   915   965 I am_focused_activity: [0,com.android.dreams.phototable/.FlipperDreamSettings]
01-01 12:22:26.139228   915   915 I notification_cancel: [1000,2014,com.asus.hardwarestub,2130837527,NULL,-1,0,0,8,NULL]
01-01 12:22:26.146840   915   915 I notification_cancel: [10016,1176,com.android.systemui,2131361826,low_battery,-1,0,64,8,NULL]
01-01 12:22:26.147815   915   915 I notification_cancel: [10016,1176,com.android.systemui,20150528,low_battery,0,0,64,8,NULL]
01-01 12:22:40.037955   915  1030 I am_proc_start: [0,7541,10128,com.facebook.appmanager,service,com.facebook.appmanager/com.facebook.oxygen.appmanager.cleanup.PeriodicCleanupService]
01-01 12:22:40.197243   915  1815 I am_proc_bound: [0,7541,com.facebook.appmanager]
01-01 12:22:42.416231   915   965 I am_proc_start: [0,7571,10047,com.facebook.system,broadcast,com.facebook.system/com.facebook.oxygen.installer.storage.PeriodicCleanupReceiver]
01-01 12:22:42.418054   915  1137 I dvm_lock_sample: [system_server,1,Binder_3,34,ActivityManagerService.java,7502,BroadcastQueue.java,738,6]
01-01 12:22:42.707712   915  1989 I am_proc_bound: [0,7571,com.facebook.system]
01-01 12:22:43.021497   915   941 I am_kill : [0,5182,com.asus.zencircle,15,empty #17]
01-01 12:22:43.105436   915   940 I am_proc_died: [0,5182,com.asus.zencircle]
01-01 12:22:46.073860   915   915 I notification_cancel: [10016,1176,com.android.systemui,2131361826,low_battery,-1,0,64,8,NULL]
01-01 12:22:46.074739   915   915 I notification_cancel: [10016,1176,com.android.systemui,20150528,low_battery,0,0,64,8,NULL]
01-01 12:22:46.084488   915   915 I notification_cancel: [1000,2014,com.asus.hardwarestub,2130837527,NULL,-1,0,0,8,NULL]
01-01 12:22:46.939219   915   963 I am_pss  : [6786,10105,com.android.dreams.phototable,102278144,98985984]
01-01 12:22:50.238667   915   915 I free_storage_changed: 9834450944
01-01 12:22:56.106444   915   915 I notification_cancel: [10016,1176,com.android.systemui,2131361826,low_battery,-1,0,64,8,NULL]
01-01 12:22:56.107066   915   915 I notification_cancel: [10016,1176,com.android.systemui,20150528,low_battery,0,0,64,8,NULL]
01-01 12:22:56.118442   915   915 I notification_cancel: [1000,2014,com.asus.hardwarestub,2130837527,NULL,-1,0,0,8,NULL]
01-01 12:23:06.933103   915   963 I am_pss  : [5461,10017,com.asus.task,11014144,8925184]
01-01 12:23:16.935196   915   963 I am_pss  : [7571,10047,com.facebook.system,6356992,4399104]
01-01 12:23:16.968738   915   963 I am_pss  : [7541,10128,com.facebook.appmanager,15582208,9351168]
01-01 12:23:36.091178   915   915 I notification_cancel: [10016,1176,com.android.systemui,2131361826,low_battery,-1,0,64,8,NULL]
01-01 12:23:36.091745   915   915 I notification_cancel: [10016,1176,com.android.systemui,20150528,low_battery,0,0,64,8,NULL]
01-01 12:23:36.096039   915   915 I notification_cancel: [1000,2014,com.asus.hardwarestub,2130837527,NULL,-1,0,0,8,NULL]
01-01 12:24:29.521749  2178  7789 I gtalk_connection: 16974847
01-01 12:24:50.321328   915   915 I free_storage_changed: 9831874560
01-01 12:25:36.172277   915   915 I notification_cancel: [10016,1176,com.android.systemui,2131361826,low_battery,-1,0,64,8,NULL]
01-01 12:25:36.172805   915   915 I notification_cancel: [10016,1176,com.android.systemui,20150528,low_battery,0,0,64,8,NULL]
01-01 12:25:36.175448   915   915 I notification_cancel: [1000,2014,com.asus.hardwarestub,2130837527,NULL,-1,0,0,8,NULL]
01-01 12:25:54.980000  2327  2327 I auditd  : type=1400 audit(0.0:815): avc: denied { read } for comm="LogHelper" name="gpu_memory" dev="debugfs" ino=3153 scontext=u:r:untrusted_app:s0:c512,c768 tcontext=u:object_r:debugfs:s0 tclass=file permissive=0
01-01 12:25:54.980000  2327  2327 I auditd  : type=1400 audit(0.0:816): avc: denied { read } for comm="LogHelper" name="1505-0" dev="debugfs" ino=17552 scontext=u:r:untrusted_app:s0:c512,c768 tcontext=u:object_r:debugfs:s0 tclass=file permissive=0
01-01 12:26:16.096513   915   915 I notification_cancel: [10016,1176,com.android.systemui,2131361826,low_battery,-1,0,64,8,NULL]
01-01 12:26:16.097068   915   915 I notification_cancel: [10016,1176,com.android.systemui,20150528,low_battery,0,0,64,8,NULL]
01-01 12:26:16.111126   915   915 I notification_cancel: [1000,2014,com.asus.hardwarestub,2130837527,NULL,-1,0,0,8,NULL]
01-01 12:26:26.168367   915   915 I notification_cancel: [10016,1176,com.android.systemui,2131361826,low_battery,-1,0,64,8,NULL]
01-01 12:26:26.169179   915   915 I notification_cancel: [10016,1176,com.android.systemui,20150528,low_battery,0,0,64,8,NULL]
01-01 12:26:26.169852   915   915 I notification_cancel: [1000,2014,com.asus.hardwarestub,2130837527,NULL,-1,0,0,8,NULL]
01-01 12:26:28.567068   915   971 I sysui_view_visibility: [222,0]
01-01 12:26:28.567163   915   971 I sysui_histogram: [dreaming_minutes,4]
01-01 12:26:28.663554   915  1994 I dvm_lock_sample: [system_server,0,Binder_E,9,WindowManagerService.java,11602,-,2906,1]
01-01 12:26:28.684197   915   967 I am_resume_activity: [0,183149428,8,com.android.dreams.phototable/.FlipperDreamSettings]
01-01 12:26:28.721763   915  1992 I dvm_lock_sample: [system_server,1,Binder_D,45,ActivityManagerService.java,12119,-,22387,9]
01-01 12:26:28.864332   246   246 I sf_frame_dur: [dream,1213,9,2,0,0,1,24]
01-01 12:26:28.876720  6786  6786 I am_on_resume_called: [0,com.android.dreams.phototable.FlipperDreamSettings]
01-01 12:26:32.877151  1176  1176 I sysui_count: [panel_open,1]
01-01 12:26:32.908423  1176  1176 I sysui_histogram: [note_load,5]
01-01 12:26:32.918559   915  1992 I notification_visibility: [0|com.mediatek.mtklogger|2130837539|null|10092,1,1016457,1016457,0,0]
01-01 12:26:32.990000  2398  2398 I auditd  : type=1400 audit(0.0:817): avc: denied { search } for comm=4173796E635461736B202333 name="246" dev="proc" ino=1235 scontext=u:r:platform_app:s0:c512,c768 tcontext=u:r:surfaceflinger:s0 tclass=dir permissive=0
01-01 12:26:33.435438   915   940 I notification_visibility: [-1|android|17040361|null|1000,1,1255958,1255958,0,2]
01-01 12:26:33.435768   915   940 I notification_visibility: [0|android|17303337|null|1000,1,1253393,348565,0,1]
01-01 12:26:33.436048   915   940 I notification_visibility: [-1|android|17040354|null|1000,1,1266543,1266543,0,3]
01-01 12:26:34.046455   915  1992 I notification_visibility: [-1|android|17040348|null|1000,1,1267165,1267165,0,4]
01-01 12:26:34.304470   915  1489 I notification_visibility: [-1|android|17040361|null|1000,0,1256827,1256827,0,2]
01-01 12:26:34.304927   915  1489 I notification_visibility: [-1|android|17040348|null|1000,0,1267423,1267423,0,4]
01-01 12:26:34.306345   915  1489 I notification_visibility: [0|android|17303337|null|1000,0,1254264,349436,0,1]
01-01 12:26:34.306788   915  1489 I notification_visibility: [0|com.mediatek.mtklogger|2130837539|null|10092,0,1017845,1017845,0,0]
01-01 12:26:34.307130   915  1489 I notification_visibility: [-1|android|17040354|null|1000,0,1267415,1267415,0,3]
01-01 12:26:34.308652   915   940 I notification_panel_hidden: []
01-01 12:26:34.341758   915  1418 I am_home_stack_moved: [0,0,1,1,startingNewTask]
01-01 12:26:34.342014   915  1418 I wm_task_moved: [8,1,0]
01-01 12:26:34.348988   915  1418 I am_create_task: [0,9]
01-01 12:26:34.349735   915  1418 I am_create_activity: [0,99702854,9,com.mediatek.mtklogger/.MainActivity,NULL,NULL,NULL,-1879048192]
01-01 12:26:34.350620   915  1418 I wm_task_created: [9,1]
01-01 12:26:34.350825   915  1418 I wm_task_moved: [9,1,1]
01-01 12:26:34.403392   915  1418 I am_pause_activity: [0,183149428,com.android.dreams.phototable/.FlipperDreamSettings]
01-01 12:26:34.412904   915  1418 I am_home_stack_moved: [0,0,1,1,startedActivity setFocusedActivity]
01-01 12:26:34.413161   915  1418 I wm_task_moved: [9,1,1]
01-01 12:26:34.414742  6786  6786 I am_on_paused_called: [0,com.android.dreams.phototable.FlipperDreamSettings]
01-01 12:26:34.468672   915  1418 I am_focused_activity: [0,com.mediatek.mtklogger/.MainActivity]
01-01 12:26:34.472889   915  1552 I notification_clicked: [0|com.mediatek.mtklogger|2130837539|null|10092,1018011,1018011,1554]
01-01 12:26:34.473908   915   915 I notification_cancel: [10016,1176,com.mediatek.mtklogger,2130837539,NULL,0,16,64,1,NULL]
01-01 12:26:34.474061   915   915 I sysui_histogram: [note_click_longevity,16]
01-01 12:26:34.501464   915  1822 I am_restart_activity: [0,99702854,9,com.mediatek.mtklogger/.MainActivity]
01-01 12:26:34.552112   915   965 I dvm_lock_sample: [system_server,1,ActivityManager,71,ActivityStackSupervisor.java,4551,ActivityManagerService.java,7340,14]
01-01 12:26:34.874474  3091  3091 I am_on_resume_called: [0,com.mediatek.mtklogger.MainActivity]
01-01 12:26:35.270067   246   246 I sf_frame_dur: [com.android.dreams.phototable/com.android.dreams.phototable.FlipperDreamSettings,20,3,0,1,0,0,5]
01-01 12:26:35.608181   915   991 I am_activity_launch_time: [0,99702854,com.mediatek.mtklogger/.MainActivity,1139,6894]
01-01 12:26:36.089177   915   915 I notification_cancel: [10016,1176,com.android.systemui,2131361826,low_battery,-1,0,64,8,NULL]
01-01 12:26:36.090611   915   915 I notification_cancel: [10016,1176,com.android.systemui,20150528,low_battery,0,0,64,8,NULL]
01-01 12:26:36.091418   915   915 I notification_cancel: [1000,2014,com.asus.hardwarestub,2130837527,NULL,-1,0,0,8,NULL]
01-01 12:26:38.616923   915   915 I notification_cancel: [1000,915,com.mediatek.mtklogger,2130837539,NULL,0,0,0,8,NULL]
01-01 12:26:38.618022   915   915 I notification_canceled: [0|com.mediatek.mtklogger|2130837539|null|10092,8,1022156,1022156,5699]
01-01 12:26:38.623980   915   915 I notification_enqueue: [10092,3091,com.mediatek.mtklogger,2130837539,NULL,0,Notification(pri=0 contentView=com.mediatek.mtklogger/0x10900a2 vibrate=null sound=null tick defaults=0x0 flags=0x60 color=0x00000000 vis=PRIVATE),0]
01-01 12:26:38.644967   915  1489 I notification_expansion: [0|android|17303337|null|1000,0,1,1258602,353774,5209]
01-01 12:26:38.750009   915  1994 I notification_expansion: [0|com.mediatek.mtklogger|2130837539|null|10092,0,1,126,126,0]
01-01 12:26:38.751826   915  1773 I notification_expansion: [0|android|17303337|null|1000,0,0,1258709,353881,5316]
01-01 12:26:44.053032   915   915 I notification_cancel: [10092,3091,com.mediatek.mtklogger,2130837521,NULL,0,0,64,8,NULL]
01-01 12:26:44.385364   246   246 I sf_frame_dur: [,344,3,1,0,0,0,0]
01-01 12:26:44.630966   915   963 I am_pss  : [3091,10092,com.mediatek.mtklogger,40951808,37413888]
01-01 12:26:44.684867   915   941 I am_home_stack_moved: [0,0,1,1,sourceStackToFront]
01-01 12:26:44.685183   915   941 I wm_task_moved: [9,1,1]
01-01 12:26:44.689704   915   941 I am_create_activity: [0,100933001,9,com.mediatek.mtklogger/.LogFolderListActivity,NULL,NULL,NULL,0]
01-01 12:26:44.692646   915   941 I am_pause_activity: [0,99702854,com.mediatek.mtklogger/.MainActivity]
01-01 12:26:44.698535   915   941 I am_home_stack_moved: [0,0,1,1,startedActivity setFocusedActivity]
01-01 12:26:44.698848   915   941 I wm_task_moved: [9,1,1]
01-01 12:26:44.707982   915   941 I am_focused_activity: [0,com.mediatek.mtklogger/.LogFolderListActivity]
01-01 12:26:44.726525  3091  3091 I am_on_paused_called: [0,com.mediatek.mtklogger.MainActivity]
01-01 12:26:44.737149   915  1418 I am_restart_activity: [0,100933001,9,com.mediatek.mtklogger/.LogFolderListActivity]
01-01 12:26:44.817767  3091  3091 I am_on_resume_called: [0,com.mediatek.mtklogger.LogFolderListActivity]
01-01 12:26:45.221839   915   915 I notification_cancel: [1000,915,com.mediatek.mtklogger,2130837539,NULL,0,0,0,8,NULL]
01-01 12:26:45.223024   915   915 I notification_canceled: [0|com.mediatek.mtklogger|2130837539|null|10092,8,6599,6599,0]
01-01 12:26:45.241280   915  1822 I notification_expansion: [0|android|17303337|null|1000,0,1,1265199,360371,11806]
01-01 12:26:45.479800   246   246 I sf_frame_dur: [com.mediatek.mtklogger/com.mediatek.mtklogger.MainActivity,1,1,1,1,3,5,0]
01-01 12:26:45.616567   915   991 I am_activity_launch_time: [0,100933001,com.mediatek.mtklogger/.LogFolderListActivity,887,887]
01-01 12:26:45.945188  3091  3091 I menu_item_selected: [0,]
01-01 12:26:46.071435   915   915 I notification_cancel: [10016,1176,com.android.systemui,2131361826,low_battery,-1,0,64,8,NULL]
01-01 12:26:46.071981   915   915 I notification_cancel: [10016,1176,com.android.systemui,20150528,low_battery,0,0,64,8,NULL]
01-01 12:26:46.081061   915   915 I notification_cancel: [1000,2014,com.asus.hardwarestub,2130837527,NULL,-1,0,0,8,NULL]
01-01 12:26:46.975989   246   246 I sf_frame_dur: [com.mediatek.mtklogger/com.mediatek.mtklogger.LogFolderListActivity,0,0,0,0,1,0,0]
01-01 12:26:47.216924   915  1773 I am_finish_activity: [0,100933001,9,com.mediatek.mtklogger/.LogFolderListActivity,app-request]
01-01 12:26:47.219028   915  1773 I am_home_stack_moved: [0,0,1,1,finishActivity adjustFocus setFocusedActivity]
01-01 12:26:47.219276   915  1773 I wm_task_moved: [9,1,1]
01-01 12:26:47.229118   915  1773 I am_focused_activity: [0,com.mediatek.mtklogger/.MainActivity]
01-01 12:26:47.240097   915  1773 I am_pause_activity: [0,100933001,com.mediatek.mtklogger/.LogFolderListActivity]
01-01 12:26:47.262646  3091  3091 I am_on_paused_called: [0,com.mediatek.mtklogger.LogFolderListActivity]
01-01 12:26:47.278038   915  1489 I am_resume_activity: [0,99702854,9,com.mediatek.mtklogger/.MainActivity]
01-01 12:26:47.310935  3091  3091 I am_on_resume_called: [0,com.mediatek.mtklogger.MainActivity]
01-01 12:26:47.326018   915  1822 I dvm_lock_sample: [system_server,1,Binder_A,7,ActivityManagerService.java,7298,-,17328,1]
01-01 12:26:47.511949   915   991 I am_activity_launch_time: [0,99702854,com.mediatek.mtklogger/.MainActivity,229,229]
01-01 12:26:47.521986   246   246 I sf_frame_dur: [,2,1,0,1,0,0,0]
01-01 12:26:47.763951   915   965 I am_destroy_activity: [0,100933001,9,com.mediatek.mtklogger/.LogFolderListActivity,finish-imm]
01-01 12:26:47.777319   246   246 I sf_frame_dur: [com.mediatek.mtklogger/com.mediatek.mtklogger.LogFolderListActivity,12,1,2,0,1,0,0]
01-01 12:26:47.914603   915  1418 I dvm_lock_sample: [system_server,1,Binder_5,7,ActivityManagerService.java,17713,-,17090,1]
01-01 12:26:50.276553   246   246 I sf_frame_dur: [,32,2,1,1,0,0,0]
01-01 12:26:50.381500   915   915 I free_storage_changed: 9924349952
01-01 12:26:50.944030   915   915 I notification_enqueue: [10092,3091,com.mediatek.mtklogger,2130837539,NULL,0,Notification(pri=0 contentView=com.mediatek.mtklogger/0x10900a2 vibrate=null sound=null tick defaults=0x0 flags=0x60 color=0x00000000 vis=PRIVATE),0]
01-01 12:26:51.029554   915   941 I notification_expansion: [0|com.mediatek.mtklogger|2130837539|null|10092,0,1,86,86,0]
01-01 12:26:51.031236   915   940 I notification_expansion: [0|android|17303337|null|1000,0,0,1270989,366161,17596]
01-01 12:26:55.722929   915   967 I dvm_lock_sample: [system_server,1,android.ui,5,ActivityManagerService.java,4032,-,21160,1]
01-01 12:26:56.066767   915   915 I notification_cancel: [10016,1176,com.android.systemui,2131361826,low_battery,-1,0,64,8,NULL]
01-01 12:26:56.067431   915   915 I notification_cancel: [10016,1176,com.android.systemui,20150528,low_battery,0,0,64,8,NULL]
01-01 12:26:56.073232   915   915 I notification_cancel: [1000,2014,com.asus.hardwarestub,2130837527,NULL,-1,0,0,8,NULL]
01-01 12:26:56.768292   915   967 I dvm_lock_sample: [system_server,1,android.ui,8,ActivityManagerService.java,4032,PendingIntentRecord.java,211,1]
01-01 12:27:06.071935   915   915 I notification_cancel: [10016,1176,com.android.systemui,2131361826,low_battery,-1,0,64,8,NULL]
01-01 12:27:06.072517   915   915 I notification_cancel: [10016,1176,com.android.systemui,20150528,low_battery,0,0,64,8,NULL]
01-01 12:27:06.073103   915   915 I notification_cancel: [1000,2014,com.asus.hardwarestub,2130837527,NULL,-1,0,0,8,NULL]
01-01 12:27:06.237745   915   963 I am_pss  : [6786,10105,com.android.dreams.phototable,31932416,28722176]
01-01 12:27:08.008474   915   963 I am_pss  : [3832,10025,android.process.media,16516096,14106624]
01-01 12:27:09.594637   915   915 I notification_cancel: [1000,915,com.mediatek.mtklogger,2130837539,NULL,0,0,0,8,NULL]
01-01 12:27:09.596129   915   915 I notification_canceled: [0|com.mediatek.mtklogger|2130837539|null|10092,8,18653,18653,0]
01-01 12:27:09.604858   915   915 I notification_enqueue: [10092,3091,com.mediatek.mtklogger,2130837539,NULL,0,Notification(pri=0 contentView=com.mediatek.mtklogger/0x10900a2 vibrate=null sound=null tick defaults=0x0 flags=0x60 color=0x00000000 vis=PRIVATE),0]
01-01 12:27:09.624001   915  1552 I notification_expansion: [0|android|17303337|null|1000,0,1,1289581,384753,36188]
01-01 12:27:09.763040   915  2047 I notification_expansion: [0|com.mediatek.mtklogger|2130837539|null|10092,0,1,158,158,0]
01-01 12:27:09.764658   915  1489 I notification_expansion: [0|android|17303337|null|1000,0,0,1289722,384894,36329]
01-01 12:27:15.536473   915   915 I notification_cancel: [10092,3091,com.mediatek.mtklogger,2130837521,NULL,0,0,64,8,NULL]
01-01 12:27:15.881891   246   246 I sf_frame_dur: [,379,4,1,1,0,0,0]
01-01 12:27:15.906451   915   963 I am_pss  : [2603,10007,com.asus.contacts,13492224,11042816]
01-01 12:27:16.060200   915   915 I notification_cancel: [10016,1176,com.android.systemui,2131361826,low_battery,-1,0,64,8,NULL]
01-01 12:27:16.060940   915   915 I notification_cancel: [10016,1176,com.android.systemui,20150528,low_battery,0,0,64,8,NULL]
01-01 12:27:16.066895   915   915 I notification_cancel: [1000,2014,com.asus.hardwarestub,2130837527,NULL,-1,0,0,8,NULL]
01-01 12:27:16.498823   915   915 I notification_cancel: [1000,915,com.mediatek.mtklogger,2130837539,NULL,0,0,0,8,NULL]
01-01 12:27:16.499930   915   915 I notification_canceled: [0|com.mediatek.mtklogger|2130837539|null|10092,8,6895,6895,0]
01-01 12:27:16.512728   915  1137 I notification_expansion: [0|android|17303337|null|1000,0,1,1296470,391642,43077]
01-01 12:27:19.665454   915  1137 I am_home_stack_moved: [0,0,1,1,sourceStackToFront]
01-01 12:27:19.665710   915  1137 I wm_task_moved: [9,1,1]
01-01 12:27:19.670636   915  1137 I am_create_activity: [0,224006118,9,com.mediatek.mtklogger/.LogFolderListActivity,NULL,NULL,NULL,0]
01-01 12:27:19.672162   915  1137 I am_pause_activity: [0,99702854,com.mediatek.mtklogger/.MainActivity]
01-01 12:27:19.679264   915  1137 I am_home_stack_moved: [0,0,1,1,startedActivity setFocusedActivity]
01-01 12:27:19.679487   915  1137 I wm_task_moved: [9,1,1]
01-01 12:27:19.688670   915  1137 I am_focused_activity: [0,com.mediatek.mtklogger/.LogFolderListActivity]
01-01 12:27:19.693946  3091  3091 I am_on_paused_called: [0,com.mediatek.mtklogger.MainActivity]
01-01 12:27:19.703466   915  2047 I am_restart_activity: [0,224006118,9,com.mediatek.mtklogger/.LogFolderListActivity]
01-01 12:27:19.766003  3091  3091 I am_on_resume_called: [0,com.mediatek.mtklogger.LogFolderListActivity]
01-01 12:27:20.350733   246   246 I sf_frame_dur: [com.mediatek.mtklogger/com.mediatek.mtklogger.MainActivity,3,0,2,1,1,24,3]
01-01 12:27:20.385503   915   915 I free_storage_changed: 9920102400
01-01 12:27:20.481582   915   991 I am_activity_launch_time: [0,224006118,com.mediatek.mtklogger/.LogFolderListActivity,786,786]
01-01 12:27:20.857992  3091  3091 I menu_item_selected: [0,]
01-01 12:27:21.918963   246   246 I sf_frame_dur: [com.mediatek.mtklogger/com.mediatek.mtklogger.LogFolderListActivity,0,0,0,0,1,0,0]
01-01 12:27:22.148584   915  1992 I am_finish_activity: [0,224006118,9,com.mediatek.mtklogger/.LogFolderListActivity,app-request]
01-01 12:27:22.151299   915  1992 I am_home_stack_moved: [0,0,1,1,finishActivity adjustFocus setFocusedActivity]
01-01 12:27:22.151542   915  1992 I wm_task_moved: [9,1,1]
01-01 12:27:22.161245   915  1992 I am_focused_activity: [0,com.mediatek.mtklogger/.MainActivity]
01-01 12:27:22.162569   915  1992 I am_pause_activity: [0,224006118,com.mediatek.mtklogger/.LogFolderListActivity]
01-01 12:27:22.182623  3091  3091 I am_on_paused_called: [0,com.mediatek.mtklogger.LogFolderListActivity]
01-01 12:27:22.192698   915   941 I am_resume_activity: [0,99702854,9,com.mediatek.mtklogger/.MainActivity]
01-01 12:27:22.218424  3091  3091 I am_on_resume_called: [0,com.mediatek.mtklogger.MainActivity]
01-01 12:27:22.384301   915   991 I am_activity_launch_time: [0,99702854,com.mediatek.mtklogger/.MainActivity,184,184]
01-01 12:27:22.429734   246   246 I sf_frame_dur: [,4,1,0,1,0,0,0]
01-01 12:27:22.634215   915   965 I am_destroy_activity: [0,224006118,9,com.mediatek.mtklogger/.LogFolderListActivity,finish-imm]
01-01 12:27:22.648372   246   246 I sf_frame_dur: [com.mediatek.mtklogger/com.mediatek.mtklogger.LogFolderListActivity,14,0,2,0,1,0,0]
01-01 12:27:23.144744  3091  3091 I menu_item_selected: [0,]
01-01 12:27:23.158567   915  1552 I am_home_stack_moved: [0,0,1,1,sourceStackToFront]
01-01 12:27:23.158787   915  1552 I wm_task_moved: [9,1,1]
01-01 12:27:23.168183   915  1552 I am_create_activity: [0,63281224,9,com.mediatek.mtklogger/.settings.SettingsActivity,NULL,NULL,NULL,0]
01-01 12:27:23.174629   915  1552 I am_pause_activity: [0,99702854,com.mediatek.mtklogger/.MainActivity]
01-01 12:27:23.184585   915  1552 I am_home_stack_moved: [0,0,1,1,startedActivity setFocusedActivity]
01-01 12:27:23.184794   915  1552 I wm_task_moved: [9,1,1]
01-01 12:27:23.201042   915  1552 I am_focused_activity: [0,com.mediatek.mtklogger/.settings.SettingsActivity]
01-01 12:27:23.210149  3091  3091 I am_on_paused_called: [0,com.mediatek.mtklogger.MainActivity]
01-01 12:27:23.220697   915  1990 I am_restart_activity: [0,63281224,9,com.mediatek.mtklogger/.settings.SettingsActivity]
01-01 12:27:23.245963   915  1989 I dvm_lock_sample: [system_server,1,Binder_B,18,ActivityManagerService.java,17149,-,7340,3]
01-01 12:27:23.396567   915  1815 I dvm_lock_sample: [system_server,1,Binder_9,5,ActivityManagerService.java,17564,-,17090,1]
01-01 12:27:23.437471  3091  3091 I am_on_resume_called: [0,com.mediatek.mtklogger.settings.SettingsActivity]
01-01 12:27:23.786908   915   991 I am_activity_launch_time: [0,63281224,com.mediatek.mtklogger/.settings.SettingsActivity,573,573]
01-01 12:27:24.016612   246   246 I sf_frame_dur: [com.mediatek.mtklogger/com.mediatek.mtklogger.MainActivity,0,1,0,0,1,0,0]
01-01 12:27:24.896269   915   963 I am_pss  : [3269,10029,com.google.android.gms,35192832,27676672]
01-01 12:27:25.532803  3091  8310 I dvm_lock_sample: [com.mediatek.mtklogger,0,Thread-316,9965,Utils.java,-1,Thread.java,-2,100]
01-01 12:27:26.113614   915   915 I notification_cancel: [10016,1176,com.android.systemui,2131361826,low_battery,-1,0,64,8,NULL]
01-01 12:27:26.115290   915   915 I notification_cancel: [10016,1176,com.android.systemui,20150528,low_battery,0,0,64,8,NULL]
01-01 12:27:26.116378   915   915 I notification_cancel: [1000,2014,com.asus.hardwarestub,2130837527,NULL,-1,0,0,8,NULL]
01-01 12:27:27.581087  3091  8357 I dvm_lock_sample: [com.mediatek.mtklogger,0,Thread-323,5431,Utils.java,-1,Thread.java,-2,100]
01-01 12:27:27.678639   915   963 I am_pss  : [6052,10002,com.ironsource.appcloud.oobe.asus,16807936,14393344]
