01-01 12:07:42.333708   915  1138 I am_proc_start: [0,4738,10033,com.google.android.partnersetup,broadcast,com.google.android.partnersetup/.PhoneStateReceiver]
01-01 12:07:42.438794   915   941 I am_proc_start: [0,4743,10021,android.process.acore,content provider,com.android.providers.contacts/.ContactsProvider2]
01-01 12:07:42.703764   915  1418 I am_proc_bound: [0,4738,com.google.android.partnersetup]
01-01 12:07:42.922147   915  1990 I dvm_lock_sample: [system_server,1,Binder_C,524,UserManagerService.java,441,PackageManagerService.java,5634,100]
01-01 12:07:42.922665   915   967 I dvm_lock_sample: [system_server,1,android.ui,479,UserManagerService.java,441,PackageManagerService.java,5634,95]
01-01 12:07:42.939698   915  1989 I am_proc_bound: [0,4743,android.process.acore]
01-01 12:07:43.000000  2210  2210 I auditd  : type=1400 audit(0.0:292): avc: denied { search } for comm="GpuAppSpectator" name="3766" dev="proc" ino=24800 scontext=u:r:gas_srv:s0 tcontext=u:r:system_app:s0 tclass=dir permissive=0
01-01 12:07:43.130660   915  1815 I am_home_stack_moved: [0,0,1,1,sourceStackToFront]
01-01 12:07:43.130855   915  1815 I wm_task_moved: [8,1,0]
01-01 12:07:43.147251   915  1815 I am_create_activity: [0,167120172,8,com.google.android.apps.photos/.daydream.DreamSettingsActivity,NULL,NULL,NULL,0]
01-01 12:07:43.149664   915  1815 I am_pause_activity: [0,164348224,com.android.settings/.SubSettings]
01-01 12:07:43.160327  3766  3766 I sysui_view_visibility: [47,0]
01-01 12:07:43.173207   915  1815 I am_home_stack_moved: [0,0,1,1,startedActivity setFocusedActivity]
01-01 12:07:43.177100   915  1815 I wm_task_moved: [8,1,0]
01-01 12:07:43.272466   915  1815 I am_focused_activity: [0,com.google.android.apps.photos/.daydream.DreamSettingsActivity]
01-01 12:07:43.273154   915  1137 I dvm_lock_sample: [system_server,1,Binder_3,111,ActivityManagerService.java,17713,ActivityStackSupervisor.java,1071,22]
01-01 12:07:43.289468  3766  3766 I am_on_paused_called: [0,com.android.settings.SubSettings]
01-01 12:07:43.621406   915  1990 I dvm_lock_sample: [system_server,1,Binder_C,480,UserManagerService.java,441,PackageManagerService.java,5634,96]
01-01 12:07:43.622710   915  1994 I dvm_lock_sample: [system_server,1,Binder_E,369,UserManagerService.java,441,PackageManagerService.java,5634,73]
01-01 12:07:43.623252   915  1418 I dvm_lock_sample: [system_server,1,Binder_5,436,UserManagerService.java,441,PackageManagerService.java,5634,87]
01-01 12:07:43.708161   915  2047 I am_proc_start: [0,4771,10106,com.google.android.apps.photos,activity,com.google.android.apps.photos/.daydream.DreamSettingsActivity]
01-01 12:07:43.710638   915  1773 I dvm_lock_sample: [system_server,1,Binder_8,412,ActivityManagerService.java,10412,-,7340,82]
01-01 12:07:43.772677   915  1773 I am_kill : [0,3633,com.asus.UpdateLauncher,15,empty #17]
01-01 12:07:43.920199   915  1137 I am_proc_died: [0,3633,com.asus.UpdateLauncher]
01-01 12:07:44.000000  2210  2210 I auditd  : type=1400 audit(0.0:293): avc: denied { search } for comm="GpuAppSpectator" name="3766" dev="proc" ino=24800 scontext=u:r:gas_srv:s0 tcontext=u:r:system_app:s0 tclass=dir permissive=0
01-01 12:07:44.072649   915   963 I am_pss  : [4249,1001,com.mediatek.engineermode,6979584,5287936]
01-01 12:07:44.566429   915  1994 I dvm_lock_sample: [system_server,0,Binder_E,491,UserManagerService.java,441,PackageManagerService.java,5634,98]
01-01 12:07:44.567108   915  1815 I dvm_lock_sample: [system_server,1,Binder_9,470,UserManagerService.java,441,PackageManagerService.java,5634,94]
01-01 12:07:44.568324   915  1137 I dvm_lock_sample: [system_server,1,Binder_3,302,UserManagerService.java,441,PackageManagerService.java,5634,60]
01-01 12:07:44.571281   915   963 I dvm_lock_sample: [system_server,0,android.bg,496,ActivityManagerService.java,2335,BroadcastQueue.java,738,99]
01-01 12:07:44.576112   915  1989 I dvm_lock_sample: [system_server,1,Binder_B,489,ActivityManagerService.java,17149,BroadcastQueue.java,738,97]
01-01 12:07:44.578835   915  1773 I dvm_lock_sample: [system_server,1,Binder_8,491,ActivityManagerService.java,10832,BroadcastQueue.java,738,98]
01-01 12:07:44.596640   915  2047 I dvm_lock_sample: [system_server,1,Binder_F,502,ActivityManagerService.java,6995,BroadcastQueue.java,738,100]
01-01 12:07:44.596902   915  2047 I am_proc_bound: [0,4771,com.google.android.apps.photos]
01-01 12:07:44.623417   915  2047 I am_restart_activity: [0,167120172,8,com.google.android.apps.photos/.daydream.DreamSettingsActivity]
01-01 12:07:44.674011   915  1138 I dvm_lock_sample: [system_server,1,Binder_4,259,ActivityManagerService.java,10412,BroadcastQueue.java,738,51]
01-01 12:07:44.676303   915   967 I dvm_lock_sample: [system_server,1,android.ui,89,ActivityManagerService.java,4032,-,10832,17]
01-01 12:07:44.791038   915  1994 I am_kill : [0,4249,com.mediatek.engineermode,15,empty #17]
01-01 12:07:44.903004   246   246 I sf_frame_dur: [com.android.settings/com.android.settings.SubSettings,84,10,0,2,1,0,0]
01-01 12:07:45.275959   915  1489 I am_proc_died: [0,4249,com.mediatek.engineermode]
01-01 12:07:45.693206   915  1552 I dvm_lock_sample: [system_server,1,Binder_7,472,UserManagerService.java,441,PackageManagerService.java,5634,94]
01-01 12:07:45.694068   915  1990 I dvm_lock_sample: [system_server,1,Binder_C,473,UserManagerService.java,441,PackageManagerService.java,5634,94]
01-01 12:07:45.694833   915  1138 I dvm_lock_sample: [system_server,1,Binder_4,315,UserManagerService.java,441,PackageManagerService.java,5634,63]
01-01 12:07:45.695467   915  1815 I dvm_lock_sample: [system_server,1,Binder_9,279,UserManagerService.java,441,PackageManagerService.java,5634,55]
01-01 12:07:45.696302   915  1137 I dvm_lock_sample: [system_server,1,Binder_3,269,UserManagerService.java,569,PackageManagerService.java,5634,53]
01-01 12:07:46.395271   915  2047 I dvm_lock_sample: [system_server,1,Binder_F,478,UserManagerService.java,441,PackageManagerService.java,5634,95]
01-01 12:07:46.395812   915  1418 I dvm_lock_sample: [system_server,1,Binder_5,461,UserManagerService.java,441,PackageManagerService.java,5634,92]
01-01 12:07:46.397062   915  1773 I dvm_lock_sample: [system_server,1,Binder_8,460,UserManagerService.java,441,PackageManagerService.java,5634,92]
01-01 12:07:46.405305   915  1992 I dvm_lock_sample: [system_server,1,Binder_D,443,UserManagerService.java,441,PackageManagerService.java,5634,88]
01-01 12:07:46.415553   915  1989 I dvm_lock_sample: [system_server,1,Binder_B,440,UserManagerService.java,441,PackageManagerService.java,5634,88]
01-01 12:07:47.050906   915  1815 I dvm_lock_sample: [system_server,1,Binder_9,458,UserManagerService.java,441,PackageManagerService.java,5634,91]
01-01 12:07:47.052408   915  1994 I dvm_lock_sample: [system_server,1,Binder_E,453,UserManagerService.java,441,PackageManagerService.java,5634,90]
01-01 12:07:47.052863   915  1773 I dvm_lock_sample: [system_server,1,Binder_8,282,UserManagerService.java,441,PackageManagerService.java,5634,56]
01-01 12:07:47.053288   915  1990 I dvm_lock_sample: [system_server,1,Binder_C,454,UserManagerService.java,441,PackageManagerService.java,5634,90]
01-01 12:07:47.118078   915   963 I am_pss  : [4269,10079,com.google.android.gm,19042304,16871424]
01-01 12:07:47.191007   915  1990 I am_kill : [0,4193,com.google.android.calendar,15,empty #17]
01-01 12:07:47.740291   915  1990 I dvm_lock_sample: [system_server,0,Binder_C,461,UserManagerService.java,441,PackageManagerService.java,5634,92]
01-01 12:07:47.740718   915  1994 I dvm_lock_sample: [system_server,1,Binder_E,461,UserManagerService.java,441,PackageManagerService.java,5634,92]
01-01 12:07:47.741870   915  1418 I dvm_lock_sample: [system_server,1,Binder_5,435,UserManagerService.java,441,PackageManagerService.java,5634,87]
01-01 12:07:47.751226   915   967 I dvm_lock_sample: [system_server,1,android.ui,472,ActivityManagerService.java,4147,BroadcastQueue.java,738,94]
01-01 12:07:47.757915   915  1552 I dvm_lock_sample: [system_server,0,Binder_7,479,ActivityManagerService.java,1390,BroadcastQueue.java,738,95]
01-01 12:07:47.758142   915  1552 I am_proc_died: [0,4193,com.google.android.calendar]
01-01 12:07:47.764732   915  1489 I dvm_lock_sample: [system_server,1,Binder_6,483,ActivityManagerService.java,10970,BroadcastQueue.java,738,96]
01-01 12:07:48.364211   915   941 I dvm_lock_sample: [system_server,1,Binder_2,442,UserManagerService.java,441,PackageManagerService.java,5634,88]
01-01 12:07:48.365008   915  1773 I dvm_lock_sample: [system_server,1,Binder_8,439,UserManagerService.java,441,PackageManagerService.java,5634,87]
01-01 12:07:49.062480   915  1418 I dvm_lock_sample: [system_server,1,Binder_5,476,UserManagerService.java,441,PackageManagerService.java,5634,95]
01-01 12:07:49.063027   915   940 I dvm_lock_sample: [system_server,0,Binder_1,474,UserManagerService.java,441,PackageManagerService.java,5634,94]
01-01 12:07:49.063682   915  1489 I dvm_lock_sample: [system_server,1,Binder_6,468,UserManagerService.java,441,PackageManagerService.java,5634,93]
01-01 12:07:49.083589   915  1138 I dvm_lock_sample: [system_server,1,Binder_4,414,ActivityManagerService.java,17090,BroadcastQueue.java,738,82]
01-01 12:07:49.087990   915   965 I dvm_lock_sample: [system_server,1,ActivityManager,202,ActivityStack.java,331,BroadcastQueue.java,738,40]
01-01 12:07:49.095224   915   940 I dvm_lock_sample: [system_server,0,Binder_1,5,ActivityManagerService.java,18525,-,17090,1]
01-01 12:07:49.182364   915   963 I am_pss  : [2936,10024,com.android.defcontainer,6160384,4329472]
01-01 12:07:49.676571   915  1418 I dvm_lock_sample: [system_server,1,Binder_5,459,UserManagerService.java,441,PackageManagerService.java,5634,91]
01-01 12:07:49.677003   915  1552 I dvm_lock_sample: [system_server,1,Binder_7,455,UserManagerService.java,441,PackageManagerService.java,5634,91]
01-01 12:07:49.678225   915  1822 I dvm_lock_sample: [system_server,1,Binder_A,448,UserManagerService.java,441,PackageManagerService.java,5634,89]
01-01 12:07:49.680592   915  1994 I dvm_lock_sample: [system_server,1,Binder_E,428,UserManagerService.java,441,PackageManagerService.java,5634,85]
01-01 12:07:49.715692   915  2047 I dvm_lock_sample: [system_server,1,Binder_F,489,ActivityManagerService.java,10832,-,17090,97]
01-01 12:07:49.719620   915  1137 I dvm_lock_sample: [system_server,1,Binder_3,491,ActivityManagerService.java,17564,-,17090,98]
01-01 12:07:49.720422   915   965 I dvm_lock_sample: [system_server,1,ActivityManager,132,ActivityStack.java,331,ActivityManagerService.java,17090,26]
01-01 12:07:49.788317   915   915 I free_storage_changed: 9866510336
01-01 12:07:49.859487   915   963 I am_pss  : [4325,10080,com.google.process.gapps,7734272,5836800]
01-01 12:07:50.386439   915  1822 I dvm_lock_sample: [system_server,1,Binder_A,482,UserManagerService.java,441,PackageManagerService.java,3039,96]
01-01 12:07:50.392676   915  1990 I dvm_lock_sample: [system_server,1,Binder_C,482,UserManagerService.java,441,PackageManagerService.java,3039,96]
01-01 12:07:50.393133   915   941 I dvm_lock_sample: [system_server,1,Binder_2,430,UserManagerService.java,441,PackageManagerService.java,5634,86]
01-01 12:07:50.393477   915  1137 I dvm_lock_sample: [system_server,1,Binder_3,485,UserManagerService.java,441,PackageManagerService.java,3039,97]
01-01 12:07:50.394888   915  1418 I dvm_lock_sample: [system_server,1,Binder_5,355,UserManagerService.java,441,PackageManagerService.java,5634,71]
01-01 12:07:50.395571   915  1989 I dvm_lock_sample: [system_server,1,Binder_B,319,UserManagerService.java,441,PackageManagerService.java,5634,63]
01-01 12:07:50.396234   915  1815 I dvm_lock_sample: [system_server,1,Binder_9,239,UserManagerService.java,441,PackageManagerService.java,5634,47]
01-01 12:07:50.397335   915  1992 I dvm_lock_sample: [system_server,1,Binder_D,238,UserManagerService.java,441,PackageManagerService.java,5634,47]
01-01 12:07:50.642894   915   963 I am_pss  : [3766,1000,com.android.settings,48674816,43632640]
01-01 12:07:50.680793  4771  4771 I am_on_resume_called: [0,com.google.android.apps.photos.daydream.DreamSettingsActivity]
01-01 12:07:51.199804   915  1990 I dvm_lock_sample: [system_server,1,Binder_C,473,UserManagerService.java,441,PackageManagerService.java,5634,94]
01-01 12:07:51.200256   915  1989 I dvm_lock_sample: [system_server,1,Binder_B,458,UserManagerService.java,441,PackageManagerService.java,5634,91]
01-01 12:07:51.201820   915  1992 I dvm_lock_sample: [system_server,1,Binder_D,460,UserManagerService.java,441,PackageManagerService.java,5634,92]
01-01 12:07:51.203482   915  1815 I dvm_lock_sample: [system_server,1,Binder_9,449,UserManagerService.java,441,PackageManagerService.java,5634,89]
01-01 12:07:51.203940   915  1137 I dvm_lock_sample: [system_server,1,Binder_3,433,UserManagerService.java,441,PackageManagerService.java,5634,86]
01-01 12:07:51.204742   915  1822 I dvm_lock_sample: [system_server,1,Binder_A,461,UserManagerService.java,441,PackageManagerService.java,5634,92]
01-01 12:07:51.846335   915  1990 I dvm_lock_sample: [system_server,1,Binder_C,441,UserManagerService.java,441,PackageManagerService.java,5634,88]
01-01 12:07:51.846793   915  1418 I dvm_lock_sample: [system_server,1,Binder_5,442,UserManagerService.java,441,PackageManagerService.java,5634,88]
01-01 12:07:51.847443   915  1989 I dvm_lock_sample: [system_server,1,Binder_B,441,UserManagerService.java,441,PackageManagerService.java,5634,88]
01-01 12:07:51.847909   915  1822 I dvm_lock_sample: [system_server,1,Binder_A,438,UserManagerService.java,441,PackageManagerService.java,5634,87]
01-01 12:07:51.848430   915  2047 I dvm_lock_sample: [system_server,1,Binder_F,412,UserManagerService.java,441,PackageManagerService.java,5634,82]
01-01 12:07:51.848906   915   941 I dvm_lock_sample: [system_server,0,Binder_2,443,ActivityManagerService.java,17374,-,7502,88]
01-01 12:07:51.849594   915   965 I dvm_lock_sample: [system_server,1,ActivityManager,433,ActivityStack.java,331,ActivityManagerService.java,7502,86]
01-01 12:07:51.851713   915  1815 I dvm_lock_sample: [system_server,1,Binder_9,426,ActivityManagerService.java,10970,-,7502,85]
01-01 12:07:51.851480   915  1552 I dvm_lock_sample: [system_server,1,Binder_7,406,UserManagerService.java,441,PackageManagerService.java,5634,81]
01-01 12:07:51.952928   915   940 I am_kill : [0,3784,com.android.providers.calendar,15,empty #17]
01-01 12:07:52.081933   915  1138 I am_proc_died: [0,3784,com.android.providers.calendar]
01-01 12:07:52.523633   915  1994 I dvm_lock_sample: [system_server,1,Binder_E,417,UserManagerService.java,441,PackageManagerService.java,5634,83]
01-01 12:07:52.524091   915  1815 I dvm_lock_sample: [system_server,1,Binder_9,405,UserManagerService.java,441,PackageManagerService.java,5634,81]
01-01 12:07:52.528657   915  1822 I dvm_lock_sample: [system_server,1,Binder_A,422,ActivityManagerService.java,10970,-,7502,84]
01-01 12:07:52.529509   915  1489 I dvm_lock_sample: [system_server,1,Binder_6,294,ActivityManagerService.java,17328,-,7502,58]
01-01 12:07:52.823967   915   991 I am_activity_launch_time: [0,167120172,com.google.android.apps.photos/.daydream.DreamSettingsActivity,9199,9199]
01-01 12:07:52.836705   915   915 I notification_cancel: [10106,4771,com.google.android.apps.photos,10436,NULL,0,0,64,8,NULL]
01-01 12:07:53.410850   915  1994 I dvm_lock_sample: [system_server,1,Binder_E,513,UserManagerService.java,441,PackageManagerService.java,5634,100]
01-01 12:07:53.411307   915  1773 I dvm_lock_sample: [system_server,1,Binder_8,512,UserManagerService.java,441,PackageManagerService.java,5634,100]
01-01 12:07:53.412164   915   940 I dvm_lock_sample: [system_server,1,Binder_1,513,UserManagerService.java,441,PackageManagerService.java,5634,100]
01-01 12:07:53.412872   915  1138 I dvm_lock_sample: [system_server,1,Binder_4,388,UserManagerService.java,441,PackageManagerService.java,5634,77]
01-01 12:07:53.413323   915  1552 I dvm_lock_sample: [system_server,1,Binder_7,407,UserManagerService.java,441,PackageManagerService.java,5634,81]
01-01 12:07:53.414235   915  1822 I dvm_lock_sample: [system_server,1,Binder_A,424,UserManagerService.java,441,PackageManagerService.java,5634,84]
01-01 12:07:53.452928   915   941 I dvm_lock_sample: [system_server,1,Binder_2,441,ActivityManagerService.java,10832,-,17090,88]
01-01 12:07:54.019583   915  1994 I dvm_lock_sample: [system_server,1,Binder_E,456,PackageManagerService.java,3494,-,5634,91]
01-01 12:07:54.020479   915  1773 I dvm_lock_sample: [system_server,1,Binder_8,443,UserManagerService.java,441,PackageManagerService.java,5634,88]
01-01 12:07:54.067486   915   963 I dvm_lock_sample: [system_server,0,android.bg,5,ActivityManagerService.java,2269,-,17090,1]
01-01 12:07:54.112632   915   963 I am_pss  : [4544,10114,org.simalliance.openmobileapi.service:remote,6269952,4395008]
01-01 12:07:54.612444   915  1815 I dvm_lock_sample: [system_server,1,Binder_9,463,PackageManagerService.java,6744,-,5634,92]
01-01 12:07:54.616708   915  1489 I dvm_lock_sample: [system_server,1,Binder_6,461,UserManagerService.java,441,PackageManagerService.java,5634,92]
01-01 12:07:54.646696   915  1994 I am_kill : [0,4269,com.google.android.gm,15,empty #17]
01-01 12:07:54.787293   915  2047 I am_proc_died: [0,4269,com.google.android.gm]
01-01 12:07:54.833845   915   963 I am_pss  : [4771,10106,com.google.android.apps.photos,47267840,38617088]
01-01 12:07:54.866830   915   963 I am_pss  : [4401,1001,com.mediatek.hetcomm,5996544,4136960]
01-01 12:07:55.291324   915  1815 I dvm_lock_sample: [system_server,1,Binder_9,460,UserManagerService.java,441,PackageManagerService.java,5634,92]
01-01 12:07:55.291772   915  1418 I dvm_lock_sample: [system_server,1,Binder_5,403,UserManagerService.java,441,PackageManagerService.java,5634,80]
01-01 12:07:55.293522   915  1822 I dvm_lock_sample: [system_server,1,Binder_A,401,PackageManagerService.java,4421,-,5634,80]
01-01 12:07:55.439926   915   915 I notification_cancel: [10029,2178,com.google.android.gms,1,NULL,0,0,64,8,NULL]
01-01 12:07:55.965841   915  1138 I dvm_lock_sample: [system_server,0,Binder_4,462,UserManagerService.java,441,PackageManagerService.java,5634,92]
01-01 12:07:55.966291   915  1773 I dvm_lock_sample: [system_server,1,Binder_8,448,UserManagerService.java,441,PackageManagerService.java,5634,89]
01-01 12:07:55.972002   915  1815 I dvm_lock_sample: [system_server,1,Binder_9,466,ActivityManagerService.java,10832,BroadcastQueue.java,738,93]
01-01 12:07:56.082865   915   963 I am_pss  : [4419,1000,com.mediatek.thermalmanager,6055936,4186112]
01-01 12:07:56.596428   915   941 I dvm_lock_sample: [system_server,1,Binder_2,473,UserManagerService.java,441,PackageManagerService.java,5634,94]
01-01 12:07:56.598908   915  1137 I dvm_lock_sample: [system_server,0,Binder_3,466,UserManagerService.java,441,PackageManagerService.java,5634,93]
01-01 12:07:56.599515  1697  1904 I dvm_lock_sample: [com.android.phone,0,RILReceiver0,477,RIL.java,2880,-,2868,95]
01-01 12:07:56.600167   915  1489 I dvm_lock_sample: [system_server,1,Binder_6,464,PackageManagerService.java,3494,-,5634,92]
01-01 12:07:56.638388   915   963 I dvm_lock_sample: [system_server,0,android.bg,470,ActivityManagerService.java,2357,BroadcastQueue.java,738,94]
01-01 12:07:57.186918   915  1989 I dvm_lock_sample: [system_server,1,Binder_B,569,ActivityManagerService.java,17090,-,14398,100]
01-01 12:07:57.215262   915   963 I dvm_lock_sample: [system_server,0,android.bg,576,ActivityManagerService.java,2357,-,14398,100]
01-01 12:07:57.215448   915   963 I am_pss  : [4587,10117,org.simalliance.openmobileapi.uicc1terminal,6212608,4317184]
01-01 12:07:57.221871   915   941 I dvm_lock_sample: [system_server,1,Binder_2,567,ActivityManagerService.java,18412,-,14398,100]
01-01 12:07:57.280516   915   963 I am_pss  : [4595,10118,org.simalliance.openmobileapi.uicc2terminal,6213632,4321280]
01-01 12:07:57.394026   915   963 I am_pss  : [4612,10127,org.simalliance.openmobileapi.eseterminal,6197248,4304896]
01-01 12:07:57.849470   915  1138 I dvm_lock_sample: [system_server,1,Binder_4,433,UserManagerService.java,441,PackageManagerService.java,5634,86]
01-01 12:07:57.902197   915   963 I am_pss  : [4438,10100,com.mediatek.omacp,7005184,4890624]
01-01 12:07:58.446058   915  1137 I dvm_lock_sample: [system_server,1,Binder_3,451,UserManagerService.java,441,PackageManagerService.java,5634,90]
01-01 12:07:58.446600   915  1994 I dvm_lock_sample: [system_server,0,Binder_E,448,UserManagerService.java,441,PackageManagerService.java,5634,89]
01-01 12:07:58.448316   915  1138 I dvm_lock_sample: [system_server,1,Binder_4,443,PackageManagerService.java,3494,-,5634,88]
01-01 12:07:58.451036   915  1773 I dvm_lock_sample: [system_server,0,Binder_8,440,ActivityManagerService.java,16173,BroadcastQueue.java,738,88]
01-01 12:07:59.126661   915  1773 I dvm_lock_sample: [system_server,0,Binder_8,437,ActivityManagerService.java,16173,BroadcastQueue.java,738,87]
01-01 12:07:59.741276   915  1822 I dvm_lock_sample: [system_server,0,Binder_A,448,PackageManagerService.java,6744,-,5634,89]
01-01 12:07:59.745775   915   967 I dvm_lock_sample: [system_server,1,android.ui,457,ActivityManagerService.java,4032,BroadcastQueue.java,738,91]
01-01 12:07:59.748095   915  1773 I dvm_lock_sample: [system_server,0,Binder_8,456,ActivityManagerService.java,16173,BroadcastQueue.java,738,91]
01-01 12:08:00.392287   915  1989 I dvm_lock_sample: [system_server,1,Binder_B,465,UserManagerService.java,414,PackageManagerService.java,5634,93]
01-01 12:08:00.394767   915   963 I dvm_lock_sample: [system_server,0,android.bg,463,ActivityManagerService.java,2357,-,22208,92]
01-01 12:08:00.394955   915   963 I am_pss  : [4463,10098,com.asus.ia.asusapp,11450368,9060352]
01-01 12:08:00.397045   915  1994 I dvm_lock_sample: [system_server,1,Binder_E,448,ActivityManagerService.java,13470,-,22208,89]
01-01 12:08:00.468977   915   965 I am_proc_start: [0,4901,1000,com.asus.as,broadcast,com.asus.as/.receiver.AsusAlarmReceiver]
01-01 12:08:00.508458   915  1137 I notification_cancel_all: [1002,2190,com.android.bluetooth,0,0,64,9,NULL]
01-01 12:08:01.013867   915  1137 I dvm_lock_sample: [system_server,1,Binder_3,454,UserManagerService.java,441,PackageManagerService.java,5634,90]
01-01 12:08:01.014333   915  2047 I dvm_lock_sample: [system_server,1,Binder_F,442,UserManagerService.java,441,PackageManagerService.java,5634,88]
01-01 12:08:01.017357   915  1773 I dvm_lock_sample: [system_server,0,Binder_8,425,ActivityManagerService.java,16173,-,13509,85]
01-01 12:08:01.036188   915  1489 I dvm_lock_sample: [system_server,1,Binder_6,331,ActivityManagerService.java,6995,-,13509,66]
01-01 12:08:01.036441   915  1489 I am_proc_bound: [0,4901,com.asus.as]
01-01 12:08:01.188516   915   915 I notification_cancel: [1002,2190,com.android.bluetooth,-1000005,NULL,0,0,64,8,NULL]
01-01 12:08:01.658463   915  1992 I dvm_lock_sample: [system_server,1,Binder_D,457,PackageManagerService.java,4421,-,5634,91]
01-01 12:08:01.659061   915  1418 I dvm_lock_sample: [system_server,1,Binder_5,457,UserManagerService.java,441,PackageManagerService.java,5634,91]
01-01 12:08:01.659693   915  1489 I dvm_lock_sample: [system_server,1,Binder_6,343,UserManagerService.java,441,PackageManagerService.java,5634,68]
01-01 12:08:01.659831   915   915 I notification_cancel: [1002,2190,com.android.bluetooth,-1000006,NULL,0,0,64,8,NULL]
01-01 12:08:02.227063   915  1138 I dvm_lock_sample: [system_server,1,Binder_4,432,UserManagerService.java,441,PackageManagerService.java,5634,86]
01-01 12:08:02.228674   915   915 I notification_cancel: [1002,2190,com.android.bluetooth,-1000005,NULL,0,0,64,8,NULL]
01-01 12:08:02.273708   915   915 I notification_cancel: [1002,2190,com.android.bluetooth,-1000006,NULL,0,0,64,8,NULL]
01-01 12:08:02.648953   915   915 I notification_cancel: [1000,2014,com.asus.hardwarestub,2130837527,NULL,-1,0,0,8,NULL]
01-01 12:08:02.831098   915  1815 I dvm_lock_sample: [system_server,1,Binder_9,411,UserManagerService.java,441,PackageManagerService.java,5634,82]
01-01 12:08:02.832359   915   915 I notification_cancel: [10016,1176,com.android.systemui,2131361826,low_battery,-1,0,64,8,NULL]
01-01 12:08:02.837025   915   915 I notification_cancel: [10016,1176,com.android.systemui,20150528,low_battery,0,0,64,8,NULL]
01-01 12:08:02.939265   915  2047 I am_kill : [0,4325,com.google.process.gapps,15,empty #17]
01-01 12:08:03.422529   915  2047 I dvm_lock_sample: [system_server,0,Binder_F,387,PackageManagerService.java,6744,-,5634,77]
01-01 12:08:03.424093   915   967 I dvm_lock_sample: [system_server,1,android.ui,486,ActivityManagerService.java,4032,BroadcastQueue.java,738,97]
01-01 12:08:03.427197   915  1137 I dvm_lock_sample: [system_server,1,Binder_3,475,ActivityManagerService.java,17328,BroadcastQueue.java,738,95]
01-01 12:08:03.435488   915   963 I dvm_lock_sample: [system_server,0,android.bg,463,ActivityManagerService.java,2357,BroadcastQueue.java,738,92]
01-01 12:08:03.435734   915   963 I am_pss  : [2178,10029,com.google.android.gms.persistent,41975808,34234368]
01-01 12:08:03.436299   915  1773 I dvm_lock_sample: [system_server,0,Binder_8,438,ActivityManagerService.java,16326,BroadcastQueue.java,738,87]
01-01 12:08:03.436485   915  1773 I am_meminfo: [574181376,24064000,4096,270032896,202255360]
01-01 12:08:03.436717   915  1992 I dvm_lock_sample: [system_server,0,Binder_D,410,ActivityManagerService.java,1390,BroadcastQueue.java,738,82]
01-01 12:08:03.438225   915  1992 I am_proc_died: [0,4325,com.google.process.gapps]
01-01 12:08:03.503635   915   963 I am_pss  : [4526,10114,org.simalliance.openmobileapi.service,5995520,4087808]
01-01 12:08:03.545815   915   963 I am_pss  : [4504,1000,com.mediatek.schpwronoff,6785024,4808704]
01-01 12:08:03.622127   915   963 I am_pss  : [4348,10083,com.google.android.talk,30460928,26218496]
01-01 12:08:04.808141   915   963 I am_pss  : [4562,1000,com.wind.windruntimetest,6302720,4419584]
01-01 12:08:05.387247   915  1994 I am_proc_start: [0,4959,10017,com.asus.task,broadcast,com.asus.task/.LauncherTaskBadgeUpdateReceiver]
01-01 12:08:05.612538   915  1773 I am_proc_bound: [0,4959,com.asus.task]
01-01 12:08:05.866442   915  1815 I am_proc_start: [0,4989,10096,com.google.android.music:main,broadcast,com.google.android.music/.leanback.AutoCacheSchedulingService$EnablingReceiver]
01-01 12:08:05.870555   915  1815 I am_kill : [0,2936,com.android.defcontainer,15,empty #17]
01-01 12:08:05.952212   915   967 I dvm_lock_sample: [system_server,1,android.ui,125,ActivityManagerService.java,4095,BroadcastQueue.java,738,25]
01-01 12:08:05.953676   915  1994 I dvm_lock_sample: [system_server,1,Binder_E,86,ActivityManagerService.java,7502,-,21160,17]
01-01 12:08:05.955484   915  1138 I am_proc_died: [0,2936,com.android.defcontainer]
01-01 12:08:06.079446   915  1552 I am_proc_bound: [0,4989,com.google.android.music:main]
01-01 12:08:06.570000  5025  5025 I auditd  : type=1400 audit(0.0:294): avc: denied { write } for comm="dumpsys" path="/data/dumpsys/DUMPSYS_GUIEXTSERVICE_db.bTI1g1" dev="dm-0" ino=90114 scontext=u:r:guiext-server:s0 tcontext=u:object_r:aee_dumpsys_data_file:s0 tclass=file permissive=0
01-01 12:08:06.629680   245   245 I auditd  : avc:  denied  { find } for service=display scontext=u:r:debuggerd:s0 tcontext=u:object_r:display_service:s0 tclass=service_manager
01-01 12:08:08.462734   915  1822 I dvm_lock_sample: [system_server,1,Binder_A,7,ActivityManagerService.java,10970,-,7502,1]
01-01 12:08:08.852345   915   915 I notification_cancel: [10096,4989,com.google.android.music,1061,NULL,0,0,64,8,NULL]
01-01 12:08:08.861378   915  1990 I am_kill : [0,4348,com.google.android.talk,15,empty #17]
01-01 12:08:08.941566   915   967 I dvm_lock_sample: [system_server,1,android.ui,84,ActivityManagerService.java,4032,-,17374,16]
01-01 12:08:08.941949   915  1138 I dvm_lock_sample: [system_server,1,Binder_4,53,ActivityManagerService.java,17335,-,17374,10]
01-01 12:08:08.954158   915  1489 I am_proc_died: [0,4348,com.google.android.talk]
01-01 12:08:09.546528   915  2047 I am_proc_start: [0,5063,10083,com.google.android.talk,broadcast,com.google.android.talk/com.google.android.apps.hangouts.service.GcmStateReceiver]
01-01 12:08:09.754847   915  1822 I am_proc_bound: [0,5063,com.google.android.talk]
01-01 12:08:09.798198   915   963 I am_pss  : [4680,10052,com.asus.easylauncher,7608320,5644288]
01-01 12:08:10.794994   915  1994 I am_proc_start: [0,5097,1000,com.asus.livedemoservice,broadcast,com.asus.livedemoservice/com.google.android.gms.gcm.GcmReceiver]
01-01 12:08:11.013733   915  1815 I am_proc_bound: [0,5097,com.asus.livedemoservice]
01-01 12:08:11.233934   915   915 I am_proc_start: [0,5114,10051,com.asus.deskclock:main,broadcast,com.asus.deskclock/com.asus.alarmclock.DigitalAppWidgetProvider]
01-01 12:08:11.234807   915   967 I dvm_lock_sample: [system_server,1,android.ui,49,ActivityManagerService.java,4032,BroadcastQueue.java,738,9]
01-01 12:08:11.294253   915   915 I am_proc_start: [0,5120,10018,com.asus.themeapp,service,com.asus.themeapp/.UpdateBadgeJobService]
01-01 12:08:11.352731   915  1992 I am_kill : [0,4401,com.mediatek.hetcomm,15,empty #17]
01-01 12:08:11.492365   915  1994 I am_proc_bound: [0,5114,com.asus.deskclock:main]
01-01 12:08:11.516839   915  1138 I am_proc_died: [0,4401,com.mediatek.hetcomm]
01-01 12:08:11.523130   915  1418 I am_proc_bound: [0,5120,com.asus.themeapp]
01-01 12:08:11.909587   915  1137 I am_proc_start: [0,5160,10055,com.asus.sensorapi.service,broadcast,com.asus.sensorapi.service/.AsusSensorServiceGAReceiver]
01-01 12:08:11.914181   915  1137 I am_kill : [0,4419,com.mediatek.thermalmanager,15,empty #17]
01-01 12:08:11.992397   915  1992 I dvm_lock_sample: [system_server,1,Binder_D,67,ActivityManagerService.java,17346,-,21160,13]
01-01 12:08:11.993577   915  1418 I am_proc_died: [0,4419,com.mediatek.thermalmanager]
01-01 12:08:12.085557   915  1815 I am_kill : [0,4438,com.mediatek.omacp,15,empty #17]
01-01 12:08:12.152523   915  1138 I am_proc_died: [0,4438,com.mediatek.omacp]
01-01 12:08:12.157360   915  1989 I am_proc_bound: [0,5160,com.asus.sensorapi.service]
01-01 12:08:12.268118   915   941 I am_kill : [0,4463,com.asus.ia.asusapp,15,empty #17]
01-01 12:08:12.357389  2178  5180 I gtalk_connection: 16974847
01-01 12:08:12.392726   915   941 I am_proc_start: [0,5182,10123,com.asus.zencircle,broadcast,com.asus.zencircle/com.parse.GcmBroadcastReceiver]
01-01 12:08:12.393528   915  1992 I dvm_lock_sample: [system_server,0,Binder_D,41,ActivityManagerService.java,1390,-,18525,8]
01-01 12:08:12.397610   915  1994 I dvm_lock_sample: [system_server,1,Binder_E,37,ActivityManagerService.java,18412,BroadcastQueue.java,738,7]
01-01 12:08:12.398809   915  1992 I am_proc_died: [0,4463,com.asus.ia.asusapp]
01-01 12:08:12.652069   915   915 I notification_cancel: [10016,1176,com.android.systemui,2131361826,low_battery,-1,0,64,8,NULL]
01-01 12:08:12.652649   915   915 I notification_cancel: [10016,1176,com.android.systemui,20150528,low_battery,0,0,64,8,NULL]
01-01 12:08:12.654605   915   915 I notification_cancel: [1000,2014,com.asus.hardwarestub,2130837527,NULL,-1,0,0,8,NULL]
01-01 12:08:12.656225   915  1990 I am_proc_bound: [0,5182,com.asus.zencircle]
01-01 12:08:13.216794   915   963 I am_pss  : [4738,10033,com.google.android.partnersetup,6674432,4845568]
01-01 12:08:13.638334   915   941 I am_kill : [0,4504,com.mediatek.schpwronoff,15,empty #17]
01-01 12:08:13.735685   915  1989 I am_proc_died: [0,4504,com.mediatek.schpwronoff]
01-01 12:08:15.175785   915   941 I am_proc_start: [0,5244,10038,com.google.android.setupwizard,broadcast,com.google.android.setupwizard/.util.GservicesChangedReceiver]
01-01 12:08:15.379918   915  1552 I am_proc_bound: [0,5244,com.google.android.setupwizard]
01-01 12:08:15.652029   915   941 I am_kill : [0,4526,org.simalliance.openmobileapi.service,15,empty #17]
01-01 12:08:15.682168   915   915 I notification_cancel: [10038,5244,com.google.android.setupwizard,10436,NULL,0,0,64,8,NULL]
01-01 12:08:15.730790   915  1822 I am_proc_died: [0,4526,org.simalliance.openmobileapi.service]
01-01 12:08:16.078580   915   941 I am_proc_start: [0,5264,10020,com.android.providers.calendar,broadcast,com.android.providers.calendar/.CalendarProviderBroadcastReceiver]
01-01 12:08:16.289806   915  1994 I am_proc_bound: [0,5264,com.android.providers.calendar]
01-01 12:08:16.580406  2178  5280 I gtalk_connection: 16974847
01-01 12:08:16.671419   915   941 I am_proc_start: [0,5283,1000,com.asus.dm,broadcast,com.asus.dm/.BootCompletedReceiver]
01-01 12:08:16.699986   915   941 I am_kill : [0,4562,com.wind.windruntimetest,15,empty #17]
01-01 12:08:16.773003   915  1990 I am_proc_died: [0,4562,com.wind.windruntimetest]
01-01 12:08:16.781685   915   941 I am_kill : [0,4644,com.facebook.appmanager,15,empty #17]
01-01 12:08:16.867040   915  1489 I am_proc_died: [0,4644,com.facebook.appmanager]
01-01 12:08:16.872604   915  1815 I am_proc_bound: [0,5283,com.asus.dm]
01-01 12:08:17.030565   915  1822 I am_kill : [0,4901,com.asus.as,15,empty #17]
01-01 12:08:17.106579   915   967 I dvm_lock_sample: [system_server,1,android.ui,78,ActivityManagerService.java,4032,BroadcastQueue.java,738,15]
01-01 12:08:17.106907   915  1137 I am_proc_died: [0,4901,com.asus.as]
01-01 12:08:17.298994   915  1489 I am_proc_start: [0,5300,10042,com.google.android.googlequicksearchbox:search,broadcast,com.google.android.googlequicksearchbox/com.google.android.apps.gsa.search.core.GmsPackageWatcher]
01-01 12:08:17.482963   915   941 I am_proc_bound: [0,5300,com.google.android.googlequicksearchbox:search]
01-01 12:08:18.409410   915   915 I notification_cancel: [10083,5063,com.google.android.talk,8,com.google.android.talk:gmscore,0,0,64,8,NULL]
01-01 12:08:18.463528   915  1992 I am_proc_start: [0,5324,10054,com.asus.kidslauncher,broadcast,com.asus.kidslauncher/.PackageChangedReceiver]
01-01 12:08:18.668353   915  1773 I am_proc_bound: [0,5324,com.asus.kidslauncher]
01-01 12:08:18.819101   915  1992 I am_kill : [0,4738,com.google.android.partnersetup,15,empty #17]
01-01 12:08:18.884616   915  1994 I am_proc_died: [0,4738,com.google.android.partnersetup]
01-01 12:08:18.948441   915  1418 I am_proc_start: [0,5343,10036,com.android.vending,broadcast,com.android.vending/com.google.android.finsky.receivers.PackageMonitorReceiver$RegisteredReceiver]
01-01 12:08:18.960631   915   967 I dvm_lock_sample: [system_server,1,android.ui,11,ActivityManagerService.java,4095,-,21160,2]
01-01 12:08:19.020485   915  1552 I dvm_lock_sample: [system_server,1,Binder_7,8,PackageManagerService.java,6744,-,3039,1]
01-01 12:08:19.247371   915  1815 I am_proc_bound: [0,5343,com.android.vending]
01-01 12:08:19.467055   915   963 I am_pss  : [3269,10029,com.google.android.gms,36172800,28794880]
01-01 12:08:20.157432   915   915 I notification_cancel: [10036,5343,com.android.vending,-1050172287,NULL,0,0,64,8,NULL]
01-01 12:08:20.817824   915   940 I am_proc_start: [0,5394,10079,com.google.android.gm,broadcast,com.google.android.gm/.widget.GmailWidgetProvider]
01-01 12:08:21.349444   915  1989 I dvm_lock_sample: [system_server,1,Binder_B,400,UserManagerService.java,441,PackageManagerService.java,5634,80]
01-01 12:08:21.353967   915  1990 I dvm_lock_sample: [system_server,1,Binder_C,337,ActivityManagerService.java,6995,-,10412,67]
01-01 12:08:21.354234   915  1990 I am_proc_bound: [0,5394,com.google.android.gm]
01-01 12:08:21.675895   915  1552 I am_kill : [0,4959,com.asus.task,15,empty #17]
01-01 12:08:21.760860   915   967 I dvm_lock_sample: [system_server,1,android.ui,87,ActivityManagerService.java,4032,-,17374,17]
01-01 12:08:21.769195   915  1489 I am_proc_died: [0,4959,com.asus.task]
01-01 12:08:22.162343  5394  5419 I dvm_lock_sample: [com.google.android.gm,0,EmailProvider thread,157,SourceFile,1356,-,636,31]
01-01 12:08:22.677117   915   915 I notification_cancel: [10016,1176,com.android.systemui,2131361826,low_battery,-1,0,64,8,NULL]
01-01 12:08:22.680079   915   915 I notification_cancel: [10016,1176,com.android.systemui,20150528,low_battery,0,0,64,8,NULL]
01-01 12:08:22.705006   915   915 I notification_cancel: [1000,2014,com.asus.hardwarestub,2130837527,NULL,-1,0,0,8,NULL]
01-01 12:08:22.729623   915  1489 I dvm_lock_sample: [system_server,1,Binder_6,18,ActivityManagerService.java,22208,BroadcastQueue.java,738,3]
01-01 12:08:22.737888   915  1815 I am_kill : [0,5097,com.asus.livedemoservice,15,empty #17]
01-01 12:08:22.822558   915  1990 I dvm_lock_sample: [system_server,1,Binder_C,89,ActivityManagerService.java,22208,-,17374,17]
01-01 12:08:22.849759   915  1552 I am_proc_died: [0,5097,com.asus.livedemoservice]
01-01 12:08:22.936839   915  1815 I am_proc_start: [0,5440,10003,com.asus.appinstallationservice,broadcast,com.asus.appinstallationservice/.AppUpdaterEventReceiver]
01-01 12:08:23.152950   915  2047 I am_proc_bound: [0,5440,com.asus.appinstallationservice]
01-01 12:08:23.423179  2178  5458 I gtalk_connection: 16974847
01-01 12:08:23.562369   915  1773 I am_kill : [0,5114,com.asus.deskclock:main,15,empty #17]
01-01 12:08:23.635490   915  1992 I am_proc_died: [0,5114,com.asus.deskclock:main]
01-01 12:08:23.721056   915  1489 I am_proc_start: [0,5461,10017,com.asus.task,broadcast,com.asus.task/.LauncherTaskBadgeUpdateReceiver]
01-01 12:08:23.959829   915  2047 I am_proc_bound: [0,5461,com.asus.task]
01-01 12:08:24.169247   915  1822 I am_kill : [0,5120,com.asus.themeapp,15,empty #17]
01-01 12:08:24.244686   915  1489 I am_proc_died: [0,5120,com.asus.themeapp]
01-01 12:08:25.869134   915   915 I notification_cancel: [10083,5063,com.google.android.talk,10436,NULL,0,0,64,8,NULL]
01-01 12:08:25.922777   915   915 I notification_cancel: [1000,915,com.mediatek.mtklogger,2130837539,NULL,0,0,0,8,NULL]
01-01 12:08:25.924022   915   915 I notification_canceled: [0|com.mediatek.mtklogger|2130837539|null|10092,8,110361,110361,0]
01-01 12:08:25.932715   915   915 I notification_enqueue: [10092,3091,com.mediatek.mtklogger,2130837539,NULL,0,Notification(pri=0 contentView=com.mediatek.mtklogger/0x10900a2 vibrate=null sound=null tick defaults=0x0 flags=0x60 color=0x00000000 vis=PRIVATE),0]
01-01 12:08:25.947440   915  1418 I notification_expansion: [0|android|17303337|null|1000,0,1,165905,165905,145118]
01-01 12:08:26.037024   915  1552 I notification_expansion: [0|com.mediatek.mtklogger|2130837539|null|10092,0,1,105,105,0]
01-01 12:08:26.039003   915   941 I notification_expansion: [0|android|17303337|null|1000,0,0,165996,165996,145209]
01-01 12:08:28.017704   915  1489 I am_kill : [0,5160,com.asus.sensorapi.service,15,empty #17]
01-01 12:08:28.092316   915  2047 I am_proc_died: [0,5160,com.asus.sensorapi.service]
01-01 12:08:30.042952   915   915 I notification_cancel: [10092,3091,com.mediatek.mtklogger,2130837521,NULL,0,0,64,8,NULL]
01-01 12:08:30.448850   915   963 I am_pss  : [3766,1000,com.android.settings,45199360,40409088]
01-01 12:08:31.032831   915   915 I notification_cancel: [1000,915,com.mediatek.mtklogger,2130837539,NULL,0,0,0,8,NULL]
01-01 12:08:31.033982   915   915 I notification_canceled: [0|com.mediatek.mtklogger|2130837539|null|10092,8,5102,5102,0]
01-01 12:08:31.058311   915  1489 I notification_expansion: [0|android|17303337|null|1000,0,1,171016,171016,150229]
01-01 12:08:32.153023   915   915 I notification_enqueue: [10092,3091,com.mediatek.mtklogger,2130837525,NULL,0,Notification(pri=0 contentView=null vibrate=null sound=null tick defaults=0x0 flags=0x0 color=0x00000000 vis=PRIVATE),0]
01-01 12:08:32.214471   915   915 I notification_enqueue: [10092,3091,com.mediatek.mtklogger,2130837525,NULL,0,Notification(pri=0 contentView=null vibrate=null sound=null tick defaults=0x0 flags=0x0 color=0x00000000 vis=PRIVATE),1]
01-01 12:08:32.319926   915  1994 I notification_expansion: [0|com.mediatek.mtklogger|2130837525|null|10092,0,1,167,106,0]
01-01 12:08:32.323654   915  1137 I notification_expansion: [0|android|17303337|null|1000,0,0,172281,172281,151494]
01-01 12:08:32.421367   915   915 I notification_enqueue: [10092,3091,com.mediatek.mtklogger,2130837525,NULL,0,Notification(pri=0 contentView=null vibrate=null sound=null tick defaults=0x0 flags=0x0 color=0x00000000 vis=PRIVATE),1]
01-01 12:08:32.621268   915   915 I notification_enqueue: [10092,3091,com.mediatek.mtklogger,2130837525,NULL,0,Notification(pri=0 contentView=null vibrate=null sound=null tick defaults=0x0 flags=0x0 color=0x00000000 vis=PRIVATE),1]
01-01 12:08:32.668164   915   940 I dvm_lock_sample: [system_server,1,Binder_1,5,ActivityManagerService.java,10412,-,10832,1]
01-01 12:08:32.816246   915   915 I notification_enqueue: [10092,3091,com.mediatek.mtklogger,2130837525,NULL,0,Notification(pri=0 contentView=null vibrate=null sound=null tick defaults=0x0 flags=0x0 color=0x00000000 vis=PRIVATE),1]
01-01 12:08:34.336845   915   963 I am_pss  : [4743,10021,android.process.acore,38753280,31653888]
01-01 12:08:34.383105   915   963 I am_pss  : [4719,10056,com.asus.contacts.simcontacts,7308288,5451776]
01-01 12:08:34.475008   915   915 I notification_enqueue: [10092,3091,com.mediatek.mtklogger,2130837539,NULL,0,Notification(pri=0 contentView=com.mediatek.mtklogger/0x10900a2 vibrate=null sound=null tick defaults=0x0 flags=0x60 color=0x00000000 vis=PRIVATE),0]
01-01 12:08:34.598934   915  1822 I notification_expansion: [0|com.mediatek.mtklogger|2130837539|null|10092,0,1,124,124,0]
01-01 12:08:34.600481   915   940 I notification_expansion: [0|com.mediatek.mtklogger|2130837525|null|10092,0,0,2448,1785,0]
01-01 12:08:34.817269   915   915 I notification_enqueue: [10092,3091,com.mediatek.mtklogger,2130837525,NULL,0,Notification(pri=0 contentView=null vibrate=null sound=null tick defaults=0x0 flags=0x0 color=0x00000000 vis=PRIVATE),1]
01-01 12:08:35.018618   915   915 I notification_enqueue: [10092,3091,com.mediatek.mtklogger,2130837525,NULL,0,Notification(pri=0 contentView=null vibrate=null sound=null tick defaults=0x0 flags=0x0 color=0x00000000 vis=PRIVATE),1]
01-01 12:08:36.017072   915   915 I notification_enqueue: [10092,3091,com.mediatek.mtklogger,2130837525,NULL,0,Notification(pri=0 contentView=null vibrate=null sound=null tick defaults=0x0 flags=0x0 color=0x00000000 vis=PRIVATE),1]
01-01 12:08:37.000286   915   965 I am_proc_start: [0,5583,10048,com.asus.appmanager,broadcast,com.asus.appmanager/.EventReceiver]
01-01 12:08:37.246278   915  1990 I am_proc_bound: [0,5583,com.asus.appmanager]
01-01 12:08:37.721391   915   940 I am_kill : [0,5244,com.google.android.setupwizard,15,empty #17]
01-01 12:08:37.790288   915   941 I am_proc_died: [0,5244,com.google.android.setupwizard]
01-01 12:08:37.822019   915   915 I notification_enqueue: [10092,3091,com.mediatek.mtklogger,2130837525,NULL,0,Notification(pri=0 contentView=null vibrate=null sound=null tick defaults=0x0 flags=0x0 color=0x00000000 vis=PRIVATE),1]
01-01 12:08:38.022899   915   915 I notification_enqueue: [10092,3091,com.mediatek.mtklogger,2130837525,NULL,0,Notification(pri=0 contentView=null vibrate=null sound=null tick defaults=0x0 flags=0x0 color=0x00000000 vis=PRIVATE),1]
01-01 12:08:38.221994   915   915 I notification_enqueue: [10092,3091,com.mediatek.mtklogger,2130837525,NULL,0,Notification(pri=0 contentView=null vibrate=null sound=null tick defaults=0x0 flags=0x0 color=0x00000000 vis=PRIVATE),1]
01-01 12:08:38.624575   915   915 I notification_enqueue: [10092,3091,com.mediatek.mtklogger,2130837525,NULL,0,Notification(pri=0 contentView=null vibrate=null sound=null tick defaults=0x0 flags=0x0 color=0x00000000 vis=PRIVATE),1]
01-01 12:08:39.021452   915   915 I notification_enqueue: [10092,3091,com.mediatek.mtklogger,2130837525,NULL,0,Notification(pri=0 contentView=null vibrate=null sound=null tick defaults=0x0 flags=0x0 color=0x00000000 vis=PRIVATE),1]
01-01 12:08:39.221848   915   915 I notification_enqueue: [10092,3091,com.mediatek.mtklogger,2130837525,NULL,0,Notification(pri=0 contentView=null vibrate=null sound=null tick defaults=0x0 flags=0x0 color=0x00000000 vis=PRIVATE),1]
01-01 12:08:39.424406   915   915 I notification_enqueue: [10092,3091,com.mediatek.mtklogger,2130837525,NULL,0,Notification(pri=0 contentView=null vibrate=null sound=null tick defaults=0x0 flags=0x0 color=0x00000000 vis=PRIVATE),1]
01-01 12:08:39.821779   915   915 I notification_enqueue: [10092,3091,com.mediatek.mtklogger,2130837525,NULL,0,Notification(pri=0 contentView=null vibrate=null sound=null tick defaults=0x0 flags=0x10 color=0x00000000 vis=PRIVATE),1]
01-01 12:08:42.641243   915   915 I notification_cancel: [10016,1176,com.android.systemui,2131361826,low_battery,-1,0,64,8,NULL]
01-01 12:08:42.641795   915   915 I notification_cancel: [10016,1176,com.android.systemui,20150528,low_battery,0,0,64,8,NULL]
01-01 12:08:42.642325   915   915 I notification_cancel: [1000,2014,com.asus.hardwarestub,2130837527,NULL,-1,0,0,8,NULL]
01-01 12:08:42.830598   915   915 I notification_cancel: [10092,3091,com.mediatek.mtklogger,2130837525,NULL,0,0,64,8,NULL]
01-01 12:08:42.832075   915   915 I notification_canceled: [0|com.mediatek.mtklogger|2130837525|null|10092,8,10680,3011,0]
01-01 12:08:44.563750   915   963 I am_pss  : [2178,10029,com.google.android.gms.persistent,42456064,35135488]
01-01 12:08:44.949266   915   967 I dvm_lock_sample: [system_server,1,android.ui,6,ActivityManagerService.java,4032,-,10832,1]
01-01 12:08:46.922173   915   963 I am_pss  : [5283,1000,com.asus.dm,6779904,4927488]
01-01 12:08:48.724874   915   963 I am_pss  : [5324,10054,com.asus.kidslauncher,6823936,4820992]
01-01 12:08:49.808013   915   915 I free_storage_changed: 9869701120
01-01 12:08:51.636671   915   915 I notification_cancel: [10096,4989,com.google.android.music,10436,NULL,0,0,64,8,NULL]
01-01 12:08:51.643942   915   963 I am_pss  : [5343,10036,com.android.vending,16952320,14213120]
01-01 12:08:51.730831   915   963 I am_pss  : [5300,10042,com.google.android.googlequicksearchbox:search,20679680,16531456]
01-01 12:09:00.077689   915   963 I am_pss  : [2603,10007,com.asus.contacts,13038592,10702848]
01-01 12:09:00.125340   915   963 I am_pss  : [3091,10092,com.mediatek.mtklogger,20869120,17788928]
01-01 12:09:00.167941   915   963 I am_pss  : [5394,10079,com.google.android.gm,18343936,15507456]
01-01 12:09:00.198881   915   967 I configuration_changed: 1152
01-01 12:09:00.315720   915   967 I am_relaunch_resume_activity: [0,167120172,8,com.google.android.apps.photos/.daydream.DreamSettingsActivity]
01-01 12:09:00.347272  4771  4771 I am_on_paused_called: [0,com.google.android.apps.photos.daydream.DreamSettingsActivity]
01-01 12:09:00.355457   915   963 I dvm_lock_sample: [system_server,0,android.bg,143,ActivityManagerService.java,2357,-,18784,28]
01-01 12:09:00.355687   915   963 I am_pss  : [5461,10017,com.asus.task,10068992,8118272]
01-01 12:09:00.422253   915   963 I am_pss  : [5063,10083,com.google.android.talk,30188544,26230784]
01-01 12:09:00.465344   915   963 I am_pss  : [3314,10029,com.google.process.gapps,9743360,7753728]
01-01 12:09:00.491416  4771  4771 I am_on_resume_called: [0,com.google.android.apps.photos.daydream.DreamSettingsActivity]
01-01 12:09:00.519984   915   963 I am_pss  : [4989,10096,com.google.android.music:main,28479488,24154112]
01-01 12:09:00.572027   915   963 I am_pss  : [5182,10123,com.asus.zencircle,23004160,20307968]
01-01 12:09:00.611884   915   963 I am_pss  : [5264,10020,com.android.providers.calendar,7916544,5984256]
01-01 12:09:00.699037   915   963 I am_pss  : [1505,10013,com.asus.launcher,88794112,78163968]
01-01 12:09:02.334735   915   967 I configuration_changed: 1152
01-01 12:09:02.475746   915   967 I am_relaunch_resume_activity: [0,167120172,8,com.google.android.apps.photos/.daydream.DreamSettingsActivity]
01-01 12:09:02.482186  4771  4771 I am_on_paused_called: [0,com.google.android.apps.photos.daydream.DreamSettingsActivity]
01-01 12:09:02.677680   915   915 I notification_cancel: [1000,2014,com.asus.hardwarestub,2130837527,NULL,-1,0,0,8,NULL]
01-01 12:09:02.858947   915   915 I notification_cancel: [10016,1176,com.android.systemui,2131361826,low_battery,-1,0,64,8,NULL]
01-01 12:09:02.862274   915   915 I notification_cancel: [10016,1176,com.android.systemui,20150528,low_battery,0,0,64,8,NULL]
01-01 12:09:02.898721  4771  4771 I am_on_resume_called: [0,com.google.android.apps.photos.daydream.DreamSettingsActivity]
01-01 12:09:04.691809   915  1138 I am_crash: [4771,0,com.google.android.apps.photos,953728581,java.lang.RuntimeException,Must be called on a background thread,PG,60389]
01-01 12:09:04.697122   915  1138 I am_finish_activity: [0,167120172,8,com.google.android.apps.photos/.daydream.DreamSettingsActivity,force-crash]
01-01 12:09:04.699103   915  1138 I am_home_stack_moved: [0,0,1,1,finishActivity adjustFocus setFocusedActivity]
01-01 12:09:04.699309   915  1138 I wm_task_moved: [8,1,0]
01-01 12:09:04.714793   915  1138 I am_focused_activity: [0,com.android.settings/.SubSettings]
01-01 12:09:04.717580   915  1138 I am_pause_activity: [0,167120172,com.google.android.apps.photos/.daydream.DreamSettingsActivity]
01-01 12:09:05.242691   915   965 I am_resume_activity: [0,164348224,8,com.android.settings/.SubSettings]
01-01 12:09:05.288047  3766  3766 I sysui_view_visibility: [47,100]
01-01 12:09:05.330000  2210  2210 I auditd  : type=1400 audit(0.0:295): avc: denied { search } for comm="GpuAppSpectator" name="3766" dev="proc" ino=24800 scontext=u:r:gas_srv:s0 tcontext=u:r:system_app:s0 tclass=dir permissive=0
01-01 12:09:05.393842  3766  3766 I am_on_resume_called: [0,com.android.settings.SubSettings]
01-01 12:09:05.713070   915   991 I am_activity_launch_time: [0,164348224,com.android.settings/.SubSettings,463,463]
01-01 12:09:05.965783   915   965 I am_destroy_activity: [0,167120172,8,com.google.android.apps.photos/.daydream.DreamSettingsActivity,finish-imm]
01-01 12:09:06.007557   915   965 I am_kill : [0,4680,com.asus.easylauncher,15,empty #17]
01-01 12:09:06.100261   915   965 I am_kill : [0,4719,com.asus.contacts.simcontacts,15,empty #18]
