01-01 12:09:06.156727   915   967 I dvm_lock_sample: [system_server,1,android.ui,189,ActivityManagerService.java,4032,ActivityStackSupervisor.java,4551,37]
01-01 12:09:06.157293   915  1489 I am_proc_died: [0,4680,com.asus.easylauncher]
01-01 12:09:06.167528   915  1137 I am_proc_died: [0,4719,com.asus.contacts.simcontacts]
01-01 12:09:06.330000  2210  2210 I auditd  : type=1400 audit(0.0:296): avc: denied { search } for comm="GpuAppSpectator" name="3766" dev="proc" ino=24800 scontext=u:r:gas_srv:s0 tcontext=u:r:system_app:s0 tclass=dir permissive=0
01-01 12:09:07.069925   915   940 I am_proc_died: [0,4771,com.google.android.apps.photos]
01-01 12:09:07.134937   915   991 I dvm_lock_sample: [system_server,1,android.display,94,ActivityRecord.java,377,ActivityManagerService.java,1390,18]
01-01 12:09:07.175363   246   246 I sf_frame_dur: [Application Error: com.google.android.apps.photos,15,2,1,0,0,1,0]
01-01 12:09:07.340000  2210  2210 I auditd  : type=1400 audit(0.0:297): avc: denied { search } for comm="GpuAppSpectator" name="3766" dev="proc" ino=24800 scontext=u:r:gas_srv:s0 tcontext=u:r:system_app:s0 tclass=dir permissive=0
01-01 12:09:08.340000  2210  2210 I auditd  : type=1400 audit(0.0:298): avc: denied { search } for comm="GpuAppSpectator" name="3766" dev="proc" ino=24800 scontext=u:r:gas_srv:s0 tcontext=u:r:system_app:s0 tclass=dir permissive=0
01-01 12:09:09.340000  2210  2210 I auditd  : type=1400 audit(0.0:299): avc: denied { search } for comm="GpuAppSpectator" name="3766" dev="proc" ino=24800 scontext=u:r:gas_srv:s0 tcontext=u:r:system_app:s0 tclass=dir permissive=0
01-01 12:09:09.542179   915   963 I am_pss  : [3832,10025,android.process.media,15672320,13266944]
01-01 12:09:09.572346   915   963 I am_pss  : [5583,10048,com.asus.appmanager,7334912,5292032]
01-01 12:09:09.608618   915   963 I am_pss  : [5440,10003,com.asus.appinstallationservice,8169472,6135808]
01-01 12:09:10.340000  2210  2210 I auditd  : type=1400 audit(0.0:300): avc: denied { search } for comm="GpuAppSpectator" name="3766" dev="proc" ino=24800 scontext=u:r:gas_srv:s0 tcontext=u:r:system_app:s0 tclass=dir permissive=0
01-01 12:09:11.350000  2210  2210 I auditd  : type=1400 audit(0.0:301): avc: denied { search } for comm="GpuAppSpectator" name="3766" dev="proc" ino=24800 scontext=u:r:gas_srv:s0 tcontext=u:r:system_app:s0 tclass=dir permissive=0
01-01 12:09:12.350000  2210  2210 I auditd  : type=1400 audit(0.0:302): avc: denied { search } for comm="GpuAppSpectator" name="3766" dev="proc" ino=24800 scontext=u:r:gas_srv:s0 tcontext=u:r:system_app:s0 tclass=dir permissive=0
01-01 12:09:12.615500   915   915 I notification_cancel: [10016,1176,com.android.systemui,2131361826,low_battery,-1,0,64,8,NULL]
01-01 12:09:12.616026   915   915 I notification_cancel: [10016,1176,com.android.systemui,20150528,low_battery,0,0,64,8,NULL]
01-01 12:09:12.625012   915   915 I notification_cancel: [1000,2014,com.asus.hardwarestub,2130837527,NULL,-1,0,0,8,NULL]
01-01 12:09:13.350000  2210  2210 I auditd  : type=1400 audit(0.0:303): avc: denied { search } for comm="GpuAppSpectator" name="3766" dev="proc" ino=24800 scontext=u:r:gas_srv:s0 tcontext=u:r:system_app:s0 tclass=dir permissive=0
01-01 12:09:14.350000  2210  2210 I auditd  : type=1400 audit(0.0:304): avc: denied { search } for comm="GpuAppSpectator" name="3766" dev="proc" ino=24800 scontext=u:r:gas_srv:s0 tcontext=u:r:system_app:s0 tclass=dir permissive=0
01-01 12:09:15.350000  2210  2210 I auditd  : type=1400 audit(0.0:305): avc: denied { search } for comm="GpuAppSpectator" name="3766" dev="proc" ino=24800 scontext=u:r:gas_srv:s0 tcontext=u:r:system_app:s0 tclass=dir permissive=0
01-01 12:09:15.791740   915   963 I am_pss  : [3766,1000,com.android.settings,57383936,52494336]
01-01 12:09:15.834736   915   963 I am_pss  : [2178,10029,com.google.android.gms.persistent,42849280,35418112]
01-01 12:09:16.360000  2210  2210 I auditd  : type=1400 audit(0.0:306): avc: denied { search } for comm="GpuAppSpectator" name="3766" dev="proc" ino=24800 scontext=u:r:gas_srv:s0 tcontext=u:r:system_app:s0 tclass=dir permissive=0
01-01 12:09:17.360000  2210  2210 I auditd  : type=1400 audit(0.0:307): avc: denied { search } for comm="GpuAppSpectator" name="3766" dev="proc" ino=24800 scontext=u:r:gas_srv:s0 tcontext=u:r:system_app:s0 tclass=dir permissive=0
01-01 12:09:18.360000  2210  2210 I auditd  : type=1400 audit(0.0:308): avc: denied { search } for comm="GpuAppSpectator" name="3766" dev="proc" ino=24800 scontext=u:r:gas_srv:s0 tcontext=u:r:system_app:s0 tclass=dir permissive=0
01-01 12:09:19.360000  2210  2210 I auditd  : type=1400 audit(0.0:309): avc: denied { search } for comm="GpuAppSpectator" name="3766" dev="proc" ino=24800 scontext=u:r:gas_srv:s0 tcontext=u:r:system_app:s0 tclass=dir permissive=0
01-01 12:09:19.813924   915   915 I free_storage_changed: 9861525504
01-01 12:09:20.370000  2210  2210 I auditd  : type=1400 audit(0.0:310): avc: denied { search } for comm="GpuAppSpectator" name="3766" dev="proc" ino=24800 scontext=u:r:gas_srv:s0 tcontext=u:r:system_app:s0 tclass=dir permissive=0
01-01 12:09:21.370000  2210  2210 I auditd  : type=1400 audit(0.0:311): avc: denied { search } for comm="GpuAppSpectator" name="3766" dev="proc" ino=24800 scontext=u:r:gas_srv:s0 tcontext=u:r:system_app:s0 tclass=dir permissive=0
01-01 12:09:22.370000  2210  2210 I auditd  : type=1400 audit(0.0:312): avc: denied { search } for comm="GpuAppSpectator" name="3766" dev="proc" ino=24800 scontext=u:r:gas_srv:s0 tcontext=u:r:system_app:s0 tclass=dir permissive=0
01-01 12:09:22.573303   915  1773 I am_meminfo: [501645312,64135168,4096,272785408,197360640]
01-01 12:09:22.700723   915   915 I notification_cancel: [10016,1176,com.android.systemui,2131361826,low_battery,-1,0,64,8,NULL]
01-01 12:09:22.701232   915   915 I notification_cancel: [10016,1176,com.android.systemui,20150528,low_battery,0,0,64,8,NULL]
01-01 12:09:22.709497   915   915 I notification_cancel: [1000,2014,com.asus.hardwarestub,2130837527,NULL,-1,0,0,8,NULL]
01-01 12:09:23.370000  2210  2210 I auditd  : type=1400 audit(0.0:313): avc: denied { search } for comm="GpuAppSpectator" name="3766" dev="proc" ino=24800 scontext=u:r:gas_srv:s0 tcontext=u:r:system_app:s0 tclass=dir permissive=0
01-01 12:09:24.370000  2210  2210 I auditd  : type=1400 audit(0.0:314): avc: denied { search } for comm="GpuAppSpectator" name="3766" dev="proc" ino=24800 scontext=u:r:gas_srv:s0 tcontext=u:r:system_app:s0 tclass=dir permissive=0
01-01 12:09:25.000000  5788  5788 I auditd  : type=1400 audit(0.0:315): avc: denied { write } for comm="dumpsys" path="/data/dumpsys/DUMPSYS_GUIEXTSERVICE_db.ENV0Zq" dev="dm-0" ino=90114 scontext=u:r:guiext-server:s0 tcontext=u:object_r:aee_dumpsys_data_file:s0 tclass=file permissive=0
01-01 12:09:25.054157   245   245 I auditd  : avc:  denied  { find } for service=display scontext=u:r:debuggerd:s0 tcontext=u:object_r:display_service:s0 tclass=service_manager
01-01 12:09:25.380000  2210  2210 I auditd  : type=1400 audit(0.0:316): avc: denied { search } for comm="GpuAppSpectator" name="3766" dev="proc" ino=24800 scontext=u:r:gas_srv:s0 tcontext=u:r:system_app:s0 tclass=dir permissive=0
01-01 12:09:26.380000  2210  2210 I auditd  : type=1400 audit(0.0:317): avc: denied { search } for comm="GpuAppSpectator" name="3766" dev="proc" ino=24800 scontext=u:r:gas_srv:s0 tcontext=u:r:system_app:s0 tclass=dir permissive=0
01-01 12:09:27.380000  2210  2210 I auditd  : type=1400 audit(0.0:318): avc: denied { search } for comm="GpuAppSpectator" name="3766" dev="proc" ino=24800 scontext=u:r:gas_srv:s0 tcontext=u:r:system_app:s0 tclass=dir permissive=0
01-01 12:09:27.431364   915   915 I notification_cancel: [1000,915,com.mediatek.mtklogger,2130837539,NULL,0,0,0,8,NULL]
01-01 12:09:27.433000   915   915 I notification_canceled: [0|com.mediatek.mtklogger|2130837539|null|10092,8,52958,52958,0]
01-01 12:09:27.434732   915   967 I dvm_lock_sample: [system_server,1,android.ui,7,ActivityManagerService.java,4032,-,17157,1]
01-01 12:09:27.449016   915  1815 I notification_expansion: [0|android|17303337|null|1000,0,1,227406,227406,206619]
01-01 12:09:27.467027   915   915 I notification_enqueue: [10092,3091,com.mediatek.mtklogger,2130837539,NULL,0,Notification(pri=0 contentView=com.mediatek.mtklogger/0x10900a2 vibrate=null sound=null tick defaults=0x0 flags=0x60 color=0x00000000 vis=PRIVATE),0]
01-01 12:09:27.601249   915  1137 I notification_expansion: [0|com.mediatek.mtklogger|2130837539|null|10092,0,1,135,135,0]
01-01 12:09:27.602547   915  1138 I notification_expansion: [0|android|17303337|null|1000,0,0,227560,227560,206773]
01-01 12:09:28.390000  2210  2210 I auditd  : type=1400 audit(0.0:319): avc: denied { search } for comm="GpuAppSpectator" name="3766" dev="proc" ino=24800 scontext=u:r:gas_srv:s0 tcontext=u:r:system_app:s0 tclass=dir permissive=0
01-01 12:09:29.390000  2210  2210 I auditd  : type=1400 audit(0.0:320): avc: denied { search } for comm="GpuAppSpectator" name="3766" dev="proc" ino=24800 scontext=u:r:gas_srv:s0 tcontext=u:r:system_app:s0 tclass=dir permissive=0
01-01 12:09:30.390000  2210  2210 I auditd  : type=1400 audit(0.0:321): avc: denied { search } for comm="GpuAppSpectator" name="3766" dev="proc" ino=24800 scontext=u:r:gas_srv:s0 tcontext=u:r:system_app:s0 tclass=dir permissive=0
01-01 12:09:31.400000  2210  2210 I auditd  : type=1400 audit(0.0:322): avc: denied { search } for comm="GpuAppSpectator" name="3766" dev="proc" ino=24800 scontext=u:r:gas_srv:s0 tcontext=u:r:system_app:s0 tclass=dir permissive=0
01-01 12:09:32.007331   915   915 I notification_cancel: [10092,3091,com.mediatek.mtklogger,2130837521,NULL,0,0,64,8,NULL]
01-01 12:09:32.142485   915   963 I am_pss  : [2603,10007,com.asus.contacts,13192192,10747904]
01-01 12:09:32.400000  2210  2210 I auditd  : type=1400 audit(0.0:323): avc: denied { search } for comm="GpuAppSpectator" name="3766" dev="proc" ino=24800 scontext=u:r:gas_srv:s0 tcontext=u:r:system_app:s0 tclass=dir permissive=0
01-01 12:09:32.643834   915   915 I notification_cancel: [10016,1176,com.android.systemui,2131361826,low_battery,-1,0,64,8,NULL]
01-01 12:09:32.644740   915   915 I notification_cancel: [10016,1176,com.android.systemui,20150528,low_battery,0,0,64,8,NULL]
01-01 12:09:32.645961   915   915 I notification_cancel: [1000,2014,com.asus.hardwarestub,2130837527,NULL,-1,0,0,8,NULL]
01-01 12:09:32.979136   915   915 I notification_cancel: [1000,915,com.mediatek.mtklogger,2130837539,NULL,0,0,0,8,NULL]
01-01 12:09:32.980442   915   915 I notification_canceled: [0|com.mediatek.mtklogger|2130837539|null|10092,8,5514,5514,0]
01-01 12:09:32.997462   915  1992 I notification_expansion: [0|android|17303337|null|1000,0,1,232955,232955,212168]
01-01 12:09:33.400000  2210  2210 I auditd  : type=1400 audit(0.0:324): avc: denied { search } for comm="GpuAppSpectator" name="3766" dev="proc" ino=24800 scontext=u:r:gas_srv:s0 tcontext=u:r:system_app:s0 tclass=dir permissive=0
01-01 12:09:34.136814   915   915 I notification_enqueue: [10092,3091,com.mediatek.mtklogger,2130837525,NULL,0,Notification(pri=0 contentView=null vibrate=null sound=null tick defaults=0x0 flags=0x0 color=0x00000000 vis=PRIVATE),0]
01-01 12:09:34.259786   915   915 I notification_enqueue: [10092,3091,com.mediatek.mtklogger,2130837525,NULL,0,Notification(pri=0 contentView=null vibrate=null sound=null tick defaults=0x0 flags=0x0 color=0x00000000 vis=PRIVATE),1]
01-01 12:09:34.288632   915  1994 I notification_expansion: [0|com.mediatek.mtklogger|2130837525|null|10092,0,1,152,29,0]
01-01 12:09:34.290042   915  1137 I notification_expansion: [0|android|17303337|null|1000,0,0,234247,234247,213460]
01-01 12:09:34.400000  2210  2210 I auditd  : type=1400 audit(0.0:325): avc: denied { search } for comm="GpuAppSpectator" name="3766" dev="proc" ino=24800 scontext=u:r:gas_srv:s0 tcontext=u:r:system_app:s0 tclass=dir permissive=0
01-01 12:09:34.440243   915   915 I notification_enqueue: [10092,3091,com.mediatek.mtklogger,2130837525,NULL,0,Notification(pri=0 contentView=null vibrate=null sound=null tick defaults=0x0 flags=0x0 color=0x00000000 vis=PRIVATE),1]
01-01 12:09:34.639568   915   915 I notification_enqueue: [10092,3091,com.mediatek.mtklogger,2130837525,NULL,0,Notification(pri=0 contentView=null vibrate=null sound=null tick defaults=0x0 flags=0x0 color=0x00000000 vis=PRIVATE),1]
01-01 12:09:35.410000  2210  2210 I auditd  : type=1400 audit(0.0:326): avc: denied { search } for comm="GpuAppSpectator" name="3766" dev="proc" ino=24800 scontext=u:r:gas_srv:s0 tcontext=u:r:system_app:s0 tclass=dir permissive=0
01-01 12:09:35.446624   915   915 I notification_enqueue: [10092,3091,com.mediatek.mtklogger,2130837525,NULL,0,Notification(pri=0 contentView=null vibrate=null sound=null tick defaults=0x0 flags=0x0 color=0x00000000 vis=PRIVATE),1]
01-01 12:09:36.047359   915   915 I notification_enqueue: [10092,3091,com.mediatek.mtklogger,2130837525,NULL,0,Notification(pri=0 contentView=null vibrate=null sound=null tick defaults=0x0 flags=0x0 color=0x00000000 vis=PRIVATE),1]
01-01 12:09:36.244832   915   915 I notification_enqueue: [10092,3091,com.mediatek.mtklogger,2130837525,NULL,0,Notification(pri=0 contentView=null vibrate=null sound=null tick defaults=0x0 flags=0x0 color=0x00000000 vis=PRIVATE),1]
01-01 12:09:36.410000  2210  2210 I auditd  : type=1400 audit(0.0:327): avc: denied { search } for comm="GpuAppSpectator" name="3766" dev="proc" ino=24800 scontext=u:r:gas_srv:s0 tcontext=u:r:system_app:s0 tclass=dir permissive=0
01-01 12:09:36.442967   915   915 I notification_enqueue: [10092,3091,com.mediatek.mtklogger,2130837525,NULL,0,Notification(pri=0 contentView=null vibrate=null sound=null tick defaults=0x0 flags=0x0 color=0x00000000 vis=PRIVATE),1]
01-01 12:09:36.462015   915   915 I notification_enqueue: [10092,3091,com.mediatek.mtklogger,2130837539,NULL,0,Notification(pri=0 contentView=com.mediatek.mtklogger/0x10900a2 vibrate=null sound=null tick defaults=0x0 flags=0x60 color=0x00000000 vis=PRIVATE),0]
01-01 12:09:36.523323   915   963 I am_pss  : [3314,10029,com.google.process.gapps,10569728,8478720]
01-01 12:09:36.558949   915  1773 I notification_expansion: [0|com.mediatek.mtklogger|2130837539|null|10092,0,1,97,97,0]
01-01 12:09:36.559172   915   963 I am_pss  : [4743,10021,android.process.acore,16055296,13824000]
01-01 12:09:36.560498   915  1994 I notification_expansion: [0|com.mediatek.mtklogger|2130837525|null|10092,0,0,2424,118,0]
01-01 12:09:36.863846   915   915 I notification_enqueue: [10092,3091,com.mediatek.mtklogger,2130837525,NULL,0,Notification(pri=0 contentView=null vibrate=null sound=null tick defaults=0x0 flags=0x10 color=0x00000000 vis=PRIVATE),1]
01-01 12:09:37.410000  2210  2210 I auditd  : type=1400 audit(0.0:328): avc: denied { search } for comm="GpuAppSpectator" name="3766" dev="proc" ino=24800 scontext=u:r:gas_srv:s0 tcontext=u:r:system_app:s0 tclass=dir permissive=0
01-01 12:09:38.420000  2210  2210 I auditd  : type=1400 audit(0.0:329): avc: denied { search } for comm="GpuAppSpectator" name="3766" dev="proc" ino=24800 scontext=u:r:gas_srv:s0 tcontext=u:r:system_app:s0 tclass=dir permissive=0
01-01 12:09:38.912865   915   963 I am_pss  : [3269,10029,com.google.android.gms,36761600,29265920]
01-01 12:09:39.420000  2210  2210 I auditd  : type=1400 audit(0.0:330): avc: denied { search } for comm="GpuAppSpectator" name="3766" dev="proc" ino=24800 scontext=u:r:gas_srv:s0 tcontext=u:r:system_app:s0 tclass=dir permissive=0
01-01 12:09:39.868754   915   915 I notification_cancel: [10092,3091,com.mediatek.mtklogger,2130837525,NULL,0,0,64,8,NULL]
01-01 12:09:39.870088   915   915 I notification_canceled: [0|com.mediatek.mtklogger|2130837525|null|10092,8,5734,3007,0]
01-01 12:09:40.420000  2210  2210 I auditd  : type=1400 audit(0.0:331): avc: denied { search } for comm="GpuAppSpectator" name="3766" dev="proc" ino=24800 scontext=u:r:gas_srv:s0 tcontext=u:r:system_app:s0 tclass=dir permissive=0
01-01 12:09:41.430000  2210  2210 I auditd  : type=1400 audit(0.0:332): avc: denied { search } for comm="GpuAppSpectator" name="3766" dev="proc" ino=24800 scontext=u:r:gas_srv:s0 tcontext=u:r:system_app:s0 tclass=dir permissive=0
01-01 12:09:42.430000  2210  2210 I auditd  : type=1400 audit(0.0:333): avc: denied { search } for comm="GpuAppSpectator" name="3766" dev="proc" ino=24800 scontext=u:r:gas_srv:s0 tcontext=u:r:system_app:s0 tclass=dir permissive=0
01-01 12:09:43.430000  2210  2210 I auditd  : type=1400 audit(0.0:334): avc: denied { search } for comm="GpuAppSpectator" name="3766" dev="proc" ino=24800 scontext=u:r:gas_srv:s0 tcontext=u:r:system_app:s0 tclass=dir permissive=0
01-01 12:09:44.440000  2210  2210 I auditd  : type=1400 audit(0.0:335): avc: denied { search } for comm="GpuAppSpectator" name="3766" dev="proc" ino=24800 scontext=u:r:gas_srv:s0 tcontext=u:r:system_app:s0 tclass=dir permissive=0
01-01 12:09:45.440000  2210  2210 I auditd  : type=1400 audit(0.0:336): avc: denied { search } for comm="GpuAppSpectator" name="3766" dev="proc" ino=24800 scontext=u:r:gas_srv:s0 tcontext=u:r:system_app:s0 tclass=dir permissive=0
01-01 12:09:46.440000  2210  2210 I auditd  : type=1400 audit(0.0:337): avc: denied { search } for comm="GpuAppSpectator" name="3766" dev="proc" ino=24800 scontext=u:r:gas_srv:s0 tcontext=u:r:system_app:s0 tclass=dir permissive=0
01-01 12:09:47.450000  2210  2210 I auditd  : type=1400 audit(0.0:338): avc: denied { search } for comm="GpuAppSpectator" name="3766" dev="proc" ino=24800 scontext=u:r:gas_srv:s0 tcontext=u:r:system_app:s0 tclass=dir permissive=0
01-01 12:09:48.450000  2210  2210 I auditd  : type=1400 audit(0.0:339): avc: denied { search } for comm="GpuAppSpectator" name="3766" dev="proc" ino=24800 scontext=u:r:gas_srv:s0 tcontext=u:r:system_app:s0 tclass=dir permissive=0
01-01 12:09:49.460000  2210  2210 I auditd  : type=1400 audit(0.0:340): avc: denied { search } for comm="GpuAppSpectator" name="3766" dev="proc" ino=24800 scontext=u:r:gas_srv:s0 tcontext=u:r:system_app:s0 tclass=dir permissive=0
01-01 12:09:49.828938   915   915 I free_storage_changed: 9857282048
01-01 12:09:50.470000  2210  2210 I auditd  : type=1400 audit(0.0:341): avc: denied { search } for comm="GpuAppSpectator" name="3766" dev="proc" ino=24800 scontext=u:r:gas_srv:s0 tcontext=u:r:system_app:s0 tclass=dir permissive=0
01-01 12:09:51.470000  2210  2210 I auditd  : type=1400 audit(0.0:342): avc: denied { search } for comm="GpuAppSpectator" name="3766" dev="proc" ino=24800 scontext=u:r:gas_srv:s0 tcontext=u:r:system_app:s0 tclass=dir permissive=0
01-01 12:09:52.480000  2210  2210 I auditd  : type=1400 audit(0.0:343): avc: denied { search } for comm="GpuAppSpectator" name="3766" dev="proc" ino=24800 scontext=u:r:gas_srv:s0 tcontext=u:r:system_app:s0 tclass=dir permissive=0
01-01 12:09:52.774901   915   915 I notification_cancel: [10016,1176,com.android.systemui,2131361826,low_battery,-1,0,64,8,NULL]
01-01 12:09:52.775984   915   915 I notification_cancel: [10016,1176,com.android.systemui,20150528,low_battery,0,0,64,8,NULL]
01-01 12:09:52.780786   915   915 I notification_cancel: [1000,2014,com.asus.hardwarestub,2130837527,NULL,-1,0,0,8,NULL]
01-01 12:09:53.490000  2210  2210 I auditd  : type=1400 audit(0.0:344): avc: denied { search } for comm="GpuAppSpectator" name="3766" dev="proc" ino=24800 scontext=u:r:gas_srv:s0 tcontext=u:r:system_app:s0 tclass=dir permissive=0
01-01 12:09:54.500000  2210  2210 I auditd  : type=1400 audit(0.0:345): avc: denied { search } for comm="GpuAppSpectator" name="3766" dev="proc" ino=24800 scontext=u:r:gas_srv:s0 tcontext=u:r:system_app:s0 tclass=dir permissive=0
01-01 12:09:55.520000  2210  2210 I auditd  : type=1400 audit(0.0:346): avc: denied { search } for comm="GpuAppSpectator" name="3766" dev="proc" ino=24800 scontext=u:r:gas_srv:s0 tcontext=u:r:system_app:s0 tclass=dir permissive=0
01-01 12:09:56.540000  2210  2210 I auditd  : type=1400 audit(0.0:347): avc: denied { search } for comm="GpuAppSpectator" name="3766" dev="proc" ino=24800 scontext=u:r:gas_srv:s0 tcontext=u:r:system_app:s0 tclass=dir permissive=0
01-01 12:09:57.550000  2210  2210 I auditd  : type=1400 audit(0.0:348): avc: denied { search } for comm="GpuAppSpectator" name="3766" dev="proc" ino=24800 scontext=u:r:gas_srv:s0 tcontext=u:r:system_app:s0 tclass=dir permissive=0
01-01 12:09:58.560000  2210  2210 I auditd  : type=1400 audit(0.0:349): avc: denied { search } for comm="GpuAppSpectator" name="3766" dev="proc" ino=24800 scontext=u:r:gas_srv:s0 tcontext=u:r:system_app:s0 tclass=dir permissive=0
01-01 12:09:59.570000  2210  2210 I auditd  : type=1400 audit(0.0:350): avc: denied { search } for comm="GpuAppSpectator" name="3766" dev="proc" ino=24800 scontext=u:r:gas_srv:s0 tcontext=u:r:system_app:s0 tclass=dir permissive=0
01-01 12:10:00.079107   915   915 I dvm_lock_sample: [system_server,1,main,47,AlarmManagerService.java,1194,-,2776,9]
01-01 12:10:00.226385   915   963 I am_pss  : [3091,10092,com.mediatek.mtklogger,22033408,18825216]
01-01 12:10:00.580000  2210  2210 I auditd  : type=1400 audit(0.0:351): avc: denied { search } for comm="GpuAppSpectator" name="3766" dev="proc" ino=24800 scontext=u:r:gas_srv:s0 tcontext=u:r:system_app:s0 tclass=dir permissive=0
01-01 12:10:01.580000  2210  2210 I auditd  : type=1400 audit(0.0:352): avc: denied { search } for comm="GpuAppSpectator" name="3766" dev="proc" ino=24800 scontext=u:r:gas_srv:s0 tcontext=u:r:system_app:s0 tclass=dir permissive=0
01-01 12:10:02.590000  2210  2210 I auditd  : type=1400 audit(0.0:353): avc: denied { search } for comm="GpuAppSpectator" name="3766" dev="proc" ino=24800 scontext=u:r:gas_srv:s0 tcontext=u:r:system_app:s0 tclass=dir permissive=0
01-01 12:10:02.787641   915   915 I notification_cancel: [10016,1176,com.android.systemui,2131361826,low_battery,-1,0,64,8,NULL]
01-01 12:10:02.788169   915   915 I notification_cancel: [10016,1176,com.android.systemui,20150528,low_battery,0,0,64,8,NULL]
01-01 12:10:02.788659   915   915 I notification_cancel: [1000,2014,com.asus.hardwarestub,2130837527,NULL,-1,0,0,8,NULL]
01-01 12:10:03.600000  2210  2210 I auditd  : type=1400 audit(0.0:354): avc: denied { search } for comm="GpuAppSpectator" name="3766" dev="proc" ino=24800 scontext=u:r:gas_srv:s0 tcontext=u:r:system_app:s0 tclass=dir permissive=0
01-01 12:10:04.600000  2210  2210 I auditd  : type=1400 audit(0.0:355): avc: denied { search } for comm="GpuAppSpectator" name="3766" dev="proc" ino=24800 scontext=u:r:gas_srv:s0 tcontext=u:r:system_app:s0 tclass=dir permissive=0
01-01 12:10:05.610000  2210  2210 I auditd  : type=1400 audit(0.0:356): avc: denied { search } for comm="GpuAppSpectator" name="3766" dev="proc" ino=24800 scontext=u:r:gas_srv:s0 tcontext=u:r:system_app:s0 tclass=dir permissive=0
01-01 12:10:06.630000  2210  2210 I auditd  : type=1400 audit(0.0:357): avc: denied { search } for comm="GpuAppSpectator" name="3766" dev="proc" ino=24800 scontext=u:r:gas_srv:s0 tcontext=u:r:system_app:s0 tclass=dir permissive=0
01-01 12:10:07.640000  2210  2210 I auditd  : type=1400 audit(0.0:358): avc: denied { search } for comm="GpuAppSpectator" name="3766" dev="proc" ino=24800 scontext=u:r:gas_srv:s0 tcontext=u:r:system_app:s0 tclass=dir permissive=0
01-01 12:10:08.660000  2210  2210 I auditd  : type=1400 audit(0.0:359): avc: denied { search } for comm="GpuAppSpectator" name="3766" dev="proc" ino=24800 scontext=u:r:gas_srv:s0 tcontext=u:r:system_app:s0 tclass=dir permissive=0
01-01 12:10:09.578855   915   963 I am_pss  : [3832,10025,android.process.media,15974400,13578240]
01-01 12:10:09.660000  2210  2210 I auditd  : type=1400 audit(0.0:360): avc: denied { search } for comm="GpuAppSpectator" name="3766" dev="proc" ino=24800 scontext=u:r:gas_srv:s0 tcontext=u:r:system_app:s0 tclass=dir permissive=0
01-01 12:10:10.660000  2210  2210 I auditd  : type=1400 audit(0.0:361): avc: denied { search } for comm="GpuAppSpectator" name="3766" dev="proc" ino=24800 scontext=u:r:gas_srv:s0 tcontext=u:r:system_app:s0 tclass=dir permissive=0
01-01 12:10:11.670000  2210  2210 I auditd  : type=1400 audit(0.0:362): avc: denied { search } for comm="GpuAppSpectator" name="3766" dev="proc" ino=24800 scontext=u:r:gas_srv:s0 tcontext=u:r:system_app:s0 tclass=dir permissive=0
01-01 12:10:12.680000  2210  2210 I auditd  : type=1400 audit(0.0:363): avc: denied { search } for comm="GpuAppSpectator" name="3766" dev="proc" ino=24800 scontext=u:r:gas_srv:s0 tcontext=u:r:system_app:s0 tclass=dir permissive=0
01-01 12:10:12.806607   915   915 I notification_cancel: [10016,1176,com.android.systemui,2131361826,low_battery,-1,0,64,8,NULL]
01-01 12:10:12.811066   915   915 I notification_cancel: [10016,1176,com.android.systemui,20150528,low_battery,0,0,64,8,NULL]
01-01 12:10:12.811637   915   915 I notification_cancel: [1000,2014,com.asus.hardwarestub,2130837527,NULL,-1,0,0,8,NULL]
01-01 12:10:12.819124   915  1992 I dvm_lock_sample: [system_server,1,Binder_D,72,ActivityManagerService.java,22208,BroadcastQueue.java,738,14]
01-01 12:10:13.690000  2210  2210 I auditd  : type=1400 audit(0.0:364): avc: denied { search } for comm="GpuAppSpectator" name="3766" dev="proc" ino=24800 scontext=u:r:gas_srv:s0 tcontext=u:r:system_app:s0 tclass=dir permissive=0
01-01 12:10:14.710000  2210  2210 I auditd  : type=1400 audit(0.0:365): avc: denied { search } for comm="GpuAppSpectator" name="3766" dev="proc" ino=24800 scontext=u:r:gas_srv:s0 tcontext=u:r:system_app:s0 tclass=dir permissive=0
01-01 12:10:15.710000  2210  2210 I auditd  : type=1400 audit(0.0:366): avc: denied { search } for comm="GpuAppSpectator" name="3766" dev="proc" ino=24800 scontext=u:r:gas_srv:s0 tcontext=u:r:system_app:s0 tclass=dir permissive=0
01-01 12:10:16.720000  2210  2210 I auditd  : type=1400 audit(0.0:367): avc: denied { search } for comm="GpuAppSpectator" name="3766" dev="proc" ino=24800 scontext=u:r:gas_srv:s0 tcontext=u:r:system_app:s0 tclass=dir permissive=0
01-01 12:10:17.730000  2210  2210 I auditd  : type=1400 audit(0.0:368): avc: denied { search } for comm="GpuAppSpectator" name="3766" dev="proc" ino=24800 scontext=u:r:gas_srv:s0 tcontext=u:r:system_app:s0 tclass=dir permissive=0
01-01 12:10:18.740000  2210  2210 I auditd  : type=1400 audit(0.0:369): avc: denied { search } for comm="GpuAppSpectator" name="3766" dev="proc" ino=24800 scontext=u:r:gas_srv:s0 tcontext=u:r:system_app:s0 tclass=dir permissive=0
01-01 12:10:19.750000  2210  2210 I auditd  : type=1400 audit(0.0:370): avc: denied { search } for comm="GpuAppSpectator" name="3766" dev="proc" ino=24800 scontext=u:r:gas_srv:s0 tcontext=u:r:system_app:s0 tclass=dir permissive=0
01-01 12:10:20.760000  2210  2210 I auditd  : type=1400 audit(0.0:371): avc: denied { search } for comm="GpuAppSpectator" name="3766" dev="proc" ino=24800 scontext=u:r:gas_srv:s0 tcontext=u:r:system_app:s0 tclass=dir permissive=0
01-01 12:10:21.760000  2210  2210 I auditd  : type=1400 audit(0.0:372): avc: denied { search } for comm="GpuAppSpectator" name="3766" dev="proc" ino=24800 scontext=u:r:gas_srv:s0 tcontext=u:r:system_app:s0 tclass=dir permissive=0
01-01 12:10:22.760000  2210  2210 I auditd  : type=1400 audit(0.0:373): avc: denied { search } for comm="GpuAppSpectator" name="3766" dev="proc" ino=24800 scontext=u:r:gas_srv:s0 tcontext=u:r:system_app:s0 tclass=dir permissive=0
01-01 12:10:23.770000  2210  2210 I auditd  : type=1400 audit(0.0:374): avc: denied { search } for comm="GpuAppSpectator" name="3766" dev="proc" ino=24800 scontext=u:r:gas_srv:s0 tcontext=u:r:system_app:s0 tclass=dir permissive=0
01-01 12:10:24.780000  2210  2210 I auditd  : type=1400 audit(0.0:375): avc: denied { search } for comm="GpuAppSpectator" name="3766" dev="proc" ino=24800 scontext=u:r:gas_srv:s0 tcontext=u:r:system_app:s0 tclass=dir permissive=0
01-01 12:10:25.790000  2210  2210 I auditd  : type=1400 audit(0.0:376): avc: denied { search } for comm="GpuAppSpectator" name="3766" dev="proc" ino=24800 scontext=u:r:gas_srv:s0 tcontext=u:r:system_app:s0 tclass=dir permissive=0
01-01 12:10:26.800000  2210  2210 I auditd  : type=1400 audit(0.0:377): avc: denied { search } for comm="GpuAppSpectator" name="3766" dev="proc" ino=24800 scontext=u:r:gas_srv:s0 tcontext=u:r:system_app:s0 tclass=dir permissive=0
01-01 12:10:27.800000  2210  2210 I auditd  : type=1400 audit(0.0:378): avc: denied { search } for comm="GpuAppSpectator" name="3766" dev="proc" ino=24800 scontext=u:r:gas_srv:s0 tcontext=u:r:system_app:s0 tclass=dir permissive=0
01-01 12:10:28.800000  2210  2210 I auditd  : type=1400 audit(0.0:379): avc: denied { search } for comm="GpuAppSpectator" name="3766" dev="proc" ino=24800 scontext=u:r:gas_srv:s0 tcontext=u:r:system_app:s0 tclass=dir permissive=0
01-01 12:10:29.810000  2210  2210 I auditd  : type=1400 audit(0.0:380): avc: denied { search } for comm="GpuAppSpectator" name="3766" dev="proc" ino=24800 scontext=u:r:gas_srv:s0 tcontext=u:r:system_app:s0 tclass=dir permissive=0
01-01 12:10:30.820000  2210  2210 I auditd  : type=1400 audit(0.0:381): avc: denied { search } for comm="GpuAppSpectator" name="3766" dev="proc" ino=24800 scontext=u:r:gas_srv:s0 tcontext=u:r:system_app:s0 tclass=dir permissive=0
01-01 12:10:31.830000  2210  2210 I auditd  : type=1400 audit(0.0:382): avc: denied { search } for comm="GpuAppSpectator" name="3766" dev="proc" ino=24800 scontext=u:r:gas_srv:s0 tcontext=u:r:system_app:s0 tclass=dir permissive=0
01-01 12:10:32.753980   915   915 I notification_cancel: [10016,1176,com.android.systemui,2131361826,low_battery,-1,0,64,8,NULL]
01-01 12:10:32.754495   915   915 I notification_cancel: [10016,1176,com.android.systemui,20150528,low_battery,0,0,64,8,NULL]
01-01 12:10:32.759294   915   915 I notification_cancel: [1000,2014,com.asus.hardwarestub,2130837527,NULL,-1,0,0,8,NULL]
01-01 12:10:32.840000  2210  2210 I auditd  : type=1400 audit(0.0:383): avc: denied { search } for comm="GpuAppSpectator" name="3766" dev="proc" ino=24800 scontext=u:r:gas_srv:s0 tcontext=u:r:system_app:s0 tclass=dir permissive=0
01-01 12:10:33.850000  2210  2210 I auditd  : type=1400 audit(0.0:384): avc: denied { search } for comm="GpuAppSpectator" name="3766" dev="proc" ino=24800 scontext=u:r:gas_srv:s0 tcontext=u:r:system_app:s0 tclass=dir permissive=0
01-01 12:10:34.850000  2210  2210 I auditd  : type=1400 audit(0.0:385): avc: denied { search } for comm="GpuAppSpectator" name="3766" dev="proc" ino=24800 scontext=u:r:gas_srv:s0 tcontext=u:r:system_app:s0 tclass=dir permissive=0
01-01 12:10:35.850000  2210  2210 I auditd  : type=1400 audit(0.0:386): avc: denied { search } for comm="GpuAppSpectator" name="3766" dev="proc" ino=24800 scontext=u:r:gas_srv:s0 tcontext=u:r:system_app:s0 tclass=dir permissive=0
01-01 12:10:36.860000  2210  2210 I auditd  : type=1400 audit(0.0:387): avc: denied { search } for comm="GpuAppSpectator" name="3766" dev="proc" ino=24800 scontext=u:r:gas_srv:s0 tcontext=u:r:system_app:s0 tclass=dir permissive=0
01-01 12:10:37.870000  2210  2210 I auditd  : type=1400 audit(0.0:388): avc: denied { search } for comm="GpuAppSpectator" name="3766" dev="proc" ino=24800 scontext=u:r:gas_srv:s0 tcontext=u:r:system_app:s0 tclass=dir permissive=0
01-01 12:10:38.880000  2210  2210 I auditd  : type=1400 audit(0.0:389): avc: denied { search } for comm="GpuAppSpectator" name="3766" dev="proc" ino=24800 scontext=u:r:gas_srv:s0 tcontext=u:r:system_app:s0 tclass=dir permissive=0
01-01 12:10:39.440419   915   971 I sysui_view_visibility: [222,100]
01-01 12:10:39.500815   915   971 I am_proc_start: [0,5984,10106,com.google.android.apps.photos,service,com.google.android.apps.photos/.daydream.PhotosDreamService]
01-01 12:10:39.726736   915  1137 I am_proc_bound: [0,5984,com.google.android.apps.photos]
01-01 12:10:39.880000  2210  2210 I auditd  : type=1400 audit(0.0:390): avc: denied { search } for comm="GpuAppSpectator" name="3766" dev="proc" ino=24800 scontext=u:r:gas_srv:s0 tcontext=u:r:system_app:s0 tclass=dir permissive=0
01-01 12:10:40.890000  2210  2210 I auditd  : type=1400 audit(0.0:391): avc: denied { search } for comm="GpuAppSpectator" name="3766" dev="proc" ino=24800 scontext=u:r:gas_srv:s0 tcontext=u:r:system_app:s0 tclass=dir permissive=0
01-01 12:10:41.092265   915   967 I am_pause_activity: [0,164348224,com.android.settings/.SubSettings]
01-01 12:10:41.093843  3766  3766 I sysui_view_visibility: [47,0]
01-01 12:10:41.212575  3766  3766 I am_on_paused_called: [0,com.android.settings.SubSettings]
01-01 12:10:41.272920   915   965 I am_focused_activity: [0,com.android.settings/.SubSettings]
01-01 12:10:41.890000  2210  2210 I auditd  : type=1400 audit(0.0:392): avc: denied { search } for comm="GpuAppSpectator" name="3766" dev="proc" ino=24800 scontext=u:r:gas_srv:s0 tcontext=u:r:system_app:s0 tclass=dir permissive=0
01-01 12:10:42.676738   915   915 I notification_cancel: [10016,1176,com.android.systemui,2131361826,low_battery,-1,0,64,8,NULL]
01-01 12:10:42.677300   915   915 I notification_cancel: [10016,1176,com.android.systemui,20150528,low_battery,0,0,64,8,NULL]
01-01 12:10:42.691922   915   915 I notification_cancel: [1000,2014,com.asus.hardwarestub,2130837527,NULL,-1,0,0,8,NULL]
01-01 12:10:42.890000  2210  2210 I auditd  : type=1400 audit(0.0:393): avc: denied { search } for comm="GpuAppSpectator" name="3766" dev="proc" ino=24800 scontext=u:r:gas_srv:s0 tcontext=u:r:system_app:s0 tclass=dir permissive=0
01-01 12:10:43.900000  2210  2210 I auditd  : type=1400 audit(0.0:394): avc: denied { search } for comm="GpuAppSpectator" name="3766" dev="proc" ino=24800 scontext=u:r:gas_srv:s0 tcontext=u:r:system_app:s0 tclass=dir permissive=0
01-01 12:10:44.900000  2210  2210 I auditd  : type=1400 audit(0.0:395): avc: denied { search } for comm="GpuAppSpectator" name="3766" dev="proc" ino=24800 scontext=u:r:gas_srv:s0 tcontext=u:r:system_app:s0 tclass=dir permissive=0
01-01 12:10:45.910000  2210  2210 I auditd  : type=1400 audit(0.0:396): avc: denied { search } for comm="GpuAppSpectator" name="3766" dev="proc" ino=24800 scontext=u:r:gas_srv:s0 tcontext=u:r:system_app:s0 tclass=dir permissive=0
01-01 12:10:46.910000  2210  2210 I auditd  : type=1400 audit(0.0:397): avc: denied { search } for comm="GpuAppSpectator" name="3766" dev="proc" ino=24800 scontext=u:r:gas_srv:s0 tcontext=u:r:system_app:s0 tclass=dir permissive=0
01-01 12:10:47.930000  2210  2210 I auditd  : type=1400 audit(0.0:398): avc: denied { search } for comm="GpuAppSpectator" name="3766" dev="proc" ino=24800 scontext=u:r:gas_srv:s0 tcontext=u:r:system_app:s0 tclass=dir permissive=0
01-01 12:10:48.940000  2210  2210 I auditd  : type=1400 audit(0.0:399): avc: denied { search } for comm="GpuAppSpectator" name="3766" dev="proc" ino=24800 scontext=u:r:gas_srv:s0 tcontext=u:r:system_app:s0 tclass=dir permissive=0
01-01 12:10:49.950000  2210  2210 I auditd  : type=1400 audit(0.0:400): avc: denied { search } for comm="GpuAppSpectator" name="3766" dev="proc" ino=24800 scontext=u:r:gas_srv:s0 tcontext=u:r:system_app:s0 tclass=dir permissive=0
01-01 12:10:50.960000  2210  2210 I auditd  : type=1400 audit(0.0:401): avc: denied { search } for comm="GpuAppSpectator" name="3766" dev="proc" ino=24800 scontext=u:r:gas_srv:s0 tcontext=u:r:system_app:s0 tclass=dir permissive=0
01-01 12:10:51.980000  2210  2210 I auditd  : type=1400 audit(0.0:402): avc: denied { search } for comm="GpuAppSpectator" name="3766" dev="proc" ino=24800 scontext=u:r:gas_srv:s0 tcontext=u:r:system_app:s0 tclass=dir permissive=0
01-01 12:10:52.640295   915   915 I notification_cancel: [10016,1176,com.android.systemui,2131361826,low_battery,-1,0,64,8,NULL]
01-01 12:10:52.640790   915   915 I notification_cancel: [10016,1176,com.android.systemui,20150528,low_battery,0,0,64,8,NULL]
01-01 12:10:52.657531   915   915 I notification_cancel: [1000,2014,com.asus.hardwarestub,2130837527,NULL,-1,0,0,8,NULL]
01-01 12:10:52.990000  2210  2210 I auditd  : type=1400 audit(0.0:403): avc: denied { search } for comm="GpuAppSpectator" name="3766" dev="proc" ino=24800 scontext=u:r:gas_srv:s0 tcontext=u:r:system_app:s0 tclass=dir permissive=0
01-01 12:10:53.990000  2210  2210 I auditd  : type=1400 audit(0.0:404): avc: denied { search } for comm="GpuAppSpectator" name="3766" dev="proc" ino=24800 scontext=u:r:gas_srv:s0 tcontext=u:r:system_app:s0 tclass=dir permissive=0
01-01 12:10:54.100000  2327  2327 I auditd  : type=1400 audit(0.0:405): avc: denied { read } for comm="LogHelper" name="gpu_memory" dev="debugfs" ino=3153 scontext=u:r:untrusted_app:s0:c512,c768 tcontext=u:object_r:debugfs:s0 tclass=file permissive=0
01-01 12:10:54.100000  2327  2327 I auditd  : type=1400 audit(0.0:406): avc: denied { read } for comm="LogHelper" name="1505-0" dev="debugfs" ino=17552 scontext=u:r:untrusted_app:s0:c512,c768 tcontext=u:object_r:debugfs:s0 tclass=file permissive=0
01-01 12:10:54.758079   915  1030 I am_proc_start: [0,6052,10002,com.ironsource.appcloud.oobe.asus,service,com.ironsource.appcloud.oobe.asus/io.ironbeast.sdk.ReportService]
01-01 12:10:54.983245   915   941 I am_proc_bound: [0,6052,com.ironsource.appcloud.oobe.asus]
01-01 12:10:54.990000  2210  2210 I auditd  : type=1400 audit(0.0:407): avc: denied { search } for comm="GpuAppSpectator" name="3766" dev="proc" ino=24800 scontext=u:r:gas_srv:s0 tcontext=u:r:system_app:s0 tclass=dir permissive=0
01-01 12:10:55.042253   915   963 I am_pss  : [3269,10029,com.google.android.gms,36881408,29437952]
01-01 12:10:55.990000  2210  2210 I auditd  : type=1400 audit(0.0:408): avc: denied { search } for comm="GpuAppSpectator" name="3766" dev="proc" ino=24800 scontext=u:r:gas_srv:s0 tcontext=u:r:system_app:s0 tclass=dir permissive=0
01-01 12:10:57.000000  2210  2210 I auditd  : type=1400 audit(0.0:409): avc: denied { search } for comm="GpuAppSpectator" name="3766" dev="proc" ino=24800 scontext=u:r:gas_srv:s0 tcontext=u:r:system_app:s0 tclass=dir permissive=0
01-01 12:10:58.010000  2210  2210 I auditd  : type=1400 audit(0.0:410): avc: denied { search } for comm="GpuAppSpectator" name="3766" dev="proc" ino=24800 scontext=u:r:gas_srv:s0 tcontext=u:r:system_app:s0 tclass=dir permissive=0
01-01 12:10:59.020000  2210  2210 I auditd  : type=1400 audit(0.0:411): avc: denied { search } for comm="GpuAppSpectator" name="3766" dev="proc" ino=24800 scontext=u:r:gas_srv:s0 tcontext=u:r:system_app:s0 tclass=dir permissive=0
01-01 12:11:00.020000  2210  2210 I auditd  : type=1400 audit(0.0:412): avc: denied { search } for comm="GpuAppSpectator" name="3766" dev="proc" ino=24800 scontext=u:r:gas_srv:s0 tcontext=u:r:system_app:s0 tclass=dir permissive=0
01-01 12:11:00.222874   915   963 I am_pss  : [5984,10106,com.google.android.apps.photos,36332544,27869184]
01-01 12:11:01.030000  2210  2210 I auditd  : type=1400 audit(0.0:413): avc: denied { search } for comm="GpuAppSpectator" name="3766" dev="proc" ino=24800 scontext=u:r:gas_srv:s0 tcontext=u:r:system_app:s0 tclass=dir permissive=0
01-01 12:11:02.040000  2210  2210 I auditd  : type=1400 audit(0.0:414): avc: denied { search } for comm="GpuAppSpectator" name="3766" dev="proc" ino=24800 scontext=u:r:gas_srv:s0 tcontext=u:r:system_app:s0 tclass=dir permissive=0
01-01 12:11:03.050000  2210  2210 I auditd  : type=1400 audit(0.0:415): avc: denied { search } for comm="GpuAppSpectator" name="3766" dev="proc" ino=24800 scontext=u:r:gas_srv:s0 tcontext=u:r:system_app:s0 tclass=dir permissive=0
01-01 12:11:04.060000  2210  2210 I auditd  : type=1400 audit(0.0:416): avc: denied { search } for comm="GpuAppSpectator" name="3766" dev="proc" ino=24800 scontext=u:r:gas_srv:s0 tcontext=u:r:system_app:s0 tclass=dir permissive=0
01-01 12:11:05.070000  2210  2210 I auditd  : type=1400 audit(0.0:417): avc: denied { search } for comm="GpuAppSpectator" name="3766" dev="proc" ino=24800 scontext=u:r:gas_srv:s0 tcontext=u:r:system_app:s0 tclass=dir permissive=0
01-01 12:11:06.070000  2210  2210 I auditd  : type=1400 audit(0.0:418): avc: denied { search } for comm="GpuAppSpectator" name="3766" dev="proc" ino=24800 scontext=u:r:gas_srv:s0 tcontext=u:r:system_app:s0 tclass=dir permissive=0
01-01 12:11:07.080000  2210  2210 I auditd  : type=1400 audit(0.0:419): avc: denied { search } for comm="GpuAppSpectator" name="3766" dev="proc" ino=24800 scontext=u:r:gas_srv:s0 tcontext=u:r:system_app:s0 tclass=dir permissive=0
01-01 12:11:08.080000  2210  2210 I auditd  : type=1400 audit(0.0:420): avc: denied { search } for comm="GpuAppSpectator" name="3766" dev="proc" ino=24800 scontext=u:r:gas_srv:s0 tcontext=u:r:system_app:s0 tclass=dir permissive=0
01-01 12:11:09.090000  2210  2210 I auditd  : type=1400 audit(0.0:421): avc: denied { search } for comm="GpuAppSpectator" name="3766" dev="proc" ino=24800 scontext=u:r:gas_srv:s0 tcontext=u:r:system_app:s0 tclass=dir permissive=0
01-01 12:11:10.090000  2210  2210 I auditd  : type=1400 audit(0.0:422): avc: denied { search } for comm="GpuAppSpectator" name="3766" dev="proc" ino=24800 scontext=u:r:gas_srv:s0 tcontext=u:r:system_app:s0 tclass=dir permissive=0
01-01 12:11:10.958190   915   963 I am_pss  : [2190,1002,com.android.bluetooth,19281920,11767808]
01-01 12:11:10.989766   915   963 I am_pss  : [3314,10029,com.google.process.gapps,9823232,7794688]
01-01 12:11:11.090000  2210  2210 I auditd  : type=1400 audit(0.0:423): avc: denied { search } for comm="GpuAppSpectator" name="3766" dev="proc" ino=24800 scontext=u:r:gas_srv:s0 tcontext=u:r:system_app:s0 tclass=dir permissive=0
01-01 12:11:12.100000  2210  2210 I auditd  : type=1400 audit(0.0:424): avc: denied { search } for comm="GpuAppSpectator" name="3766" dev="proc" ino=24800 scontext=u:r:gas_srv:s0 tcontext=u:r:system_app:s0 tclass=dir permissive=0
01-01 12:11:12.764561   915   915 I notification_cancel: [10016,1176,com.android.systemui,2131361826,low_battery,-1,0,64,8,NULL]
01-01 12:11:12.765472   915   915 I notification_cancel: [10016,1176,com.android.systemui,20150528,low_battery,0,0,64,8,NULL]
01-01 12:11:12.766048   915   915 I notification_cancel: [1000,2014,com.asus.hardwarestub,2130837527,NULL,-1,0,0,8,NULL]
01-01 12:11:13.110000  2210  2210 I auditd  : type=1400 audit(0.0:425): avc: denied { search } for comm="GpuAppSpectator" name="3766" dev="proc" ino=24800 scontext=u:r:gas_srv:s0 tcontext=u:r:system_app:s0 tclass=dir permissive=0
01-01 12:11:14.110000  2210  2210 I auditd  : type=1400 audit(0.0:426): avc: denied { search } for comm="GpuAppSpectator" name="3766" dev="proc" ino=24800 scontext=u:r:gas_srv:s0 tcontext=u:r:system_app:s0 tclass=dir permissive=0
01-01 12:11:15.120000  2210  2210 I auditd  : type=1400 audit(0.0:427): avc: denied { search } for comm="GpuAppSpectator" name="3766" dev="proc" ino=24800 scontext=u:r:gas_srv:s0 tcontext=u:r:system_app:s0 tclass=dir permissive=0
01-01 12:11:16.130000  2210  2210 I auditd  : type=1400 audit(0.0:428): avc: denied { search } for comm="GpuAppSpectator" name="3766" dev="proc" ino=24800 scontext=u:r:gas_srv:s0 tcontext=u:r:system_app:s0 tclass=dir permissive=0
01-01 12:11:17.140000  2210  2210 I auditd  : type=1400 audit(0.0:429): avc: denied { search } for comm="GpuAppSpectator" name="3766" dev="proc" ino=24800 scontext=u:r:gas_srv:s0 tcontext=u:r:system_app:s0 tclass=dir permissive=0
01-01 12:11:18.150000  2210  2210 I auditd  : type=1400 audit(0.0:430): avc: denied { search } for comm="GpuAppSpectator" name="3766" dev="proc" ino=24800 scontext=u:r:gas_srv:s0 tcontext=u:r:system_app:s0 tclass=dir permissive=0
01-01 12:11:19.160000  2210  2210 I auditd  : type=1400 audit(0.0:431): avc: denied { search } for comm="GpuAppSpectator" name="3766" dev="proc" ino=24800 scontext=u:r:gas_srv:s0 tcontext=u:r:system_app:s0 tclass=dir permissive=0
01-01 12:11:19.879711   915   915 I free_storage_changed: 9854464000
01-01 12:11:20.170000  2210  2210 I auditd  : type=1400 audit(0.0:432): avc: denied { search } for comm="GpuAppSpectator" name="3766" dev="proc" ino=24800 scontext=u:r:gas_srv:s0 tcontext=u:r:system_app:s0 tclass=dir permissive=0
01-01 12:11:21.170000  2210  2210 I auditd  : type=1400 audit(0.0:433): avc: denied { search } for comm="GpuAppSpectator" name="3766" dev="proc" ino=24800 scontext=u:r:gas_srv:s0 tcontext=u:r:system_app:s0 tclass=dir permissive=0
01-01 12:11:22.180000  2210  2210 I auditd  : type=1400 audit(0.0:434): avc: denied { search } for comm="GpuAppSpectator" name="3766" dev="proc" ino=24800 scontext=u:r:gas_srv:s0 tcontext=u:r:system_app:s0 tclass=dir permissive=0
01-01 12:11:22.749124   915   915 I notification_cancel: [10016,1176,com.android.systemui,2131361826,low_battery,-1,0,64,8,NULL]
01-01 12:11:22.749664   915   915 I notification_cancel: [10016,1176,com.android.systemui,20150528,low_battery,0,0,64,8,NULL]
01-01 12:11:22.777456   915   915 I notification_cancel: [1000,2014,com.asus.hardwarestub,2130837527,NULL,-1,0,0,8,NULL]
01-01 12:11:23.190000  2210  2210 I auditd  : type=1400 audit(0.0:435): avc: denied { search } for comm="GpuAppSpectator" name="3766" dev="proc" ino=24800 scontext=u:r:gas_srv:s0 tcontext=u:r:system_app:s0 tclass=dir permissive=0
01-01 12:11:24.200000  2210  2210 I auditd  : type=1400 audit(0.0:436): avc: denied { search } for comm="GpuAppSpectator" name="3766" dev="proc" ino=24800 scontext=u:r:gas_srv:s0 tcontext=u:r:system_app:s0 tclass=dir permissive=0
01-01 12:11:25.210000  2210  2210 I auditd  : type=1400 audit(0.0:437): avc: denied { search } for comm="GpuAppSpectator" name="3766" dev="proc" ino=24800 scontext=u:r:gas_srv:s0 tcontext=u:r:system_app:s0 tclass=dir permissive=0
01-01 12:11:26.220000  2210  2210 I auditd  : type=1400 audit(0.0:438): avc: denied { search } for comm="GpuAppSpectator" name="3766" dev="proc" ino=24800 scontext=u:r:gas_srv:s0 tcontext=u:r:system_app:s0 tclass=dir permissive=0
01-01 12:11:27.230000  2210  2210 I auditd  : type=1400 audit(0.0:439): avc: denied { search } for comm="GpuAppSpectator" name="3766" dev="proc" ino=24800 scontext=u:r:gas_srv:s0 tcontext=u:r:system_app:s0 tclass=dir permissive=0
01-01 12:11:28.240000  2210  2210 I auditd  : type=1400 audit(0.0:440): avc: denied { search } for comm="GpuAppSpectator" name="3766" dev="proc" ino=24800 scontext=u:r:gas_srv:s0 tcontext=u:r:system_app:s0 tclass=dir permissive=0
01-01 12:11:29.250000  2210  2210 I auditd  : type=1400 audit(0.0:441): avc: denied { search } for comm="GpuAppSpectator" name="3766" dev="proc" ino=24800 scontext=u:r:gas_srv:s0 tcontext=u:r:system_app:s0 tclass=dir permissive=0
01-01 12:11:30.250000  2210  2210 I auditd  : type=1400 audit(0.0:442): avc: denied { search } for comm="GpuAppSpectator" name="3766" dev="proc" ino=24800 scontext=u:r:gas_srv:s0 tcontext=u:r:system_app:s0 tclass=dir permissive=0
01-01 12:11:31.260000  2210  2210 I auditd  : type=1400 audit(0.0:443): avc: denied { search } for comm="GpuAppSpectator" name="3766" dev="proc" ino=24800 scontext=u:r:gas_srv:s0 tcontext=u:r:system_app:s0 tclass=dir permissive=0
01-01 12:11:31.395624   915   963 I am_pss  : [3766,1000,com.android.settings,57448448,52649984]
01-01 12:11:31.431801   915   963 I am_pss  : [3269,10029,com.google.android.gms,36964352,29540352]
01-01 12:11:31.462611   915   963 I am_pss  : [6052,10002,com.ironsource.appcloud.oobe.asus,16676864,14356480]
01-01 12:11:32.260000  2210  2210 I auditd  : type=1400 audit(0.0:444): avc: denied { search } for comm="GpuAppSpectator" name="3766" dev="proc" ino=24800 scontext=u:r:gas_srv:s0 tcontext=u:r:system_app:s0 tclass=dir permissive=0
01-01 12:11:32.757156   915   915 I notification_cancel: [10016,1176,com.android.systemui,2131361826,low_battery,-1,0,64,8,NULL]
01-01 12:11:32.757701   915   915 I notification_cancel: [10016,1176,com.android.systemui,20150528,low_battery,0,0,64,8,NULL]
01-01 12:11:32.761888   915  1138 I dvm_lock_sample: [system_server,1,Binder_4,38,ActivityManagerService.java,22208,BroadcastQueue.java,738,7]
01-01 12:11:32.774893   915   915 I notification_cancel: [1000,2014,com.asus.hardwarestub,2130837527,NULL,-1,0,0,8,NULL]
01-01 12:11:33.270000  2210  2210 I auditd  : type=1400 audit(0.0:445): avc: denied { search } for comm="GpuAppSpectator" name="3766" dev="proc" ino=24800 scontext=u:r:gas_srv:s0 tcontext=u:r:system_app:s0 tclass=dir permissive=0
01-01 12:11:34.270000  2210  2210 I auditd  : type=1400 audit(0.0:446): avc: denied { search } for comm="GpuAppSpectator" name="3766" dev="proc" ino=24800 scontext=u:r:gas_srv:s0 tcontext=u:r:system_app:s0 tclass=dir permissive=0
01-01 12:11:35.280000  2210  2210 I auditd  : type=1400 audit(0.0:447): avc: denied { search } for comm="GpuAppSpectator" name="3766" dev="proc" ino=24800 scontext=u:r:gas_srv:s0 tcontext=u:r:system_app:s0 tclass=dir permissive=0
01-01 12:11:36.280000  2210  2210 I auditd  : type=1400 audit(0.0:448): avc: denied { search } for comm="GpuAppSpectator" name="3766" dev="proc" ino=24800 scontext=u:r:gas_srv:s0 tcontext=u:r:system_app:s0 tclass=dir permissive=0
01-01 12:11:37.300000  2210  2210 I auditd  : type=1400 audit(0.0:449): avc: denied { search } for comm="GpuAppSpectator" name="3766" dev="proc" ino=24800 scontext=u:r:gas_srv:s0 tcontext=u:r:system_app:s0 tclass=dir permissive=0
01-01 12:11:38.310000  2210  2210 I auditd  : type=1400 audit(0.0:450): avc: denied { search } for comm="GpuAppSpectator" name="3766" dev="proc" ino=24800 scontext=u:r:gas_srv:s0 tcontext=u:r:system_app:s0 tclass=dir permissive=0
01-01 12:11:39.320000  2210  2210 I auditd  : type=1400 audit(0.0:451): avc: denied { search } for comm="GpuAppSpectator" name="3766" dev="proc" ino=24800 scontext=u:r:gas_srv:s0 tcontext=u:r:system_app:s0 tclass=dir permissive=0
01-01 12:11:40.330000  2210  2210 I auditd  : type=1400 audit(0.0:452): avc: denied { search } for comm="GpuAppSpectator" name="3766" dev="proc" ino=24800 scontext=u:r:gas_srv:s0 tcontext=u:r:system_app:s0 tclass=dir permissive=0
01-01 12:11:41.330000  2210  2210 I auditd  : type=1400 audit(0.0:453): avc: denied { search } for comm="GpuAppSpectator" name="3766" dev="proc" ino=24800 scontext=u:r:gas_srv:s0 tcontext=u:r:system_app:s0 tclass=dir permissive=0
