01-01 12:14:48.840000  2210  2210 I auditd  : type=1400 audit(0.0:639): avc: denied { search } for comm="GpuAppSpectator" name="3766" dev="proc" ino=24800 scontext=u:r:gas_srv:s0 tcontext=u:r:system_app:s0 tclass=dir permissive=0
01-01 12:14:49.840000  2210  2210 I auditd  : type=1400 audit(0.0:640): avc: denied { search } for comm="GpuAppSpectator" name="3766" dev="proc" ino=24800 scontext=u:r:gas_srv:s0 tcontext=u:r:system_app:s0 tclass=dir permissive=0
01-01 12:14:50.019511   915   915 I free_storage_changed: 9849683968
01-01 12:14:50.840000  2210  2210 I auditd  : type=1400 audit(0.0:641): avc: denied { search } for comm="GpuAppSpectator" name="3766" dev="proc" ino=24800 scontext=u:r:gas_srv:s0 tcontext=u:r:system_app:s0 tclass=dir permissive=0
01-01 12:14:51.850000  2210  2210 I auditd  : type=1400 audit(0.0:642): avc: denied { search } for comm="GpuAppSpectator" name="3766" dev="proc" ino=24800 scontext=u:r:gas_srv:s0 tcontext=u:r:system_app:s0 tclass=dir permissive=0
01-01 12:14:52.860000  2210  2210 I auditd  : type=1400 audit(0.0:643): avc: denied { search } for comm="GpuAppSpectator" name="3766" dev="proc" ino=24800 scontext=u:r:gas_srv:s0 tcontext=u:r:system_app:s0 tclass=dir permissive=0
01-01 12:14:53.870000  2210  2210 I auditd  : type=1400 audit(0.0:644): avc: denied { search } for comm="GpuAppSpectator" name="3766" dev="proc" ino=24800 scontext=u:r:gas_srv:s0 tcontext=u:r:system_app:s0 tclass=dir permissive=0
01-01 12:14:54.880000  2210  2210 I auditd  : type=1400 audit(0.0:645): avc: denied { search } for comm="GpuAppSpectator" name="3766" dev="proc" ino=24800 scontext=u:r:gas_srv:s0 tcontext=u:r:system_app:s0 tclass=dir permissive=0
01-01 12:14:55.880000  2210  2210 I auditd  : type=1400 audit(0.0:646): avc: denied { search } for comm="GpuAppSpectator" name="3766" dev="proc" ino=24800 scontext=u:r:gas_srv:s0 tcontext=u:r:system_app:s0 tclass=dir permissive=0
01-01 12:14:56.890000  2210  2210 I auditd  : type=1400 audit(0.0:647): avc: denied { search } for comm="GpuAppSpectator" name="3766" dev="proc" ino=24800 scontext=u:r:gas_srv:s0 tcontext=u:r:system_app:s0 tclass=dir permissive=0
01-01 12:14:57.900000  2210  2210 I auditd  : type=1400 audit(0.0:648): avc: denied { search } for comm="GpuAppSpectator" name="3766" dev="proc" ino=24800 scontext=u:r:gas_srv:s0 tcontext=u:r:system_app:s0 tclass=dir permissive=0
01-01 12:14:58.920000  2210  2210 I auditd  : type=1400 audit(0.0:649): avc: denied { search } for comm="GpuAppSpectator" name="3766" dev="proc" ino=24800 scontext=u:r:gas_srv:s0 tcontext=u:r:system_app:s0 tclass=dir permissive=0
01-01 12:14:59.930000  2210  2210 I auditd  : type=1400 audit(0.0:650): avc: denied { search } for comm="GpuAppSpectator" name="3766" dev="proc" ino=24800 scontext=u:r:gas_srv:s0 tcontext=u:r:system_app:s0 tclass=dir permissive=0
01-01 12:15:00.930000  2210  2210 I auditd  : type=1400 audit(0.0:651): avc: denied { search } for comm="GpuAppSpectator" name="3766" dev="proc" ino=24800 scontext=u:r:gas_srv:s0 tcontext=u:r:system_app:s0 tclass=dir permissive=0
01-01 12:15:01.940000  2210  2210 I auditd  : type=1400 audit(0.0:652): avc: denied { search } for comm="GpuAppSpectator" name="3766" dev="proc" ino=24800 scontext=u:r:gas_srv:s0 tcontext=u:r:system_app:s0 tclass=dir permissive=0
01-01 12:15:02.930000  2210  2210 I auditd  : type=1400 audit(0.0:653): avc: denied { search } for comm="GpuAppSpectator" name="3766" dev="proc" ino=24800 scontext=u:r:gas_srv:s0 tcontext=u:r:system_app:s0 tclass=dir permissive=0
01-01 12:15:03.940000  2210  2210 I auditd  : type=1400 audit(0.0:654): avc: denied { search } for comm="GpuAppSpectator" name="3766" dev="proc" ino=24800 scontext=u:r:gas_srv:s0 tcontext=u:r:system_app:s0 tclass=dir permissive=0
01-01 12:15:04.950000  2210  2210 I auditd  : type=1400 audit(0.0:655): avc: denied { search } for comm="GpuAppSpectator" name="3766" dev="proc" ino=24800 scontext=u:r:gas_srv:s0 tcontext=u:r:system_app:s0 tclass=dir permissive=0
01-01 12:15:05.970000  2210  2210 I auditd  : type=1400 audit(0.0:656): avc: denied { search } for comm="GpuAppSpectator" name="3766" dev="proc" ino=24800 scontext=u:r:gas_srv:s0 tcontext=u:r:system_app:s0 tclass=dir permissive=0
01-01 12:15:06.980000  2210  2210 I auditd  : type=1400 audit(0.0:657): avc: denied { search } for comm="GpuAppSpectator" name="3766" dev="proc" ino=24800 scontext=u:r:gas_srv:s0 tcontext=u:r:system_app:s0 tclass=dir permissive=0
01-01 12:15:07.990000  2210  2210 I auditd  : type=1400 audit(0.0:658): avc: denied { search } for comm="GpuAppSpectator" name="3766" dev="proc" ino=24800 scontext=u:r:gas_srv:s0 tcontext=u:r:system_app:s0 tclass=dir permissive=0
01-01 12:15:09.000000  2210  2210 I auditd  : type=1400 audit(0.0:659): avc: denied { search } for comm="GpuAppSpectator" name="3766" dev="proc" ino=24800 scontext=u:r:gas_srv:s0 tcontext=u:r:system_app:s0 tclass=dir permissive=0
01-01 12:15:10.010000  2210  2210 I auditd  : type=1400 audit(0.0:660): avc: denied { search } for comm="GpuAppSpectator" name="3766" dev="proc" ino=24800 scontext=u:r:gas_srv:s0 tcontext=u:r:system_app:s0 tclass=dir permissive=0
01-01 12:15:11.020000  2210  2210 I auditd  : type=1400 audit(0.0:661): avc: denied { search } for comm="GpuAppSpectator" name="3766" dev="proc" ino=24800 scontext=u:r:gas_srv:s0 tcontext=u:r:system_app:s0 tclass=dir permissive=0
01-01 12:15:12.040000  2210  2210 I auditd  : type=1400 audit(0.0:662): avc: denied { search } for comm="GpuAppSpectator" name="3766" dev="proc" ino=24800 scontext=u:r:gas_srv:s0 tcontext=u:r:system_app:s0 tclass=dir permissive=0
01-01 12:15:13.050000  2210  2210 I auditd  : type=1400 audit(0.0:663): avc: denied { search } for comm="GpuAppSpectator" name="3766" dev="proc" ino=24800 scontext=u:r:gas_srv:s0 tcontext=u:r:system_app:s0 tclass=dir permissive=0
01-01 12:15:14.050000  2210  2210 I auditd  : type=1400 audit(0.0:664): avc: denied { search } for comm="GpuAppSpectator" name="3766" dev="proc" ino=24800 scontext=u:r:gas_srv:s0 tcontext=u:r:system_app:s0 tclass=dir permissive=0
01-01 12:15:15.050000  2210  2210 I auditd  : type=1400 audit(0.0:665): avc: denied { search } for comm="GpuAppSpectator" name="3766" dev="proc" ino=24800 scontext=u:r:gas_srv:s0 tcontext=u:r:system_app:s0 tclass=dir permissive=0
01-01 12:15:16.060000  2210  2210 I auditd  : type=1400 audit(0.0:666): avc: denied { search } for comm="GpuAppSpectator" name="3766" dev="proc" ino=24800 scontext=u:r:gas_srv:s0 tcontext=u:r:system_app:s0 tclass=dir permissive=0
01-01 12:15:17.070000  2210  2210 I auditd  : type=1400 audit(0.0:667): avc: denied { search } for comm="GpuAppSpectator" name="3766" dev="proc" ino=24800 scontext=u:r:gas_srv:s0 tcontext=u:r:system_app:s0 tclass=dir permissive=0
01-01 12:15:18.080000  2210  2210 I auditd  : type=1400 audit(0.0:668): avc: denied { search } for comm="GpuAppSpectator" name="3766" dev="proc" ino=24800 scontext=u:r:gas_srv:s0 tcontext=u:r:system_app:s0 tclass=dir permissive=0
01-01 12:15:19.090000  2210  2210 I auditd  : type=1400 audit(0.0:669): avc: denied { search } for comm="GpuAppSpectator" name="3766" dev="proc" ino=24800 scontext=u:r:gas_srv:s0 tcontext=u:r:system_app:s0 tclass=dir permissive=0
01-01 12:15:20.090000  2210  2210 I auditd  : type=1400 audit(0.0:670): avc: denied { search } for comm="GpuAppSpectator" name="3766" dev="proc" ino=24800 scontext=u:r:gas_srv:s0 tcontext=u:r:system_app:s0 tclass=dir permissive=0
01-01 12:15:21.110000  2210  2210 I auditd  : type=1400 audit(0.0:671): avc: denied { search } for comm="GpuAppSpectator" name="3766" dev="proc" ino=24800 scontext=u:r:gas_srv:s0 tcontext=u:r:system_app:s0 tclass=dir permissive=0
01-01 12:15:22.120000  2210  2210 I auditd  : type=1400 audit(0.0:672): avc: denied { search } for comm="GpuAppSpectator" name="3766" dev="proc" ino=24800 scontext=u:r:gas_srv:s0 tcontext=u:r:system_app:s0 tclass=dir permissive=0
01-01 12:15:23.130000  2210  2210 I auditd  : type=1400 audit(0.0:673): avc: denied { search } for comm="GpuAppSpectator" name="3766" dev="proc" ino=24800 scontext=u:r:gas_srv:s0 tcontext=u:r:system_app:s0 tclass=dir permissive=0
01-01 12:15:24.140000  2210  2210 I auditd  : type=1400 audit(0.0:674): avc: denied { search } for comm="GpuAppSpectator" name="3766" dev="proc" ino=24800 scontext=u:r:gas_srv:s0 tcontext=u:r:system_app:s0 tclass=dir permissive=0
01-01 12:15:25.160000  2210  2210 I auditd  : type=1400 audit(0.0:675): avc: denied { search } for comm="GpuAppSpectator" name="3766" dev="proc" ino=24800 scontext=u:r:gas_srv:s0 tcontext=u:r:system_app:s0 tclass=dir permissive=0
01-01 12:15:26.180000  2210  2210 I auditd  : type=1400 audit(0.0:676): avc: denied { search } for comm="GpuAppSpectator" name="3766" dev="proc" ino=24800 scontext=u:r:gas_srv:s0 tcontext=u:r:system_app:s0 tclass=dir permissive=0
01-01 12:15:27.180000  2210  2210 I auditd  : type=1400 audit(0.0:677): avc: denied { search } for comm="GpuAppSpectator" name="3766" dev="proc" ino=24800 scontext=u:r:gas_srv:s0 tcontext=u:r:system_app:s0 tclass=dir permissive=0
01-01 12:15:28.190000  2210  2210 I auditd  : type=1400 audit(0.0:678): avc: denied { search } for comm="GpuAppSpectator" name="3766" dev="proc" ino=24800 scontext=u:r:gas_srv:s0 tcontext=u:r:system_app:s0 tclass=dir permissive=0
01-01 12:15:29.190000  2210  2210 I auditd  : type=1400 audit(0.0:679): avc: denied { search } for comm="GpuAppSpectator" name="3766" dev="proc" ino=24800 scontext=u:r:gas_srv:s0 tcontext=u:r:system_app:s0 tclass=dir permissive=0
01-01 12:15:30.190000  2210  2210 I auditd  : type=1400 audit(0.0:680): avc: denied { search } for comm="GpuAppSpectator" name="3766" dev="proc" ino=24800 scontext=u:r:gas_srv:s0 tcontext=u:r:system_app:s0 tclass=dir permissive=0
01-01 12:15:31.210000  2210  2210 I auditd  : type=1400 audit(0.0:681): avc: denied { search } for comm="GpuAppSpectator" name="3766" dev="proc" ino=24800 scontext=u:r:gas_srv:s0 tcontext=u:r:system_app:s0 tclass=dir permissive=0
01-01 12:15:32.210000  2210  2210 I auditd  : type=1400 audit(0.0:682): avc: denied { search } for comm="GpuAppSpectator" name="3766" dev="proc" ino=24800 scontext=u:r:gas_srv:s0 tcontext=u:r:system_app:s0 tclass=dir permissive=0
01-01 12:15:33.230000  2210  2210 I auditd  : type=1400 audit(0.0:683): avc: denied { search } for comm="GpuAppSpectator" name="3766" dev="proc" ino=24800 scontext=u:r:gas_srv:s0 tcontext=u:r:system_app:s0 tclass=dir permissive=0
01-01 12:15:34.240000  2210  2210 I auditd  : type=1400 audit(0.0:684): avc: denied { search } for comm="GpuAppSpectator" name="3766" dev="proc" ino=24800 scontext=u:r:gas_srv:s0 tcontext=u:r:system_app:s0 tclass=dir permissive=0
01-01 12:15:35.240000  2210  2210 I auditd  : type=1400 audit(0.0:685): avc: denied { search } for comm="GpuAppSpectator" name="3766" dev="proc" ino=24800 scontext=u:r:gas_srv:s0 tcontext=u:r:system_app:s0 tclass=dir permissive=0
01-01 12:15:36.250000  2210  2210 I auditd  : type=1400 audit(0.0:686): avc: denied { search } for comm="GpuAppSpectator" name="3766" dev="proc" ino=24800 scontext=u:r:gas_srv:s0 tcontext=u:r:system_app:s0 tclass=dir permissive=0
01-01 12:15:37.260000  2210  2210 I auditd  : type=1400 audit(0.0:687): avc: denied { search } for comm="GpuAppSpectator" name="3766" dev="proc" ino=24800 scontext=u:r:gas_srv:s0 tcontext=u:r:system_app:s0 tclass=dir permissive=0
01-01 12:15:38.260000  2210  2210 I auditd  : type=1400 audit(0.0:688): avc: denied { search } for comm="GpuAppSpectator" name="3766" dev="proc" ino=24800 scontext=u:r:gas_srv:s0 tcontext=u:r:system_app:s0 tclass=dir permissive=0
01-01 12:15:39.270000  2210  2210 I auditd  : type=1400 audit(0.0:689): avc: denied { search } for comm="GpuAppSpectator" name="3766" dev="proc" ino=24800 scontext=u:r:gas_srv:s0 tcontext=u:r:system_app:s0 tclass=dir permissive=0
01-01 12:15:40.270000  2210  2210 I auditd  : type=1400 audit(0.0:690): avc: denied { search } for comm="GpuAppSpectator" name="3766" dev="proc" ino=24800 scontext=u:r:gas_srv:s0 tcontext=u:r:system_app:s0 tclass=dir permissive=0
01-01 12:15:41.280000  2210  2210 I auditd  : type=1400 audit(0.0:691): avc: denied { search } for comm="GpuAppSpectator" name="3766" dev="proc" ino=24800 scontext=u:r:gas_srv:s0 tcontext=u:r:system_app:s0 tclass=dir permissive=0
01-01 12:15:42.290000  2210  2210 I auditd  : type=1400 audit(0.0:692): avc: denied { search } for comm="GpuAppSpectator" name="3766" dev="proc" ino=24800 scontext=u:r:gas_srv:s0 tcontext=u:r:system_app:s0 tclass=dir permissive=0
01-01 12:15:42.780821   915   915 I notification_cancel: [10016,1176,com.android.systemui,2131361826,low_battery,-1,0,64,8,NULL]
01-01 12:15:42.781353   915   915 I notification_cancel: [10016,1176,com.android.systemui,20150528,low_battery,0,0,64,8,NULL]
01-01 12:15:42.781837   915   915 I notification_cancel: [1000,2014,com.asus.hardwarestub,2130837527,NULL,-1,0,0,8,NULL]
01-01 12:15:43.300000  2210  2210 I auditd  : type=1400 audit(0.0:693): avc: denied { search } for comm="GpuAppSpectator" name="3766" dev="proc" ino=24800 scontext=u:r:gas_srv:s0 tcontext=u:r:system_app:s0 tclass=dir permissive=0
01-01 12:15:44.300000  2210  2210 I auditd  : type=1400 audit(0.0:694): avc: denied { search } for comm="GpuAppSpectator" name="3766" dev="proc" ino=24800 scontext=u:r:gas_srv:s0 tcontext=u:r:system_app:s0 tclass=dir permissive=0
01-01 12:15:45.310000  2210  2210 I auditd  : type=1400 audit(0.0:695): avc: denied { search } for comm="GpuAppSpectator" name="3766" dev="proc" ino=24800 scontext=u:r:gas_srv:s0 tcontext=u:r:system_app:s0 tclass=dir permissive=0
01-01 12:15:46.310000  2210  2210 I auditd  : type=1400 audit(0.0:696): avc: denied { search } for comm="GpuAppSpectator" name="3766" dev="proc" ino=24800 scontext=u:r:gas_srv:s0 tcontext=u:r:system_app:s0 tclass=dir permissive=0
01-01 12:15:47.320000  2210  2210 I auditd  : type=1400 audit(0.0:697): avc: denied { search } for comm="GpuAppSpectator" name="3766" dev="proc" ino=24800 scontext=u:r:gas_srv:s0 tcontext=u:r:system_app:s0 tclass=dir permissive=0
01-01 12:15:48.330000  2210  2210 I auditd  : type=1400 audit(0.0:698): avc: denied { search } for comm="GpuAppSpectator" name="3766" dev="proc" ino=24800 scontext=u:r:gas_srv:s0 tcontext=u:r:system_app:s0 tclass=dir permissive=0
01-01 12:15:49.330000  2210  2210 I auditd  : type=1400 audit(0.0:699): avc: denied { search } for comm="GpuAppSpectator" name="3766" dev="proc" ino=24800 scontext=u:r:gas_srv:s0 tcontext=u:r:system_app:s0 tclass=dir permissive=0
01-01 12:15:50.340000  2210  2210 I auditd  : type=1400 audit(0.0:700): avc: denied { search } for comm="GpuAppSpectator" name="3766" dev="proc" ino=24800 scontext=u:r:gas_srv:s0 tcontext=u:r:system_app:s0 tclass=dir permissive=0
01-01 12:15:51.350000  2210  2210 I auditd  : type=1400 audit(0.0:701): avc: denied { search } for comm="GpuAppSpectator" name="3766" dev="proc" ino=24800 scontext=u:r:gas_srv:s0 tcontext=u:r:system_app:s0 tclass=dir permissive=0
01-01 12:15:52.350000  2210  2210 I auditd  : type=1400 audit(0.0:702): avc: denied { search } for comm="GpuAppSpectator" name="3766" dev="proc" ino=24800 scontext=u:r:gas_srv:s0 tcontext=u:r:system_app:s0 tclass=dir permissive=0
01-01 12:15:53.360000  2210  2210 I auditd  : type=1400 audit(0.0:703): avc: denied { search } for comm="GpuAppSpectator" name="3766" dev="proc" ino=24800 scontext=u:r:gas_srv:s0 tcontext=u:r:system_app:s0 tclass=dir permissive=0
01-01 12:15:54.360000  2210  2210 I auditd  : type=1400 audit(0.0:704): avc: denied { search } for comm="GpuAppSpectator" name="3766" dev="proc" ino=24800 scontext=u:r:gas_srv:s0 tcontext=u:r:system_app:s0 tclass=dir permissive=0
01-01 12:15:54.370000  2327  2327 I auditd  : type=1400 audit(0.0:705): avc: denied { read } for comm="LogHelper" name="gpu_memory" dev="debugfs" ino=3153 scontext=u:r:untrusted_app:s0:c512,c768 tcontext=u:object_r:debugfs:s0 tclass=file permissive=0
01-01 12:15:54.370000  2327  2327 I auditd  : type=1400 audit(0.0:706): avc: denied { read } for comm="LogHelper" name="1505-0" dev="debugfs" ino=17552 scontext=u:r:untrusted_app:s0:c512,c768 tcontext=u:object_r:debugfs:s0 tclass=file permissive=0
01-01 12:15:55.370000  2210  2210 I auditd  : type=1400 audit(0.0:707): avc: denied { search } for comm="GpuAppSpectator" name="3766" dev="proc" ino=24800 scontext=u:r:gas_srv:s0 tcontext=u:r:system_app:s0 tclass=dir permissive=0
01-01 12:15:56.380000  2210  2210 I auditd  : type=1400 audit(0.0:708): avc: denied { search } for comm="GpuAppSpectator" name="3766" dev="proc" ino=24800 scontext=u:r:gas_srv:s0 tcontext=u:r:system_app:s0 tclass=dir permissive=0
01-01 12:15:57.380000  2210  2210 I auditd  : type=1400 audit(0.0:709): avc: denied { search } for comm="GpuAppSpectator" name="3766" dev="proc" ino=24800 scontext=u:r:gas_srv:s0 tcontext=u:r:system_app:s0 tclass=dir permissive=0
01-01 12:15:58.390000  2210  2210 I auditd  : type=1400 audit(0.0:710): avc: denied { search } for comm="GpuAppSpectator" name="3766" dev="proc" ino=24800 scontext=u:r:gas_srv:s0 tcontext=u:r:system_app:s0 tclass=dir permissive=0
01-01 12:15:59.390000  2210  2210 I auditd  : type=1400 audit(0.0:711): avc: denied { search } for comm="GpuAppSpectator" name="3766" dev="proc" ino=24800 scontext=u:r:gas_srv:s0 tcontext=u:r:system_app:s0 tclass=dir permissive=0
01-01 12:16:00.198443   915   963 I am_pss  : [2603,10007,com.asus.contacts,13270016,10883072]
01-01 12:16:00.390000  2210  2210 I auditd  : type=1400 audit(0.0:712): avc: denied { search } for comm="GpuAppSpectator" name="3766" dev="proc" ino=24800 scontext=u:r:gas_srv:s0 tcontext=u:r:system_app:s0 tclass=dir permissive=0
01-01 12:16:01.400000  2210  2210 I auditd  : type=1400 audit(0.0:713): avc: denied { search } for comm="GpuAppSpectator" name="3766" dev="proc" ino=24800 scontext=u:r:gas_srv:s0 tcontext=u:r:system_app:s0 tclass=dir permissive=0
01-01 12:16:02.410000  2210  2210 I auditd  : type=1400 audit(0.0:714): avc: denied { search } for comm="GpuAppSpectator" name="3766" dev="proc" ino=24800 scontext=u:r:gas_srv:s0 tcontext=u:r:system_app:s0 tclass=dir permissive=0
01-01 12:16:02.780415   915  1063 I dvm_lock_sample: [system_server,0,WifiService,27,MessageQueue.java,330,-,553,5]
01-01 12:16:02.783081   915   915 I notification_cancel: [10016,1176,com.android.systemui,2131361826,low_battery,-1,0,64,8,NULL]
01-01 12:16:02.783648   915   915 I notification_cancel: [10016,1176,com.android.systemui,20150528,low_battery,0,0,64,8,NULL]
01-01 12:16:02.789575   915   915 I notification_cancel: [1000,2014,com.asus.hardwarestub,2130837527,NULL,-1,0,0,8,NULL]
01-01 12:16:03.420000  2210  2210 I auditd  : type=1400 audit(0.0:715): avc: denied { search } for comm="GpuAppSpectator" name="3766" dev="proc" ino=24800 scontext=u:r:gas_srv:s0 tcontext=u:r:system_app:s0 tclass=dir permissive=0
01-01 12:16:04.420000  2210  2210 I auditd  : type=1400 audit(0.0:716): avc: denied { search } for comm="GpuAppSpectator" name="3766" dev="proc" ino=24800 scontext=u:r:gas_srv:s0 tcontext=u:r:system_app:s0 tclass=dir permissive=0
01-01 12:16:05.440000  2210  2210 I auditd  : type=1400 audit(0.0:717): avc: denied { search } for comm="GpuAppSpectator" name="3766" dev="proc" ino=24800 scontext=u:r:gas_srv:s0 tcontext=u:r:system_app:s0 tclass=dir permissive=0
01-01 12:16:06.450000  2210  2210 I auditd  : type=1400 audit(0.0:718): avc: denied { search } for comm="GpuAppSpectator" name="3766" dev="proc" ino=24800 scontext=u:r:gas_srv:s0 tcontext=u:r:system_app:s0 tclass=dir permissive=0
01-01 12:16:07.450000  2210  2210 I auditd  : type=1400 audit(0.0:719): avc: denied { search } for comm="GpuAppSpectator" name="3766" dev="proc" ino=24800 scontext=u:r:gas_srv:s0 tcontext=u:r:system_app:s0 tclass=dir permissive=0
01-01 12:16:08.460000  2210  2210 I auditd  : type=1400 audit(0.0:720): avc: denied { search } for comm="GpuAppSpectator" name="3766" dev="proc" ino=24800 scontext=u:r:gas_srv:s0 tcontext=u:r:system_app:s0 tclass=dir permissive=0
01-01 12:16:09.470000  2210  2210 I auditd  : type=1400 audit(0.0:721): avc: denied { search } for comm="GpuAppSpectator" name="3766" dev="proc" ino=24800 scontext=u:r:gas_srv:s0 tcontext=u:r:system_app:s0 tclass=dir permissive=0
01-01 12:16:10.470000  2210  2210 I auditd  : type=1400 audit(0.0:722): avc: denied { search } for comm="GpuAppSpectator" name="3766" dev="proc" ino=24800 scontext=u:r:gas_srv:s0 tcontext=u:r:system_app:s0 tclass=dir permissive=0
01-01 12:16:11.480000  2210  2210 I auditd  : type=1400 audit(0.0:723): avc: denied { search } for comm="GpuAppSpectator" name="3766" dev="proc" ino=24800 scontext=u:r:gas_srv:s0 tcontext=u:r:system_app:s0 tclass=dir permissive=0
01-01 12:16:12.500000  2210  2210 I auditd  : type=1400 audit(0.0:724): avc: denied { search } for comm="GpuAppSpectator" name="3766" dev="proc" ino=24800 scontext=u:r:gas_srv:s0 tcontext=u:r:system_app:s0 tclass=dir permissive=0
01-01 12:16:13.510000  2210  2210 I auditd  : type=1400 audit(0.0:725): avc: denied { search } for comm="GpuAppSpectator" name="3766" dev="proc" ino=24800 scontext=u:r:gas_srv:s0 tcontext=u:r:system_app:s0 tclass=dir permissive=0
01-01 12:16:14.510000  2210  2210 I auditd  : type=1400 audit(0.0:726): avc: denied { search } for comm="GpuAppSpectator" name="3766" dev="proc" ino=24800 scontext=u:r:gas_srv:s0 tcontext=u:r:system_app:s0 tclass=dir permissive=0
01-01 12:16:15.520000  2210  2210 I auditd  : type=1400 audit(0.0:727): avc: denied { search } for comm="GpuAppSpectator" name="3766" dev="proc" ino=24800 scontext=u:r:gas_srv:s0 tcontext=u:r:system_app:s0 tclass=dir permissive=0
01-01 12:16:16.520000  2210  2210 I auditd  : type=1400 audit(0.0:728): avc: denied { search } for comm="GpuAppSpectator" name="3766" dev="proc" ino=24800 scontext=u:r:gas_srv:s0 tcontext=u:r:system_app:s0 tclass=dir permissive=0
01-01 12:16:17.530000  2210  2210 I auditd  : type=1400 audit(0.0:729): avc: denied { search } for comm="GpuAppSpectator" name="3766" dev="proc" ino=24800 scontext=u:r:gas_srv:s0 tcontext=u:r:system_app:s0 tclass=dir permissive=0
01-01 12:16:18.530000  2210  2210 I auditd  : type=1400 audit(0.0:730): avc: denied { search } for comm="GpuAppSpectator" name="3766" dev="proc" ino=24800 scontext=u:r:gas_srv:s0 tcontext=u:r:system_app:s0 tclass=dir permissive=0
01-01 12:16:19.540000  2210  2210 I auditd  : type=1400 audit(0.0:731): avc: denied { search } for comm="GpuAppSpectator" name="3766" dev="proc" ino=24800 scontext=u:r:gas_srv:s0 tcontext=u:r:system_app:s0 tclass=dir permissive=0
01-01 12:16:20.060394   915   915 I free_storage_changed: 9847463936
01-01 12:16:20.540000  2210  2210 I auditd  : type=1400 audit(0.0:732): avc: denied { search } for comm="GpuAppSpectator" name="3766" dev="proc" ino=24800 scontext=u:r:gas_srv:s0 tcontext=u:r:system_app:s0 tclass=dir permissive=0
01-01 12:16:21.550000  2210  2210 I auditd  : type=1400 audit(0.0:733): avc: denied { search } for comm="GpuAppSpectator" name="3766" dev="proc" ino=24800 scontext=u:r:gas_srv:s0 tcontext=u:r:system_app:s0 tclass=dir permissive=0
01-01 12:16:22.560000  2210  2210 I auditd  : type=1400 audit(0.0:734): avc: denied { search } for comm="GpuAppSpectator" name="3766" dev="proc" ino=24800 scontext=u:r:gas_srv:s0 tcontext=u:r:system_app:s0 tclass=dir permissive=0
01-01 12:16:23.580000  2210  2210 I auditd  : type=1400 audit(0.0:735): avc: denied { search } for comm="GpuAppSpectator" name="3766" dev="proc" ino=24800 scontext=u:r:gas_srv:s0 tcontext=u:r:system_app:s0 tclass=dir permissive=0
01-01 12:16:24.580000  2210  2210 I auditd  : type=1400 audit(0.0:736): avc: denied { search } for comm="GpuAppSpectator" name="3766" dev="proc" ino=24800 scontext=u:r:gas_srv:s0 tcontext=u:r:system_app:s0 tclass=dir permissive=0
01-01 12:16:25.600000  2210  2210 I auditd  : type=1400 audit(0.0:737): avc: denied { search } for comm="GpuAppSpectator" name="3766" dev="proc" ino=24800 scontext=u:r:gas_srv:s0 tcontext=u:r:system_app:s0 tclass=dir permissive=0
01-01 12:16:26.610000  2210  2210 I auditd  : type=1400 audit(0.0:738): avc: denied { search } for comm="GpuAppSpectator" name="3766" dev="proc" ino=24800 scontext=u:r:gas_srv:s0 tcontext=u:r:system_app:s0 tclass=dir permissive=0
01-01 12:16:27.620000  2210  2210 I auditd  : type=1400 audit(0.0:739): avc: denied { search } for comm="GpuAppSpectator" name="3766" dev="proc" ino=24800 scontext=u:r:gas_srv:s0 tcontext=u:r:system_app:s0 tclass=dir permissive=0
01-01 12:16:28.630000  2210  2210 I auditd  : type=1400 audit(0.0:740): avc: denied { search } for comm="GpuAppSpectator" name="3766" dev="proc" ino=24800 scontext=u:r:gas_srv:s0 tcontext=u:r:system_app:s0 tclass=dir permissive=0
01-01 12:16:29.630000  2210  2210 I auditd  : type=1400 audit(0.0:741): avc: denied { search } for comm="GpuAppSpectator" name="3766" dev="proc" ino=24800 scontext=u:r:gas_srv:s0 tcontext=u:r:system_app:s0 tclass=dir permissive=0
01-01 12:16:30.640000  2210  2210 I auditd  : type=1400 audit(0.0:742): avc: denied { search } for comm="GpuAppSpectator" name="3766" dev="proc" ino=24800 scontext=u:r:gas_srv:s0 tcontext=u:r:system_app:s0 tclass=dir permissive=0
01-01 12:16:31.640000  2210  2210 I auditd  : type=1400 audit(0.0:743): avc: denied { search } for comm="GpuAppSpectator" name="3766" dev="proc" ino=24800 scontext=u:r:gas_srv:s0 tcontext=u:r:system_app:s0 tclass=dir permissive=0
01-01 12:16:32.650000  2210  2210 I auditd  : type=1400 audit(0.0:744): avc: denied { search } for comm="GpuAppSpectator" name="3766" dev="proc" ino=24800 scontext=u:r:gas_srv:s0 tcontext=u:r:system_app:s0 tclass=dir permissive=0
01-01 12:16:32.744971   915   915 I notification_cancel: [10016,1176,com.android.systemui,2131361826,low_battery,-1,0,64,8,NULL]
01-01 12:16:32.745936   915   915 I notification_cancel: [10016,1176,com.android.systemui,20150528,low_battery,0,0,64,8,NULL]
01-01 12:16:32.752098   915   915 I notification_cancel: [1000,2014,com.asus.hardwarestub,2130837527,NULL,-1,0,0,8,NULL]
01-01 12:16:33.660000  2210  2210 I auditd  : type=1400 audit(0.0:745): avc: denied { search } for comm="GpuAppSpectator" name="3766" dev="proc" ino=24800 scontext=u:r:gas_srv:s0 tcontext=u:r:system_app:s0 tclass=dir permissive=0
01-01 12:16:34.670000  2210  2210 I auditd  : type=1400 audit(0.0:746): avc: denied { search } for comm="GpuAppSpectator" name="3766" dev="proc" ino=24800 scontext=u:r:gas_srv:s0 tcontext=u:r:system_app:s0 tclass=dir permissive=0
01-01 12:16:35.680000  2210  2210 I auditd  : type=1400 audit(0.0:747): avc: denied { search } for comm="GpuAppSpectator" name="3766" dev="proc" ino=24800 scontext=u:r:gas_srv:s0 tcontext=u:r:system_app:s0 tclass=dir permissive=0
01-01 12:16:36.690000  2210  2210 I auditd  : type=1400 audit(0.0:748): avc: denied { search } for comm="GpuAppSpectator" name="3766" dev="proc" ino=24800 scontext=u:r:gas_srv:s0 tcontext=u:r:system_app:s0 tclass=dir permissive=0
01-01 12:16:37.690000  2210  2210 I auditd  : type=1400 audit(0.0:749): avc: denied { search } for comm="GpuAppSpectator" name="3766" dev="proc" ino=24800 scontext=u:r:gas_srv:s0 tcontext=u:r:system_app:s0 tclass=dir permissive=0
01-01 12:16:38.700000  2210  2210 I auditd  : type=1400 audit(0.0:750): avc: denied { search } for comm="GpuAppSpectator" name="3766" dev="proc" ino=24800 scontext=u:r:gas_srv:s0 tcontext=u:r:system_app:s0 tclass=dir permissive=0
01-01 12:16:39.710000  2210  2210 I auditd  : type=1400 audit(0.0:751): avc: denied { search } for comm="GpuAppSpectator" name="3766" dev="proc" ino=24800 scontext=u:r:gas_srv:s0 tcontext=u:r:system_app:s0 tclass=dir permissive=0
01-01 12:16:40.710000  2210  2210 I auditd  : type=1400 audit(0.0:752): avc: denied { search } for comm="GpuAppSpectator" name="3766" dev="proc" ino=24800 scontext=u:r:gas_srv:s0 tcontext=u:r:system_app:s0 tclass=dir permissive=0
01-01 12:16:41.720000  2210  2210 I auditd  : type=1400 audit(0.0:753): avc: denied { search } for comm="GpuAppSpectator" name="3766" dev="proc" ino=24800 scontext=u:r:gas_srv:s0 tcontext=u:r:system_app:s0 tclass=dir permissive=0
01-01 12:16:42.642082   915   915 I notification_cancel: [10016,1176,com.android.systemui,2131361826,low_battery,-1,0,64,8,NULL]
01-01 12:16:42.643018   915   915 I notification_cancel: [10016,1176,com.android.systemui,20150528,low_battery,0,0,64,8,NULL]
01-01 12:16:42.648877   915   915 I notification_cancel: [1000,2014,com.asus.hardwarestub,2130837527,NULL,-1,0,0,8,NULL]
01-01 12:16:42.720000  2210  2210 I auditd  : type=1400 audit(0.0:754): avc: denied { search } for comm="GpuAppSpectator" name="3766" dev="proc" ino=24800 scontext=u:r:gas_srv:s0 tcontext=u:r:system_app:s0 tclass=dir permissive=0
01-01 12:16:43.730000  2210  2210 I auditd  : type=1400 audit(0.0:755): avc: denied { search } for comm="GpuAppSpectator" name="3766" dev="proc" ino=24800 scontext=u:r:gas_srv:s0 tcontext=u:r:system_app:s0 tclass=dir permissive=0
01-01 12:16:44.730000  2210  2210 I auditd  : type=1400 audit(0.0:756): avc: denied { search } for comm="GpuAppSpectator" name="3766" dev="proc" ino=24800 scontext=u:r:gas_srv:s0 tcontext=u:r:system_app:s0 tclass=dir permissive=0
01-01 12:16:45.740000  2210  2210 I auditd  : type=1400 audit(0.0:757): avc: denied { search } for comm="GpuAppSpectator" name="3766" dev="proc" ino=24800 scontext=u:r:gas_srv:s0 tcontext=u:r:system_app:s0 tclass=dir permissive=0
01-01 12:16:46.750000  2210  2210 I auditd  : type=1400 audit(0.0:758): avc: denied { search } for comm="GpuAppSpectator" name="3766" dev="proc" ino=24800 scontext=u:r:gas_srv:s0 tcontext=u:r:system_app:s0 tclass=dir permissive=0
01-01 12:16:47.679796   915   971 I sysui_view_visibility: [222,0]
01-01 12:16:47.679944   915   971 I sysui_histogram: [dreaming_minutes,6]
01-01 12:16:47.760000  2210  2210 I auditd  : type=1400 audit(0.0:759): avc: denied { search } for comm="GpuAppSpectator" name="3766" dev="proc" ino=24800 scontext=u:r:gas_srv:s0 tcontext=u:r:system_app:s0 tclass=dir permissive=0
01-01 12:16:47.775988   915   967 I am_resume_activity: [0,164348224,8,com.android.settings/.SubSettings]
01-01 12:16:47.810471   915  1773 I am_kill : [0,5324,com.asus.kidslauncher,15,empty #17]
01-01 12:16:47.921793   915  1992 I am_proc_died: [0,5324,com.asus.kidslauncher]
01-01 12:16:47.964269  3766  3766 I sysui_view_visibility: [47,100]
01-01 12:16:48.069763  3766  3766 I am_on_resume_called: [0,com.android.settings.SubSettings]
01-01 12:16:48.760000  2210  2210 I auditd  : type=1400 audit(0.0:760): avc: denied { search } for comm="GpuAppSpectator" name="3766" dev="proc" ino=24800 scontext=u:r:gas_srv:s0 tcontext=u:r:system_app:s0 tclass=dir permissive=0
01-01 12:16:49.538711   915  1989 I am_home_stack_moved: [0,0,1,1,sourceStackToFront]
01-01 12:16:49.538948   915  1989 I wm_task_moved: [8,1,0]
01-01 12:16:49.543482   915  1989 I am_create_activity: [0,32148385,8,com.google.android.apps.photos/.daydream.DreamSettingsActivity,NULL,NULL,NULL,0]
01-01 12:16:49.546126   915  1989 I am_pause_activity: [0,164348224,com.android.settings/.SubSettings]
01-01 12:16:49.551483   915  1989 I am_home_stack_moved: [0,0,1,1,startedActivity setFocusedActivity]
01-01 12:16:49.551715   915  1989 I wm_task_moved: [8,1,0]
01-01 12:16:49.552789  3766  3766 I sysui_view_visibility: [47,0]
01-01 12:16:49.560794   915  1989 I am_focused_activity: [0,com.google.android.apps.photos/.daydream.DreamSettingsActivity]
01-01 12:16:49.567020  3766  3766 I am_on_paused_called: [0,com.android.settings.SubSettings]
01-01 12:16:49.580004   915   940 I am_restart_activity: [0,32148385,8,com.google.android.apps.photos/.daydream.DreamSettingsActivity]
01-01 12:16:50.397729  5984  5984 I am_on_resume_called: [0,com.google.android.apps.photos.daydream.DreamSettingsActivity]
01-01 12:16:50.962038   915   991 I am_activity_launch_time: [0,32148385,com.google.android.apps.photos/.daydream.DreamSettingsActivity,1393,3162]
01-01 12:16:51.008198   915   915 I notification_cancel: [10106,5984,com.google.android.apps.photos,10436,NULL,0,0,64,8,NULL]
01-01 12:16:51.189741   246   246 I sf_frame_dur: [com.android.settings/com.android.settings.SubSettings,184,6,0,1,0,0,2]
01-01 12:16:53.416515   915  1137 I am_finish_activity: [0,32148385,8,com.google.android.apps.photos/.daydream.DreamSettingsActivity,app-request]
01-01 12:16:53.419175   915  1137 I am_home_stack_moved: [0,0,1,1,finishActivity adjustFocus setFocusedActivity]
01-01 12:16:53.419439   915  1137 I wm_task_moved: [8,1,0]
01-01 12:16:53.442683   915  1137 I am_focused_activity: [0,com.android.settings/.SubSettings]
01-01 12:16:53.444938   915  1137 I am_pause_activity: [0,32148385,com.google.android.apps.photos/.daydream.DreamSettingsActivity]
01-01 12:16:53.458410  5984  5984 I am_on_paused_called: [0,com.google.android.apps.photos.daydream.DreamSettingsActivity]
01-01 12:16:53.485670   915   941 I am_resume_activity: [0,164348224,8,com.android.settings/.SubSettings]
01-01 12:16:53.543316  3766  3766 I sysui_view_visibility: [47,100]
01-01 12:16:53.628442  3766  3766 I am_on_resume_called: [0,com.android.settings.SubSettings]
01-01 12:16:53.780000  2210  2210 I auditd  : type=1400 audit(0.0:761): avc: denied { search } for comm="GpuAppSpectator" name="3766" dev="proc" ino=24800 scontext=u:r:gas_srv:s0 tcontext=u:r:system_app:s0 tclass=dir permissive=0
01-01 12:16:53.832030   915   991 I am_activity_launch_time: [0,164348224,com.android.settings/.SubSettings,335,335]
01-01 12:16:54.094562   915   965 I am_destroy_activity: [0,32148385,8,com.google.android.apps.photos/.daydream.DreamSettingsActivity,finish-imm]
01-01 12:16:54.780000  2210  2210 I auditd  : type=1400 audit(0.0:762): avc: denied { search } for comm="GpuAppSpectator" name="3766" dev="proc" ino=24800 scontext=u:r:gas_srv:s0 tcontext=u:r:system_app:s0 tclass=dir permissive=0
01-01 12:16:55.780000  2210  2210 I auditd  : type=1400 audit(0.0:763): avc: denied { search } for comm="GpuAppSpectator" name="3766" dev="proc" ino=24800 scontext=u:r:gas_srv:s0 tcontext=u:r:system_app:s0 tclass=dir permissive=0
01-01 12:16:56.780000  2210  2210 I auditd  : type=1400 audit(0.0:764): avc: denied { search } for comm="GpuAppSpectator" name="3766" dev="proc" ino=24800 scontext=u:r:gas_srv:s0 tcontext=u:r:system_app:s0 tclass=dir permissive=0
01-01 12:16:57.790000  2210  2210 I auditd  : type=1400 audit(0.0:765): avc: denied { search } for comm="GpuAppSpectator" name="3766" dev="proc" ino=24800 scontext=u:r:gas_srv:s0 tcontext=u:r:system_app:s0 tclass=dir permissive=0
01-01 12:16:58.800000  2210  2210 I auditd  : type=1400 audit(0.0:766): avc: denied { search } for comm="GpuAppSpectator" name="3766" dev="proc" ino=24800 scontext=u:r:gas_srv:s0 tcontext=u:r:system_app:s0 tclass=dir permissive=0
01-01 12:16:59.800000  2210  2210 I auditd  : type=1400 audit(0.0:767): avc: denied { search } for comm="GpuAppSpectator" name="3766" dev="proc" ino=24800 scontext=u:r:gas_srv:s0 tcontext=u:r:system_app:s0 tclass=dir permissive=0
01-01 12:16:59.830721   915  1489 I am_home_stack_moved: [0,0,1,1,sourceStackToFront]
01-01 12:16:59.830933   915  1489 I wm_task_moved: [8,1,0]
01-01 12:16:59.838344   915  1489 I am_create_activity: [0,252554846,8,com.android.dreams.phototable/.FlipperDreamSettings,NULL,NULL,NULL,0]
01-01 12:16:59.845967   915  1489 I am_pause_activity: [0,164348224,com.android.settings/.SubSettings]
01-01 12:16:59.849341  3766  3766 I sysui_view_visibility: [47,0]
01-01 12:16:59.851840   915  1489 I am_home_stack_moved: [0,0,1,1,startedActivity setFocusedActivity]
01-01 12:16:59.852065   915  1489 I wm_task_moved: [8,1,0]
01-01 12:16:59.860983   915  1489 I am_focused_activity: [0,com.android.dreams.phototable/.FlipperDreamSettings]
01-01 12:16:59.867206  3766  3766 I am_on_paused_called: [0,com.android.settings.SubSettings]
01-01 12:16:59.939730   915  1773 I am_proc_start: [0,6786,10105,com.android.dreams.phototable,activity,com.android.dreams.phototable/.FlipperDreamSettings]
01-01 12:17:00.183922   915  1137 I am_proc_bound: [0,6786,com.android.dreams.phototable]
01-01 12:17:00.452377   915  1137 I am_restart_activity: [0,252554846,8,com.android.dreams.phototable/.FlipperDreamSettings]
01-01 12:17:00.591371   915  1489 I am_home_stack_moved: [0,0,1,1,sourceStackToFront]
01-01 12:17:00.591580   915  1489 I wm_task_moved: [8,1,0]
01-01 12:17:00.595908   915  1489 I am_create_activity: [0,177451966,8,com.android.dreams.phototable/.PermissionActivity,NULL,NULL,NULL,0]
01-01 12:17:00.602666   915  1489 I am_pause_activity: [0,252554846,com.android.dreams.phototable/.FlipperDreamSettings]
01-01 12:17:00.609321   915  1489 I am_home_stack_moved: [0,0,1,1,startedActivity setFocusedActivity]
01-01 12:17:00.609565   915  1489 I wm_task_moved: [8,1,0]
01-01 12:17:00.615971   915  1489 I am_focused_activity: [0,com.android.dreams.phototable/.PermissionActivity]
01-01 12:17:00.616965  6786  6786 I am_on_resume_called: [0,com.android.dreams.phototable.FlipperDreamSettings]
01-01 12:17:00.710415   246   246 I sf_frame_dur: [com.android.settings/com.android.settings.SubSettings,150,3,0,1,0,2,1]
01-01 12:17:00.760562  6786  6786 I am_on_paused_called: [0,com.android.dreams.phototable.FlipperDreamSettings]
01-01 12:17:00.768617   915  1989 I am_restart_activity: [0,177451966,8,com.android.dreams.phototable/.PermissionActivity]
01-01 12:17:00.924225   915  1990 I am_home_stack_moved: [0,0,1,1,sourceStackToFront]
01-01 12:17:00.924459   915  1990 I wm_task_moved: [8,1,0]
01-01 12:17:00.928699   915  1990 I am_create_activity: [0,8375330,8,com.google.android.packageinstaller/com.android.packageinstaller.permission.ui.GrantPermissionsActivity,android.content.pm.action.REQUEST_PERMISSIONS,NULL,NULL,8388608]
01-01 12:17:00.936920   915  1990 I am_pause_activity: [0,177451966,com.android.dreams.phototable/.PermissionActivity]
01-01 12:17:00.940707   915  1990 I am_home_stack_moved: [0,0,1,1,startedActivity setFocusedActivity]
01-01 12:17:00.940912   915  1990 I wm_task_moved: [8,1,0]
01-01 12:17:00.947191   915  1990 I am_focused_activity: [0,com.google.android.packageinstaller/com.android.packageinstaller.permission.ui.GrantPermissionsActivity]
01-01 12:17:00.950541  6786  6786 I am_on_resume_called: [0,com.android.dreams.phototable.PermissionActivity]
01-01 12:17:01.150187  6786  6786 I am_on_paused_called: [0,com.android.dreams.phototable.PermissionActivity]
01-01 12:17:01.191290   915  1552 I am_proc_start: [0,6826,10032,com.google.android.packageinstaller,activity,com.google.android.packageinstaller/com.android.packageinstaller.permission.ui.GrantPermissionsActivity]
01-01 12:17:01.422137   915  1990 I am_proc_bound: [0,6826,com.google.android.packageinstaller]
01-01 12:17:01.434558   915  1990 I am_restart_activity: [0,8375330,8,com.google.android.packageinstaller/com.android.packageinstaller.permission.ui.GrantPermissionsActivity]
01-01 12:17:01.752380  6826  6826 I am_on_resume_called: [0,com.android.packageinstaller.permission.ui.GrantPermissionsActivity]
01-01 12:17:02.100465   915   991 I am_activity_launch_time: [0,8375330,com.google.android.packageinstaller/com.android.packageinstaller.permission.ui.GrantPermissionsActivity,949,2204]
01-01 12:17:03.824941  6826  6826 I snet_event_log: [permissions_requested,10105,com.android.dreams.phototable:android.permission-group.STORAGE|true|0]
01-01 12:17:03.826631   915  1773 I am_finish_activity: [0,8375330,8,com.google.android.packageinstaller/com.android.packageinstaller.permission.ui.GrantPermissionsActivity,app-request]
01-01 12:17:03.828519   915  1773 I am_home_stack_moved: [0,0,1,1,finishActivity adjustFocus setFocusedActivity]
01-01 12:17:03.828723   915  1773 I wm_task_moved: [8,1,0]
01-01 12:17:03.836549   915  1773 I am_focused_activity: [0,com.android.dreams.phototable/.PermissionActivity]
01-01 12:17:03.838701   915  1773 I am_pause_activity: [0,8375330,com.google.android.packageinstaller/com.android.packageinstaller.permission.ui.GrantPermissionsActivity]
01-01 12:17:03.850286  6826  6826 I am_on_paused_called: [0,com.android.packageinstaller.permission.ui.GrantPermissionsActivity]
01-01 12:17:03.871375   915  1822 I am_resume_activity: [0,177451966,8,com.android.dreams.phototable/.PermissionActivity]
01-01 12:17:03.900766   915  1994 I am_finish_activity: [0,177451966,8,com.android.dreams.phototable/.PermissionActivity,app-request]
01-01 12:17:03.902799   915  1994 I am_home_stack_moved: [0,0,1,1,finishActivity adjustFocus setFocusedActivity]
01-01 12:17:03.903065   915  1994 I wm_task_moved: [8,1,0]
01-01 12:17:03.915350   915  1994 I am_focused_activity: [0,com.android.dreams.phototable/.FlipperDreamSettings]
01-01 12:17:03.916996   915  1994 I am_pause_activity: [0,177451966,com.android.dreams.phototable/.PermissionActivity]
01-01 12:17:03.978391   915  1138 I am_resume_activity: [0,252554846,8,com.android.dreams.phototable/.FlipperDreamSettings]
01-01 12:17:04.008864   915   991 I dvm_lock_sample: [system_server,1,android.display,32,ActivityRecord.java,377,ActivityManagerService.java,7340,6]
01-01 12:17:04.009310   915   967 I dvm_lock_sample: [system_server,1,android.ui,29,ActivityManagerService.java,1710,-,7340,5]
01-01 12:17:04.323744  6786  6786 I am_on_resume_called: [0,com.android.dreams.phototable.FlipperDreamSettings]
01-01 12:17:04.573891   915  1138 I am_destroy_activity: [0,177451966,8,com.android.dreams.phototable/.PermissionActivity,finish-imm]
01-01 12:17:04.574990   915  1138 I am_destroy_activity: [0,8375330,8,com.google.android.packageinstaller/com.android.packageinstaller.permission.ui.GrantPermissionsActivity,finish-imm]
01-01 12:17:04.584114   915  1138 I am_kill : [0,5343,com.android.vending,15,empty #17]
01-01 12:17:04.683824   915   941 I am_proc_died: [0,5343,com.android.vending]
01-01 12:17:10.029213   915  1990 I am_finish_activity: [0,252554846,8,com.android.dreams.phototable/.FlipperDreamSettings,app-request]
01-01 12:17:10.032599   915  1990 I am_home_stack_moved: [0,0,1,1,finishActivity adjustFocus setFocusedActivity]
01-01 12:17:10.032845   915  1990 I wm_task_moved: [8,1,0]
01-01 12:17:10.041262   915  1990 I am_focused_activity: [0,com.android.settings/.SubSettings]
01-01 12:17:10.042595   915  1990 I am_pause_activity: [0,252554846,com.android.dreams.phototable/.FlipperDreamSettings]
01-01 12:17:10.048656  6786  6786 I am_on_paused_called: [0,com.android.dreams.phototable.FlipperDreamSettings]
01-01 12:17:10.068116   915   941 I am_resume_activity: [0,164348224,8,com.android.settings/.SubSettings]
01-01 12:17:10.115244  3766  3766 I sysui_view_visibility: [47,100]
01-01 12:17:10.194228  3766  3766 I am_on_resume_called: [0,com.android.settings.SubSettings]
01-01 12:17:10.425371   915   991 I am_activity_launch_time: [0,164348224,com.android.settings/.SubSettings,350,6529]
01-01 12:17:10.552046   915   963 I am_pss  : [6786,10105,com.android.dreams.phototable,26209280,23299072]
01-01 12:17:10.671640   915   965 I am_destroy_activity: [0,252554846,8,com.android.dreams.phototable/.FlipperDreamSettings,finish-imm]
01-01 12:17:10.679083   915   965 I am_kill : [0,5300,com.google.android.googlequicksearchbox:search,15,empty #17]
01-01 12:17:10.686437   246   246 I sf_frame_dur: [com.android.dreams.phototable/com.android.dreams.phototable.FlipperDreamSettings,57,2,2,3,0,0,2]
01-01 12:17:10.787492   915  1815 I am_proc_died: [0,5300,com.google.android.googlequicksearchbox:search]
01-01 12:17:10.830000  2210  2210 I auditd  : type=1400 audit(0.0:768): avc: denied { search } for comm="GpuAppSpectator" name="3766" dev="proc" ino=24800 scontext=u:r:gas_srv:s0 tcontext=u:r:system_app:s0 tclass=dir permissive=0
01-01 12:17:11.830000  2210  2210 I auditd  : type=1400 audit(0.0:769): avc: denied { search } for comm="GpuAppSpectator" name="3766" dev="proc" ino=24800 scontext=u:r:gas_srv:s0 tcontext=u:r:system_app:s0 tclass=dir permissive=0
01-01 12:17:12.840000  2210  2210 I auditd  : type=1400 audit(0.0:770): avc: denied { search } for comm="GpuAppSpectator" name="3766" dev="proc" ino=24800 scontext=u:r:gas_srv:s0 tcontext=u:r:system_app:s0 tclass=dir permissive=0
01-01 12:17:13.840000  2210  2210 I auditd  : type=1400 audit(0.0:771): avc: denied { search } for comm="GpuAppSpectator" name="3766" dev="proc" ino=24800 scontext=u:r:gas_srv:s0 tcontext=u:r:system_app:s0 tclass=dir permissive=0
01-01 12:17:14.850000  2210  2210 I auditd  : type=1400 audit(0.0:772): avc: denied { search } for comm="GpuAppSpectator" name="3766" dev="proc" ino=24800 scontext=u:r:gas_srv:s0 tcontext=u:r:system_app:s0 tclass=dir permissive=0
01-01 12:17:15.860000  2210  2210 I auditd  : type=1400 audit(0.0:773): avc: denied { search } for comm="GpuAppSpectator" name="3766" dev="proc" ino=24800 scontext=u:r:gas_srv:s0 tcontext=u:r:system_app:s0 tclass=dir permissive=0
01-01 12:17:16.870000  2210  2210 I auditd  : type=1400 audit(0.0:774): avc: denied { search } for comm="GpuAppSpectator" name="3766" dev="proc" ino=24800 scontext=u:r:gas_srv:s0 tcontext=u:r:system_app:s0 tclass=dir permissive=0
01-01 12:17:17.870000  2210  2210 I auditd  : type=1400 audit(0.0:775): avc: denied { search } for comm="GpuAppSpectator" name="3766" dev="proc" ino=24800 scontext=u:r:gas_srv:s0 tcontext=u:r:system_app:s0 tclass=dir permissive=0
01-01 12:17:18.890000  2210  2210 I auditd  : type=1400 audit(0.0:776): avc: denied { search } for comm="GpuAppSpectator" name="3766" dev="proc" ino=24800 scontext=u:r:gas_srv:s0 tcontext=u:r:system_app:s0 tclass=dir permissive=0
01-01 12:17:19.900000  2210  2210 I auditd  : type=1400 audit(0.0:777): avc: denied { search } for comm="GpuAppSpectator" name="3766" dev="proc" ino=24800 scontext=u:r:gas_srv:s0 tcontext=u:r:system_app:s0 tclass=dir permissive=0
01-01 12:17:20.080327   915   915 I free_storage_changed: 9844449280
01-01 12:17:20.910000  2210  2210 I auditd  : type=1400 audit(0.0:778): avc: denied { search } for comm="GpuAppSpectator" name="3766" dev="proc" ino=24800 scontext=u:r:gas_srv:s0 tcontext=u:r:system_app:s0 tclass=dir permissive=0
01-01 12:17:21.910000  2210  2210 I auditd  : type=1400 audit(0.0:779): avc: denied { search } for comm="GpuAppSpectator" name="3766" dev="proc" ino=24800 scontext=u:r:gas_srv:s0 tcontext=u:r:system_app:s0 tclass=dir permissive=0
01-01 12:17:22.787958   915   915 I notification_cancel: [10016,1176,com.android.systemui,2131361826,low_battery,-1,0,64,8,NULL]
01-01 12:17:22.788580   915   915 I notification_cancel: [10016,1176,com.android.systemui,20150528,low_battery,0,0,64,8,NULL]
01-01 12:17:22.790411   915   915 I notification_cancel: [1000,2014,com.asus.hardwarestub,2130837527,NULL,-1,0,0,8,NULL]
01-01 12:17:22.910000  2210  2210 I auditd  : type=1400 audit(0.0:780): avc: denied { search } for comm="GpuAppSpectator" name="3766" dev="proc" ino=24800 scontext=u:r:gas_srv:s0 tcontext=u:r:system_app:s0 tclass=dir permissive=0
01-01 12:17:23.920000  2210  2210 I auditd  : type=1400 audit(0.0:781): avc: denied { search } for comm="GpuAppSpectator" name="3766" dev="proc" ino=24800 scontext=u:r:gas_srv:s0 tcontext=u:r:system_app:s0 tclass=dir permissive=0
01-01 12:17:24.930000  2210  2210 I auditd  : type=1400 audit(0.0:782): avc: denied { search } for comm="GpuAppSpectator" name="3766" dev="proc" ino=24800 scontext=u:r:gas_srv:s0 tcontext=u:r:system_app:s0 tclass=dir permissive=0
01-01 12:17:25.930000  2210  2210 I auditd  : type=1400 audit(0.0:783): avc: denied { search } for comm="GpuAppSpectator" name="3766" dev="proc" ino=24800 scontext=u:r:gas_srv:s0 tcontext=u:r:system_app:s0 tclass=dir permissive=0
01-01 12:17:26.940000  2210  2210 I auditd  : type=1400 audit(0.0:784): avc: denied { search } for comm="GpuAppSpectator" name="3766" dev="proc" ino=24800 scontext=u:r:gas_srv:s0 tcontext=u:r:system_app:s0 tclass=dir permissive=0
01-01 12:17:27.950000  2210  2210 I auditd  : type=1400 audit(0.0:785): avc: denied { search } for comm="GpuAppSpectator" name="3766" dev="proc" ino=24800 scontext=u:r:gas_srv:s0 tcontext=u:r:system_app:s0 tclass=dir permissive=0
01-01 12:17:28.774983   915   963 I am_pss  : [3766,1000,com.android.settings,57276416,52761600]
01-01 12:17:28.806437   915   963 I am_pss  : [3832,10025,android.process.media,15813632,13410304]
01-01 12:17:28.842801   915   963 I am_pss  : [3269,10029,com.google.android.gms,34820096,27316224]
01-01 12:17:28.881014   915   963 I am_pss  : [5984,10106,com.google.android.apps.photos,36292608,26673152]
01-01 12:17:28.910453   915   963 I am_pss  : [3314,10029,com.google.process.gapps,9872384,7770112]
01-01 12:17:28.950000  2210  2210 I auditd  : type=1400 audit(0.0:786): avc: denied { search } for comm="GpuAppSpectator" name="3766" dev="proc" ino=24800 scontext=u:r:gas_srv:s0 tcontext=u:r:system_app:s0 tclass=dir permissive=0
01-01 12:17:29.960000  2210  2210 I auditd  : type=1400 audit(0.0:787): avc: denied { search } for comm="GpuAppSpectator" name="3766" dev="proc" ino=24800 scontext=u:r:gas_srv:s0 tcontext=u:r:system_app:s0 tclass=dir permissive=0
01-01 12:17:30.960000  2210  2210 I auditd  : type=1400 audit(0.0:788): avc: denied { search } for comm="GpuAppSpectator" name="3766" dev="proc" ino=24800 scontext=u:r:gas_srv:s0 tcontext=u:r:system_app:s0 tclass=dir permissive=0
01-01 12:17:31.960000  2210  2210 I auditd  : type=1400 audit(0.0:789): avc: denied { search } for comm="GpuAppSpectator" name="3766" dev="proc" ino=24800 scontext=u:r:gas_srv:s0 tcontext=u:r:system_app:s0 tclass=dir permissive=0
01-01 12:17:32.980000  2210  2210 I auditd  : type=1400 audit(0.0:790): avc: denied { search } for comm="GpuAppSpectator" name="3766" dev="proc" ino=24800 scontext=u:r:gas_srv:s0 tcontext=u:r:system_app:s0 tclass=dir permissive=0
01-01 12:17:33.980000  2210  2210 I auditd  : type=1400 audit(0.0:791): avc: denied { search } for comm="GpuAppSpectator" name="3766" dev="proc" ino=24800 scontext=u:r:gas_srv:s0 tcontext=u:r:system_app:s0 tclass=dir permissive=0
01-01 12:17:34.990000  2210  2210 I auditd  : type=1400 audit(0.0:792): avc: denied { search } for comm="GpuAppSpectator" name="3766" dev="proc" ino=24800 scontext=u:r:gas_srv:s0 tcontext=u:r:system_app:s0 tclass=dir permissive=0
