01-01 12:31:46.660847   246   282 D SurfaceFlinger: requestNextVsync(1176)
01-01 12:31:46.662578   915  1822 D WindowManager: interceptKeyTq keycode=3 interactive=true keyguardActive=false policyFlags=2b000002 down =false canceled = false isWakeKey=false mVolumeDownKeyTriggered =false mVolumeUpKeyTriggered =false result = 1 useHapticFeedback = false isInjected = true
01-01 12:31:46.662701   246   301 D SurfaceFlinger: postEvent(1176, v/c=13354)
01-01 12:31:46.663010   246   301 D SurfaceFlinger: postEvent(1176, v/c=13354)
01-01 12:31:46.663344   915  1035 D WindowManager: interceptKeyTi keyCode=3 down=false repeatCount=0 keyguardOn=false mHomePressed=true canceled=false metaState:0
01-01 12:31:46.662706   246   303 D SurfaceFlinger: postEvent(246, v/c=14339)
01-01 12:31:46.666747   246  2238 D SurfaceFlinger: requestNextVsync(1176)
01-01 12:31:46.669165  1176  1176 D SettingsInterface:  from settings cache , name = sound_effects_enabled , value = 0
01-01 12:31:46.669259   915  1035 D SettingsInterface:  from settings cache , name = dialer_default_application , value = null
01-01 12:31:46.669806  1176  1176 V ViewRootImpl: App handle pointer event: event = MotionEvent { action=ACTION_UP, actionButton=0, id[0]=0, x[0]=356.50485, y[0]=88.006226, toolType[0]=TOOL_TYPE_FINGER, buttonState=0, metaState=0, flags=0x0, edgeFlags=0x0, pointerCount=1, historySize=0, eventTime=1667070, downTime=1667021, deviceId=2, source=0x1002 }, mView = com.android.systemui.statusbar.phone.NavigationBarView{947aa28 V.E...... .......D 0,0-720,96}, this = android.view.ViewRootImpl$ViewPostImeInputStage@c272509
01-01 12:31:46.670254  1176  1176 V ViewRootImpl: finishInputEvent: handled = true,event = MotionEvent { action=ACTION_UP, actionButton=0, id[0]=0, x[0]=356.50485, y[0]=88.006226, toolType[0]=TOOL_TYPE_FINGER, buttonState=0, metaState=0, flags=0x0, edgeFlags=0x0, pointerCount=1, historySize=0, eventTime=1667070, downTime=1667021, deviceId=2, source=0x1002 }, stage = 10: View Post IME stage, this = ViewRoot{4134867 NavigationBar,ident = 2}
01-01 12:31:46.672185  1176  1176 V ViewRootImpl: ViewRoot performTraversals+ : mFirst = false, this = ViewRoot{4134867 NavigationBar,ident = 2}
01-01 12:31:46.677129   246  1058 D SurfaceFlinger: requestNextVsync(246)
01-01 12:31:46.681494   246   303 D SurfaceFlinger: postEvent(246, v/c=14340)
01-01 12:31:46.683672   246   301 D SurfaceFlinger: postEvent(1176, v/c=13355)
01-01 12:31:46.697800  1176  1176 V ViewRootImpl: ViewRoot performTraversals and draw- : mResizeBuffer = null, mResizeAlpha = 0, this = ViewRoot{4134867 NavigationBar,ident = 2} frame#343 (cancelDraw = false)
01-01 12:31:46.698636   246   282 D SurfaceFlinger: requestNextVsync(246)
01-01 12:31:46.699932   246  2238 D SurfaceFlinger: requestNextVsync(1176)
01-01 12:31:46.700078   246   303 D SurfaceFlinger: postEvent(246, v/c=14341)
01-01 12:31:46.707766   246  1058 D SurfaceFlinger: requestNextVsync(246)
01-01 12:31:46.710088  1176  1176 V DisplayEventReceiver: call nativeScheduleVsync mReceiverPtr = 547247832576
01-01 12:31:46.710495   246   282 D SurfaceFlinger: requestNextVsync(1176)
01-01 12:31:46.712631   915   991 V DisplayEventReceiver: call nativeScheduleVsync mReceiverPtr = 547174519936
01-01 12:31:46.713216   246  1058 D SurfaceFlinger: requestNextVsync(915)
01-01 12:31:46.713653   246   280 D SurfaceFlinger: requestNextVsync(246)
01-01 12:31:46.717555  1176  1176 V PanelBar: collapseAllPanels: animate=true waiting=false
01-01 12:31:46.718109  1176  1176 D SettingsInterface:  from settings cache , name = device_provisioned , value = 1
01-01 12:31:46.718584   246   303 D SurfaceFlinger: postEvent(246, v/c=14342)
01-01 12:31:46.718860   246   301 D SurfaceFlinger: postEvent(915, v/c=13357)
01-01 12:31:46.718971   246   301 D SurfaceFlinger: postEvent(1176, v/c=13357)
01-01 12:31:46.719055   246   301 D SurfaceFlinger: postEvent(1176, v/c=13357)
01-01 12:31:46.720715   246   282 D SurfaceFlinger: requestNextVsync(246)
01-01 12:31:46.722621   246   321 D SurfaceFlinger: requestNextVsync(1176)
01-01 12:31:46.723526   915  1079 I libPerfService: 1: set freq: 1300000
01-01 12:31:46.726833   915  1035 I BufferQueue: [unnamed-915-7](this:0x7f64083400,id:7,api:0,p:-1,c:-1) BufferQueue core=(915:system_server)
01-01 12:31:46.727185   915  1035 D BufferQueueDump: [unnamed-915-7] this:0x7f681dff00, value:0x7f66172aec, iLen:6
01-01 12:31:46.727768   915  1035 I BufferQueueConsumer: [unnamed-915-7](this:0x7f64083400,id:7,api:0,p:-1,c:915) connect(C): consumer=(915:system_server) controlledByApp=false
01-01 12:31:46.727866   915  1035 D BufferQueueDump: [unnamed-915-7] this:0x7f681dff00, value:0x7f66172b1c, iLen:6
01-01 12:31:46.728593   915  1035 I BufferQueueConsumer: [unnamed-915-7](this:0x7f64083400,id:7,api:0,p:-1,c:915) setConsumerName: unnamed-915-7
01-01 12:31:46.728674   915  1035 D BufferQueueDump: [ScreenshotClient] this:0x7f681dff00, value:0x7f66172b7c, iLen:6
01-01 12:31:46.728742   915  1035 I BufferQueueConsumer: [ScreenshotClient](this:0x7f64083400,id:7,api:0,p:-1,c:915) setConsumerName: ScreenshotClient
01-01 12:31:46.729059   246   321 D SurfaceFlinger: requestNextVsync(246)
01-01 12:31:46.728658   915  1079 I libPerfService: 1: set: 4
01-01 12:31:46.731054   246   246 D Surface : Surface::connect(this=0x7f9fdd2c00,api=1)
01-01 12:31:46.731749   915  1035 I BufferQueueProducer: [ScreenshotClient](this:0x7f64083400,id:7,api:1,p:246,c:915) connect(P): api=1 producer=(246:/system/bin/surfaceflinger) producerControlledByApp=false
01-01 12:31:46.732263   915  1035 I BufferQueueProducer: [ScreenshotClient](this:0x7f64083400,id:7,api:1,p:246,c:915) new GraphicBuffer needed
01-01 12:31:46.733886   246  1058 I [MALI][Gralloc]: [+]hnd(0x7fa249e220), client(26), share_fd(67), hnd->flags:4
01-01 12:31:46.733977   246  1058 D GraphicBuffer: alloc, handle(0x7fa249e220) (w:384 h:384 s:384 f:0x1 u:0x000333) err(0)
01-01 12:31:46.734505   915  1035 E HAL     : SLCODE-loaded class_id=gralloc 
01-01 12:31:46.734588   915  1035 E HAL     : SLCODE-loaded name=gralloc 
01-01 12:31:46.734652   915  1035 E HAL     : SLCODE-loaded prop_name=ro.hardware.gralloc 
01-01 12:31:46.734714   915  1035 E HAL     : SLCODE-loaded for circle execute 
01-01 12:31:46.734781   915  1035 E HAL     : SLCODE-hw_module_exists HAL_LIBRARY_PATH2=/vendor/lib64/hw, name=gralloc, subname=mt6735 
01-01 12:31:46.734935   915  1035 E HAL     : SLCODE-hw_module_exists HAL_LIBRARY_PATH1=/system/lib64/hw, name=gralloc, subname=mt6735 
01-01 12:31:46.736181   246   303 D SurfaceFlinger: postEvent(246, v/c=14343)
01-01 12:31:46.736344   246   301 D SurfaceFlinger: postEvent(1176, v/c=13358)
01-01 12:31:46.736501   915  1035 E HAL     : SLCODE-hw_module_exists return ENOENT 
01-01 12:31:46.736717   915  1035 E HAL     : SLCODE-hw_module_exists HAL_LIBRARY_PATH2=/vendor/lib64/hw, name=gralloc, subname=MT6737T 
01-01 12:31:46.736883   915  1035 E HAL     : SLCODE-hw_module_exists HAL_LIBRARY_PATH1=/system/lib64/hw, name=gralloc, subname=MT6737T 
01-01 12:31:46.737204   915  1079 D PerfServiceManager: [PerfService] MESSAGE_TIMEOUT:103 
01-01 12:31:46.736986   915  1035 E HAL     : SLCODE-hw_module_exists return ENOENT 
01-01 12:31:46.737304   915  1035 E HAL     : SLCODE-hw_module_exists HAL_LIBRARY_PATH2=/vendor/lib64/hw, name=gralloc, subname=mt6737t 
01-01 12:31:46.737646   915  1035 E HAL     : SLCODE-hw_module_exists HAL_LIBRARY_PATH1=/system/lib64/hw, name=gralloc, subname=mt6737t 
01-01 12:31:46.737771   915  1035 E HAL     : SLCODE-loaded HAL id=gralloc path=/system/lib64/hw/gralloc.mt6737t.so 
01-01 12:31:46.737892   915  1079 I libPerfService: 3: set freq: 1300000
01-01 12:31:46.737993   915  1079 I libPerfService: 3: set vcore level: 0
01-01 12:31:46.739204   915  1035 I [MALI][Gralloc]: [+]r_hnd(0x7f5e5d3420), client(107), share_fd(219)
01-01 12:31:46.739378   915  1035 D GraphicBuffer: register, handle(0x7f5e5d3420) (w:384 h:384 s:384 f:0x1 u:0x000333)
01-01 12:31:46.740033   246   280 D GraphicBuffer: free, handle(0x7fa249e220) (w:384 h:384 s:384 f:0x1 u:0x000333)
01-01 12:31:46.740114   246  2238 D SurfaceFlinger: requestNextVsync(1176)
01-01 12:31:46.740178   246   280 I [MALI][Gralloc]: [-]hnd(0x7fa249e220), client(26), share_fd(67)
01-01 12:31:46.741312   246   246 E HAL     : SLCODE-loaded class_id=gralloc 
01-01 12:31:46.741418   246   246 E HAL     : SLCODE-loaded name=gralloc 
01-01 12:31:46.741482   246   246 E HAL     : SLCODE-loaded prop_name=ro.hardware.gralloc 
01-01 12:31:46.741568   246   246 E HAL     : SLCODE-loaded for circle execute 
01-01 12:31:46.741637   246   246 E HAL     : SLCODE-hw_module_exists HAL_LIBRARY_PATH2=/vendor/lib64/hw, name=gralloc, subname=mt6735 
01-01 12:31:46.741794   246   246 E HAL     : SLCODE-hw_module_exists HAL_LIBRARY_PATH1=/system/lib64/hw, name=gralloc, subname=mt6735 
01-01 12:31:46.741907   246   246 E HAL     : SLCODE-hw_module_exists return ENOENT 
01-01 12:31:46.742062   246   246 E HAL     : SLCODE-hw_module_exists HAL_LIBRARY_PATH2=/vendor/lib64/hw, name=gralloc, subname=MT6737T 
01-01 12:31:46.742212   246   246 E HAL     : SLCODE-hw_module_exists HAL_LIBRARY_PATH1=/system/lib64/hw, name=gralloc, subname=MT6737T 
01-01 12:31:46.742307   246   246 E HAL     : SLCODE-hw_module_exists return ENOENT 
01-01 12:31:46.742373   246   246 E HAL     : SLCODE-hw_module_exists HAL_LIBRARY_PATH2=/vendor/lib64/hw, name=gralloc, subname=mt6737t 
01-01 12:31:46.742621   246   246 E HAL     : SLCODE-hw_module_exists HAL_LIBRARY_PATH1=/system/lib64/hw, name=gralloc, subname=mt6737t 
01-01 12:31:46.742753   246   246 E HAL     : SLCODE-loaded HAL id=gralloc path=/system/lib64/hw/gralloc.mt6737t.so 
01-01 12:31:46.743543   246   246 I [MALI][Gralloc]: [+]r_hnd(0x7fa1f8a5e0), client(26), share_fd(73)
01-01 12:31:46.743645   246   246 D GraphicBuffer: register, handle(0x7fa1f8a5e0) (w:384 h:384 s:384 f:0x1 u:0x000333)
01-01 12:31:46.745573   246   282 D SurfaceFlinger: requestNextVsync(246)
01-01 12:31:46.747971   246   246 D Surface : Surface::disconnect(this=0x7f9fdd2c00,api=1)
01-01 12:31:46.748432   915  1035 I BufferQueueProducer: [ScreenshotClient](this:0x7f64083400,id:7,api:1,p:-1,c:915) disconnect(P): api 1
01-01 12:31:46.748984   246   291 D GraphicBuffer: unregister, handle(0x7fa1f8a5e0) (w:384 h:384 s:384 f:0x1 u:0x000333)
01-01 12:31:46.749040   915  1035 I BufferQueueConsumer: [ScreenshotClient](this:0x7f64083400,id:7,api:1,p:-1,c:915) getReleasedBuffers: returning mask 0xffffffffffffffff
01-01 12:31:46.749077   246   291 E HAL     : SLCODE-loaded class_id=gralloc 
01-01 12:31:46.749136   246   291 E HAL     : SLCODE-loaded name=gralloc 
01-01 12:31:46.749252   246   291 E HAL     : SLCODE-loaded prop_name=ro.hardware.gralloc 
01-01 12:31:46.749314   246   291 E HAL     : SLCODE-loaded for circle execute 
01-01 12:31:46.749377   246   291 E HAL     : SLCODE-hw_module_exists HAL_LIBRARY_PATH2=/vendor/lib64/hw, name=gralloc, subname=mt6735 
01-01 12:31:46.749520   246   291 E HAL     : SLCODE-hw_module_exists HAL_LIBRARY_PATH1=/system/lib64/hw, name=gralloc, subname=mt6735 
01-01 12:31:46.749630   246   291 E HAL     : SLCODE-hw_module_exists return ENOENT 
01-01 12:31:46.749696   246   291 E HAL     : SLCODE-hw_module_exists HAL_LIBRARY_PATH2=/vendor/lib64/hw, name=gralloc, subname=MT6737T 
01-01 12:31:46.749823   246   291 E HAL     : SLCODE-hw_module_exists HAL_LIBRARY_PATH1=/system/lib64/hw, name=gralloc, subname=MT6737T 
01-01 12:31:46.749914   246   291 E HAL     : SLCODE-hw_module_exists return ENOENT 
01-01 12:31:46.749977   246   291 E HAL     : SLCODE-hw_module_exists HAL_LIBRARY_PATH2=/vendor/lib64/hw, name=gralloc, subname=mt6737t 
01-01 12:31:46.750102   246   291 E HAL     : SLCODE-hw_module_exists HAL_LIBRARY_PATH1=/system/lib64/hw, name=gralloc, subname=mt6737t 
01-01 12:31:46.750199   246   291 E HAL     : SLCODE-loaded HAL id=gralloc path=/system/lib64/hw/gralloc.mt6737t.so 
01-01 12:31:46.750753   246   291 I [MALI][Gralloc]: [-]r_hnd(0x7fa1f8a5e0), client(26), share_fd(73)
01-01 12:31:46.751661   246   246 D SurfaceFlinger: requestNextVsync(246)
01-01 12:31:46.751812   246   246 D SurfaceFlinger: requestNextVsync(246)
01-01 12:31:46.754407   246   303 D SurfaceFlinger: postEvent(246, v/c=14344)
01-01 12:31:46.754437   246   301 D SurfaceFlinger: postEvent(1176, v/c=13359)
01-01 12:31:46.758035   915  1035 I BufferQueueConsumer: [ScreenshotClient](this:0x7f64083400,id:7,api:1,p:-1,c:-1) disconnect(C)
01-01 12:31:46.758491   915  1035 D GraphicBuffer: unregister, handle(0x7f5e5d3420) (w:384 h:384 s:384 f:0x1 u:0x000333)
01-01 12:31:46.758589   915  1035 E HAL     : SLCODE-loaded class_id=gralloc 
01-01 12:31:46.758653   915  1035 E HAL     : SLCODE-loaded name=gralloc 
01-01 12:31:46.758667   246   280 D SurfaceFlinger: requestNextVsync(1176)
01-01 12:31:46.758736   915  1035 E HAL     : SLCODE-loaded prop_name=ro.hardware.gralloc 
01-01 12:31:46.758801   915  1035 E HAL     : SLCODE-loaded for circle execute 
01-01 12:31:46.758868   915  1035 E HAL     : SLCODE-hw_module_exists HAL_LIBRARY_PATH2=/vendor/lib64/hw, name=gralloc, subname=mt6735 
01-01 12:31:46.759067   915  1035 E HAL     : SLCODE-hw_module_exists HAL_LIBRARY_PATH1=/system/lib64/hw, name=gralloc, subname=mt6735 
01-01 12:31:46.759175   915  1035 E HAL     : SLCODE-hw_module_exists return ENOENT 
01-01 12:31:46.759241   915  1035 E HAL     : SLCODE-hw_module_exists HAL_LIBRARY_PATH2=/vendor/lib64/hw, name=gralloc, subname=MT6737T 
01-01 12:31:46.759376   915  1035 E HAL     : SLCODE-hw_module_exists HAL_LIBRARY_PATH1=/system/lib64/hw, name=gralloc, subname=MT6737T 
01-01 12:31:46.759469   915  1035 E HAL     : SLCODE-hw_module_exists return ENOENT 
01-01 12:31:46.759537   915  1035 E HAL     : SLCODE-hw_module_exists HAL_LIBRARY_PATH2=/vendor/lib64/hw, name=gralloc, subname=mt6737t 
01-01 12:31:46.759667   915  1035 E HAL     : SLCODE-hw_module_exists HAL_LIBRARY_PATH1=/system/lib64/hw, name=gralloc, subname=mt6737t 
01-01 12:31:46.759770   915  1035 E HAL     : SLCODE-loaded HAL id=gralloc path=/system/lib64/hw/gralloc.mt6737t.so 
01-01 12:31:46.763022   246  1058 D SurfaceFlinger: requestNextVsync(246)
01-01 12:31:46.763620   915  1035 I [MALI][Gralloc]: [-]r_hnd(0x7f5e5d3420), client(107), share_fd(219)
01-01 12:31:46.763867   915  1035 I BufferQueue: [ScreenshotClient](this:0x7f64083400,id:7,api:1,p:-1,c:-1) ~BufferQueueCore
01-01 12:31:46.766109  3091  3091 D MTKLogger/MainActivity: onPause
01-01 12:31:46.772717   246   303 D SurfaceFlinger: postEvent(246, v/c=14345)
01-01 12:31:46.772747   246   301 D SurfaceFlinger: postEvent(1176, v/c=13360)
01-01 12:31:46.776672   246   280 D SurfaceFlinger: requestNextVsync(1176)
01-01 12:31:46.777548  1176  1176 V ViewRootImpl: ViewRoot performTraversals+ : mFirst = false, this = ViewRoot{681d016 StatusBar,ident = 0}
01-01 12:31:46.779574  1505  1505 V DisplayEventReceiver: call nativeScheduleVsync mReceiverPtr = -541080800
01-01 12:31:46.780354   246   282 D SurfaceFlinger: requestNextVsync(1505)
01-01 12:31:46.783317   246   321 D SurfaceFlinger: requestNextVsync(246)
01-01 12:31:46.784161  1176  1176 V ViewRootImpl: ViewRoot performTraversals and draw- : mResizeBuffer = null, mResizeAlpha = 0, this = ViewRoot{681d016 StatusBar,ident = 0} frame#648 (cancelDraw = false)
01-01 12:31:46.787321   915  1552 I libPerfService: perfSetFavorPid - pid:1505, 5e1
01-01 12:31:46.788246   246  1058 D SurfaceFlinger: requestNextVsync(246)
01-01 12:31:46.791010   246   303 D SurfaceFlinger: postEvent(246, v/c=14346)
01-01 12:31:46.791010   246   301 D SurfaceFlinger: postEvent(1505, v/c=13361)
01-01 12:31:46.791186   246   301 D SurfaceFlinger: postEvent(1176, v/c=13361)
01-01 12:31:46.791895  1505  1505 V ViewRootImpl: ViewRoot performTraversals+ : mFirst = false, this = ViewRoot{f1286cc com.asus.launcher/com.android.launcher3.Launcher,ident = 0}
01-01 12:31:46.793451  1505  2117 D OpenGLRenderer: Flushing caches (mode 0)
01-01 12:31:46.793778  1505  2117 D OpenGLRenderer: Flushing caches (mode 0)
01-01 12:31:46.794111   915  1552 D InputReader: InputReader:: getSwitchState lock 
01-01 12:31:46.794210   915  1552 D InputReader: InputReader::getStateLocked:: return 
01-01 12:31:46.796205   246  2238 D SurfaceFlinger: requestNextVsync(1176)
01-01 12:31:46.801450  1176  1207 I System  : FinalizerDaemon: finalize objects = 175
01-01 12:31:46.802464   246   280 D SurfaceFlinger: requestNextVsync(246)
01-01 12:31:46.804627   915   991 V DisplayEventReceiver: call nativeScheduleVsync mReceiverPtr = 547174519936
01-01 12:31:46.805334   246  2238 D SurfaceFlinger: requestNextVsync(915)
01-01 12:31:46.806621  1505  1505 V ViewRootImpl: ViewRoot performTraversals and draw- : mResizeBuffer = null, mResizeAlpha = 0, this = ViewRoot{f1286cc com.asus.launcher/com.android.launcher3.Launcher,ident = 0} frame#-999 (cancelDraw = true)
01-01 12:31:46.809201   246   301 D SurfaceFlinger: postEvent(915, v/c=13362)
01-01 12:31:46.809287   246   303 D SurfaceFlinger: postEvent(246, v/c=14347)
01-01 12:31:46.809350   246   301 D SurfaceFlinger: postEvent(1176, v/c=13362)
01-01 12:31:46.808863  1505  1505 V Launcher: [onNewIntent] called
01-01 12:31:46.813215   246   280 D SurfaceFlinger: requestNextVsync(1176)
01-01 12:31:46.814447   915   991 V DisplayEventReceiver: call nativeScheduleVsync mReceiverPtr = 547174519936
01-01 12:31:46.815299   246   282 D SurfaceFlinger: requestNextVsync(915)
01-01 12:31:46.819033  1505  1505 I Launcher: Time spent in onNewIntent: 10ms
01-01 12:31:46.819994  1505  1505 V DisplayEventReceiver: call nativeScheduleVsync mReceiverPtr = -541080800
01-01 12:31:46.820374   246   280 D SurfaceFlinger: requestNextVsync(1505)
01-01 12:31:46.821309   246  1058 D SurfaceFlinger: requestNextVsync(246)
01-01 12:31:46.825647  1505  1505 D SettingsInterface:  from settings cache , name = asus_analytics , value = 1
01-01 12:31:46.826137  1505  1505 V Launcher: [onResume] called
01-01 12:31:46.827417   246   303 D SurfaceFlinger: postEvent(246, v/c=14348)
01-01 12:31:46.827560   246   301 D SurfaceFlinger: postEvent(915, v/c=13363)
01-01 12:31:46.827671   246   301 D SurfaceFlinger: postEvent(1505, v/c=13363)
01-01 12:31:46.827761   246   301 D SurfaceFlinger: postEvent(1176, v/c=13363)
01-01 12:31:46.829737   915   991 V DisplayEventReceiver: call nativeScheduleVsync mReceiverPtr = 547174519936
01-01 12:31:46.830341   246   282 D SurfaceFlinger: requestNextVsync(915)
01-01 12:31:46.831357   246   280 D SurfaceFlinger: requestNextVsync(1176)
01-01 12:31:46.836444   246  2238 D SurfaceFlinger: requestNextVsync(246)
01-01 12:31:46.844199  1505  1505 V AsusInstallShortcutReceiver: [disableAndFlushInstallQueue] called
01-01 12:31:46.844487  1505  1505 V AsusInstallShortcutReceiver: [flushInstallQueue] called
01-01 12:31:46.844687  1505  1505 D AsusInstallShortcutReceiver: Getting and clearing APPS_PENDING_INSTALL: null
01-01 12:31:46.844939  1505  1505 D AsusAnimationIconReceiver: [disableAndFlushUpdateAppIconQueue] called
01-01 12:31:46.845330  1505  1505 V AVP_LOG : [disableAndShowVirtualPreloadDialog] called
01-01 12:31:46.845697   246   303 D SurfaceFlinger: postEvent(246, v/c=14349)
01-01 12:31:46.845727   246   301 D SurfaceFlinger: postEvent(915, v/c=13364)
01-01 12:31:46.845833   246   301 D SurfaceFlinger: postEvent(1176, v/c=13364)
01-01 12:31:46.847603   915   991 V DisplayEventReceiver: call nativeScheduleVsync mReceiverPtr = 547174519936
01-01 12:31:46.848160   246   282 D SurfaceFlinger: requestNextVsync(915)
01-01 12:31:46.850452   246  2238 D SurfaceFlinger: requestNextVsync(1176)
01-01 12:31:46.852842  1505  1505 V Utilities: isZenLifeWidgetEnabled: false
01-01 12:31:46.853011  1505  1505 I Launcher: Time spent in onResume: 26ms
01-01 12:31:46.857436  1505  1874 V [NotificationChecker]: [getNextCheckTime] next check: 1451649422208
01-01 12:31:46.859703   246   282 D SurfaceFlinger: requestNextVsync(246)
01-01 12:31:46.860395  1505  1505 V PhoneWindow: DecorView setVisiblity: visibility = 0 ,Parent =ViewRoot{f1286cc com.asus.launcher/com.android.launcher3.Launcher,ident = 0}, this =com.android.internal.policy.PhoneWindow$DecorView{a23bf0f V.E...... R.....ID 0,0-720,1280}
01-01 12:31:46.860876  1505  1622 V [NotificationManager]: [getMinNextDialogShowTime] minimum next show time: 0
01-01 12:31:46.861011  1505  1622 D [NotificationManager]: [isQuickFindTipFinished] finished: true
01-01 12:31:46.861644  1505  1874 V [NotificationChecker]: [checkNotification] not connected to Internet, skip checking
01-01 12:31:46.862492  1505  1874 E GoogleTagManager: Invalid macro: enable_smart_search_trial_switch
01-01 12:31:46.862743  1505  1874 D GTMUtils: enable_smart_search_trial_switch : false
01-01 12:31:46.862863  1505  1874 D GTMUtils: enable_smart_search_trial_switch2: false
01-01 12:31:46.863729  1505  1505 V DisplayEventReceiver: call nativeScheduleVsync mReceiverPtr = -541080800
01-01 12:31:46.863995   246   301 D SurfaceFlinger: postEvent(915, v/c=13365)
01-01 12:31:46.864150   246   301 D SurfaceFlinger: postEvent(1176, v/c=13365)
01-01 12:31:46.864427   246   280 D SurfaceFlinger: requestNextVsync(1505)
01-01 12:31:46.864455  1505  1505 V ViewRootImpl: ViewRoot performTraversals+ : mFirst = false, this = ViewRoot{f1286cc com.asus.launcher/com.android.launcher3.Launcher,ident = 0}
01-01 12:31:46.863991   246   303 D SurfaceFlinger: postEvent(246, v/c=14350)
01-01 12:31:46.865805   915   991 V DisplayEventReceiver: call nativeScheduleVsync mReceiverPtr = 547174519936
01-01 12:31:46.866579   246   321 D SurfaceFlinger: requestNextVsync(915)
01-01 12:31:46.867948   246   282 D SurfaceFlinger: requestNextVsync(1176)
01-01 12:31:46.868314   388   487 D SLCODE  : fpfslock_GrabPartialWakeLock:0220:pid=388:ctid=487 => GrabPartialWakeLock
01-01 12:31:46.868530   388   487 D SLCODE  : fpfslock_entry :2023:pid=388:ctid=487 => !!!!select completed..., retval = 0 !!!
01-01 12:31:46.868617   388   487 D SLCODE  : fpfslock_ReleaseWakeLock:0226:pid=388:ctid=487 => ReleaseWakeLock
01-01 12:31:46.870367   915   927 I art     : Background partial concurrent mark sweep GC freed 16198(1409KB) AllocSpace objects, 13(460KB) LOS objects, 15% free, 22MB/26MB, paused 1.144ms total 117.146ms
01-01 12:31:46.875851   246  1058 D SurfaceFlinger: requestNextVsync(246)
01-01 12:31:46.881247   246   246 I BufferQueue: [unnamed-246-99](this:0x7f9d74a400,id:99,api:0,p:-1,c:-1) BufferQueue core=(246:/system/bin/surfaceflinger)
01-01 12:31:46.881541   246   246 D BufferQueueDump: [unnamed-246-99] this:0x7fa24a8f00, value:0x7fcab3256c, iLen:6
01-01 12:31:46.881857   246   246 I BufferQueueConsumer: [unnamed-246-99](this:0x7f9d74a400,id:99,api:0,p:-1,c:246) connect(C): consumer=(246:/system/bin/surfaceflinger) controlledByApp=false
01-01 12:31:46.881934   246   246 D BufferQueueDump: [unnamed-246-99] this:0x7fa24a8f00, value:0x7fcab3258c, iLen:6
01-01 12:31:46.882050   246   246 I BufferQueueConsumer: [unnamed-246-99](this:0x7f9d74a400,id:99,api:0,p:-1,c:246) setConsumerName: unnamed-246-99
01-01 12:31:46.882146   246   246 D BufferQueueDump: [com.asus.launcher/com.android.launcher3.Launcher] this:0x7fa24a8f00, value:0x7fcab325fc, iLen:6
01-01 12:31:46.882219   246   301 D SurfaceFlinger: postEvent(915, v/c=13366)
01-01 12:31:46.882277   246   303 D SurfaceFlinger: postEvent(246, v/c=14351)
01-01 12:31:46.882332   246   301 D SurfaceFlinger: postEvent(1505, v/c=13366)
01-01 12:31:46.882272   246   246 I BufferQueueConsumer: [com.asus.launcher/com.android.launcher3.Launcher](this:0x7f9d74a400,id:99,api:0,p:-1,c:246) setConsumerName: com.asus.launcher/com.android.launcher3.Launcher
01-01 12:31:46.882451   246   301 D SurfaceFlinger: postEvent(1176, v/c=13366)
01-01 12:31:46.882537   246   246 I BufferQueueConsumer: [com.asus.launcher/com.android.launcher3.Launcher](this:0x7f9d74a400,id:99,api:0,p:-1,c:246) setDefaultBufferSize: width=720 height=1280
01-01 12:31:46.882664   246   246 D SurfaceFlinger: requestNextVsync(246)
01-01 12:31:46.884369   246   282 D SurfaceFlinger: requestNextVsync(246)
01-01 12:31:46.886097   246   280 D SurfaceFlinger: requestNextVsync(1176)
01-01 12:31:46.888100  1176  1176 D PhoneStatusBar: setSystemUiVisibility vis=600 mask=ffffffff oldVal=0 newVal=600 diff=600
01-01 12:31:46.890527   246  2238 D SurfaceFlinger: requestNextVsync(246)
01-01 12:31:46.894829   915   991 V DisplayEventReceiver: call nativeScheduleVsync mReceiverPtr = 547174519936
01-01 12:31:46.894796  1505  1505 D Surface : Surface::allocateBuffers(this=0xdf14b800)
01-01 12:31:46.894812  1505  2117 D OpenGLRenderer: CanvasContext() 0xdedb3000 initialize window=0xdf14b808, title=com.asus.launcher/com.android.launcher3.Launcher
01-01 12:31:46.895024  1505  2117 D Surface : Surface::connect(this=0xdf14b800,api=1)
01-01 12:31:46.895478   246   280 D BufferQueueProducer: [](this:0x7f9d74a400,id:99,api:0,p:-1,c:246) allocateBuffers: allocating from 0 buffers up to 4 buffers
01-01 12:31:46.895571   246   321 D SurfaceFlinger: requestNextVsync(915)
01-01 12:31:46.896769   246  1058 I BufferQueueProducer: [com.asus.launcher/com.android.launcher3.Launcher](this:0x7f9d74a400,id:99,api:1,p:1505,c:246) connect(P): api=1 producer=(1505:com.asus.launcher) producerControlledByApp=true
01-01 12:31:46.897183  1505  2117 W libEGL  : [ANDROID_RECORDABLE] format: 1
01-01 12:31:46.898498  1505  2117 D mali_winsys: new_window_surface returns 0x3000
01-01 12:31:46.900361   246   303 D SurfaceFlinger: postEvent(246, v/c=14352)
01-01 12:31:46.900459   246   301 D SurfaceFlinger: postEvent(915, v/c=13367)
01-01 12:31:46.900554   246   301 D SurfaceFlinger: postEvent(1176, v/c=13367)
01-01 12:31:46.903168   915   991 V DisplayEventReceiver: call nativeScheduleVsync mReceiverPtr = 547174519936
01-01 12:31:46.903557   246  1058 D SurfaceFlinger: requestNextVsync(915)
01-01 12:31:46.903955   246  2238 D SurfaceFlinger: requestNextVsync(246)
01-01 12:31:46.904592   246   280 I [MALI][Gralloc]: [+]hnd(0x7fa249e220), client(26), share_fd(71), hnd->flags:4
01-01 12:31:46.904710   246   280 D GraphicBuffer: alloc, handle(0x7fa249e220) (w:720 h:1280 s:720 f:0x1 u:0x000900) err(0)
01-01 12:31:46.904747   246   282 D SurfaceFlinger: requestNextVsync(1176)
01-01 12:31:46.908264   246  2238 D SurfaceFlinger: requestNextVsync(246)
01-01 12:31:46.913534   246   280 I [MALI][Gralloc]: [+]hnd(0x7fa1f8a540), client(26), share_fd(69), hnd->flags:4
01-01 12:31:46.913645   246   280 D GraphicBuffer: alloc, handle(0x7fa1f8a540) (w:720 h:1280 s:720 f:0x1 u:0x000900) err(0)
01-01 12:31:46.918587   246   303 D SurfaceFlinger: postEvent(246, v/c=14353)
01-01 12:31:46.918681   246   301 D SurfaceFlinger: postEvent(915, v/c=13368)
01-01 12:31:46.918795   246   301 D SurfaceFlinger: postEvent(1176, v/c=13368)
01-01 12:31:46.920620   915   991 V DisplayEventReceiver: call nativeScheduleVsync mReceiverPtr = 547174519936
01-01 12:31:46.921197   246   321 D SurfaceFlinger: requestNextVsync(915)
01-01 12:31:46.921278   246   282 D SurfaceFlinger: requestNextVsync(246)
01-01 12:31:46.922243   246   280 I [MALI][Gralloc]: [+]hnd(0x7fa1f890a0), client(26), share_fd(74), hnd->flags:4
01-01 12:31:46.922344   246   280 D GraphicBuffer: alloc, handle(0x7fa1f890a0) (w:720 h:1280 s:720 f:0x1 u:0x000900) err(0)
01-01 12:31:46.922574   246  2238 D SurfaceFlinger: requestNextVsync(1176)
01-01 12:31:46.925627   246   321 D SurfaceFlinger: requestNextVsync(246)
01-01 12:31:46.930902   246   280 I [MALI][Gralloc]: [+]hnd(0x7fa1f89140), client(26), share_fd(60), hnd->flags:4
01-01 12:31:46.931016   246   280 D GraphicBuffer: alloc, handle(0x7fa1f89140) (w:720 h:1280 s:720 f:0x1 u:0x000900) err(0)
01-01 12:31:46.931186   246   280 D BufferQueueProducer: [com.asus.launcher/com.android.launcher3.Launcher](this:0x7f9d74a400,id:99,api:1,p:1505,c:246) allocateBuffers: allocating from 4 buffers up to 4 buffers
01-01 12:31:46.934629  1505  1505 V ViewRootImpl: ViewRoot performTraversals and draw- : mResizeBuffer = null, mResizeAlpha = 0, this = ViewRoot{f1286cc com.asus.launcher/com.android.launcher3.Launcher,ident = 0} frame#452 (cancelDraw = false)
01-01 12:31:46.936214  1505  1505 V ViewRootImpl: ViewRoot performTraversals+ : mFirst = false, this = ViewRoot{f1286cc com.asus.launcher/com.android.launcher3.Launcher,ident = 0}
01-01 12:31:46.936848   246   303 D SurfaceFlinger: postEvent(246, v/c=14354)
01-01 12:31:46.936949   246   301 D SurfaceFlinger: postEvent(915, v/c=13369)
01-01 12:31:46.937057   246   301 D SurfaceFlinger: postEvent(1176, v/c=13369)
01-01 12:31:46.937550  1505  1505 V DisplayEventReceiver: call nativeScheduleVsync mReceiverPtr = -541080800
01-01 12:31:46.937945   246   282 D SurfaceFlinger: requestNextVsync(1505)
01-01 12:31:46.939199   915   991 V DisplayEventReceiver: call nativeScheduleVsync mReceiverPtr = 547174519936
01-01 12:31:46.939877   246  1058 D SurfaceFlinger: requestNextVsync(915)
01-01 12:31:46.939928   246   321 D SurfaceFlinger: requestNextVsync(246)
01-01 12:31:46.940847   246   280 D SurfaceFlinger: requestNextVsync(1176)
01-01 12:31:46.944516   246  1058 D SurfaceFlinger: requestNextVsync(246)
01-01 12:31:46.955249   246   303 D SurfaceFlinger: postEvent(246, v/c=14355)
01-01 12:31:46.955417   246   301 D SurfaceFlinger: postEvent(915, v/c=13370)
01-01 12:31:46.955528   246   301 D SurfaceFlinger: postEvent(1505, v/c=13370)
01-01 12:31:46.955639   246   301 D SurfaceFlinger: postEvent(1176, v/c=13370)
01-01 12:31:46.957743   915   991 V DisplayEventReceiver: call nativeScheduleVsync mReceiverPtr = 547174519936
01-01 12:31:46.958223   246   321 D SurfaceFlinger: requestNextVsync(915)
01-01 12:31:46.958476   246  2238 D SurfaceFlinger: requestNextVsync(246)
01-01 12:31:46.959121   246   282 D SurfaceFlinger: requestNextVsync(1176)
01-01 12:31:46.963758   246  1058 D SurfaceFlinger: requestNextVsync(246)
01-01 12:31:46.973489   246   303 D SurfaceFlinger: postEvent(246, v/c=14356)
01-01 12:31:46.973501   246   301 D SurfaceFlinger: postEvent(915, v/c=13371)
01-01 12:31:46.973653   246   301 D SurfaceFlinger: postEvent(1176, v/c=13371)
01-01 12:31:46.974501   246   321 I BufferQueueProducer: [com.asus.launcher/com.android.launcher3.Launcher](this:0x7f9d74a400,id:99,api:1,p:1505,c:246) new GraphicBuffer needed
01-01 12:31:46.974640   246   321 D GraphicBuffer: free, handle(0x7fa1f89140) (w:720 h:1280 s:720 f:0x1 u:0x000900)
01-01 12:31:46.974854   246   321 I [MALI][Gralloc]: [-]hnd(0x7fa1f89140), client(26), share_fd(60)
01-01 12:31:46.975331   915   991 V DisplayEventReceiver: call nativeScheduleVsync mReceiverPtr = 547174519936
01-01 12:31:46.975704   246  2238 D SurfaceFlinger: requestNextVsync(915)
01-01 12:31:46.976017   246   282 D SurfaceFlinger: requestNextVsync(246)
01-01 12:31:46.977507   246   280 D SurfaceFlinger: requestNextVsync(1176)
01-01 12:31:46.980409   246  2238 D SurfaceFlinger: requestNextVsync(246)
01-01 12:31:46.987411   246   321 I [MALI][Gralloc]: [+]hnd(0x7fa1f89140), client(26), share_fd(60), hnd->flags:4
01-01 12:31:46.987526   246   321 D GraphicBuffer: alloc, handle(0x7fa1f89140) (w:720 h:1280 s:720 f:0x1 u:0x000b00) err(0)
01-01 12:31:46.988355  1505  2117 E HAL     : SLCODE-loaded class_id=gralloc 
01-01 12:31:46.988446  1505  2117 E HAL     : SLCODE-loaded name=gralloc 
01-01 12:31:46.988511  1505  2117 E HAL     : SLCODE-loaded prop_name=ro.hardware.gralloc 
01-01 12:31:46.988572  1505  2117 E HAL     : SLCODE-loaded for circle execute 
01-01 12:31:46.988636  1505  2117 E HAL     : SLCODE-hw_module_exists HAL_LIBRARY_PATH2=/vendor/lib/hw, name=gralloc, subname=mt6735 
01-01 12:31:46.988790  1505  2117 E HAL     : SLCODE-hw_module_exists HAL_LIBRARY_PATH1=/system/lib/hw, name=gralloc, subname=mt6735 
01-01 12:31:46.988901  1505  2117 E HAL     : SLCODE-hw_module_exists return ENOENT 
01-01 12:31:46.988977  1505  2117 E HAL     : SLCODE-hw_module_exists HAL_LIBRARY_PATH2=/vendor/lib/hw, name=gralloc, subname=MT6737T 
01-01 12:31:46.989107  1505  2117 E HAL     : SLCODE-hw_module_exists HAL_LIBRARY_PATH1=/system/lib/hw, name=gralloc, subname=MT6737T 
01-01 12:31:46.989211  1505  2117 E HAL     : SLCODE-hw_module_exists return ENOENT 
01-01 12:31:46.989286  1505  2117 E HAL     : SLCODE-hw_module_exists HAL_LIBRARY_PATH2=/vendor/lib/hw, name=gralloc, subname=mt6737t 
01-01 12:31:46.989416  1505  2117 E HAL     : SLCODE-hw_module_exists HAL_LIBRARY_PATH1=/system/lib/hw, name=gralloc, subname=mt6737t 
01-01 12:31:46.989525  1505  2117 E HAL     : SLCODE-loaded HAL id=gralloc path=/system/lib/hw/gralloc.mt6737t.so 
01-01 12:31:46.990882  1505  2117 I [MALI][Gralloc]: [+]r_hnd(0xe0b685c0), client(75), share_fd(101)
01-01 12:31:46.991038  1505  2117 D GraphicBuffer: register, handle(0xe0b685c0) (w:720 h:1280 s:720 f:0x1 u:0x000b00)
01-01 12:31:46.991595   246   303 D SurfaceFlinger: postEvent(246, v/c=14357)
01-01 12:31:46.991705   246   301 D SurfaceFlinger: postEvent(915, v/c=13372)
01-01 12:31:46.991810   246   301 D SurfaceFlinger: postEvent(1176, v/c=13372)
01-01 12:31:46.993390   915   991 V DisplayEventReceiver: call nativeScheduleVsync mReceiverPtr = 547174519936
01-01 12:31:46.994429   246   280 D SurfaceFlinger: requestNextVsync(915)
01-01 12:31:46.994604   246  2238 D SurfaceFlinger: requestNextVsync(246)
01-01 12:31:46.995668   246   321 D SurfaceFlinger: requestNextVsync(1176)
01-01 12:31:46.998685   246   280 D SurfaceFlinger: requestNextVsync(246)
01-01 12:31:47.001512   246  1058 D SurfaceFlinger: requestNextVsync(246)
01-01 12:31:47.003529  1505  1505 V ViewRootImpl: ViewRoot performTraversals and draw- : mResizeBuffer = null, mResizeAlpha = 0, this = ViewRoot{f1286cc com.asus.launcher/com.android.launcher3.Launcher,ident = 0} frame#453 (cancelDraw = false)
01-01 12:31:47.004433  1176  1176 V WallpaperService: Visibility change in com.android.systemui.ImageWallpaper$DrawableEngine@fc3fd82: 1
01-01 12:31:47.004508  1505  1505 V Launcher: [onWindowFocusChanged]: true, takes: 0ms
01-01 12:31:47.007750  1176  1176 V WallpaperService: onVisibilityChanged(true): com.android.systemui.ImageWallpaper$DrawableEngine@fc3fd82
01-01 12:31:47.007924  1176  1176 V WallpaperService: Offsets change in com.android.systemui.ImageWallpaper$DrawableEngine@fc3fd82: 0.5,0.5
01-01 12:31:47.008218  1176  1176 V ImageWallpaper: onVisibilityChanged: dds = false
01-01 12:31:47.009969   246   303 D SurfaceFlinger: postEvent(246, v/c=14358)
01-01 12:31:47.010188   246   301 D SurfaceFlinger: postEvent(915, v/c=13373)
01-01 12:31:47.010312   246   301 D SurfaceFlinger: postEvent(1176, v/c=13373)
01-01 12:31:47.011508  3091  3091 V DisplayEventReceiver: call nativeScheduleVsync mReceiverPtr = 547277803264
01-01 12:31:47.011909   246   282 D SurfaceFlinger: requestNextVsync(3091)
01-01 12:31:47.014312   246   280 D SurfaceFlinger: requestNextVsync(1176)
01-01 12:31:47.017701   246  2238 D SurfaceFlinger: requestNextVsync(246)
01-01 12:31:47.018439  1505  1505 V InputMethodManager: onWindowFocus: null softInputMode=288 first=true flags=#81910100
01-01 12:31:47.018823  1505  1505 V InputMethodManager: START INPUT: com.android.internal.policy.PhoneWindow$DecorView{a23bf0f V.E...... R......D 0,0-720,1280} ic=null tba=android.view.inputmethod.EditorInfo@e60745e controlFlags=#104
01-01 12:31:47.024098  1176  1176 D PhoneStatusBar: setSystemUiVisibility vis=8600 mask=ffffffff oldVal=600 newVal=8600 diff=8000
01-01 12:31:47.024342  1176  1176 D SettingsInterface:  from settings cache , name = warning_action_bar , value = null
01-01 12:31:47.025745  1176  1176 V ReflectionMethods: ========ReflectionMethods.isSnapView = true ===============
01-01 12:31:47.026093  1176  1176 V DisplayEventReceiver: call nativeScheduleVsync mReceiverPtr = 547247832576
01-01 12:31:47.026634   246   280 D SurfaceFlinger: requestNextVsync(1176)
01-01 12:31:47.028114   246   303 D SurfaceFlinger: postEvent(246, v/c=14359)
01-01 12:31:47.028184   246   301 D SurfaceFlinger: postEvent(3091, v/c=13374)
01-01 12:31:47.028294   246   301 D SurfaceFlinger: postEvent(1176, v/c=13374)
01-01 12:31:47.028381   246   301 D SurfaceFlinger: postEvent(1176, v/c=13374)
01-01 12:31:47.028776  3091  3091 V ViewRootImpl: ViewRoot performTraversals+ : mFirst = false, this = ViewRoot{fdcad92 com.mediatek.mtklogger/com.mediatek.mtklogger.MainActivity,ident = 2}
01-01 12:31:47.030464  3091  5610 D OpenGLRenderer: Flushing caches (mode 0)
01-01 12:31:47.030877  3091  5610 D Surface : Surface::disconnect(this=0x7f6a222e00,api=1)
01-01 12:31:47.031232   246  2238 I BufferQueueProducer: [com.mediatek.mtklogger/com.mediatek.mtklogger.MainActivity](this:0x7f9d749000,id:97,api:1,p:-1,c:246) disconnect(P): api 1
01-01 12:31:47.031759   246  2238 I BufferQueueConsumer: [com.mediatek.mtklogger/com.mediatek.mtklogger.MainActivity](this:0x7f9d749000,id:97,api:1,p:-1,c:246) getReleasedBuffers: returning mask 0xffffffffffffffff
01-01 12:31:47.032114   246  2238 D GraphicBuffer: free, handle(0x7fa1f89280) (w:720 h:1184 s:720 f:0x1 u:0x000b00)
01-01 12:31:47.032340   246  2238 I [MALI][Gralloc]: [-]hnd(0x7fa1f89280), client(26), share_fd(32)
01-01 12:31:47.032513   246   282 D SurfaceFlinger: requestNextVsync(1176)
01-01 12:31:47.032722   246  2238 D GraphicBuffer: free, handle(0x7fa1f898c0) (w:720 h:1184 s:720 f:0x1 u:0x000b00)
01-01 12:31:47.032898   246  2238 I [MALI][Gralloc]: [-]hnd(0x7fa1f898c0), client(26), share_fd(58)
01-01 12:31:47.033178   246  2238 D GraphicBuffer: free, handle(0x7fa1f89c80) (w:720 h:1184 s:720 f:0x1 u:0x000b00)
01-01 12:31:47.033388   246  2238 I [MALI][Gralloc]: [-]hnd(0x7fa1f89c80), client(26), share_fd(59)
01-01 12:31:47.034320  1176  1176 D SettingsInterface:  from settings cache , name = warning_action_bar , value = null
01-01 12:31:47.035750  2196  2210 I PerfService: PerfServiceNative_getPackName
01-01 12:31:47.035572   915   991 V DisplayEventReceiver: call nativeScheduleVsync mReceiverPtr = 547174519936
01-01 12:31:47.037569  3091  5610 D GraphicBuffer: unregister, handle(0x7f6c4dc4a0) (w:720 h:1184 s:720 f:0x1 u:0x000b00)
01-01 12:31:47.037811  3091  5610 E HAL     : SLCODE-loaded class_id=gralloc 
01-01 12:31:47.037882  3091  5610 E HAL     : SLCODE-loaded name=gralloc 
01-01 12:31:47.037948  3091  5610 E HAL     : SLCODE-loaded prop_name=ro.hardware.gralloc 
01-01 12:31:47.038013  3091  5610 E HAL     : SLCODE-loaded for circle execute 
01-01 12:31:47.038082  3091  5610 E HAL     : SLCODE-hw_module_exists HAL_LIBRARY_PATH2=/vendor/lib64/hw, name=gralloc, subname=mt6735 
01-01 12:31:47.038138  1505  1505 V ViewRootImpl: ViewRoot performTraversals+ : mFirst = false, this = ViewRoot{f1286cc com.asus.launcher/com.android.launcher3.Launcher,ident = 0}
01-01 12:31:47.038171  1643  1643 D XT9IME  : onStartInput isInputViewShown() = false isShowInputRequested() = false
01-01 12:31:47.038243  3091  5610 E HAL     : SLCODE-hw_module_exists HAL_LIBRARY_PATH1=/system/lib64/hw, name=gralloc, subname=mt6735 
01-01 12:31:47.038348  3091  5610 E HAL     : SLCODE-hw_module_exists return ENOENT 
01-01 12:31:47.038417  3091  5610 E HAL     : SLCODE-hw_module_exists HAL_LIBRARY_PATH2=/vendor/lib64/hw, name=gralloc, subname=MT6737T 
01-01 12:31:47.038559  3091  5610 E HAL     : SLCODE-hw_module_exists HAL_LIBRARY_PATH1=/system/lib64/hw, name=gralloc, subname=MT6737T 
01-01 12:31:47.038656  3091  5610 E HAL     : SLCODE-hw_module_exists return ENOENT 
01-01 12:31:47.038723  3091  5610 E HAL     : SLCODE-hw_module_exists HAL_LIBRARY_PATH2=/vendor/lib64/hw, name=gralloc, subname=mt6737t 
01-01 12:31:47.038852  3091  5610 E HAL     : SLCODE-hw_module_exists HAL_LIBRARY_PATH1=/system/lib64/hw, name=gralloc, subname=mt6737t 
01-01 12:31:47.038950  3091  5610 E HAL     : SLCODE-loaded HAL id=gralloc path=/system/lib64/hw/gralloc.mt6737t.so 
01-01 12:31:47.040208  3091  5610 I [MALI][Gralloc]: [-]r_hnd(0x7f6c4dc4a0), client(42), share_fd(59)
01-01 12:31:47.040852  3091  5610 D GraphicBuffer: unregister, handle(0x7f67db8320) (w:720 h:1184 s:720 f:0x1 u:0x000b00)
01-01 12:31:47.041082  3091  5610 E HAL     : SLCODE-loaded class_id=gralloc 
01-01 12:31:47.041160  3091  5610 E HAL     : SLCODE-loaded name=gralloc 
01-01 12:31:47.041241  3091  5610 E HAL     : SLCODE-loaded prop_name=ro.hardware.gralloc 
01-01 12:31:47.041325  3091  5610 E HAL     : SLCODE-loaded for circle execute 
01-01 12:31:47.041413  3091  5610 E HAL     : SLCODE-hw_module_exists HAL_LIBRARY_PATH2=/vendor/lib64/hw, name=gralloc, subname=mt6735 
01-01 12:31:47.041576  3091  5610 E HAL     : SLCODE-hw_module_exists HAL_LIBRARY_PATH1=/system/lib64/hw, name=gralloc, subname=mt6735 
01-01 12:31:47.041731  3091  5610 E HAL     : SLCODE-hw_module_exists return ENOENT 
01-01 12:31:47.041801  3091  5610 E HAL     : SLCODE-hw_module_exists HAL_LIBRARY_PATH2=/vendor/lib64/hw, name=gralloc, subname=MT6737T 
01-01 12:31:47.041936  3091  5610 E HAL     : SLCODE-hw_module_exists HAL_LIBRARY_PATH1=/system/lib64/hw, name=gralloc, subname=MT6737T 
01-01 12:31:47.042053  3091  5610 E HAL     : SLCODE-hw_module_exists return ENOENT 
01-01 12:31:47.042126  3091  5610 E HAL     : SLCODE-hw_module_exists HAL_LIBRARY_PATH2=/vendor/lib64/hw, name=gralloc, subname=mt6737t 
01-01 12:31:47.042269  3091  5610 E HAL     : SLCODE-hw_module_exists HAL_LIBRARY_PATH1=/system/lib64/hw, name=gralloc, subname=mt6737t 
01-01 12:31:47.042378  3091  5610 E HAL     : SLCODE-loaded HAL id=gralloc path=/system/lib64/hw/gralloc.mt6737t.so 
01-01 12:31:47.043601  3091  5610 I [MALI][Gralloc]: [-]r_hnd(0x7f67db8320), client(42), share_fd(61)
01-01 12:31:47.044546  3091  5610 D GraphicBuffer: unregister, handle(0x7f6c4def20) (w:720 h:1184 s:720 f:0x1 u:0x000b00)
01-01 12:31:47.044814  3091  5610 E HAL     : SLCODE-loaded class_id=gralloc 
01-01 12:31:47.044901  3091  5610 E HAL     : SLCODE-loaded name=gralloc 
01-01 12:31:47.044965  3091  5610 E HAL     : SLCODE-loaded prop_name=ro.hardware.gralloc 
01-01 12:31:47.045029  3091  5610 E HAL     : SLCODE-loaded for circle execute 
01-01 12:31:47.045302  3091  5610 E HAL     : SLCODE-hw_module_exists HAL_LIBRARY_PATH2=/vendor/lib64/hw, name=gralloc, subname=mt6735 
01-01 12:31:47.045467  3091  5610 E HAL     : SLCODE-hw_module_exists HAL_LIBRARY_PATH1=/system/lib64/hw, name=gralloc, subname=mt6735 
01-01 12:31:47.045563  3091  5610 E HAL     : SLCODE-hw_module_exists return ENOENT 
01-01 12:31:47.045628  3091  5610 E HAL     : SLCODE-hw_module_exists HAL_LIBRARY_PATH2=/vendor/lib64/hw, name=gralloc, subname=MT6737T 
01-01 12:31:47.045754  3091  5610 E HAL     : SLCODE-hw_module_exists HAL_LIBRARY_PATH1=/system/lib64/hw, name=gralloc, subname=MT6737T 
01-01 12:31:47.045844  3091  5610 E HAL     : SLCODE-hw_module_exists return ENOENT 
01-01 12:31:47.045909  3091  5610 E HAL     : SLCODE-hw_module_exists HAL_LIBRARY_PATH2=/vendor/lib64/hw, name=gralloc, subname=mt6737t 
01-01 12:31:47.046032  3091  5610 E HAL     : SLCODE-hw_module_exists HAL_LIBRARY_PATH1=/system/lib64/hw, name=gralloc, subname=mt6737t 
01-01 12:31:47.046130  3091  5610 E HAL     : SLCODE-loaded HAL id=gralloc path=/system/lib64/hw/gralloc.mt6737t.so 
01-01 12:31:47.046375   246   301 D SurfaceFlinger: postEvent(1176, v/c=13375)
01-01 12:31:47.047337  3091  5610 I [MALI][Gralloc]: [-]r_hnd(0x7f6c4def20), client(42), share_fd(57)
01-01 12:31:47.047795  3091  5610 D GraphicBuffer: unregister, handle(0x7f6c4de5c0) (w:720 h:1184 s:720 f:0x1 u:0x000b00)
01-01 12:31:47.047897  3091  5610 E HAL     : SLCODE-loaded class_id=gralloc 
01-01 12:31:47.047959  3091  5610 E HAL     : SLCODE-loaded name=gralloc 
01-01 12:31:47.048022  3091  5610 E HAL     : SLCODE-loaded prop_name=ro.hardware.gralloc 
01-01 12:31:47.048225  3091  5610 E HAL     : SLCODE-loaded for circle execute 
01-01 12:31:47.048296  3091  5610 E HAL     : SLCODE-hw_module_exists HAL_LIBRARY_PATH2=/vendor/lib64/hw, name=gralloc, subname=mt6735 
01-01 12:31:47.048454  3091  5610 E HAL     : SLCODE-hw_module_exists HAL_LIBRARY_PATH1=/system/lib64/hw, name=gralloc, subname=mt6735 
01-01 12:31:47.048559  3091  5610 E HAL     : SLCODE-hw_module_exists return ENOENT 
01-01 12:31:47.048628  3091  5610 E HAL     : SLCODE-hw_module_exists HAL_LIBRARY_PATH2=/vendor/lib64/hw, name=gralloc, subname=MT6737T 
01-01 12:31:47.048765  3091  5610 E HAL     : SLCODE-hw_module_exists HAL_LIBRARY_PATH1=/system/lib64/hw, name=gralloc, subname=MT6737T 
01-01 12:31:47.048864  3091  5610 E HAL     : SLCODE-hw_module_exists return ENOENT 
01-01 12:31:47.048954  3091  5610 E HAL     : SLCODE-hw_module_exists HAL_LIBRARY_PATH2=/vendor/lib64/hw, name=gralloc, subname=mt6737t 
01-01 12:31:47.049096  3091  5610 E HAL     : SLCODE-hw_module_exists HAL_LIBRARY_PATH1=/system/lib64/hw, name=gralloc, subname=mt6737t 
01-01 12:31:47.049200  3091  5610 E HAL     : SLCODE-loaded HAL id=gralloc path=/system/lib64/hw/gralloc.mt6737t.so 
01-01 12:31:47.049960  1176  1176 V ReflectionMethods: ========ReflectionMethods.isSnapView = true ===============
01-01 12:31:47.050452  3091  5610 I [MALI][Gralloc]: [-]r_hnd(0x7f6c4de5c0), client(42), share_fd(60)
01-01 12:31:47.050638  3091  5610 D Surface : Surface::disconnect(this=0x7f6a222e00,api=1)
01-01 12:31:47.051131   246  1058 I BufferQueueProducer: [com.mediatek.mtklogger/com.mediatek.mtklogger.MainActivity](this:0x7f9d749000,id:97,api:1,p:-1,c:246) disconnect(P): api 1
01-01 12:31:47.051497  3091  5610 D OpenGLRenderer: Flushing caches (mode 0)
01-01 12:31:47.052010   915  1822 I libPerfService: perfGetLastBoostPid 1505
01-01 12:31:47.052355   915  1822 D PerfServiceManager: [PerfService] getLastBoostPid 1505 
01-01 12:31:47.052477   915  1822 I libPerfService: perfGetLastBoostPid 1505
01-01 12:31:47.053423   246   280 D SurfaceFlinger: requestNextVsync(915)
01-01 12:31:47.055232  2196  2210 D GasService: FG app changed: from com.mediatek.mtklogger to com.asus.launcher
01-01 12:31:47.055957   246   280 D SurfaceFlinger: requestNextVsync(246)
01-01 12:31:47.057040   246   280 D SurfaceFlinger: requestNextVsync(246)
01-01 12:31:47.057380  1176  1176 V DisplayEventReceiver: call nativeScheduleVsync mReceiverPtr = 547247832576
01-01 12:31:47.057869   915   991 I ActivityManager: [AppLaunch] Displayed Displayed com.asus.launcher/com.android.launcher3.Launcher: +244ms
01-01 12:31:47.058105   915   991 D ActivityManager: AP_PROF:AppLaunch_LaunchTime:com.asus.launcher/com.android.launcher3.Launcher:244:1667492
01-01 12:31:47.059781   246  1058 D SurfaceFlinger: requestNextVsync(1176)
01-01 12:31:47.059504  1176  1176 V ViewRootImpl: ViewRoot performTraversals+ : mFirst = false, this = ViewRoot{681d016 StatusBar,ident = 0}
01-01 12:31:47.062598   246  2238 D SurfaceFlinger: requestNextVsync(1176)
01-01 12:31:47.062666  1176  1176 V ViewRootImpl: ViewRoot performTraversals and draw- : mResizeBuffer = null, mResizeAlpha = 0, this = ViewRoot{681d016 StatusBar,ident = 0} frame#649 (cancelDraw = false)
01-01 12:31:47.062907  1176  1176 V ViewRootImpl: ViewRoot performTraversals+ : mFirst = false, this = ViewRoot{4134867 NavigationBar,ident = 2}
01-01 12:31:47.064542   246   303 D SurfaceFlinger: postEvent(246, v/c=14361)
01-01 12:31:47.064542   246   301 D SurfaceFlinger: postEvent(915, v/c=13376)
01-01 12:31:47.064704   246   301 D SurfaceFlinger: postEvent(1176, v/c=13376)
01-01 12:31:47.064791   246   301 D SurfaceFlinger: postEvent(1176, v/c=13376)
01-01 12:31:47.064939  2014  2158 D SQLiteDatabase: beginTransaction()
01-01 12:31:47.067515  2014  2158 D SQLiteDatabase: endTransaction()
01-01 12:31:47.069807   246   246 I BufferQueueProducer: [FrameBufferSurface_0](this:0x7fa1fd9000,id:0,api:1,p:246,c:246) queueBuffer: fps=18.44 dur=2386.39 max=1550.37 min=15.21
01-01 12:31:47.075465  1505  1505 V ViewRootImpl: ViewRoot performTraversals and draw- : mResizeBuffer = null, mResizeAlpha = 0, this = ViewRoot{f1286cc com.asus.launcher/com.android.launcher3.Launcher,ident = 0} frame#454 (cancelDraw = false)
01-01 12:31:47.076127   246   321 I BufferQueueProducer: [com.asus.launcher/com.android.launcher3.Launcher](this:0x7f9d74a400,id:99,api:1,p:1505,c:246) new GraphicBuffer needed
01-01 12:31:47.076239   246   321 D GraphicBuffer: free, handle(0x7fa1f890a0) (w:720 h:1280 s:720 f:0x1 u:0x000900)
01-01 12:31:47.076582   246   282 D SurfaceFlinger: requestNextVsync(246)
01-01 12:31:47.077792  3091  3091 V ViewRootImpl: ViewRoot performTraversals and draw- : mResizeBuffer = null, mResizeAlpha = 0, this = ViewRoot{fdcad92 com.mediatek.mtklogger/com.mediatek.mtklogger.MainActivity,ident = 2} frame#-999 (cancelDraw = true)
01-01 12:31:47.077894  1176  1176 V ViewRootImpl: ViewRoot performTraversals and draw- : mResizeBuffer = null, mResizeAlpha = 0, this = ViewRoot{4134867 NavigationBar,ident = 2} frame#344 (cancelDraw = false)
01-01 12:31:47.076391   246   321 I [MALI][Gralloc]: [-]hnd(0x7fa1f890a0), client(26), share_fd(74)
01-01 12:31:47.080823   246   280 D SurfaceFlinger: requestNextVsync(246)
01-01 12:31:47.080998  1176  1176 V DisplayEventReceiver: call nativeScheduleVsync mReceiverPtr = 547247832576
01-01 12:31:47.082735   246   303 D SurfaceFlinger: postEvent(246, v/c=14362)
01-01 12:31:47.083591   246   282 D SurfaceFlinger: requestNextVsync(1176)
01-01 12:31:47.084194  1176  1176 V ViewRootImpl: ViewRoot performTraversals+ : mFirst = false, this = ViewRoot{681d016 StatusBar,ident = 0}
01-01 12:31:47.085198   246   282 D SurfaceFlinger: requestNextVsync(1176)
01-01 12:31:47.088445   246   321 I [MALI][Gralloc]: [+]hnd(0x7fa1f890a0), client(26), share_fd(85), hnd->flags:4
01-01 12:31:47.088624   246   321 D GraphicBuffer: alloc, handle(0x7fa1f890a0) (w:720 h:1280 s:720 f:0x1 u:0x000b00) err(0)
01-01 12:31:47.094897   246  2238 D SurfaceFlinger: requestNextVsync(246)
01-01 12:31:47.096064  1176  1176 V ViewRootImpl: ViewRoot performTraversals and draw- : mResizeBuffer = null, mResizeAlpha = 0, this = ViewRoot{681d016 StatusBar,ident = 0} frame#650 (cancelDraw = false)
01-01 12:31:47.096249  1176  1176 V ViewRootImpl: ViewRoot performTraversals+ : mFirst = false, this = ViewRoot{4134867 NavigationBar,ident = 2}
