01-01 12:31:40.139920  3091  5610 E HAL     : SLCODE-hw_module_exists return ENOENT 
01-01 12:31:40.139985  3091  5610 E HAL     : SLCODE-hw_module_exists HAL_LIBRARY_PATH2=/vendor/lib64/hw, name=gralloc, subname=mt6737t 
01-01 12:31:40.140112  3091  5610 E HAL     : SLCODE-hw_module_exists HAL_LIBRARY_PATH1=/system/lib64/hw, name=gralloc, subname=mt6737t 
01-01 12:31:40.140209  3091  5610 E HAL     : SLCODE-loaded HAL id=gralloc path=/system/lib64/hw/gralloc.mt6737t.so 
01-01 12:31:40.140987  3832  8913 V MediaScannerService: handleMessage: what = 11, startId = 2, arguments = Bundle[{mimetype=null, filepath=/storage/emulated/0/mtklog/mobilelog/APLog_2016_0101_122757/properties, listener=android.os.BinderProxy@a2a8107}]
01-01 12:31:40.141484  3091  5610 I [MALI][Gralloc]: [-]r_hnd(0x7f6c4dce00), client(42), share_fd(60)
01-01 12:31:40.141873  3091  5610 D GraphicBuffer: unregister, handle(0x7f6c4de520) (w:720 h:1184 s:720 f:0x1 u:0x000b00)
01-01 12:31:40.141973  3091  5610 E HAL     : SLCODE-loaded class_id=gralloc 
01-01 12:31:40.142035  3091  5610 E HAL     : SLCODE-loaded name=gralloc 
01-01 12:31:40.142097  3091  5610 E HAL     : SLCODE-loaded prop_name=ro.hardware.gralloc 
01-01 12:31:40.142159  3091  5610 E HAL     : SLCODE-loaded for circle execute 
01-01 12:31:40.142226  3091  5610 E HAL     : SLCODE-hw_module_exists HAL_LIBRARY_PATH2=/vendor/lib64/hw, name=gralloc, subname=mt6735 
01-01 12:31:40.142378  3091  5610 E HAL     : SLCODE-hw_module_exists HAL_LIBRARY_PATH1=/system/lib64/hw, name=gralloc, subname=mt6735 
01-01 12:31:40.142510  3091  5610 E HAL     : SLCODE-hw_module_exists return ENOENT 
01-01 12:31:40.142586  3091  5610 E HAL     : SLCODE-hw_module_exists HAL_LIBRARY_PATH2=/vendor/lib64/hw, name=gralloc, subname=MT6737T 
01-01 12:31:40.142720  3091  5610 E HAL     : SLCODE-hw_module_exists HAL_LIBRARY_PATH1=/system/lib64/hw, name=gralloc, subname=MT6737T 
01-01 12:31:40.142825  3091  5610 E HAL     : SLCODE-hw_module_exists return ENOENT 
01-01 12:31:40.142903  3091  5610 E HAL     : SLCODE-hw_module_exists HAL_LIBRARY_PATH2=/vendor/lib64/hw, name=gralloc, subname=mt6737t 
01-01 12:31:40.143031  3091  5610 E HAL     : SLCODE-hw_module_exists HAL_LIBRARY_PATH1=/system/lib64/hw, name=gralloc, subname=mt6737t 
01-01 12:31:40.143146  3091  5610 E HAL     : SLCODE-loaded HAL id=gralloc path=/system/lib64/hw/gralloc.mt6737t.so 
01-01 12:31:40.143675  3832  8913 V MediaProvider: insertInternal>>>: uri=content://media/, match=300, initValues=name=external
01-01 12:31:40.144408  3091  5610 I [MALI][Gralloc]: [-]r_hnd(0x7f6c4de520), client(42), share_fd(64)
01-01 12:31:40.144941  3091  5610 D GraphicBuffer: unregister, handle(0x7f6c4de5c0) (w:720 h:1184 s:720 f:0x1 u:0x000b00)
01-01 12:31:40.145230  3091  5610 E HAL     : SLCODE-loaded class_id=gralloc 
01-01 12:31:40.145347  3091  5610 E HAL     : SLCODE-loaded name=gralloc 
01-01 12:31:40.145418  3091  5610 E HAL     : SLCODE-loaded prop_name=ro.hardware.gralloc 
01-01 12:31:40.145503  3091  5610 E HAL     : SLCODE-loaded for circle execute 
01-01 12:31:40.145605  3091  5610 E HAL     : SLCODE-hw_module_exists HAL_LIBRARY_PATH2=/vendor/lib64/hw, name=gralloc, subname=mt6735 
01-01 12:31:40.145762  3091  5610 E HAL     : SLCODE-hw_module_exists HAL_LIBRARY_PATH1=/system/lib64/hw, name=gralloc, subname=mt6735 
01-01 12:31:40.145883  3091  5610 E HAL     : SLCODE-hw_module_exists return ENOENT 
01-01 12:31:40.145971  3091  5610 E HAL     : SLCODE-hw_module_exists HAL_LIBRARY_PATH2=/vendor/lib64/hw, name=gralloc, subname=MT6737T 
01-01 12:31:40.146107  3091  5610 E HAL     : SLCODE-hw_module_exists HAL_LIBRARY_PATH1=/system/lib64/hw, name=gralloc, subname=MT6737T 
01-01 12:31:40.146203  3091  5610 E HAL     : SLCODE-hw_module_exists return ENOENT 
01-01 12:31:40.146269  3091  5610 E HAL     : SLCODE-hw_module_exists HAL_LIBRARY_PATH2=/vendor/lib64/hw, name=gralloc, subname=mt6737t 
01-01 12:31:40.146400  3091  5610 E HAL     : SLCODE-hw_module_exists HAL_LIBRARY_PATH1=/system/lib64/hw, name=gralloc, subname=mt6737t 
01-01 12:31:40.146503  3091  5610 E HAL     : SLCODE-loaded HAL id=gralloc path=/system/lib64/hw/gralloc.mt6737t.so 
01-01 12:31:40.148154  3091  5610 I [MALI][Gralloc]: [-]r_hnd(0x7f6c4de5c0), client(42), share_fd(63)
01-01 12:31:40.148323  3091  5610 D Surface : Surface::disconnect(this=0x7f6a222000,api=1)
01-01 12:31:40.148420   915  1137 D AppOps  : noteOperation: allowing code 59 uid 10025 package com.android.providers.downloads
01-01 12:31:40.148664   246   321 I BufferQueueProducer: [com.mediatek.mtklogger/com.mediatek.mtklogger.LogFolderListActivity](this:0x7f9d74a400,id:94,api:1,p:-1,c:246) disconnect(P): api 1
01-01 12:31:40.148699   915  1137 D AppOps  : noteOperation: allowing code 60 uid 10025 package com.android.providers.downloads
01-01 12:31:40.148908  3091  5610 D OpenGLRenderer: Flushing caches (mode 0)
01-01 12:31:40.149329   915  1137 D SettingsInterface:  from settings cache , name = sys_storage_threshold_percentage , value = null
01-01 12:31:40.149916   915  1137 D SettingsInterface:  from settings cache , name = sys_storage_threshold_max_bytes , value = null
01-01 12:31:40.151745   246   301 D SurfaceFlinger: postEvent(915, v/c=13265)
01-01 12:31:40.151929   246   303 D SurfaceFlinger: postEvent(246, v/c=14259)
01-01 12:31:40.156573   915  2047 D AppOps  : noteOperation: allowing code 59 uid 10025 package com.android.providers.downloads
01-01 12:31:40.156941   915  2047 D AppOps  : noteOperation: allowing code 60 uid 10025 package com.android.providers.downloads
01-01 12:31:40.157706   915  2047 D SettingsInterface:  from settings cache , name = sys_storage_threshold_percentage , value = null
01-01 12:31:40.158342   915  2047 D SettingsInterface:  from settings cache , name = sys_storage_threshold_max_bytes , value = null
01-01 12:31:40.159211  3832  8913 V MediaProvider: attachVolume>>> volume=external
01-01 12:31:40.162568  3091  3091 V ViewRootImpl: ViewRoot performTraversals and draw- : mResizeBuffer = null, mResizeAlpha = 0, this = ViewRoot{95f6e0b com.mediatek.mtklogger/com.mediatek.mtklogger.LogFolderListActivity,ident = 18} frame#-999 (cancelDraw = true)
01-01 12:31:40.163023   915   991 V DisplayEventReceiver: call nativeScheduleVsync mReceiverPtr = 547174519936
01-01 12:31:40.163581   246   280 D SurfaceFlinger: requestNextVsync(915)
01-01 12:31:40.163690   246  2238 D SurfaceFlinger: requestNextVsync(246)
01-01 12:31:40.163899   915  1138 D AppOps  : noteOperation: allowing code 59 uid 10025 package com.android.providers.downloads
01-01 12:31:40.164243   915  1138 D AppOps  : noteOperation: allowing code 60 uid 10025 package com.android.providers.downloads
01-01 12:31:40.164880   915  1138 D SettingsInterface:  from settings cache , name = sys_storage_threshold_percentage , value = null
01-01 12:31:40.165819   915  1138 D SettingsInterface:  from settings cache , name = sys_storage_threshold_max_bytes , value = null
01-01 12:31:40.169630   915  1822 D AppOps  : noteOperation: allowing code 59 uid 10025 package com.android.providers.downloads
01-01 12:31:40.169948   246   301 D SurfaceFlinger: postEvent(915, v/c=13266)
01-01 12:31:40.170170   246   303 D SurfaceFlinger: postEvent(246, v/c=14260)
01-01 12:31:40.170438   915  1822 D AppOps  : noteOperation: allowing code 60 uid 10025 package com.android.providers.downloads
01-01 12:31:40.171053   915  1822 D SettingsInterface:  from settings cache , name = sys_storage_threshold_percentage , value = null
01-01 12:31:40.171935   915  1822 D SettingsInterface:  from settings cache , name = sys_storage_threshold_max_bytes , value = null
01-01 12:31:40.172036   915   991 V DisplayEventReceiver: call nativeScheduleVsync mReceiverPtr = 547174519936
01-01 12:31:40.173456   246  1058 D SurfaceFlinger: requestNextVsync(915)
01-01 12:31:40.173556   246   282 D SurfaceFlinger: requestNextVsync(246)
01-01 12:31:40.174840  3832  8913 V MediaProvider: attachVolume<<< Already attached external.db
01-01 12:31:40.178270   915  1418 D AppOps  : noteOperation: allowing code 59 uid 10025 package com.android.providers.downloads
01-01 12:31:40.178622   915  1418 D AppOps  : noteOperation: allowing code 60 uid 10025 package com.android.providers.downloads
01-01 12:31:40.179267   915  1418 D SettingsInterface:  from settings cache , name = sys_storage_threshold_percentage , value = null
01-01 12:31:40.179870   915  1418 D SettingsInterface:  from settings cache , name = sys_storage_threshold_max_bytes , value = null
01-01 12:31:40.180733  3832  8913 D MediaProvider: ensureDefaultFolders dcimExist: true
01-01 12:31:40.186526  3832  8913 I StagefrightMediaScanner: StagefrightMediaScanner Constructor
01-01 12:31:40.186907  3832  8913 V MediaScanner: setDefaultRingtoneFileNames: ringtone=Festival.ogg,notification=NewMessage.ogg,alarm=BusyBugs.ogg
01-01 12:31:40.188199   246   301 D SurfaceFlinger: postEvent(915, v/c=13267)
01-01 12:31:40.188420   246   303 D SurfaceFlinger: postEvent(246, v/c=14261)
01-01 12:31:40.190025   915   991 V DisplayEventReceiver: call nativeScheduleVsync mReceiverPtr = 547174519936
01-01 12:31:40.193056   246   321 D SurfaceFlinger: requestNextVsync(915)
01-01 12:31:40.193627   246   321 D SurfaceFlinger: requestNextVsync(246)
01-01 12:31:40.194363  2014  2014 D TaskWatcherService: pkgName: com.mediatek.mtklogger taskId: 9
01-01 12:31:40.194663  2014  2014 D PowerSaverUtils: isLimitedCpuFrequency prop : 0 ; result : false
01-01 12:31:40.197201   915   941 D AppOps  : noteOperation: allowing code 59 uid 10025 package com.android.providers.downloads
01-01 12:31:40.197615   915   941 D AppOps  : noteOperation: allowing code 60 uid 10025 package com.android.providers.downloads
01-01 12:31:40.198380   915   941 D SettingsInterface:  from settings cache , name = sys_storage_threshold_percentage , value = null
01-01 12:31:40.199037   915   941 D SettingsInterface:  from settings cache , name = sys_storage_threshold_max_bytes , value = null
01-01 12:31:40.203727   915  1822 D AppOps  : noteOperation: allowing code 59 uid 10025 package com.android.providers.downloads
01-01 12:31:40.204078   915  1822 D AppOps  : noteOperation: allowing code 60 uid 10025 package com.android.providers.downloads
01-01 12:31:40.204719   915  1822 D SettingsInterface:  from settings cache , name = sys_storage_threshold_percentage , value = null
01-01 12:31:40.205338   915  1822 D SettingsInterface:  from settings cache , name = sys_storage_threshold_max_bytes , value = null
01-01 12:31:40.206438   246   301 D SurfaceFlinger: postEvent(915, v/c=13268)
01-01 12:31:40.206661   246   303 D SurfaceFlinger: postEvent(246, v/c=14262)
01-01 12:31:40.208337   915   991 V DisplayEventReceiver: call nativeScheduleVsync mReceiverPtr = 547174519936
01-01 12:31:40.208797   246   280 D SurfaceFlinger: requestNextVsync(915)
01-01 12:31:40.209108   246  1058 D SurfaceFlinger: requestNextVsync(246)
01-01 12:31:40.213330  2014  2161 D SQLiteDatabase: beginTransaction()
01-01 12:31:40.213543   915  1137 D AppOps  : noteOperation: allowing code 59 uid 10025 package com.android.providers.downloads
01-01 12:31:40.213853   915  1137 D AppOps  : noteOperation: allowing code 60 uid 10025 package com.android.providers.downloads
01-01 12:31:40.214490   915  1137 D SettingsInterface:  from settings cache , name = sys_storage_threshold_percentage , value = null
01-01 12:31:40.215306   915  1137 D SettingsInterface:  from settings cache , name = sys_storage_threshold_max_bytes , value = null
01-01 12:31:40.216296  2014  2161 D OpenedTimeAppInfoProvider: Update DB : number of affected records : 1
01-01 12:31:40.216457  2014  2161 D SQLiteDatabase: endTransaction()
01-01 12:31:40.218740  3832  8913 V MediaScanner: prescan>>> filePath=/storage/emulated/0/mtklog/mobilelog/APLog_2016_0101_122757/properties,prescanFiles=true
01-01 12:31:40.224710   246   301 D SurfaceFlinger: postEvent(915, v/c=13269)
01-01 12:31:40.224745   246   303 D SurfaceFlinger: postEvent(246, v/c=14263)
01-01 12:31:40.227017   915   991 V DisplayEventReceiver: call nativeScheduleVsync mReceiverPtr = 547174519936
01-01 12:31:40.227607   246   282 D SurfaceFlinger: requestNextVsync(915)
01-01 12:31:40.227658  3832  8913 V MediaScanner: prescan>>> externalPrimaryStoragePathOnM=/storage/emulated/0/, externalSecondaryStoragePathOnM=null
01-01 12:31:40.228970   246   282 D SurfaceFlinger: requestNextVsync(246)
01-01 12:31:40.230533  2014  2030 I System  : FinalizerDaemon: finalize objects = 1075
01-01 12:31:40.231282  3832  8913 E MediaScanner: prescan: ErrnoException! path=/storage/emulated/0/mtklog/mobilelog/APLog_2016_0101_122757/properties
01-01 12:31:40.241140  3832  8913 V MediaProvider: delete>>>: uri=content://media/external/file?deletedata=false, match=700, userWhere=_id IN (?), whereArgs=[241], caller pid = 3832
01-01 12:31:40.241733  3832  8913 D MediaProvider: object removed 241
01-01 12:31:40.242803   246   301 D SurfaceFlinger: postEvent(915, v/c=13270)
01-01 12:31:40.242810   246   303 D SurfaceFlinger: postEvent(246, v/c=14264)
01-01 12:31:40.244724   915   991 V DisplayEventReceiver: call nativeScheduleVsync mReceiverPtr = 547174519936
01-01 12:31:40.245441   246   321 D SurfaceFlinger: requestNextVsync(915)
01-01 12:31:40.245892   246   321 D SurfaceFlinger: requestNextVsync(246)
01-01 12:31:40.250342  3832  8913 V MediaProvider: delete<<<: uri=content://media/external/file?deletedata=false, count=1
01-01 12:31:40.253407  3832  7012 D MtpServer: operation: MTP_OPERATION_GET_OBJECT_PROP_LIST
01-01 12:31:40.253739  3832  7012 E MtpServer: No storage or bad storage!! 
01-01 12:31:40.253948  3832  7012 D MtpServer: sending response 2009
01-01 12:31:40.260988   246   301 D SurfaceFlinger: postEvent(915, v/c=13271)
01-01 12:31:40.260990   246   303 D SurfaceFlinger: postEvent(246, v/c=14265)
01-01 12:31:40.262858   915   991 V DisplayEventReceiver: call nativeScheduleVsync mReceiverPtr = 547174519936
01-01 12:31:40.263492   246  1058 D SurfaceFlinger: requestNextVsync(915)
01-01 12:31:40.263551   246   282 D SurfaceFlinger: requestNextVsync(246)
01-01 12:31:40.269424  3832  8913 V MediaScanner: prescan<<< imageCount=1,videoCount=0, audioCount=2, lastId=241,isEmpty=false
01-01 12:31:40.270588  3832  8913 E MediaScanner: scanSingleFile: Not exist path=/storage/emulated/0/mtklog/mobilelog/APLog_2016_0101_122757/properties
01-01 12:31:40.271384  3091  3104 V MediaScannerConnection: Scanning file /storage/emulated/0/mtklog/mobilelog/APLog_2016_0101_122757/bootprof
01-01 12:31:40.272202  3832  5634 D MediaScannerService: IMediaScannerService.scanFile: /storage/emulated/0/mtklog/mobilelog/APLog_2016_0101_122757/bootprof mimeType: null
01-01 12:31:40.279212   246   301 D SurfaceFlinger: postEvent(915, v/c=13272)
01-01 12:31:40.279356   246   303 D SurfaceFlinger: postEvent(246, v/c=14266)
01-01 12:31:40.279382   915   940 D AppOps  : noteOperation: allowing code 59 uid 10025 package com.android.providers.downloads
01-01 12:31:40.279687   915   940 D AppOps  : noteOperation: allowing code 60 uid 10025 package com.android.providers.downloads
01-01 12:31:40.280301   915   940 D SettingsInterface:  from settings cache , name = sys_storage_threshold_percentage , value = null
01-01 12:31:40.280987   915   991 V DisplayEventReceiver: call nativeScheduleVsync mReceiverPtr = 547174519936
01-01 12:31:40.281640   246   321 D SurfaceFlinger: requestNextVsync(915)
01-01 12:31:40.281697   246   280 D SurfaceFlinger: requestNextVsync(246)
01-01 12:31:40.282240   915   940 D SettingsInterface:  from settings cache , name = sys_storage_threshold_max_bytes , value = null
01-01 12:31:40.284592  3832  8913 V MediaScannerService: handleMessage: what = 11, startId = 3, arguments = Bundle[{mimetype=null, filepath=/storage/emulated/0/mtklog/mobilelog/APLog_2016_0101_122757/bootprof, listener=android.os.BinderProxy@a2a8107}]
01-01 12:31:40.285985  3832  8913 V MediaProvider: insertInternal>>>: uri=content://media/, match=300, initValues=name=external
01-01 12:31:40.288423   915  1552 D AppOps  : noteOperation: allowing code 59 uid 10025 package com.android.providers.downloads
01-01 12:31:40.288759   915  1552 D AppOps  : noteOperation: allowing code 60 uid 10025 package com.android.providers.downloads
01-01 12:31:40.289394   915  1552 D SettingsInterface:  from settings cache , name = sys_storage_threshold_percentage , value = null
01-01 12:31:40.289897   915  1552 D SettingsInterface:  from settings cache , name = sys_storage_threshold_max_bytes , value = null
01-01 12:31:40.292473   915   941 D AppOps  : noteOperation: allowing code 59 uid 10025 package com.android.providers.downloads
01-01 12:31:40.292781   915   941 D AppOps  : noteOperation: allowing code 60 uid 10025 package com.android.providers.downloads
01-01 12:31:40.293397   915   941 D SettingsInterface:  from settings cache , name = sys_storage_threshold_percentage , value = null
01-01 12:31:40.293978   915   941 D SettingsInterface:  from settings cache , name = sys_storage_threshold_max_bytes , value = null
01-01 12:31:40.294925  3832  8913 V MediaProvider: attachVolume>>> volume=external
01-01 12:31:40.297309   915  1773 D AppOps  : noteOperation: allowing code 59 uid 10025 package com.android.providers.downloads
01-01 12:31:40.297415   246   303 D SurfaceFlinger: postEvent(246, v/c=14267)
01-01 12:31:40.297594   246   301 D SurfaceFlinger: postEvent(915, v/c=13273)
01-01 12:31:40.297652   915  1773 D AppOps  : noteOperation: allowing code 60 uid 10025 package com.android.providers.downloads
01-01 12:31:40.298260   915  1773 D SettingsInterface:  from settings cache , name = sys_storage_threshold_percentage , value = null
01-01 12:31:40.298942   915  1773 D SettingsInterface:  from settings cache , name = sys_storage_threshold_max_bytes , value = null
01-01 12:31:40.299585   915   991 V DisplayEventReceiver: call nativeScheduleVsync mReceiverPtr = 547174519936
01-01 12:31:40.300005   246   282 D SurfaceFlinger: requestNextVsync(915)
01-01 12:31:40.300185   246  1058 D SurfaceFlinger: requestNextVsync(246)
01-01 12:31:40.302748   915  1137 D AppOps  : noteOperation: allowing code 59 uid 10025 package com.android.providers.downloads
01-01 12:31:40.303050   915  1137 D AppOps  : noteOperation: allowing code 60 uid 10025 package com.android.providers.downloads
01-01 12:31:40.303616   915  1137 D SettingsInterface:  from settings cache , name = sys_storage_threshold_percentage , value = null
01-01 12:31:40.304062   915  1137 D SettingsInterface:  from settings cache , name = sys_storage_threshold_max_bytes , value = null
01-01 12:31:40.305371  3832  8913 V MediaProvider: attachVolume<<< Already attached external.db
01-01 12:31:40.308047   915  1815 D AppOps  : noteOperation: allowing code 59 uid 10025 package com.android.providers.downloads
01-01 12:31:40.308385   915  1815 D AppOps  : noteOperation: allowing code 60 uid 10025 package com.android.providers.downloads
01-01 12:31:40.309023   915  1815 D SettingsInterface:  from settings cache , name = sys_storage_threshold_percentage , value = null
01-01 12:31:40.309501   915  1815 D SettingsInterface:  from settings cache , name = sys_storage_threshold_max_bytes , value = null
01-01 12:31:40.310336  3832  8913 D MediaProvider: ensureDefaultFolders dcimExist: true
01-01 12:31:40.314687  3832  8913 I StagefrightMediaScanner: StagefrightMediaScanner Constructor
01-01 12:31:40.315215  3832  8913 V MediaScanner: setDefaultRingtoneFileNames: ringtone=Festival.ogg,notification=NewMessage.ogg,alarm=BusyBugs.ogg
01-01 12:31:40.316214   246   303 D SurfaceFlinger: postEvent(246, v/c=14268)
01-01 12:31:40.316779   246   301 D SurfaceFlinger: postEvent(915, v/c=13274)
01-01 12:31:40.318584   915   991 V DisplayEventReceiver: call nativeScheduleVsync mReceiverPtr = 547174519936
01-01 12:31:40.318999   246   280 D SurfaceFlinger: requestNextVsync(915)
01-01 12:31:40.319499   246   321 D SurfaceFlinger: requestNextVsync(246)
01-01 12:31:40.320663   915   941 D AppOps  : noteOperation: allowing code 59 uid 10025 package com.android.providers.downloads
01-01 12:31:40.321014   915   941 D AppOps  : noteOperation: allowing code 60 uid 10025 package com.android.providers.downloads
01-01 12:31:40.321959   915   941 D SettingsInterface:  from settings cache , name = sys_storage_threshold_percentage , value = null
01-01 12:31:40.322470   915   941 D SettingsInterface:  from settings cache , name = sys_storage_threshold_max_bytes , value = null
01-01 12:31:40.325827   915  1418 D AppOps  : noteOperation: allowing code 59 uid 10025 package com.android.providers.downloads
01-01 12:31:40.326155   915  1418 D AppOps  : noteOperation: allowing code 60 uid 10025 package com.android.providers.downloads
01-01 12:31:40.326768   915  1418 D SettingsInterface:  from settings cache , name = sys_storage_threshold_percentage , value = null
01-01 12:31:40.327237   915  1418 D SettingsInterface:  from settings cache , name = sys_storage_threshold_max_bytes , value = null
01-01 12:31:40.329880   915  1989 D AppOps  : noteOperation: allowing code 59 uid 10025 package com.android.providers.downloads
01-01 12:31:40.330284   915  1989 D AppOps  : noteOperation: allowing code 60 uid 10025 package com.android.providers.downloads
01-01 12:31:40.330896   915  1989 D SettingsInterface:  from settings cache , name = sys_storage_threshold_percentage , value = null
01-01 12:31:40.331490   915  1989 D SettingsInterface:  from settings cache , name = sys_storage_threshold_max_bytes , value = null
01-01 12:31:40.333728  3832  8913 V MediaScanner: prescan>>> filePath=/storage/emulated/0/mtklog/mobilelog/APLog_2016_0101_122757/bootprof,prescanFiles=true
01-01 12:31:40.334529   246   301 D SurfaceFlinger: postEvent(915, v/c=13275)
01-01 12:31:40.334616   246   303 D SurfaceFlinger: postEvent(246, v/c=14269)
01-01 12:31:40.337688   246  2238 D SurfaceFlinger: requestNextVsync(246)
01-01 12:31:40.339256  3832  8913 V MediaScanner: prescan>>> externalPrimaryStoragePathOnM=/storage/emulated/0/, externalSecondaryStoragePathOnM=null
01-01 12:31:40.339940   915  1079 I libPerfService: 1: set: 1
01-01 12:31:40.340353   915  1079 I libPerfService: 1: set freq: 0
01-01 12:31:40.340445   915  1079 I libPerfService: 1: set vcore level: 0
01-01 12:31:40.341889  3091  3091 D MTKLogger/LogFolderListActivity: onDestroy()
01-01 12:31:40.342747  3091  3091 I art     : Starting a blocking GC Explicit
01-01 12:31:40.342802   246  1058 D SurfaceFlinger: requestNextVsync(246)
01-01 12:31:40.346636   915   991 V DisplayEventReceiver: call nativeScheduleVsync mReceiverPtr = 547174519936
01-01 12:31:40.347002   246   282 D SurfaceFlinger: requestNextVsync(915)
01-01 12:31:40.348359  3832  8913 E MediaScanner: prescan: ErrnoException! path=/storage/emulated/0/mtklog/mobilelog/APLog_2016_0101_122757/bootprof
01-01 12:31:40.352696   246   303 D SurfaceFlinger: postEvent(246, v/c=14270)
01-01 12:31:40.352911   246   301 D SurfaceFlinger: postEvent(915, v/c=13276)
01-01 12:31:40.353095   246   246 I BufferQueueConsumer: [com.mediatek.mtklogger/com.mediatek.mtklogger.LogFolderListActivity](this:0x7f9d74a400,id:94,api:1,p:-1,c:-1) disconnect(C)
01-01 12:31:40.353668   246   246 I BufferQueue: [com.mediatek.mtklogger/com.mediatek.mtklogger.LogFolderListActivity](this:0x7f9d74a400,id:94,api:1,p:-1,c:-1) ~BufferQueueCore
01-01 12:31:40.354077   246   246 D GraphicBuffer: free, handle(0x7fa1f89140) (w:720 h:1184 s:720 f:0x1 u:0x000b00)
01-01 12:31:40.354265   246   246 I [MALI][Gralloc]: [-]hnd(0x7fa1f89140), client(26), share_fd(52)
01-01 12:31:40.359581   915   991 V DisplayEventReceiver: call nativeScheduleVsync mReceiverPtr = 547174519936
01-01 12:31:40.359960   246  1058 D SurfaceFlinger: requestNextVsync(915)
01-01 12:31:40.361246  3832  8913 V MediaProvider: delete>>>: uri=content://media/external/file?deletedata=false, match=700, userWhere=_id IN (?), whereArgs=[242], caller pid = 3832
01-01 12:31:40.361890  3832  8913 D MediaProvider: object removed 242
01-01 12:31:40.370967   246   301 D SurfaceFlinger: postEvent(915, v/c=13277)
01-01 12:31:40.376591  3832  7012 D MtpServer: operation: MTP_OPERATION_GET_OBJECT_PROP_LIST
01-01 12:31:40.376912  3832  7012 E MtpServer: No storage or bad storage!! 
01-01 12:31:40.376962  3832  8913 V MediaProvider: delete<<<: uri=content://media/external/file?deletedata=false, count=1
01-01 12:31:40.377120  3832  7012 D MtpServer: sending response 2009
01-01 12:31:40.381663  3091  3091 I art     : Explicit concurrent mark sweep GC freed 9663(948KB) AllocSpace objects, 5(144KB) LOS objects, 30% free, 8MB/12MB, paused 456us total 38.620ms
01-01 12:31:40.382729  3091  5610 D OpenGLRenderer: ~CanvasContext() 0x7f6990a000
01-01 12:31:40.382847  3091  5610 D OpenGLRenderer: Flushing caches (mode 0)
01-01 12:31:40.386787  3091  5610 D OpenGLRenderer: ~CanvasContext() 0x7f6a345800
01-01 12:31:40.386906  3091  5610 D OpenGLRenderer: Flushing caches (mode 0)
01-01 12:31:40.393652  3832  8913 V MediaScanner: prescan<<< imageCount=1,videoCount=0, audioCount=2, lastId=242,isEmpty=false
01-01 12:31:40.394523  3832  8913 E MediaScanner: scanSingleFile: Not exist path=/storage/emulated/0/mtklog/mobilelog/APLog_2016_0101_122757/bootprof
01-01 12:31:40.395388  3091  3103 V MediaScannerConnection: Scanning file /storage/emulated/0/mtklog/mobilelog/APLog_2016_0101_122757/cmdline
01-01 12:31:40.396188  3832  5582 D MediaScannerService: IMediaScannerService.scanFile: /storage/emulated/0/mtklog/mobilelog/APLog_2016_0101_122757/cmdline mimeType: null
01-01 12:31:40.396476  3091  5610 D OpenGLRenderer: ~CanvasContext() 0x7f6c01d000
01-01 12:31:40.396562  3091  5610 D OpenGLRenderer: Flushing caches (mode 0)
01-01 12:31:40.401579  3091  5610 D OpenGLRenderer: ~CanvasContext() 0x7f6a291800
01-01 12:31:40.401703  3091  5610 D OpenGLRenderer: Flushing caches (mode 0)
01-01 12:31:40.403269   915  1994 D AppOps  : noteOperation: allowing code 59 uid 10025 package com.android.providers.downloads
01-01 12:31:40.403590   915  1994 D AppOps  : noteOperation: allowing code 60 uid 10025 package com.android.providers.downloads
01-01 12:31:40.404175   915  1994 D SettingsInterface:  from settings cache , name = sys_storage_threshold_percentage , value = null
01-01 12:31:40.406153   915  1994 D SettingsInterface:  from settings cache , name = sys_storage_threshold_max_bytes , value = null
01-01 12:31:40.408189  3832  8913 V MediaScannerService: handleMessage: what = 11, startId = 4, arguments = Bundle[{mimetype=null, filepath=/storage/emulated/0/mtklog/mobilelog/APLog_2016_0101_122757/cmdline, listener=android.os.BinderProxy@a2a8107}]
01-01 12:31:40.408619  3091  3091 I art     : Starting a blocking GC Explicit
01-01 12:31:40.409906  3832  8913 V MediaProvider: insertInternal>>>: uri=content://media/, match=300, initValues=name=external
01-01 12:31:40.412065   915   941 D AppOps  : noteOperation: allowing code 59 uid 10025 package com.android.providers.downloads
01-01 12:31:40.412388   915   941 D AppOps  : noteOperation: allowing code 60 uid 10025 package com.android.providers.downloads
01-01 12:31:40.412974   915   941 D SettingsInterface:  from settings cache , name = sys_storage_threshold_percentage , value = null
01-01 12:31:40.413471   915   941 D SettingsInterface:  from settings cache , name = sys_storage_threshold_max_bytes , value = null
01-01 12:31:40.416646   915  1989 D AppOps  : noteOperation: allowing code 59 uid 10025 package com.android.providers.downloads
01-01 12:31:40.416957   915  1989 D AppOps  : noteOperation: allowing code 60 uid 10025 package com.android.providers.downloads
01-01 12:31:40.417526   915  1989 D SettingsInterface:  from settings cache , name = sys_storage_threshold_percentage , value = null
01-01 12:31:40.418023   915  1989 D SettingsInterface:  from settings cache , name = sys_storage_threshold_max_bytes , value = null
01-01 12:31:40.418849  3832  8913 V MediaProvider: attachVolume>>> volume=external
01-01 12:31:40.420936   915  1489 D AppOps  : noteOperation: allowing code 59 uid 10025 package com.android.providers.downloads
01-01 12:31:40.421246   915  1489 D AppOps  : noteOperation: allowing code 60 uid 10025 package com.android.providers.downloads
01-01 12:31:40.421818   915  1489 D SettingsInterface:  from settings cache , name = sys_storage_threshold_percentage , value = null
01-01 12:31:40.422285   915  1489 D SettingsInterface:  from settings cache , name = sys_storage_threshold_max_bytes , value = null
01-01 12:31:40.424861   915   940 D AppOps  : noteOperation: allowing code 59 uid 10025 package com.android.providers.downloads
01-01 12:31:40.425351   915   940 D AppOps  : noteOperation: allowing code 60 uid 10025 package com.android.providers.downloads
01-01 12:31:40.425984   915   940 D SettingsInterface:  from settings cache , name = sys_storage_threshold_percentage , value = null
01-01 12:31:40.426494   915   940 D SettingsInterface:  from settings cache , name = sys_storage_threshold_max_bytes , value = null
01-01 12:31:40.427509  3832  8913 V MediaProvider: attachVolume<<< Already attached external.db
01-01 12:31:40.429636   915  1552 D AppOps  : noteOperation: allowing code 59 uid 10025 package com.android.providers.downloads
01-01 12:31:40.429949   915  1552 D AppOps  : noteOperation: allowing code 60 uid 10025 package com.android.providers.downloads
01-01 12:31:40.430525   915  1552 D SettingsInterface:  from settings cache , name = sys_storage_threshold_percentage , value = null
01-01 12:31:40.431024   915  1552 D SettingsInterface:  from settings cache , name = sys_storage_threshold_max_bytes , value = null
01-01 12:31:40.431846  3832  8913 D MediaProvider: ensureDefaultFolders dcimExist: true
01-01 12:31:40.437677  3091  3091 I art     : Explicit concurrent mark sweep GC freed 6916(613KB) AllocSpace objects, 9(216KB) LOS objects, 32% free, 8MB/12MB, paused 580us total 28.752ms
01-01 12:31:40.437825  3091  3091 I art     : Starting a blocking GC Explicit
01-01 12:31:40.438159  3832  8913 I StagefrightMediaScanner: StagefrightMediaScanner Constructor
01-01 12:31:40.438542  3832  8913 V MediaScanner: setDefaultRingtoneFileNames: ringtone=Festival.ogg,notification=NewMessage.ogg,alarm=BusyBugs.ogg
01-01 12:31:40.441303   915   941 D AppOps  : noteOperation: allowing code 59 uid 10025 package com.android.providers.downloads
01-01 12:31:40.441630   915   941 D AppOps  : noteOperation: allowing code 60 uid 10025 package com.android.providers.downloads
01-01 12:31:40.442213   915   941 D SettingsInterface:  from settings cache , name = sys_storage_threshold_percentage , value = null
01-01 12:31:40.442702   915   941 D SettingsInterface:  from settings cache , name = sys_storage_threshold_max_bytes , value = null
01-01 12:31:40.445603   915  1989 D AppOps  : noteOperation: allowing code 59 uid 10025 package com.android.providers.downloads
01-01 12:31:40.445913   915  1989 D AppOps  : noteOperation: allowing code 60 uid 10025 package com.android.providers.downloads
01-01 12:31:40.446484   915  1989 D SettingsInterface:  from settings cache , name = sys_storage_threshold_percentage , value = null
01-01 12:31:40.446964   915  1989 D SettingsInterface:  from settings cache , name = sys_storage_threshold_max_bytes , value = null
01-01 12:31:40.449556   915  1489 D AppOps  : noteOperation: allowing code 59 uid 10025 package com.android.providers.downloads
01-01 12:31:40.449865   915  1489 D AppOps  : noteOperation: allowing code 60 uid 10025 package com.android.providers.downloads
01-01 12:31:40.450437   915  1489 D SettingsInterface:  from settings cache , name = sys_storage_threshold_percentage , value = null
01-01 12:31:40.450912   915  1489 D SettingsInterface:  from settings cache , name = sys_storage_threshold_max_bytes , value = null
01-01 12:31:40.453269  3832  8913 V MediaScanner: prescan>>> filePath=/storage/emulated/0/mtklog/mobilelog/APLog_2016_0101_122757/cmdline,prescanFiles=true
01-01 12:31:40.457516  3832  8913 V MediaScanner: prescan>>> externalPrimaryStoragePathOnM=/storage/emulated/0/, externalSecondaryStoragePathOnM=null
01-01 12:31:40.458494  3832  8913 E MediaScanner: prescan: ErrnoException! path=/storage/emulated/0/mtklog/mobilelog/APLog_2016_0101_122757/cmdline
01-01 12:31:40.464813  3091  3091 I art     : Explicit concurrent mark sweep GC freed 3(96B) AllocSpace objects, 0(0B) LOS objects, 32% free, 8MB/12MB, paused 439us total 26.778ms
01-01 12:31:40.467341  3832  8913 V MediaProvider: delete>>>: uri=content://media/external/file?deletedata=false, match=700, userWhere=_id IN (?), whereArgs=[243], caller pid = 3832
01-01 12:31:40.467944  3832  8913 D MediaProvider: object removed 243
01-01 12:31:40.473513  3091  3091 E StrictMode: class com.mediatek.mtklogger.LogFolderListActivity; instances=2; limit=1
01-01 12:31:40.473513  3091  3091 E StrictMode: android.os.StrictMode$InstanceCountViolation: class com.mediatek.mtklogger.LogFolderListActivity; instances=2; limit=1
01-01 12:31:40.473513  3091  3091 E StrictMode: 	at android.os.StrictMode.setClassInstanceLimit(StrictMode.java:1)
01-01 12:31:40.475702  3091  3091 V DisplayEventReceiver: call nativeScheduleVsync mReceiverPtr = 547277803264
01-01 12:31:40.476192   246   321 D SurfaceFlinger: requestNextVsync(3091)
01-01 12:31:40.478172  3091  5610 D OpenGLRenderer: Flushing caches (mode 0)
01-01 12:31:40.478490  3091  5610 D OpenGLRenderer: Flushing caches (mode 0)
01-01 12:31:40.479901  3832  7012 D MtpServer: operation: MTP_OPERATION_GET_OBJECT_PROP_LIST
01-01 12:31:40.480241   246   301 D SurfaceFlinger: postEvent(3091, v/c=13279)
01-01 12:31:40.480427  3832  7012 E MtpServer: No storage or bad storage!! 
01-01 12:31:40.480645  3832  7012 D MtpServer: sending response 2009
01-01 12:31:40.482799  3832  8913 V MediaProvider: delete<<<: uri=content://media/external/file?deletedata=false, count=1
01-01 12:31:40.484361   915   991 V DisplayEventReceiver: call nativeScheduleVsync mReceiverPtr = 547174519936
01-01 12:31:40.484848   246  1058 D SurfaceFlinger: requestNextVsync(915)
01-01 12:31:40.486836  3091  3091 D WindowClient: Remove from mViews: com.android.internal.policy.PhoneWindow$DecorView{2aef046 V.E...... R......D 0,0-720,1184}, this = android.view.WindowManagerGlobal@7574f6a
01-01 12:31:40.489607  3091  3091 E StrictMode: null
01-01 12:31:40.489607  3091  3091 E StrictMode: android.app.ServiceConnectionLeaked: Activity com.mediatek.mtklogger.LogFolderListActivity has leaked ServiceConnection android.media.MediaScannerConnection@79d0857 that was originally bound here
01-01 12:31:40.489607  3091  3091 E StrictMode: 	at android.app.LoadedApk$ServiceDispatcher.<init>(LoadedApk.java:1145)
01-01 12:31:40.489607  3091  3091 E StrictMode: 	at android.app.LoadedApk.getServiceDispatcher(LoadedApk.java:1039)
01-01 12:31:40.489607  3091  3091 E StrictMode: 	at android.app.ContextImpl.bindServiceCommon(ContextImpl.java:1320)
01-01 12:31:40.489607  3091  3091 E StrictMode: 	at android.app.ContextImpl.bindService(ContextImpl.java:1303)
01-01 12:31:40.489607  3091  3091 E StrictMode: 	at android.content.ContextWrapper.bindService(ContextWrapper.java:612)
01-01 12:31:40.489607  3091  3091 E StrictMode: 	at android.media.MediaScannerConnection.connect(MediaScannerConnection.java:125)
01-01 12:31:40.489607  3091  3091 E StrictMode: 	at android.media.MediaScannerConnection.scanFile(MediaScannerConnection.java:244)
01-01 12:31:40.489607  3091  3091 E StrictMode: 	at com.mediatek.mtklogger.utils.Utils.updateLogFilesInMediaProviderSync(Utils.java:1715)
01-01 12:31:40.489607  3091  3091 E StrictMode: 	at com.mediatek.mtklogger.utils.Utils.updateLogFilesInMediaProviderSync(Utils.java:1684)
01-01 12:31:40.489607  3091  3091 E StrictMode: 	at com.mediatek.mtklogger.utils.Utils.-wrap0(Utils.java)
01-01 12:31:40.489607  3091  3091 E StrictMode: 	at com.mediatek.mtklogger.utils.Utils$1.run(Utils.java:1651)
01-01 12:31:40.497412   915  2047 D SettingsInterface:  from settings cache , name = dropbox:system_app_strictmode , value = null
01-01 12:31:40.498466   246   301 D SurfaceFlinger: postEvent(915, v/c=13280)
01-01 12:31:40.500936  3832  8913 V MediaScanner: prescan<<< imageCount=1,videoCount=0, audioCount=2, lastId=243,isEmpty=false
01-01 12:31:40.501838  3832  8913 E MediaScanner: scanSingleFile: Not exist path=/storage/emulated/0/mtklog/mobilelog/APLog_2016_0101_122757/cmdline
01-01 12:31:40.502512  3091  4077 V MediaScannerConnection: Scanning file /storage/emulated/0/mtklog/mobilelog/APLog_2016_0101_122757/main_log
01-01 12:31:40.503216  3832  3863 D MediaScannerService: IMediaScannerService.scanFile: /storage/emulated/0/mtklog/mobilelog/APLog_2016_0101_122757/main_log mimeType: null
01-01 12:31:40.504725  3832  3832 D MediaScannerService: onDestroy
01-01 12:31:40.513823  3832  3832 D MediaScannerService: onCreate: CpuCoreNum = 4, isLowRamDevice = false
01-01 12:31:40.517033   915  1773 D AppOps  : noteOperation: allowing code 59 uid 10025 package com.android.providers.downloads
01-01 12:31:40.517334   915  1773 D AppOps  : noteOperation: allowing code 60 uid 10025 package com.android.providers.downloads
01-01 12:31:40.517902   915  1773 D SettingsInterface:  from settings cache , name = sys_storage_threshold_percentage , value = null
01-01 12:31:40.519660   915  1773 D SettingsInterface:  from settings cache , name = sys_storage_threshold_max_bytes , value = null
01-01 12:31:40.522748  3832  8920 I art     : Starting a blocking GC Explicit
01-01 12:31:40.524779  3832  3832 D MediaScannerService: onCreate : mIsThreadPoolEnable = true
01-01 12:31:40.546931  3832  8920 I art     : Explicit concurrent mark sweep GC freed 4099(456KB) AllocSpace objects, 0(0B) LOS objects, 20% free, 7MB/9MB, paused 191us total 23.881ms
01-01 12:31:40.548050  3832  3843 I StagefrightMediaScanner: StagefrightMediaScanner destructor
01-01 12:31:40.548686  3832  3843 I StagefrightMediaScanner: StagefrightMediaScanner destructor
01-01 12:31:40.549286  3832  3843 I StagefrightMediaScanner: StagefrightMediaScanner destructor
01-01 12:31:40.549808  3832  3843 I StagefrightMediaScanner: StagefrightMediaScanner destructor
01-01 12:31:40.554174  3832  8920 V MediaScannerService: service handle finish created
01-01 12:31:40.628316   915  1137 D AppOps  : noteOperation: allowing code 59 uid 10025 package com.android.providers.downloads
01-01 12:31:40.628623   915  1137 D AppOps  : noteOperation: allowing code 60 uid 10025 package com.android.providers.downloads
01-01 12:31:40.629184   915  1137 D SettingsInterface:  from settings cache , name = sys_storage_threshold_percentage , value = null
01-01 12:31:40.630933   915  1137 D SettingsInterface:  from settings cache , name = sys_storage_threshold_max_bytes , value = null
01-01 12:31:40.632829  3832  8920 V MediaScannerService: handleMessage: what = 11, startId = 1, arguments = Bundle[{mimetype=null, filepath=/storage/emulated/0/mtklog/mobilelog/APLog_2016_0101_122757/main_log, listener=android.os.BinderProxy@ae8a3cc}]
01-01 12:31:40.634143  3832  8920 V MediaProvider: insertInternal>>>: uri=content://media/, match=300, initValues=name=external
01-01 12:31:40.636411   915  1989 D AppOps  : noteOperation: allowing code 59 uid 10025 package com.android.providers.downloads
01-01 12:31:40.636714   915  1989 D AppOps  : noteOperation: allowing code 60 uid 10025 package com.android.providers.downloads
01-01 12:31:40.637281   915  1989 D SettingsInterface:  from settings cache , name = sys_storage_threshold_percentage , value = null
01-01 12:31:40.637734   915  1989 D SettingsInterface:  from settings cache , name = sys_storage_threshold_max_bytes , value = null
01-01 12:31:40.640176   915  1773 D AppOps  : noteOperation: allowing code 59 uid 10025 package com.android.providers.downloads
01-01 12:31:40.640472   915  1773 D AppOps  : noteOperation: allowing code 60 uid 10025 package com.android.providers.downloads
01-01 12:31:40.641037   915  1773 D SettingsInterface:  from settings cache , name = sys_storage_threshold_percentage , value = null
01-01 12:31:40.641485   915  1773 D SettingsInterface:  from settings cache , name = sys_storage_threshold_max_bytes , value = null
01-01 12:31:40.642244  3832  8920 V MediaProvider: attachVolume>>> volume=external
01-01 12:31:40.644242   915  1552 D AppOps  : noteOperation: allowing code 59 uid 10025 package com.android.providers.downloads
01-01 12:31:40.644533   915  1552 D AppOps  : noteOperation: allowing code 60 uid 10025 package com.android.providers.downloads
01-01 12:31:40.645194   915  1552 D SettingsInterface:  from settings cache , name = sys_storage_threshold_percentage , value = null
01-01 12:31:40.645659   915  1552 D SettingsInterface:  from settings cache , name = sys_storage_threshold_max_bytes , value = null
01-01 12:31:40.648044   915   940 D AppOps  : noteOperation: allowing code 59 uid 10025 package com.android.providers.downloads
01-01 12:31:40.648347   915   940 D AppOps  : noteOperation: allowing code 60 uid 10025 package com.android.providers.downloads
01-01 12:31:40.648926   915   940 D SettingsInterface:  from settings cache , name = sys_storage_threshold_percentage , value = null
01-01 12:31:40.649379   915   940 D SettingsInterface:  from settings cache , name = sys_storage_threshold_max_bytes , value = null
01-01 12:31:40.650394  3832  8920 V MediaProvider: attachVolume<<< Already attached external.db
01-01 12:31:40.652487   915  1418 D AppOps  : noteOperation: allowing code 59 uid 10025 package com.android.providers.downloads
01-01 12:31:40.652786   915  1418 D AppOps  : noteOperation: allowing code 60 uid 10025 package com.android.providers.downloads
01-01 12:31:40.653354   915  1418 D SettingsInterface:  from settings cache , name = sys_storage_threshold_percentage , value = null
01-01 12:31:40.653802   915  1418 D SettingsInterface:  from settings cache , name = sys_storage_threshold_max_bytes , value = null
01-01 12:31:40.654543  3832  8920 D MediaProvider: ensureDefaultFolders dcimExist: true
01-01 12:31:40.660285  3832  8920 I StagefrightMediaScanner: StagefrightMediaScanner Constructor
01-01 12:31:40.660754  3832  8920 V MediaScanner: setDefaultRingtoneFileNames: ringtone=Festival.ogg,notification=NewMessage.ogg,alarm=BusyBugs.ogg
01-01 12:31:40.663371   915  1989 D AppOps  : noteOperation: allowing code 59 uid 10025 package com.android.providers.downloads
01-01 12:31:40.663776   915  1989 D AppOps  : noteOperation: allowing code 60 uid 10025 package com.android.providers.downloads
01-01 12:31:40.664525   915  1989 D SettingsInterface:  from settings cache , name = sys_storage_threshold_percentage , value = null
01-01 12:31:40.665308   915  1989 D SettingsInterface:  from settings cache , name = sys_storage_threshold_max_bytes , value = null
01-01 12:31:40.668448   915  1992 D AppOps  : noteOperation: allowing code 59 uid 10025 package com.android.providers.downloads
01-01 12:31:40.668844   915  1992 D AppOps  : noteOperation: allowing code 60 uid 10025 package com.android.providers.downloads
01-01 12:31:40.669560   915  1992 D SettingsInterface:  from settings cache , name = sys_storage_threshold_percentage , value = null
01-01 12:31:40.670164   915  1992 D SettingsInterface:  from settings cache , name = sys_storage_threshold_max_bytes , value = null
01-01 12:31:40.673650   915  1489 D AppOps  : noteOperation: allowing code 59 uid 10025 package com.android.providers.downloads
01-01 12:31:40.674038   915  1489 D AppOps  : noteOperation: allowing code 60 uid 10025 package com.android.providers.downloads
01-01 12:31:40.674757   915  1489 D SettingsInterface:  from settings cache , name = sys_storage_threshold_percentage , value = null
01-01 12:31:40.675530   915  1489 D SettingsInterface:  from settings cache , name = sys_storage_threshold_max_bytes , value = null
01-01 12:31:40.678308  3832  8920 V MediaScanner: prescan>>> filePath=/storage/emulated/0/mtklog/mobilelog/APLog_2016_0101_122757/main_log,prescanFiles=true
01-01 12:31:40.683263  3832  8920 V MediaScanner: prescan>>> externalPrimaryStoragePathOnM=/storage/emulated/0/, externalSecondaryStoragePathOnM=null
01-01 12:31:40.684424  3832  8920 E MediaScanner: prescan: ErrnoException! path=/storage/emulated/0/mtklog/mobilelog/APLog_2016_0101_122757/main_log
01-01 12:31:40.694764  3832  8920 V MediaProvider: delete>>>: uri=content://media/external/file?deletedata=false, match=700, userWhere=_id IN (?), whereArgs=[244], caller pid = 3832
01-01 12:31:40.695841  3832  8920 D MediaProvider: object removed 244
01-01 12:31:40.705749  3832  8920 V MediaProvider: delete<<<: uri=content://media/external/file?deletedata=false, count=1
01-01 12:31:40.706650  3832  7012 D MtpServer: operation: MTP_OPERATION_GET_OBJECT_PROP_LIST
01-01 12:31:40.707097  3832  7012 E MtpServer: No storage or bad storage!! 
01-01 12:31:40.707653  3832  7012 D MtpServer: sending response 2009
01-01 12:31:40.726240  3832  8920 V MediaScanner: prescan<<< imageCount=1,videoCount=0, audioCount=2, lastId=244,isEmpty=false
01-01 12:31:40.727387  3832  8920 E MediaScanner: scanSingleFile: Not exist path=/storage/emulated/0/mtklog/mobilelog/APLog_2016_0101_122757/main_log
01-01 12:31:40.728300  3091  3104 V MediaScannerConnection: Scanning file /storage/emulated/0/mtklog/mobilelog/APLog_2016_0101_122757/crash_log
01-01 12:31:40.729198  3832  5648 D MediaScannerService: IMediaScannerService.scanFile: /storage/emulated/0/mtklog/mobilelog/APLog_2016_0101_122757/crash_log mimeType: null
01-01 12:31:40.731147  3832  3832 D MediaScannerService: onDestroy
01-01 12:31:40.742621  3832  3832 D MediaScannerService: onCreate: CpuCoreNum = 4, isLowRamDevice = false
01-01 12:31:40.747074   915  1822 D AppOps  : noteOperation: allowing code 59 uid 10025 package com.android.providers.downloads
01-01 12:31:40.747563   915  1822 D AppOps  : noteOperation: allowing code 60 uid 10025 package com.android.providers.downloads
01-01 12:31:40.748494   915  1822 D SettingsInterface:  from settings cache , name = sys_storage_threshold_percentage , value = null
01-01 12:31:40.751376   915  1822 D SettingsInterface:  from settings cache , name = sys_storage_threshold_max_bytes , value = null
01-01 12:31:40.756305  3832  8921 I art     : Starting a blocking GC Explicit
01-01 12:31:40.759182  3832  3832 D MediaScannerService: onCreate : mIsThreadPoolEnable = true
01-01 12:31:40.788663  3832  8921 I art     : Explicit concurrent mark sweep GC freed 2324(210KB) AllocSpace objects, 0(0B) LOS objects, 20% free, 7MB/9MB, paused 214us total 31.992ms
01-01 12:31:40.789369  3832  3843 I StagefrightMediaScanner: StagefrightMediaScanner destructor
01-01 12:31:40.796521  3832  8921 V MediaScannerService: service handle finish created
01-01 12:31:40.856761   373   373 I thermal_repeater: oh, queryMdThermalInfo (0)No such file or directory
01-01 12:31:40.862918   915  1989 D AppOps  : noteOperation: allowing code 59 uid 10025 package com.android.providers.downloads
01-01 12:31:40.863244   915  1989 D AppOps  : noteOperation: allowing code 60 uid 10025 package com.android.providers.downloads
01-01 12:31:40.863860   915  1989 D SettingsInterface:  from settings cache , name = sys_storage_threshold_percentage , value = null
01-01 12:31:40.866092   915  1989 D SettingsInterface:  from settings cache , name = sys_storage_threshold_max_bytes , value = null
01-01 12:31:40.868594  3832  8921 V MediaScannerService: handleMessage: what = 11, startId = 1, arguments = Bundle[{mimetype=null, filepath=/storage/emulated/0/mtklog/mobilelog/APLog_2016_0101_122757/crash_log, listener=android.os.BinderProxy@560c1f6}]
01-01 12:31:40.870334  3832  8921 V MediaProvider: insertInternal>>>: uri=content://media/, match=300, initValues=name=external
01-01 12:31:40.872352   373   373 I thermal_repeater: [recvMdThermalInfo] ret=30, strLen=127,  2, 32767, -127, -1, 32767, 18
01-01 12:31:40.873462   915  1552 D AppOps  : noteOperation: allowing code 59 uid 10025 package com.android.providers.downloads
01-01 12:31:40.873821   915  1552 D AppOps  : noteOperation: allowing code 60 uid 10025 package com.android.providers.downloads
01-01 12:31:40.874848   915  1552 D SettingsInterface:  from settings cache , name = sys_storage_threshold_percentage , value = null
01-01 12:31:40.877697   915  1552 D SettingsInterface:  from settings cache , name = sys_storage_threshold_max_bytes , value = null
01-01 12:31:40.887223   915  1137 D AppOps  : noteOperation: allowing code 59 uid 10025 package com.android.providers.downloads
01-01 12:31:40.887668   915  1137 D AppOps  : noteOperation: allowing code 60 uid 10025 package com.android.providers.downloads
01-01 12:31:40.888499   915  1137 D SettingsInterface:  from settings cache , name = sys_storage_threshold_percentage , value = null
01-01 12:31:40.889832   915  1137 D SettingsInterface:  from settings cache , name = sys_storage_threshold_max_bytes , value = null
01-01 12:31:40.891490  3832  8921 V MediaProvider: attachVolume>>> volume=external
01-01 12:31:40.897098   915  1994 D AppOps  : noteOperation: allowing code 59 uid 10025 package com.android.providers.downloads
01-01 12:31:40.897561   915  1994 D AppOps  : noteOperation: allowing code 60 uid 10025 package com.android.providers.downloads
01-01 12:31:40.898353   915  1994 D SettingsInterface:  from settings cache , name = sys_storage_threshold_percentage , value = null
01-01 12:31:40.899178   915  1994 D SettingsInterface:  from settings cache , name = sys_storage_threshold_max_bytes , value = null
01-01 12:31:40.902657   915  1989 D AppOps  : noteOperation: allowing code 59 uid 10025 package com.android.providers.downloads
01-01 12:31:40.903024   915  1989 D AppOps  : noteOperation: allowing code 60 uid 10025 package com.android.providers.downloads
01-01 12:31:40.903701   915  1989 D SettingsInterface:  from settings cache , name = sys_storage_threshold_percentage , value = null
01-01 12:31:40.904287   915  1989 D SettingsInterface:  from settings cache , name = sys_storage_threshold_max_bytes , value = null
