01-01 12:31:44.631462  3091  5610 E HAL     : SLCODE-loaded for circle execute 
01-01 12:31:44.631530  3091  5610 E HAL     : SLCODE-hw_module_exists HAL_LIBRARY_PATH2=/vendor/lib64/hw, name=gralloc, subname=mt6735 
01-01 12:31:44.631675  3091  5610 E HAL     : SLCODE-hw_module_exists HAL_LIBRARY_PATH1=/system/lib64/hw, name=gralloc, subname=mt6735 
01-01 12:31:44.631773  3091  5610 E HAL     : SLCODE-hw_module_exists return ENOENT 
01-01 12:31:44.631840  3091  5610 E HAL     : SLCODE-hw_module_exists HAL_LIBRARY_PATH2=/vendor/lib64/hw, name=gralloc, subname=MT6737T 
01-01 12:31:44.631970  3091  5610 E HAL     : SLCODE-hw_module_exists HAL_LIBRARY_PATH1=/system/lib64/hw, name=gralloc, subname=MT6737T 
01-01 12:31:44.632063  3091  5610 E HAL     : SLCODE-hw_module_exists return ENOENT 
01-01 12:31:44.632143  3091  5610 E HAL     : SLCODE-hw_module_exists HAL_LIBRARY_PATH2=/vendor/lib64/hw, name=gralloc, subname=mt6737t 
01-01 12:31:44.632277  3091  5610 E HAL     : SLCODE-hw_module_exists HAL_LIBRARY_PATH1=/system/lib64/hw, name=gralloc, subname=mt6737t 
01-01 12:31:44.632378  3091  5610 E HAL     : SLCODE-loaded HAL id=gralloc path=/system/lib64/hw/gralloc.mt6737t.so 
01-01 12:31:44.632677   360  8946 E MobileLogD/size: APLog_2016_0101_122757 not in sd anymore
01-01 12:31:44.633600  3091  5610 I [MALI][Gralloc]: [+]r_hnd(0x7f67db83c0), client(42), share_fd(64)
01-01 12:31:44.633697  3091  5610 D GraphicBuffer: register, handle(0x7f67db83c0) (w:684 h:324 s:688 f:0x1 u:0x000b00)
01-01 12:31:44.634094   915  1137 D AppOps  : noteOperation: allowing code 59 uid 10025 package com.android.providers.downloads
01-01 12:31:44.634439   915  1137 D AppOps  : noteOperation: allowing code 60 uid 10025 package com.android.providers.downloads
01-01 12:31:44.634467   360  8946 E MobileLogD/size: delete APLog_2016_0101_122757 (no exist)
01-01 12:31:44.635310   915  1137 D SettingsInterface:  from settings cache , name = sys_storage_threshold_percentage , value = null
01-01 12:31:44.635939   915  1137 D SettingsInterface:  from settings cache , name = sys_storage_threshold_max_bytes , value = null
01-01 12:31:44.637425   246   280 D SurfaceFlinger: requestNextVsync(246)
01-01 12:31:44.638673   246   303 D SurfaceFlinger: postEvent(246, v/c=14278)
01-01 12:31:44.638673   246   301 D SurfaceFlinger: postEvent(915, v/c=13291)
01-01 12:31:44.638857   246   301 D SurfaceFlinger: postEvent(3091, v/c=13291)
01-01 12:31:44.640589  3091  3091 V ViewRootImpl: ViewRoot performTraversals and draw- : mResizeBuffer = null, mResizeAlpha = 0, this = ViewRoot{c39c6d3 开始录制,ident = 22} frame#2 (cancelDraw = false)
01-01 12:31:44.640757   360  8946 I MobileLogD/lib: set cur path: /storage/emulated/0/mtklog/mobilelog/APLog_2016_0101_123144/
01-01 12:31:44.641767   915   991 V DisplayEventReceiver: call nativeScheduleVsync mReceiverPtr = 547174519936
01-01 12:31:44.642047  3091  3091 V DisplayEventReceiver: call nativeScheduleVsync mReceiverPtr = 547277803264
01-01 12:31:44.642435   246  2238 D SurfaceFlinger: requestNextVsync(915)
01-01 12:31:44.642501   246   321 D SurfaceFlinger: requestNextVsync(246)
01-01 12:31:44.643184  3091  3091 V ViewRootImpl: ViewRoot performTraversals+ : mFirst = false, this = ViewRoot{c39c6d3 开始录制,ident = 22}
01-01 12:31:44.644693   246   280 D SurfaceFlinger: requestNextVsync(3091)
01-01 12:31:44.645158   246   280 I BufferQueueProducer: [开始录制](this:0x7f9d74a400,id:98,api:1,p:3091,c:246) new GraphicBuffer needed
01-01 12:31:44.645312   246   280 D GraphicBuffer: free, handle(0x7fa1f8a040) (w:684 h:324 s:688 f:0x1 u:0x000900)
01-01 12:31:44.645434   246   280 I [MALI][Gralloc]: [-]hnd(0x7fa1f8a040), client(26), share_fd(72)
01-01 12:31:44.646822  3091  3091 V ViewRootImpl: ViewRoot performTraversals and draw- : mResizeBuffer = null, mResizeAlpha = 0, this = ViewRoot{c39c6d3 开始录制,ident = 22} frame#3 (cancelDraw = false)
01-01 12:31:44.648606   246   280 I [MALI][Gralloc]: [+]hnd(0x7fa1f8a040), client(26), share_fd(46), hnd->flags:4
01-01 12:31:44.648734   246   280 D GraphicBuffer: alloc, handle(0x7fa1f8a040) (w:684 h:324 s:688 f:0x1 u:0x000b00) err(0)
01-01 12:31:44.651016  3091  5610 E HAL     : SLCODE-loaded class_id=gralloc 
01-01 12:31:44.651122  3091  5610 E HAL     : SLCODE-loaded name=gralloc 
01-01 12:31:44.651189  3091  5610 E HAL     : SLCODE-loaded prop_name=ro.hardware.gralloc 
01-01 12:31:44.651252  3091  5610 E HAL     : SLCODE-loaded for circle execute 
01-01 12:31:44.651317  3091  5610 E HAL     : SLCODE-hw_module_exists HAL_LIBRARY_PATH2=/vendor/lib64/hw, name=gralloc, subname=mt6735 
01-01 12:31:44.651456  3091  5610 E HAL     : SLCODE-hw_module_exists HAL_LIBRARY_PATH1=/system/lib64/hw, name=gralloc, subname=mt6735 
01-01 12:31:44.651583  3091  5610 E HAL     : SLCODE-hw_module_exists return ENOENT 
01-01 12:31:44.651679  3091  5610 E HAL     : SLCODE-hw_module_exists HAL_LIBRARY_PATH2=/vendor/lib64/hw, name=gralloc, subname=MT6737T 
01-01 12:31:44.651806  3091  5610 E HAL     : SLCODE-hw_module_exists HAL_LIBRARY_PATH1=/system/lib64/hw, name=gralloc, subname=MT6737T 
01-01 12:31:44.651913  3091  5610 E HAL     : SLCODE-hw_module_exists return ENOENT 
01-01 12:31:44.652008  3091  5610 E HAL     : SLCODE-hw_module_exists HAL_LIBRARY_PATH2=/vendor/lib64/hw, name=gralloc, subname=mt6737t 
01-01 12:31:44.652135  3091  5610 E HAL     : SLCODE-hw_module_exists HAL_LIBRARY_PATH1=/system/lib64/hw, name=gralloc, subname=mt6737t 
01-01 12:31:44.652242  3091  5610 E HAL     : SLCODE-loaded HAL id=gralloc path=/system/lib64/hw/gralloc.mt6737t.so 
01-01 12:31:44.653452  3091  5610 I [MALI][Gralloc]: [+]r_hnd(0x7f6c3499e0), client(42), share_fd(65)
01-01 12:31:44.653545  3091  5610 D GraphicBuffer: register, handle(0x7f6c3499e0) (w:684 h:324 s:688 f:0x1 u:0x000b00)
01-01 12:31:44.656832   246   303 D SurfaceFlinger: postEvent(246, v/c=14279)
01-01 12:31:44.656832   246   301 D SurfaceFlinger: postEvent(915, v/c=13292)
01-01 12:31:44.656991   246   301 D SurfaceFlinger: postEvent(3091, v/c=13292)
01-01 12:31:44.657526  3091  3091 V DisplayEventReceiver: call nativeScheduleVsync mReceiverPtr = 547277803264
01-01 12:31:44.658885   246  2238 D SurfaceFlinger: requestNextVsync(246)
01-01 12:31:44.658983   246   282 D SurfaceFlinger: requestNextVsync(3091)
01-01 12:31:44.659035  3091  3091 V ViewRootImpl: ViewRoot performTraversals+ : mFirst = false, this = ViewRoot{c39c6d3 开始录制,ident = 22}
01-01 12:31:44.659310  3091  3091 V ViewRootImpl: ViewRoot performTraversals and draw- : mResizeBuffer = null, mResizeAlpha = 0, this = ViewRoot{c39c6d3 开始录制,ident = 22} frame#4 (cancelDraw = false)
01-01 12:31:44.659665   360  8947 I MobileLogD/dupm: create thread 8947 do copy dump
01-01 12:31:44.660611   915   940 D AppOps  : noteOperation: allowing code 59 uid 10025 package com.android.providers.downloads
01-01 12:31:44.660910   915   940 D AppOps  : noteOperation: allowing code 60 uid 10025 package com.android.providers.downloads
01-01 12:31:44.661696   915   940 D SettingsInterface:  from settings cache , name = sys_storage_threshold_percentage , value = null
01-01 12:31:44.662190   915   940 D SettingsInterface:  from settings cache , name = sys_storage_threshold_max_bytes , value = null
01-01 12:31:44.662675   915   991 V DisplayEventReceiver: call nativeScheduleVsync mReceiverPtr = 547174519936
01-01 12:31:44.663025   246   280 D SurfaceFlinger: requestNextVsync(915)
01-01 12:31:44.663243  3832  8943 V MediaProvider: attachVolume>>> volume=external
01-01 12:31:44.663249   246  1058 D SurfaceFlinger: requestNextVsync(246)
01-01 12:31:44.666350   360  8947 I MobileLogD/dupm: change ioprio, default:0,0
01-01 12:31:44.668032   915  1138 D AppOps  : noteOperation: allowing code 59 uid 10025 package com.android.providers.downloads
01-01 12:31:44.668370   915  1138 D AppOps  : noteOperation: allowing code 60 uid 10025 package com.android.providers.downloads
01-01 12:31:44.668983   915  1138 D SettingsInterface:  from settings cache , name = sys_storage_threshold_percentage , value = null
01-01 12:31:44.669761   915  1138 D SettingsInterface:  from settings cache , name = sys_storage_threshold_max_bytes , value = null
01-01 12:31:44.673083   915  1990 D AppOps  : noteOperation: allowing code 59 uid 10025 package com.android.providers.downloads
01-01 12:31:44.673430   915  1990 D AppOps  : noteOperation: allowing code 60 uid 10025 package com.android.providers.downloads
01-01 12:31:44.674035   915  1990 D SettingsInterface:  from settings cache , name = sys_storage_threshold_percentage , value = null
01-01 12:31:44.674899   915  1990 D SettingsInterface:  from settings cache , name = sys_storage_threshold_max_bytes , value = null
01-01 12:31:44.675442   246   301 D SurfaceFlinger: postEvent(915, v/c=13293)
01-01 12:31:44.675572   246   301 D SurfaceFlinger: postEvent(3091, v/c=13293)
01-01 12:31:44.675677   246   303 D SurfaceFlinger: postEvent(246, v/c=14280)
01-01 12:31:44.676776  3832  8943 V MediaProvider: attachVolume<<< Already attached external.db
01-01 12:31:44.677246   915   991 V DisplayEventReceiver: call nativeScheduleVsync mReceiverPtr = 547174519936
01-01 12:31:44.677680   246   321 D SurfaceFlinger: requestNextVsync(915)
01-01 12:31:44.678543   246  2238 D SurfaceFlinger: requestNextVsync(246)
01-01 12:31:44.680632   360  8946 E MobileLogD/new: open /dev/scp fail(No such file or directory)
01-01 12:31:44.681724   915  1992 D AppOps  : noteOperation: allowing code 59 uid 10025 package com.android.providers.downloads
01-01 12:31:44.682046   915  1992 D AppOps  : noteOperation: allowing code 60 uid 10025 package com.android.providers.downloads
01-01 12:31:44.683428   246   246 I BufferQueueProducer: [FrameBufferSurface_0](this:0x7fa1fd9000,id:0,api:1,p:246,c:246) queueBuffer: fps=4.43 dur=4965.30 max=4363.13 min=16.02
01-01 12:31:44.683878   915  1992 D SettingsInterface:  from settings cache , name = sys_storage_threshold_percentage , value = null
01-01 12:31:44.684236   360  8946 I MobileLogD/new: set main_log rotate size: 22260 KB(prio:5/23)
01-01 12:31:44.685346   915  1992 D SettingsInterface:  from settings cache , name = sys_storage_threshold_max_bytes , value = null
01-01 12:31:44.686831  3832  8943 D MediaProvider: ensureDefaultFolders dcimExist: true
01-01 12:31:44.687442   360  8946 I MobileLogD/new: set crash_log rotate size: 22260 KB(prio:5/23)
01-01 12:31:44.688747   360  8946 I MobileLogD/new: set sys_log rotate size: 13356 KB(prio:3/23)
01-01 12:31:44.691724  3832  8943 I StagefrightMediaScanner: StagefrightMediaScanner Constructor
01-01 12:31:44.693041  3832  8943 V MediaScanner: setDefaultRingtoneFileNames: ringtone=Festival.ogg,notification=NewMessage.ogg,alarm=BusyBugs.ogg
01-01 12:31:44.693487   360  8946 I MobileLogD/new: set radio_log rotate size: 13356 KB(prio:3/23)
01-01 12:31:44.694861   246   301 D SurfaceFlinger: postEvent(915, v/c=13294)
01-01 12:31:44.694875   246   303 D SurfaceFlinger: postEvent(246, v/c=14281)
01-01 12:31:44.698468   915   991 V DisplayEventReceiver: call nativeScheduleVsync mReceiverPtr = 547174519936
01-01 12:31:44.699204   246   280 D SurfaceFlinger: requestNextVsync(915)
01-01 12:31:44.700054   246   280 D SurfaceFlinger: requestNextVsync(246)
01-01 12:31:44.700055   360  8946 I MobileLogD/new: set events_log rotate size: 4452 KB(prio:1/23)
01-01 12:31:44.700898   915   941 D AppOps  : noteOperation: allowing code 59 uid 10025 package com.android.providers.downloads
01-01 12:31:44.703016   915   941 D AppOps  : noteOperation: allowing code 60 uid 10025 package com.android.providers.downloads
01-01 12:31:44.704531   360  8946 I MobileLogD/new: set kernel_log rotate size: 22260 KB(prio:5/23)
01-01 12:31:44.704792   915   941 D SettingsInterface:  from settings cache , name = sys_storage_threshold_percentage , value = null
01-01 12:31:44.705888   915   941 D SettingsInterface:  from settings cache , name = sys_storage_threshold_max_bytes , value = null
01-01 12:31:44.706616   360  8946 I MobileLogD/new: set atf_log rotate size: 4452 KB(prio:1/23)
01-01 12:31:44.709001   915  1418 D AppOps  : noteOperation: allowing code 59 uid 10025 package com.android.providers.downloads
01-01 12:31:44.709317   915  1418 D AppOps  : noteOperation: allowing code 60 uid 10025 package com.android.providers.downloads
01-01 12:31:44.709911   915  1418 D SettingsInterface:  from settings cache , name = sys_storage_threshold_percentage , value = null
01-01 12:31:44.710443   915  1418 D SettingsInterface:  from settings cache , name = sys_storage_threshold_max_bytes , value = null
01-01 12:31:44.711713   246   301 D SurfaceFlinger: postEvent(915, v/c=13295)
01-01 12:31:44.711903   246   303 D SurfaceFlinger: postEvent(246, v/c=14282)
01-01 12:31:44.713540   915   991 V DisplayEventReceiver: call nativeScheduleVsync mReceiverPtr = 547174519936
01-01 12:31:44.714325   246   321 D SurfaceFlinger: requestNextVsync(915)
01-01 12:31:44.715010   246  2238 D SurfaceFlinger: requestNextVsync(246)
01-01 12:31:44.715637   915  1994 D AppOps  : noteOperation: allowing code 59 uid 10025 package com.android.providers.downloads
01-01 12:31:44.716069   915  1994 D AppOps  : noteOperation: allowing code 60 uid 10025 package com.android.providers.downloads
01-01 12:31:44.716767   915  1994 D SettingsInterface:  from settings cache , name = sys_storage_threshold_percentage , value = null
01-01 12:31:44.717434   915  1994 D SettingsInterface:  from settings cache , name = sys_storage_threshold_max_bytes , value = null
01-01 12:31:44.720427  3832  8943 V MediaScanner: prescan>>> filePath=/storage/emulated/0/mtklog/mobilelog/APLog_2016_0101_122757/sys_log,prescanFiles=true
01-01 12:31:44.730046   246   301 D SurfaceFlinger: postEvent(915, v/c=13296)
01-01 12:31:44.730224   246   303 D SurfaceFlinger: postEvent(246, v/c=14283)
01-01 12:31:44.731750   915   991 V DisplayEventReceiver: call nativeScheduleVsync mReceiverPtr = 547174519936
01-01 12:31:44.732402   246   282 D SurfaceFlinger: requestNextVsync(915)
01-01 12:31:44.732594   246  1058 D SurfaceFlinger: requestNextVsync(246)
01-01 12:31:44.746161  3832  8943 V MediaScanner: prescan<<< imageCount=1,videoCount=0, audioCount=2, lastId=-9223372036854775808,isEmpty=true
01-01 12:31:44.747308  3832  8943 E MediaScanner: scanSingleFile: Not exist path=/storage/emulated/0/mtklog/mobilelog/APLog_2016_0101_122757/sys_log
01-01 12:31:44.748037  3091  8090 V MediaScannerConnection: Scanning file /storage/emulated/0/mtklog/mobilelog/APLog_2016_0101_122757/radio_log
01-01 12:31:44.748317   246   303 D SurfaceFlinger: postEvent(246, v/c=14284)
01-01 12:31:44.748329   246   301 D SurfaceFlinger: postEvent(915, v/c=13297)
01-01 12:31:44.749871  3832  3863 D MediaScannerService: IMediaScannerService.scanFile: /storage/emulated/0/mtklog/mobilelog/APLog_2016_0101_122757/radio_log mimeType: null
01-01 12:31:44.752024  3832  3832 D MediaScannerService: onDestroy
01-01 12:31:44.752232   915   991 V DisplayEventReceiver: call nativeScheduleVsync mReceiverPtr = 547174519936
01-01 12:31:44.754510   246  2238 D SurfaceFlinger: requestNextVsync(915)
01-01 12:31:44.754831   246  2238 D SurfaceFlinger: requestNextVsync(246)
01-01 12:31:44.765291  3832  3832 D MediaScannerService: onCreate: CpuCoreNum = 4, isLowRamDevice = false
01-01 12:31:44.766540   246   303 D SurfaceFlinger: postEvent(246, v/c=14285)
01-01 12:31:44.766576   246   301 D SurfaceFlinger: postEvent(915, v/c=13298)
01-01 12:31:44.768454   915   991 V DisplayEventReceiver: call nativeScheduleVsync mReceiverPtr = 547174519936
01-01 12:31:44.769356   246  1058 D SurfaceFlinger: requestNextVsync(915)
01-01 12:31:44.769936   915  1994 D AppOps  : noteOperation: allowing code 59 uid 10025 package com.android.providers.downloads
01-01 12:31:44.770273   915  1994 D AppOps  : noteOperation: allowing code 60 uid 10025 package com.android.providers.downloads
01-01 12:31:44.770972   246   280 D SurfaceFlinger: requestNextVsync(246)
01-01 12:31:44.771368   915  1994 D SettingsInterface:  from settings cache , name = sys_storage_threshold_percentage , value = null
01-01 12:31:44.773311   915  1994 D SettingsInterface:  from settings cache , name = sys_storage_threshold_max_bytes , value = null
01-01 12:31:44.777225  3832  8951 I art     : Starting a blocking GC Explicit
01-01 12:31:44.780007  3832  3832 D MediaScannerService: onCreate : mIsThreadPoolEnable = true
01-01 12:31:44.784822   246   303 D SurfaceFlinger: postEvent(246, v/c=14286)
01-01 12:31:44.784844   246   301 D SurfaceFlinger: postEvent(915, v/c=13299)
01-01 12:31:44.787353   915   991 V DisplayEventReceiver: call nativeScheduleVsync mReceiverPtr = 547174519936
01-01 12:31:44.788183   246   321 D SurfaceFlinger: requestNextVsync(915)
01-01 12:31:44.789912   246  2238 D SurfaceFlinger: requestNextVsync(246)
01-01 12:31:44.793213   360  8947 I MobileLogD/dupm: dump /data/misc/mblog/inter_sd_folder
01-01 12:31:44.803083   246   301 D SurfaceFlinger: postEvent(915, v/c=13300)
01-01 12:31:44.803271   246   303 D SurfaceFlinger: postEvent(246, v/c=14287)
01-01 12:31:44.804874   915   991 V DisplayEventReceiver: call nativeScheduleVsync mReceiverPtr = 547174519936
01-01 12:31:44.805410   246  1058 D SurfaceFlinger: requestNextVsync(915)
01-01 12:31:44.805756   246   280 D SurfaceFlinger: requestNextVsync(246)
01-01 12:31:44.807138  3832  8951 I art     : Explicit concurrent mark sweep GC freed 1382(160KB) AllocSpace objects, 0(0B) LOS objects, 20% free, 7MB/9MB, paused 309us total 29.582ms
01-01 12:31:44.809461  3832  3843 I StagefrightMediaScanner: StagefrightMediaScanner destructor
01-01 12:31:44.814056  1697  1697 D SettingsInterface:  from settings cache , name = multi_sim_voice_call , value = null
01-01 12:31:44.814946  3832  8951 V MediaScannerService: service handle finish created
01-01 12:31:44.817127  1697  1697 D SettingsInterface:  from settings cache , name = multi_sim_voice_call , value = null
01-01 12:31:44.821298   246   303 D SurfaceFlinger: postEvent(246, v/c=14288)
01-01 12:31:44.821329   246   301 D SurfaceFlinger: postEvent(915, v/c=13301)
01-01 12:31:44.823003   915   991 V DisplayEventReceiver: call nativeScheduleVsync mReceiverPtr = 547174519936
01-01 12:31:44.823420   246   321 D SurfaceFlinger: requestNextVsync(915)
01-01 12:31:44.823717   246   282 D SurfaceFlinger: requestNextVsync(246)
01-01 12:31:44.839534   246   303 D SurfaceFlinger: postEvent(246, v/c=14289)
01-01 12:31:44.839544   246   301 D SurfaceFlinger: postEvent(915, v/c=13302)
01-01 12:31:44.841336   915   991 V DisplayEventReceiver: call nativeScheduleVsync mReceiverPtr = 547174519936
01-01 12:31:44.841741   246  2238 D SurfaceFlinger: requestNextVsync(915)
01-01 12:31:44.842110   246  1058 D SurfaceFlinger: requestNextVsync(246)
01-01 12:31:44.857784   246   303 D SurfaceFlinger: postEvent(246, v/c=14290)
01-01 12:31:44.857884   246   301 D SurfaceFlinger: postEvent(915, v/c=13303)
01-01 12:31:44.859589   915   991 V DisplayEventReceiver: call nativeScheduleVsync mReceiverPtr = 547174519936
01-01 12:31:44.860001   246   280 D SurfaceFlinger: requestNextVsync(915)
01-01 12:31:44.860225   246   321 D SurfaceFlinger: requestNextVsync(246)
01-01 12:31:44.876043   246   303 D SurfaceFlinger: postEvent(246, v/c=14291)
01-01 12:31:44.876123   246   301 D SurfaceFlinger: postEvent(915, v/c=13304)
01-01 12:31:44.877714   915   991 V DisplayEventReceiver: call nativeScheduleVsync mReceiverPtr = 547174519936
01-01 12:31:44.878106   246   282 D SurfaceFlinger: requestNextVsync(915)
01-01 12:31:44.878356   246  2238 D SurfaceFlinger: requestNextVsync(246)
01-01 12:31:44.883175   915  1137 D AppOps  : noteOperation: allowing code 59 uid 10025 package com.android.providers.downloads
01-01 12:31:44.883656   915  1137 D AppOps  : noteOperation: allowing code 60 uid 10025 package com.android.providers.downloads
01-01 12:31:44.884523   915  1137 D SettingsInterface:  from settings cache , name = sys_storage_threshold_percentage , value = null
01-01 12:31:44.886710   915  1137 D SettingsInterface:  from settings cache , name = sys_storage_threshold_max_bytes , value = null
01-01 12:31:44.888875  3832  8951 V MediaScannerService: handleMessage: what = 11, startId = 1, arguments = Bundle[{mimetype=null, filepath=/storage/emulated/0/mtklog/mobilelog/APLog_2016_0101_122757/radio_log, listener=android.os.BinderProxy@ad9b0ec}]
01-01 12:31:44.890136  3832  8951 V MediaProvider: insertInternal>>>: uri=content://media/, match=300, initValues=name=external
01-01 12:31:44.892232   915  1815 D AppOps  : noteOperation: allowing code 59 uid 10025 package com.android.providers.downloads
01-01 12:31:44.892526   915  1815 D AppOps  : noteOperation: allowing code 60 uid 10025 package com.android.providers.downloads
01-01 12:31:44.893122   915  1815 D SettingsInterface:  from settings cache , name = sys_storage_threshold_percentage , value = null
01-01 12:31:44.893576   915  1815 D SettingsInterface:  from settings cache , name = sys_storage_threshold_max_bytes , value = null
01-01 12:31:44.894335   246   303 D SurfaceFlinger: postEvent(246, v/c=14292)
01-01 12:31:44.894335   246   301 D SurfaceFlinger: postEvent(915, v/c=13305)
01-01 12:31:44.896813   360  8947 I MobileLogD/dupm: dump /data/misc/mblog/mblog_config
01-01 12:31:44.897564  3091  3091 V DisplayEventReceiver: call nativeScheduleVsync mReceiverPtr = 547277803264
01-01 12:31:44.897940   246  1058 D SurfaceFlinger: requestNextVsync(246)
01-01 12:31:44.898799   246  1058 D SurfaceFlinger: requestNextVsync(3091)
01-01 12:31:44.899044   915  1418 D AppOps  : noteOperation: allowing code 59 uid 10025 package com.android.providers.downloads
01-01 12:31:44.899350   915  1418 D AppOps  : noteOperation: allowing code 60 uid 10025 package com.android.providers.downloads
01-01 12:31:44.900018   915  1418 D SettingsInterface:  from settings cache , name = sys_storage_threshold_percentage , value = null
01-01 12:31:44.900691   915  1418 D SettingsInterface:  from settings cache , name = sys_storage_threshold_max_bytes , value = null
01-01 12:31:44.901517  3832  8951 V MediaProvider: attachVolume>>> volume=external
01-01 12:31:44.902024   915  1079 D PerfServiceManager: [PerfService] MESSAGE_TIMEOUT:105 
01-01 12:31:44.902544   915  1079 I libPerfService: 5: set: 1
01-01 12:31:44.902939   915  1079 I libPerfService: 5: set freq: 0
01-01 12:31:44.903035   915  1079 I libPerfService: 5: set vcore level: 0
01-01 12:31:44.904326   915   991 V DisplayEventReceiver: call nativeScheduleVsync mReceiverPtr = 547174519936
01-01 12:31:44.904473   915  1079 D PerfServiceManager: [PerfService] set utilization:0.8 
01-01 12:31:44.904871   915  2047 D AppOps  : noteOperation: allowing code 59 uid 10025 package com.android.providers.downloads
01-01 12:31:44.904910   246  1058 D SurfaceFlinger: requestNextVsync(915)
01-01 12:31:44.905329   915  2047 D AppOps  : noteOperation: allowing code 60 uid 10025 package com.android.providers.downloads
01-01 12:31:44.906064   915  2047 D SettingsInterface:  from settings cache , name = sys_storage_threshold_percentage , value = null
01-01 12:31:44.906611   915  2047 D SettingsInterface:  from settings cache , name = sys_storage_threshold_max_bytes , value = null
01-01 12:31:44.909145   915  1992 D AppOps  : noteOperation: allowing code 59 uid 10025 package com.android.providers.downloads
01-01 12:31:44.909445   915  1992 D AppOps  : noteOperation: allowing code 60 uid 10025 package com.android.providers.downloads
01-01 12:31:44.910010   915  1992 D SettingsInterface:  from settings cache , name = sys_storage_threshold_percentage , value = null
01-01 12:31:44.910478   915  1992 D SettingsInterface:  from settings cache , name = sys_storage_threshold_max_bytes , value = null
01-01 12:31:44.911478  3832  8951 V MediaProvider: attachVolume<<< Already attached external.db
01-01 12:31:44.912630   246   301 D SurfaceFlinger: postEvent(915, v/c=13306)
01-01 12:31:44.912698   246   303 D SurfaceFlinger: postEvent(246, v/c=14293)
01-01 12:31:44.912791   246   301 D SurfaceFlinger: postEvent(3091, v/c=13306)
01-01 12:31:44.913369  3091  3091 V ViewRootImpl: ViewRoot performTraversals+ : mFirst = false, this = ViewRoot{c39c6d3 开始录制,ident = 22}
01-01 12:31:44.913768  3091  3091 V DisplayEventReceiver: call nativeScheduleVsync mReceiverPtr = 547277803264
01-01 12:31:44.914235   246   321 D SurfaceFlinger: requestNextVsync(3091)
01-01 12:31:44.914838   915  1989 D AppOps  : noteOperation: allowing code 59 uid 10025 package com.android.providers.downloads
01-01 12:31:44.915785   915  1989 D AppOps  : noteOperation: allowing code 60 uid 10025 package com.android.providers.downloads
01-01 12:31:44.916822   246   282 I BufferQueueProducer: [开始录制](this:0x7f9d74a400,id:98,api:1,p:3091,c:246) new GraphicBuffer needed
01-01 12:31:44.916998   246   282 D GraphicBuffer: free, handle(0x7fa1f89f00) (w:684 h:324 s:688 f:0x1 u:0x000900)
01-01 12:31:44.917116   246   282 I [MALI][Gralloc]: [-]hnd(0x7fa1f89f00), client(26), share_fd(52)
01-01 12:31:44.917188   915  1989 D SettingsInterface:  from settings cache , name = sys_storage_threshold_percentage , value = null
01-01 12:31:44.917934  3091  3091 V ViewRootImpl: ViewRoot performTraversals and draw- : mResizeBuffer = null, mResizeAlpha = 0, this = ViewRoot{c39c6d3 开始录制,ident = 22} frame#5 (cancelDraw = false)
01-01 12:31:44.918084   915  1989 D SettingsInterface:  from settings cache , name = sys_storage_threshold_max_bytes , value = null
01-01 12:31:44.918916  3832  8951 D MediaProvider: ensureDefaultFolders dcimExist: true
01-01 12:31:44.920166   246   282 I [MALI][Gralloc]: [+]hnd(0x7fa1f89f00), client(26), share_fd(52), hnd->flags:4
01-01 12:31:44.920310   246   282 D GraphicBuffer: alloc, handle(0x7fa1f89f00) (w:684 h:324 s:688 f:0x1 u:0x000b00) err(0)
01-01 12:31:44.922064  3091  5610 E HAL     : SLCODE-loaded class_id=gralloc 
01-01 12:31:44.922192  3091  5610 E HAL     : SLCODE-loaded name=gralloc 
01-01 12:31:44.922257  3091  5610 E HAL     : SLCODE-loaded prop_name=ro.hardware.gralloc 
01-01 12:31:44.922323  3091  5610 E HAL     : SLCODE-loaded for circle execute 
01-01 12:31:44.922391  3091  5610 E HAL     : SLCODE-hw_module_exists HAL_LIBRARY_PATH2=/vendor/lib64/hw, name=gralloc, subname=mt6735 
01-01 12:31:44.922561  3091  5610 E HAL     : SLCODE-hw_module_exists HAL_LIBRARY_PATH1=/system/lib64/hw, name=gralloc, subname=mt6735 
01-01 12:31:44.922673  3091  5610 E HAL     : SLCODE-hw_module_exists return ENOENT 
01-01 12:31:44.922787  3091  5610 E HAL     : SLCODE-hw_module_exists HAL_LIBRARY_PATH2=/vendor/lib64/hw, name=gralloc, subname=MT6737T 
01-01 12:31:44.922927  3091  5610 E HAL     : SLCODE-hw_module_exists HAL_LIBRARY_PATH1=/system/lib64/hw, name=gralloc, subname=MT6737T 
01-01 12:31:44.923034  3091  5610 E HAL     : SLCODE-hw_module_exists return ENOENT 
01-01 12:31:44.923187  3091  5610 E HAL     : SLCODE-hw_module_exists HAL_LIBRARY_PATH2=/vendor/lib64/hw, name=gralloc, subname=mt6737t 
01-01 12:31:44.923324  3091  5610 E HAL     : SLCODE-hw_module_exists HAL_LIBRARY_PATH1=/system/lib64/hw, name=gralloc, subname=mt6737t 
01-01 12:31:44.923921  3091  5610 E HAL     : SLCODE-loaded HAL id=gralloc path=/system/lib64/hw/gralloc.mt6737t.so 
01-01 12:31:44.925497  3091  5610 I [MALI][Gralloc]: [+]r_hnd(0x7f6c4dce00), client(42), share_fd(67)
01-01 12:31:44.925611  3091  5610 D GraphicBuffer: register, handle(0x7f6c4dce00) (w:684 h:324 s:688 f:0x1 u:0x000b00)
01-01 12:31:44.926686  3832  8951 I StagefrightMediaScanner: StagefrightMediaScanner Constructor
01-01 12:31:44.927471  3832  8951 V MediaScanner: setDefaultRingtoneFileNames: ringtone=Festival.ogg,notification=NewMessage.ogg,alarm=BusyBugs.ogg
01-01 12:31:44.928923   246  1058 D SurfaceFlinger: requestNextVsync(246)
01-01 12:31:44.930385   915  1138 D AppOps  : noteOperation: allowing code 59 uid 10025 package com.android.providers.downloads
01-01 12:31:44.930714   915  1138 D AppOps  : noteOperation: allowing code 60 uid 10025 package com.android.providers.downloads
01-01 12:31:44.930883   246   301 D SurfaceFlinger: postEvent(3091, v/c=13307)
01-01 12:31:44.930883   246   303 D SurfaceFlinger: postEvent(246, v/c=14294)
01-01 12:31:44.931769  3091  3091 V DisplayEventReceiver: call nativeScheduleVsync mReceiverPtr = 547277803264
01-01 12:31:44.931775   915  1138 D SettingsInterface:  from settings cache , name = sys_storage_threshold_percentage , value = null
01-01 12:31:44.932191  3091  3091 V ViewRootImpl: ViewRoot performTraversals+ : mFirst = false, this = ViewRoot{c39c6d3 开始录制,ident = 22}
01-01 12:31:44.932614   246   321 D SurfaceFlinger: requestNextVsync(3091)
01-01 12:31:44.933173  3091  3091 V ViewRootImpl: ViewRoot performTraversals and draw- : mResizeBuffer = null, mResizeAlpha = 0, this = ViewRoot{c39c6d3 开始录制,ident = 22} frame#6 (cancelDraw = false)
01-01 12:31:44.933339   915  1138 D SettingsInterface:  from settings cache , name = sys_storage_threshold_max_bytes , value = null
01-01 12:31:44.936668   246  2238 D SurfaceFlinger: requestNextVsync(246)
01-01 12:31:44.939856   915  1990 D AppOps  : noteOperation: allowing code 59 uid 10025 package com.android.providers.downloads
01-01 12:31:44.940175   915  1990 D AppOps  : noteOperation: allowing code 60 uid 10025 package com.android.providers.downloads
01-01 12:31:44.940797   915  1990 D SettingsInterface:  from settings cache , name = sys_storage_threshold_percentage , value = null
01-01 12:31:44.941304   915  1990 D SettingsInterface:  from settings cache , name = sys_storage_threshold_max_bytes , value = null
01-01 12:31:44.944111   915  1994 D AppOps  : noteOperation: allowing code 59 uid 10025 package com.android.providers.downloads
01-01 12:31:44.944413   915  1994 D AppOps  : noteOperation: allowing code 60 uid 10025 package com.android.providers.downloads
01-01 12:31:44.944975   915  1994 D SettingsInterface:  from settings cache , name = sys_storage_threshold_percentage , value = null
01-01 12:31:44.945700   915  1994 D SettingsInterface:  from settings cache , name = sys_storage_threshold_max_bytes , value = null
01-01 12:31:44.947924  3832  8951 V MediaScanner: prescan>>> filePath=/storage/emulated/0/mtklog/mobilelog/APLog_2016_0101_122757/radio_log,prescanFiles=true
01-01 12:31:44.949155   246   303 D SurfaceFlinger: postEvent(246, v/c=14295)
01-01 12:31:44.949237   246   301 D SurfaceFlinger: postEvent(3091, v/c=13308)
01-01 12:31:44.949799  3091  3091 V DisplayEventReceiver: call nativeScheduleVsync mReceiverPtr = 547277803264
01-01 12:31:44.950189  3091  3091 V ViewRootImpl: ViewRoot performTraversals+ : mFirst = false, this = ViewRoot{c39c6d3 开始录制,ident = 22}
01-01 12:31:44.950905   246  1058 D SurfaceFlinger: requestNextVsync(3091)
01-01 12:31:44.951350  3091  3091 V ViewRootImpl: ViewRoot performTraversals and draw- : mResizeBuffer = null, mResizeAlpha = 0, this = ViewRoot{c39c6d3 开始录制,ident = 22} frame#7 (cancelDraw = false)
01-01 12:31:44.955335   246   282 D SurfaceFlinger: requestNextVsync(246)
01-01 12:31:44.967361   246   303 D SurfaceFlinger: postEvent(246, v/c=14296)
01-01 12:31:44.967459   246   301 D SurfaceFlinger: postEvent(3091, v/c=13309)
01-01 12:31:44.968039  3091  3091 V DisplayEventReceiver: call nativeScheduleVsync mReceiverPtr = 547277803264
01-01 12:31:44.968839   246  2238 D SurfaceFlinger: requestNextVsync(3091)
01-01 12:31:44.968900  3091  3091 V ViewRootImpl: ViewRoot performTraversals+ : mFirst = false, this = ViewRoot{c39c6d3 开始录制,ident = 22}
01-01 12:31:44.970613  3091  3091 V ViewRootImpl: ViewRoot performTraversals and draw- : mResizeBuffer = null, mResizeAlpha = 0, this = ViewRoot{c39c6d3 开始录制,ident = 22} frame#8 (cancelDraw = false)
01-01 12:31:44.973300   246   280 D SurfaceFlinger: requestNextVsync(246)
01-01 12:31:44.976034  3832  8951 V MediaScanner: prescan<<< imageCount=1,videoCount=0, audioCount=2, lastId=-9223372036854775808,isEmpty=true
01-01 12:31:44.977048  3832  8951 E MediaScanner: scanSingleFile: Not exist path=/storage/emulated/0/mtklog/mobilelog/APLog_2016_0101_122757/radio_log
01-01 12:31:44.977830  3091  4077 V MediaScannerConnection: Scanning file /storage/emulated/0/mtklog/mobilelog/APLog_2016_0101_122757/events_log
01-01 12:31:44.978601  3832  5549 D MediaScannerService: IMediaScannerService.scanFile: /storage/emulated/0/mtklog/mobilelog/APLog_2016_0101_122757/events_log mimeType: null
01-01 12:31:44.980663  3832  3832 D MediaScannerService: onDestroy
01-01 12:31:44.985612   246   303 D SurfaceFlinger: postEvent(246, v/c=14297)
01-01 12:31:44.985634   246   301 D SurfaceFlinger: postEvent(3091, v/c=13310)
01-01 12:31:44.986316  3091  3091 V DisplayEventReceiver: call nativeScheduleVsync mReceiverPtr = 547277803264
01-01 12:31:44.986958  3091  3091 V ViewRootImpl: ViewRoot performTraversals+ : mFirst = false, this = ViewRoot{c39c6d3 开始录制,ident = 22}
01-01 12:31:44.987097   246   321 D SurfaceFlinger: requestNextVsync(3091)
01-01 12:31:44.989062  3091  3091 V ViewRootImpl: ViewRoot performTraversals and draw- : mResizeBuffer = null, mResizeAlpha = 0, this = ViewRoot{c39c6d3 开始录制,ident = 22} frame#9 (cancelDraw = false)
01-01 12:31:44.991752  3832  3832 D MediaScannerService: onCreate: CpuCoreNum = 4, isLowRamDevice = false
01-01 12:31:44.994422   246  2238 D SurfaceFlinger: requestNextVsync(246)
01-01 12:31:44.997653   915  2047 D AppOps  : noteOperation: allowing code 59 uid 10025 package com.android.providers.downloads
01-01 12:31:44.998028   915  2047 D AppOps  : noteOperation: allowing code 60 uid 10025 package com.android.providers.downloads
01-01 12:31:44.998638   915  2047 D SettingsInterface:  from settings cache , name = sys_storage_threshold_percentage , value = null
01-01 12:31:45.000434   915  2047 D SettingsInterface:  from settings cache , name = sys_storage_threshold_max_bytes , value = null
01-01 12:31:45.000894   360  8947 I MobileLogD/dupm: dump /data/misc/mblog/mblog_history
01-01 12:31:45.003598  3832  8952 I art     : Starting a blocking GC Explicit
01-01 12:31:45.003921   246   303 D SurfaceFlinger: postEvent(246, v/c=14298)
01-01 12:31:45.004116   246   301 D SurfaceFlinger: postEvent(3091, v/c=13311)
01-01 12:31:45.004683  3091  3091 V DisplayEventReceiver: call nativeScheduleVsync mReceiverPtr = 547277803264
01-01 12:31:45.005311   246  1058 D SurfaceFlinger: requestNextVsync(3091)
01-01 12:31:45.005346  3091  3091 V ViewRootImpl: ViewRoot performTraversals+ : mFirst = false, this = ViewRoot{c39c6d3 开始录制,ident = 22}
01-01 12:31:45.006323  3091  3091 V ViewRootImpl: ViewRoot performTraversals and draw- : mResizeBuffer = null, mResizeAlpha = 0, this = ViewRoot{c39c6d3 开始录制,ident = 22} frame#10 (cancelDraw = false)
01-01 12:31:45.007527  3832  3832 D MediaScannerService: onCreate : mIsThreadPoolEnable = true
01-01 12:31:45.011202   246   321 D SurfaceFlinger: requestNextVsync(246)
01-01 12:31:45.022167   246   303 D SurfaceFlinger: postEvent(246, v/c=14299)
01-01 12:31:45.022189   246   301 D SurfaceFlinger: postEvent(3091, v/c=13312)
01-01 12:31:45.022853  3091  3091 V DisplayEventReceiver: call nativeScheduleVsync mReceiverPtr = 547277803264
01-01 12:31:45.023231  3091  3091 V ViewRootImpl: ViewRoot performTraversals+ : mFirst = false, this = ViewRoot{c39c6d3 开始录制,ident = 22}
01-01 12:31:45.023239   246   282 D SurfaceFlinger: requestNextVsync(3091)
01-01 12:31:45.024239  3091  3091 V ViewRootImpl: ViewRoot performTraversals and draw- : mResizeBuffer = null, mResizeAlpha = 0, this = ViewRoot{c39c6d3 开始录制,ident = 22} frame#11 (cancelDraw = false)
01-01 12:31:45.028938   246  1058 D SurfaceFlinger: requestNextVsync(246)
01-01 12:31:45.029054  2196  2210 I PerfService: PerfServiceNative_getPackName
01-01 12:31:45.031264   915  1489 I libPerfService: perfGetLastBoostPid 3091
01-01 12:31:45.031562   915  1489 D PerfServiceManager: [PerfService] getLastBoostPid 3091 
01-01 12:31:45.031717   915  1489 I libPerfService: perfGetLastBoostPid 3091
01-01 12:31:45.033891  3832  8952 I art     : Explicit concurrent mark sweep GC freed 1380(160KB) AllocSpace objects, 0(0B) LOS objects, 20% free, 7MB/9MB, paused 401us total 29.975ms
01-01 12:31:45.034713  3832  3843 I StagefrightMediaScanner: StagefrightMediaScanner destructor
01-01 12:31:45.040426   246   303 D SurfaceFlinger: postEvent(246, v/c=14300)
01-01 12:31:45.040453   246   301 D SurfaceFlinger: postEvent(3091, v/c=13313)
01-01 12:31:45.041292  3091  3091 V DisplayEventReceiver: call nativeScheduleVsync mReceiverPtr = 547277803264
01-01 12:31:45.041448  3832  8952 V MediaScannerService: service handle finish created
01-01 12:31:45.041689   246   280 D SurfaceFlinger: requestNextVsync(3091)
01-01 12:31:45.042194  3091  3091 V ViewRootImpl: ViewRoot performTraversals+ : mFirst = false, this = ViewRoot{c39c6d3 开始录制,ident = 22}
01-01 12:31:45.042988  3091  3091 V ViewRootImpl: ViewRoot performTraversals and draw- : mResizeBuffer = null, mResizeAlpha = 0, this = ViewRoot{c39c6d3 开始录制,ident = 22} frame#12 (cancelDraw = false)
01-01 12:31:45.047080   246   282 D SurfaceFlinger: requestNextVsync(246)
01-01 12:31:45.058646   246   303 D SurfaceFlinger: postEvent(246, v/c=14301)
01-01 12:31:45.058717   246   301 D SurfaceFlinger: postEvent(3091, v/c=13314)
01-01 12:31:45.059282  3091  3091 V DisplayEventReceiver: call nativeScheduleVsync mReceiverPtr = 547277803264
01-01 12:31:45.059646  3091  3091 V ViewRootImpl: ViewRoot performTraversals+ : mFirst = false, this = ViewRoot{c39c6d3 开始录制,ident = 22}
01-01 12:31:45.059872   246  1058 D SurfaceFlinger: requestNextVsync(3091)
01-01 12:31:45.060504  3091  3091 V ViewRootImpl: ViewRoot performTraversals and draw- : mResizeBuffer = null, mResizeAlpha = 0, this = ViewRoot{c39c6d3 开始录制,ident = 22} frame#13 (cancelDraw = false)
01-01 12:31:45.065182   246   321 D SurfaceFlinger: requestNextVsync(246)
01-01 12:31:45.076888   246   303 D SurfaceFlinger: postEvent(246, v/c=14302)
01-01 12:31:45.076899   246   301 D SurfaceFlinger: postEvent(3091, v/c=13315)
01-01 12:31:45.077744  3091  3091 V DisplayEventReceiver: call nativeScheduleVsync mReceiverPtr = 547277803264
01-01 12:31:45.078098  3091  3091 V ViewRootImpl: ViewRoot performTraversals+ : mFirst = false, this = ViewRoot{c39c6d3 开始录制,ident = 22}
01-01 12:31:45.078249   246   282 D SurfaceFlinger: requestNextVsync(3091)
01-01 12:31:45.079071  3091  3091 V ViewRootImpl: ViewRoot performTraversals and draw- : mResizeBuffer = null, mResizeAlpha = 0, this = ViewRoot{c39c6d3 开始录制,ident = 22} frame#14 (cancelDraw = false)
01-01 12:31:45.083178   246  1058 D SurfaceFlinger: requestNextVsync(246)
01-01 12:31:45.094634   246   303 D SurfaceFlinger: postEvent(246, v/c=14303)
01-01 12:31:45.094714   246   301 D SurfaceFlinger: postEvent(3091, v/c=13316)
01-01 12:31:45.095393  3091  3091 V DisplayEventReceiver: call nativeScheduleVsync mReceiverPtr = 547277803264
01-01 12:31:45.095759  3091  3091 V ViewRootImpl: ViewRoot performTraversals+ : mFirst = false, this = ViewRoot{c39c6d3 开始录制,ident = 22}
01-01 12:31:45.095998   246   280 D SurfaceFlinger: requestNextVsync(3091)
01-01 12:31:45.096672  3091  3091 V ViewRootImpl: ViewRoot performTraversals and draw- : mResizeBuffer = null, mResizeAlpha = 0, this = ViewRoot{c39c6d3 开始录制,ident = 22} frame#15 (cancelDraw = false)
01-01 12:31:45.099840   246  2238 D SurfaceFlinger: requestNextVsync(246)
01-01 12:31:45.106552   360  8947 I MobileLogD/dupm: dump /proc/bootprof
01-01 12:31:45.112697   915  1137 D AppOps  : noteOperation: allowing code 59 uid 10025 package com.android.providers.downloads
01-01 12:31:45.113052   915  1137 D AppOps  : noteOperation: allowing code 60 uid 10025 package com.android.providers.downloads
01-01 12:31:45.113052   246   301 D SurfaceFlinger: postEvent(3091, v/c=13317)
01-01 12:31:45.113053   246   303 D SurfaceFlinger: postEvent(246, v/c=14304)
01-01 12:31:45.113763  3091  3091 V DisplayEventReceiver: call nativeScheduleVsync mReceiverPtr = 547277803264
01-01 12:31:45.113804   915  1137 D SettingsInterface:  from settings cache , name = sys_storage_threshold_percentage , value = null
01-01 12:31:45.114230   246  1058 D SurfaceFlinger: requestNextVsync(3091)
01-01 12:31:45.114295  3091  3091 V ViewRootImpl: ViewRoot performTraversals+ : mFirst = false, this = ViewRoot{c39c6d3 开始录制,ident = 22}
01-01 12:31:45.115352  3091  3091 V ViewRootImpl: ViewRoot performTraversals and draw- : mResizeBuffer = null, mResizeAlpha = 0, this = ViewRoot{c39c6d3 开始录制,ident = 22} frame#16 (cancelDraw = false)
01-01 12:31:45.117371   915  1137 D SettingsInterface:  from settings cache , name = sys_storage_threshold_max_bytes , value = null
01-01 12:31:45.119176   246   280 D SurfaceFlinger: requestNextVsync(246)
01-01 12:31:45.120343  3832  8952 V MediaScannerService: handleMessage: what = 11, startId = 1, arguments = Bundle[{mimetype=null, filepath=/storage/emulated/0/mtklog/mobilelog/APLog_2016_0101_122757/events_log, listener=android.os.BinderProxy@9cc6616}]
01-01 12:31:45.122775  3832  8952 V MediaProvider: insertInternal>>>: uri=content://media/, match=300, initValues=name=external
01-01 12:31:45.125481   915   940 D AppOps  : noteOperation: allowing code 59 uid 10025 package com.android.providers.downloads
01-01 12:31:45.125794   915   940 D AppOps  : noteOperation: allowing code 60 uid 10025 package com.android.providers.downloads
01-01 12:31:45.126373   915   940 D SettingsInterface:  from settings cache , name = sys_storage_threshold_percentage , value = null
01-01 12:31:45.126846   915   940 D SettingsInterface:  from settings cache , name = sys_storage_threshold_max_bytes , value = null
01-01 12:31:45.129275   915  1138 D AppOps  : noteOperation: allowing code 59 uid 10025 package com.android.providers.downloads
01-01 12:31:45.129573   915  1138 D AppOps  : noteOperation: allowing code 60 uid 10025 package com.android.providers.downloads
01-01 12:31:45.130169   915  1138 D SettingsInterface:  from settings cache , name = sys_storage_threshold_percentage , value = null
01-01 12:31:45.130627   915  1138 D SettingsInterface:  from settings cache , name = sys_storage_threshold_max_bytes , value = null
01-01 12:31:45.131203   246   301 D SurfaceFlinger: postEvent(3091, v/c=13318)
01-01 12:31:45.131277   246   303 D SurfaceFlinger: postEvent(246, v/c=14305)
01-01 12:31:45.131471  3832  8952 V MediaProvider: attachVolume>>> volume=external
01-01 12:31:45.131878  3091  3091 V DisplayEventReceiver: call nativeScheduleVsync mReceiverPtr = 547277803264
01-01 12:31:45.132430   246   282 D SurfaceFlinger: requestNextVsync(3091)
01-01 12:31:45.132460  3091  3091 V ViewRootImpl: ViewRoot performTraversals+ : mFirst = false, this = ViewRoot{c39c6d3 开始录制,ident = 22}
01-01 12:31:45.133649  3091  3091 V ViewRootImpl: ViewRoot performTraversals and draw- : mResizeBuffer = null, mResizeAlpha = 0, this = ViewRoot{c39c6d3 开始录制,ident = 22} frame#17 (cancelDraw = false)
01-01 12:31:45.134796   915  1418 D AppOps  : noteOperation: allowing code 59 uid 10025 package com.android.providers.downloads
01-01 12:31:45.135339   915  1418 D AppOps  : noteOperation: allowing code 60 uid 10025 package com.android.providers.downloads
01-01 12:31:45.136669   915  1418 D SettingsInterface:  from settings cache , name = sys_storage_threshold_percentage , value = null
01-01 12:31:45.137483   246   321 D SurfaceFlinger: requestNextVsync(246)
01-01 12:31:45.137513   915  1418 D SettingsInterface:  from settings cache , name = sys_storage_threshold_max_bytes , value = null
01-01 12:31:45.141486   915  2047 D AppOps  : noteOperation: allowing code 59 uid 10025 package com.android.providers.downloads
01-01 12:31:45.141827   915  2047 D AppOps  : noteOperation: allowing code 60 uid 10025 package com.android.providers.downloads
01-01 12:31:45.142470   915  2047 D SettingsInterface:  from settings cache , name = sys_storage_threshold_percentage , value = null
01-01 12:31:45.142963   915  2047 D SettingsInterface:  from settings cache , name = sys_storage_threshold_max_bytes , value = null
01-01 12:31:45.143980  3832  8952 V MediaProvider: attachVolume<<< Already attached external.db
01-01 12:31:45.146285   915  1992 D AppOps  : noteOperation: allowing code 59 uid 10025 package com.android.providers.downloads
01-01 12:31:45.146593   915  1992 D AppOps  : noteOperation: allowing code 60 uid 10025 package com.android.providers.downloads
01-01 12:31:45.147158   915  1992 D SettingsInterface:  from settings cache , name = sys_storage_threshold_percentage , value = null
01-01 12:31:45.147617   915  1992 D SettingsInterface:  from settings cache , name = sys_storage_threshold_max_bytes , value = null
01-01 12:31:45.148381  3832  8952 D MediaProvider: ensureDefaultFolders dcimExist: true
01-01 12:31:45.149392   246   303 D SurfaceFlinger: postEvent(246, v/c=14306)
01-01 12:31:45.149517   246   301 D SurfaceFlinger: postEvent(3091, v/c=13319)
01-01 12:31:45.153820  3091  3091 V DisplayEventReceiver: call nativeScheduleVsync mReceiverPtr = 547277803264
01-01 12:31:45.154206  3091  3091 V ViewRootImpl: ViewRoot performTraversals+ : mFirst = false, this = ViewRoot{c39c6d3 开始录制,ident = 22}
01-01 12:31:45.154746   246  1058 D SurfaceFlinger: requestNextVsync(3091)
01-01 12:31:45.155186  3832  8952 I StagefrightMediaScanner: StagefrightMediaScanner Constructor
01-01 12:31:45.155581  3832  8952 V MediaScanner: setDefaultRingtoneFileNames: ringtone=Festival.ogg,notification=NewMessage.ogg,alarm=BusyBugs.ogg
01-01 12:31:45.156017  3091  3091 V ViewRootImpl: ViewRoot performTraversals and draw- : mResizeBuffer = null, mResizeAlpha = 0, this = ViewRoot{c39c6d3 开始录制,ident = 22} frame#18 (cancelDraw = false)
01-01 12:31:45.160786   246   282 D SurfaceFlinger: requestNextVsync(246)
01-01 12:31:45.162045   915   941 D AppOps  : noteOperation: allowing code 59 uid 10025 package com.android.providers.downloads
01-01 12:31:45.162351   915   941 D AppOps  : noteOperation: allowing code 60 uid 10025 package com.android.providers.downloads
01-01 12:31:45.162930   915   941 D SettingsInterface:  from settings cache , name = sys_storage_threshold_percentage , value = null
01-01 12:31:45.163409   915   941 D SettingsInterface:  from settings cache , name = sys_storage_threshold_max_bytes , value = null
01-01 12:31:45.166076   915  1815 D AppOps  : noteOperation: allowing code 59 uid 10025 package com.android.providers.downloads
01-01 12:31:45.166382   915  1815 D AppOps  : noteOperation: allowing code 60 uid 10025 package com.android.providers.downloads
01-01 12:31:45.166956   915  1815 D SettingsInterface:  from settings cache , name = sys_storage_threshold_percentage , value = null
01-01 12:31:45.167406   915  1815 D SettingsInterface:  from settings cache , name = sys_storage_threshold_max_bytes , value = null
01-01 12:31:45.167637   246   303 D SurfaceFlinger: postEvent(246, v/c=14307)
01-01 12:31:45.167737   246   301 D SurfaceFlinger: postEvent(3091, v/c=13320)
01-01 12:31:45.168327  3091  3091 V DisplayEventReceiver: call nativeScheduleVsync mReceiverPtr = 547277803264
01-01 12:31:45.168685  3091  3091 V ViewRootImpl: ViewRoot performTraversals+ : mFirst = false, this = ViewRoot{c39c6d3 开始录制,ident = 22}
01-01 12:31:45.168721   246  2238 D SurfaceFlinger: requestNextVsync(3091)
01-01 12:31:45.169505  3091  3091 V ViewRootImpl: ViewRoot performTraversals and draw- : mResizeBuffer = null, mResizeAlpha = 0, this = ViewRoot{c39c6d3 开始录制,ident = 22} frame#19 (cancelDraw = false)
01-01 12:31:45.173356   915  1990 D AppOps  : noteOperation: allowing code 59 uid 10025 package com.android.providers.downloads
01-01 12:31:45.173676   915  1990 D AppOps  : noteOperation: allowing code 60 uid 10025 package com.android.providers.downloads
01-01 12:31:45.174305   246  1058 D SurfaceFlinger: requestNextVsync(246)
01-01 12:31:45.174466   915  1990 D SettingsInterface:  from settings cache , name = sys_storage_threshold_percentage , value = null
01-01 12:31:45.175366   915  1990 D SettingsInterface:  from settings cache , name = sys_storage_threshold_max_bytes , value = null
01-01 12:31:45.178256  3832  8952 V MediaScanner: prescan>>> filePath=/storage/emulated/0/mtklog/mobilelog/APLog_2016_0101_122757/events_log,prescanFiles=true
01-01 12:31:45.185859   246   301 D SurfaceFlinger: postEvent(3091, v/c=13321)
01-01 12:31:45.185922   246   303 D SurfaceFlinger: postEvent(246, v/c=14308)
01-01 12:31:45.186516  3091  3091 V DisplayEventReceiver: call nativeScheduleVsync mReceiverPtr = 547277803264
01-01 12:31:45.187003  3091  3091 V ViewRootImpl: ViewRoot performTraversals+ : mFirst = false, this = ViewRoot{c39c6d3 开始录制,ident = 22}
01-01 12:31:45.187523   246   282 D SurfaceFlinger: requestNextVsync(3091)
01-01 12:31:45.188044  3091  3091 V ViewRootImpl: ViewRoot performTraversals and draw- : mResizeBuffer = null, mResizeAlpha = 0, this = ViewRoot{c39c6d3 开始录制,ident = 22} frame#20 (cancelDraw = false)
01-01 12:31:45.191807   246   321 D SurfaceFlinger: requestNextVsync(246)
01-01 12:31:45.202354  3832  8952 V MediaScanner: prescan<<< imageCount=1,videoCount=0, audioCount=2, lastId=-9223372036854775808,isEmpty=true
01-01 12:31:45.203361  3832  8952 E MediaScanner: scanSingleFile: Not exist path=/storage/emulated/0/mtklog/mobilelog/APLog_2016_0101_122757/events_log
01-01 12:31:45.204083   246   303 D SurfaceFlinger: postEvent(246, v/c=14309)
01-01 12:31:45.204083   246   301 D SurfaceFlinger: postEvent(3091, v/c=13322)
01-01 12:31:45.204172  3091  8090 V MediaScannerConnection: Scanning file /storage/emulated/0/mtklog/mobilelog/APLog_2016_0101_122757/kernel_log
01-01 12:31:45.205023  3832  5634 D MediaScannerService: IMediaScannerService.scanFile: /storage/emulated/0/mtklog/mobilelog/APLog_2016_0101_122757/kernel_log mimeType: null
01-01 12:31:45.205692  3091  3091 V DisplayEventReceiver: call nativeScheduleVsync mReceiverPtr = 547277803264
01-01 12:31:45.206192   246  1058 D SurfaceFlinger: requestNextVsync(3091)
01-01 12:31:45.207026  3091  3091 V ViewRootImpl: ViewRoot performTraversals+ : mFirst = false, this = ViewRoot{c39c6d3 开始录制,ident = 22}
01-01 12:31:45.209020  3832  3832 D MediaScannerService: onDestroy
