01-01 12:31:47.097446  1505  2117 E HAL     : SLCODE-loaded class_id=gralloc 
01-01 12:31:47.097567  1505  2117 E HAL     : SLCODE-loaded name=gralloc 
01-01 12:31:47.097636  1505  2117 E HAL     : SLCODE-loaded prop_name=ro.hardware.gralloc 
01-01 12:31:47.097704  1505  2117 E HAL     : SLCODE-loaded for circle execute 
01-01 12:31:47.097772  1505  2117 E HAL     : SLCODE-hw_module_exists HAL_LIBRARY_PATH2=/vendor/lib/hw, name=gralloc, subname=mt6735 
01-01 12:31:47.097942  1505  2117 E HAL     : SLCODE-hw_module_exists HAL_LIBRARY_PATH1=/system/lib/hw, name=gralloc, subname=mt6735 
01-01 12:31:47.098044  1505  2117 E HAL     : SLCODE-hw_module_exists return ENOENT 
01-01 12:31:47.098133  1505  2117 E HAL     : SLCODE-hw_module_exists HAL_LIBRARY_PATH2=/vendor/lib/hw, name=gralloc, subname=MT6737T 
01-01 12:31:47.098028   915   991 V DisplayEventReceiver: call nativeScheduleVsync mReceiverPtr = 547174519936
01-01 12:31:47.098284  1505  2117 E HAL     : SLCODE-hw_module_exists HAL_LIBRARY_PATH1=/system/lib/hw, name=gralloc, subname=MT6737T 
01-01 12:31:47.098385  1505  2117 E HAL     : SLCODE-hw_module_exists return ENOENT 
01-01 12:31:47.098457  1505  2117 E HAL     : SLCODE-hw_module_exists HAL_LIBRARY_PATH2=/vendor/lib/hw, name=gralloc, subname=mt6737t 
01-01 12:31:47.098634  1505  2117 E HAL     : SLCODE-hw_module_exists HAL_LIBRARY_PATH1=/system/lib/hw, name=gralloc, subname=mt6737t 
01-01 12:31:47.098741  1505  2117 E HAL     : SLCODE-loaded HAL id=gralloc path=/system/lib/hw/gralloc.mt6737t.so 
01-01 12:31:47.100760   246   301 D SurfaceFlinger: postEvent(1176, v/c=13378)
01-01 12:31:47.100873   246   301 D SurfaceFlinger: postEvent(1176, v/c=13378)
01-01 12:31:47.101305   246   303 D SurfaceFlinger: postEvent(246, v/c=14363)
01-01 12:31:47.101702   246   280 D SurfaceFlinger: requestNextVsync(246)
01-01 12:31:47.102406  1505  2117 I [MALI][Gralloc]: [+]r_hnd(0xdf0d4560), client(75), share_fd(105)
01-01 12:31:47.102521  1505  2117 D GraphicBuffer: register, handle(0xdf0d4560) (w:720 h:1280 s:720 f:0x1 u:0x000b00)
01-01 12:31:47.102749   246   321 D SurfaceFlinger: requestNextVsync(915)
01-01 12:31:47.106713   246   282 D SurfaceFlinger: requestNextVsync(246)
01-01 12:31:47.109759  1176  1176 V ViewRootImpl: ViewRoot performTraversals and draw- : mResizeBuffer = null, mResizeAlpha = 0, this = ViewRoot{4134867 NavigationBar,ident = 2} frame#345 (cancelDraw = false)
01-01 12:31:47.111520   246   280 D SurfaceFlinger: requestNextVsync(246)
01-01 12:31:47.112924   246  1058 D SurfaceFlinger: requestNextVsync(1176)
01-01 12:31:47.113260  1176  1176 V DisplayEventReceiver: call nativeScheduleVsync mReceiverPtr = 547247832576
01-01 12:31:47.113671  1176  1176 V ViewRootImpl: ViewRoot performTraversals+ : mFirst = false, this = ViewRoot{681d016 StatusBar,ident = 0}
01-01 12:31:47.113982  2014  2014 D TaskWatcherService: pkgName: com.asus.launcher taskId: 7
01-01 12:31:47.114167  2014  2014 D PowerSaverUtils: isLimitedCpuFrequency prop : 0 ; result : false
01-01 12:31:47.114928   246   321 D SurfaceFlinger: requestNextVsync(1176)
01-01 12:31:47.115505  1176  1176 V ViewRootImpl: ViewRoot performTraversals and draw- : mResizeBuffer = null, mResizeAlpha = 0, this = ViewRoot{681d016 StatusBar,ident = 0} frame#651 (cancelDraw = false)
01-01 12:31:47.115646  1176  1176 V ViewRootImpl: ViewRoot performTraversals+ : mFirst = false, this = ViewRoot{4134867 NavigationBar,ident = 2}
01-01 12:31:47.117530   246  2238 D SurfaceFlinger: requestNextVsync(246)
01-01 12:31:47.119141   246   303 D SurfaceFlinger: postEvent(246, v/c=14364)
01-01 12:31:47.119142   246   301 D SurfaceFlinger: postEvent(915, v/c=13379)
01-01 12:31:47.119485   246   301 D SurfaceFlinger: postEvent(1176, v/c=13379)
01-01 12:31:47.119573   246   301 D SurfaceFlinger: postEvent(1176, v/c=13379)
01-01 12:31:47.121441   915   991 V DisplayEventReceiver: call nativeScheduleVsync mReceiverPtr = 547174519936
01-01 12:31:47.122336   246   280 D SurfaceFlinger: requestNextVsync(915)
01-01 12:31:47.122471   246  1058 D SurfaceFlinger: requestNextVsync(246)
01-01 12:31:47.124150   246   280 D SurfaceFlinger: requestNextVsync(246)
01-01 12:31:47.125396  1176  1176 V ViewRootImpl: ViewRoot performTraversals and draw- : mResizeBuffer = null, mResizeAlpha = 0, this = ViewRoot{4134867 NavigationBar,ident = 2} frame#346 (cancelDraw = false)
01-01 12:31:47.128714  1176  1176 V DisplayEventReceiver: call nativeScheduleVsync mReceiverPtr = 547247832576
01-01 12:31:47.130190   246  2238 D SurfaceFlinger: requestNextVsync(1176)
01-01 12:31:47.130402   246   280 D SurfaceFlinger: requestNextVsync(246)
01-01 12:31:47.131039  1176  1176 V ViewRootImpl: ViewRoot performTraversals+ : mFirst = false, this = ViewRoot{681d016 StatusBar,ident = 0}
01-01 12:31:47.132205  1176  1176 V ViewRootImpl: ViewRoot performTraversals and draw- : mResizeBuffer = null, mResizeAlpha = 0, this = ViewRoot{681d016 StatusBar,ident = 0} frame#652 (cancelDraw = false)
01-01 12:31:47.132394  1176  1176 V ViewRootImpl: ViewRoot performTraversals+ : mFirst = false, this = ViewRoot{4134867 NavigationBar,ident = 2}
01-01 12:31:47.132892  2014  2014 V AsusAnalyticsTracker: sendView : ( com.asus.launcher ) :dimension 10 = com.asus.launcher
01-01 12:31:47.134719  2014  2246 D SQLiteDatabase: beginTransaction()
01-01 12:31:47.136599   246   321 D SurfaceFlinger: requestNextVsync(246)
01-01 12:31:47.137297   246   303 D SurfaceFlinger: postEvent(246, v/c=14365)
01-01 12:31:47.137525   246   301 D SurfaceFlinger: postEvent(915, v/c=13380)
01-01 12:31:47.137643   246   301 D SurfaceFlinger: postEvent(1176, v/c=13380)
01-01 12:31:47.139501   246   246 D SurfaceFlinger: requestNextVsync(246)
01-01 12:31:47.139602   915   991 V DisplayEventReceiver: call nativeScheduleVsync mReceiverPtr = 547174519936
01-01 12:31:47.140171   246   282 D SurfaceFlinger: requestNextVsync(915)
01-01 12:31:47.140529   246   246 D SurfaceFlinger: requestNextVsync(246)
01-01 12:31:47.140680   246  1058 D SurfaceFlinger: requestNextVsync(246)
01-01 12:31:47.142697  1176  1176 V ViewRootImpl: ViewRoot performTraversals and draw- : mResizeBuffer = null, mResizeAlpha = 0, this = ViewRoot{4134867 NavigationBar,ident = 2} frame#347 (cancelDraw = false)
01-01 12:31:47.144206  2014  2246 D SQLiteDatabase: endTransaction()
01-01 12:31:47.144936   246   321 D SurfaceFlinger: requestNextVsync(246)
01-01 12:31:47.145695  1176  1176 V DisplayEventReceiver: call nativeScheduleVsync mReceiverPtr = 547247832576
01-01 12:31:47.146067  1176  1176 V ViewRootImpl: ViewRoot performTraversals+ : mFirst = false, this = ViewRoot{681d016 StatusBar,ident = 0}
01-01 12:31:47.146246   246   280 D SurfaceFlinger: requestNextVsync(1176)
01-01 12:31:47.148129  1176  1176 V ViewRootImpl: ViewRoot performTraversals and draw- : mResizeBuffer = null, mResizeAlpha = 0, this = ViewRoot{681d016 StatusBar,ident = 0} frame#653 (cancelDraw = false)
01-01 12:31:47.148512  1176  1176 V ViewRootImpl: ViewRoot performTraversals+ : mFirst = false, this = ViewRoot{4134867 NavigationBar,ident = 2}
01-01 12:31:47.153428   246  1058 D SurfaceFlinger: requestNextVsync(246)
01-01 12:31:47.154392  1176  1176 V ViewRootImpl: ViewRoot performTraversals and draw- : mResizeBuffer = null, mResizeAlpha = 0, this = ViewRoot{4134867 NavigationBar,ident = 2} frame#348 (cancelDraw = false)
01-01 12:31:47.155543   246   303 D SurfaceFlinger: postEvent(246, v/c=14366)
01-01 12:31:47.155797   246   301 D SurfaceFlinger: postEvent(915, v/c=13381)
01-01 12:31:47.155917   246   301 D SurfaceFlinger: postEvent(1176, v/c=13381)
01-01 12:31:47.156715   246   246 D SurfaceFlinger: requestNextVsync(246)
01-01 12:31:47.157661   246   246 D SurfaceFlinger: requestNextVsync(246)
01-01 12:31:47.157868   915   991 V DisplayEventReceiver: call nativeScheduleVsync mReceiverPtr = 547174519936
01-01 12:31:47.157966  1176  1176 V DisplayEventReceiver: call nativeScheduleVsync mReceiverPtr = 547247832576
01-01 12:31:47.158588   246   282 D SurfaceFlinger: requestNextVsync(915)
01-01 12:31:47.158979   246   280 D SurfaceFlinger: requestNextVsync(246)
01-01 12:31:47.159959   246   282 D SurfaceFlinger: requestNextVsync(1176)
01-01 12:31:47.161232  1176  1176 V ViewRootImpl: ViewRoot performTraversals+ : mFirst = false, this = ViewRoot{681d016 StatusBar,ident = 0}
01-01 12:31:47.162723   246   321 D SurfaceFlinger: requestNextVsync(246)
01-01 12:31:47.164427  1176  1176 V ViewRootImpl: ViewRoot performTraversals and draw- : mResizeBuffer = null, mResizeAlpha = 0, this = ViewRoot{681d016 StatusBar,ident = 0} frame#654 (cancelDraw = false)
01-01 12:31:47.164607  1176  1176 V ViewRootImpl: ViewRoot performTraversals+ : mFirst = false, this = ViewRoot{4134867 NavigationBar,ident = 2}
01-01 12:31:47.170159   246  1058 D SurfaceFlinger: requestNextVsync(246)
01-01 12:31:47.171090  1176  1176 V ViewRootImpl: ViewRoot performTraversals and draw- : mResizeBuffer = null, mResizeAlpha = 0, this = ViewRoot{4134867 NavigationBar,ident = 2} frame#349 (cancelDraw = false)
01-01 12:31:47.173811   246   303 D SurfaceFlinger: postEvent(246, v/c=14367)
01-01 12:31:47.173865   246   301 D SurfaceFlinger: postEvent(915, v/c=13382)
01-01 12:31:47.174165   246   301 D SurfaceFlinger: postEvent(1176, v/c=13382)
01-01 12:31:47.175235  1176  1176 V DisplayEventReceiver: call nativeScheduleVsync mReceiverPtr = 547247832576
01-01 12:31:47.175614  1176  1176 V ViewRootImpl: ViewRoot performTraversals+ : mFirst = false, this = ViewRoot{681d016 StatusBar,ident = 0}
01-01 12:31:47.175980   246   321 D SurfaceFlinger: requestNextVsync(1176)
01-01 12:31:47.176470   915   991 V DisplayEventReceiver: call nativeScheduleVsync mReceiverPtr = 547174519936
01-01 12:31:47.177111   246   321 D SurfaceFlinger: requestNextVsync(915)
01-01 12:31:47.177343   246   246 D SurfaceFlinger: requestNextVsync(246)
01-01 12:31:47.178229   246   321 D SurfaceFlinger: requestNextVsync(246)
01-01 12:31:47.179115   246   246 D SurfaceFlinger: requestNextVsync(246)
01-01 12:31:47.179751   246  1058 D SurfaceFlinger: requestNextVsync(246)
01-01 12:31:47.180923  2014  2161 D SQLiteDatabase: beginTransaction()
01-01 12:31:47.183616  2014  2161 D OpenedTimeAppInfoProvider: Update DB : number of affected records : 1
01-01 12:31:47.183782  2014  2161 D SQLiteDatabase: endTransaction()
01-01 12:31:47.184197  1176  1176 V ViewRootImpl: ViewRoot performTraversals and draw- : mResizeBuffer = null, mResizeAlpha = 0, this = ViewRoot{681d016 StatusBar,ident = 0} frame#655 (cancelDraw = false)
01-01 12:31:47.184398  1176  1176 V ViewRootImpl: ViewRoot performTraversals+ : mFirst = false, this = ViewRoot{4134867 NavigationBar,ident = 2}
01-01 12:31:47.188203   246  2238 D SurfaceFlinger: requestNextVsync(246)
01-01 12:31:47.189909  1176  1176 V ViewRootImpl: ViewRoot performTraversals and draw- : mResizeBuffer = null, mResizeAlpha = 0, this = ViewRoot{4134867 NavigationBar,ident = 2} frame#350 (cancelDraw = false)
01-01 12:31:47.192030   246   303 D SurfaceFlinger: postEvent(246, v/c=14368)
01-01 12:31:47.192038   246   301 D SurfaceFlinger: postEvent(915, v/c=13383)
01-01 12:31:47.192227   246   301 D SurfaceFlinger: postEvent(1176, v/c=13383)
01-01 12:31:47.192962  1176  1176 V DisplayEventReceiver: call nativeScheduleVsync mReceiverPtr = 547247832576
01-01 12:31:47.193331  1176  1176 V ViewRootImpl: ViewRoot performTraversals+ : mFirst = false, this = ViewRoot{681d016 StatusBar,ident = 0}
01-01 12:31:47.193329   246  1058 D SurfaceFlinger: requestNextVsync(246)
01-01 12:31:47.193892   246  1058 D SurfaceFlinger: requestNextVsync(1176)
01-01 12:31:47.194849   246   246 D SurfaceFlinger: requestNextVsync(246)
01-01 12:31:47.194855   915   991 V DisplayEventReceiver: call nativeScheduleVsync mReceiverPtr = 547174519936
01-01 12:31:47.195391   246  2238 D SurfaceFlinger: requestNextVsync(915)
01-01 12:31:47.195760   246  1058 D SurfaceFlinger: requestNextVsync(246)
01-01 12:31:47.196266   246   246 D SurfaceFlinger: requestNextVsync(246)
01-01 12:31:47.196416  1176  1176 V ViewRootImpl: ViewRoot performTraversals and draw- : mResizeBuffer = null, mResizeAlpha = 0, this = ViewRoot{681d016 StatusBar,ident = 0} frame#656 (cancelDraw = false)
01-01 12:31:47.196437   246   246 D SurfaceFlinger: requestNextVsync(246)
01-01 12:31:47.196603  1176  1176 V ViewRootImpl: ViewRoot performTraversals+ : mFirst = false, this = ViewRoot{4134867 NavigationBar,ident = 2}
01-01 12:31:47.203986   246   282 D SurfaceFlinger: requestNextVsync(246)
01-01 12:31:47.206432  1176  1176 V ViewRootImpl: ViewRoot performTraversals and draw- : mResizeBuffer = null, mResizeAlpha = 0, this = ViewRoot{4134867 NavigationBar,ident = 2} frame#351 (cancelDraw = false)
01-01 12:31:47.210243   246   303 D SurfaceFlinger: postEvent(246, v/c=14369)
01-01 12:31:47.210243   246   301 D SurfaceFlinger: postEvent(915, v/c=13384)
01-01 12:31:47.210425   246   301 D SurfaceFlinger: postEvent(1176, v/c=13384)
01-01 12:31:47.210755   246  1058 D SurfaceFlinger: requestNextVsync(246)
01-01 12:31:47.211587  1176  1176 V DisplayEventReceiver: call nativeScheduleVsync mReceiverPtr = 547247832576
01-01 12:31:47.211950  1176  1176 V ViewRootImpl: ViewRoot performTraversals+ : mFirst = false, this = ViewRoot{681d016 StatusBar,ident = 0}
01-01 12:31:47.212065   246   280 D SurfaceFlinger: requestNextVsync(1176)
01-01 12:31:47.212144   915   991 V DisplayEventReceiver: call nativeScheduleVsync mReceiverPtr = 547174519936
01-01 12:31:47.212510   246   282 D SurfaceFlinger: requestNextVsync(915)
01-01 12:31:47.213268   246   282 D SurfaceFlinger: requestNextVsync(246)
01-01 12:31:47.214086   246   246 D SurfaceFlinger: requestNextVsync(246)
01-01 12:31:47.215024   246   246 D SurfaceFlinger: requestNextVsync(246)
01-01 12:31:47.215343   246   246 D SurfaceFlinger: requestNextVsync(246)
01-01 12:31:47.215385  1176  1176 V ViewRootImpl: ViewRoot performTraversals and draw- : mResizeBuffer = null, mResizeAlpha = 0, this = ViewRoot{681d016 StatusBar,ident = 0} frame#657 (cancelDraw = false)
01-01 12:31:47.215556  1176  1176 V ViewRootImpl: ViewRoot performTraversals+ : mFirst = false, this = ViewRoot{4134867 NavigationBar,ident = 2}
01-01 12:31:47.219580   246   280 D SurfaceFlinger: requestNextVsync(246)
01-01 12:31:47.221307  1176  1176 V ViewRootImpl: ViewRoot performTraversals and draw- : mResizeBuffer = null, mResizeAlpha = 0, this = ViewRoot{4134867 NavigationBar,ident = 2} frame#352 (cancelDraw = false)
01-01 12:31:47.225420   246   321 D SurfaceFlinger: requestNextVsync(246)
01-01 12:31:47.228395   246   303 D SurfaceFlinger: postEvent(246, v/c=14370)
01-01 12:31:47.228403   246   301 D SurfaceFlinger: postEvent(915, v/c=13385)
01-01 12:31:47.228584   246   301 D SurfaceFlinger: postEvent(1176, v/c=13385)
01-01 12:31:47.229613   246   246 D SurfaceFlinger: requestNextVsync(246)
01-01 12:31:47.229701  1176  1176 V DisplayEventReceiver: call nativeScheduleVsync mReceiverPtr = 547247832576
01-01 12:31:47.230061  1176  1176 V ViewRootImpl: ViewRoot performTraversals+ : mFirst = false, this = ViewRoot{681d016 StatusBar,ident = 0}
01-01 12:31:47.230122   246  1058 D SurfaceFlinger: requestNextVsync(1176)
01-01 12:31:47.230248   915   991 V DisplayEventReceiver: call nativeScheduleVsync mReceiverPtr = 547174519936
01-01 12:31:47.230909   246   282 D SurfaceFlinger: requestNextVsync(246)
01-01 12:31:47.230776   246   280 D SurfaceFlinger: requestNextVsync(915)
01-01 12:31:47.231276   246   246 D SurfaceFlinger: requestNextVsync(246)
01-01 12:31:47.231393   246   246 D SurfaceFlinger: requestNextVsync(246)
01-01 12:31:47.231891  1176  1176 V ViewRootImpl: ViewRoot performTraversals and draw- : mResizeBuffer = null, mResizeAlpha = 0, this = ViewRoot{681d016 StatusBar,ident = 0} frame#658 (cancelDraw = false)
01-01 12:31:47.232055  1176  1176 V ViewRootImpl: ViewRoot performTraversals+ : mFirst = false, this = ViewRoot{4134867 NavigationBar,ident = 2}
01-01 12:31:47.235616   246  2238 D SurfaceFlinger: requestNextVsync(246)
01-01 12:31:47.237191  1176  1176 V ViewRootImpl: ViewRoot performTraversals and draw- : mResizeBuffer = null, mResizeAlpha = 0, this = ViewRoot{4134867 NavigationBar,ident = 2} frame#353 (cancelDraw = false)
01-01 12:31:47.240049   246   321 D SurfaceFlinger: requestNextVsync(246)
01-01 12:31:47.246614   246   303 D SurfaceFlinger: postEvent(246, v/c=14371)
01-01 12:31:47.246768   246   301 D SurfaceFlinger: postEvent(915, v/c=13386)
01-01 12:31:47.246873   246   301 D SurfaceFlinger: postEvent(1176, v/c=13386)
01-01 12:31:47.247559  1176  1176 V DisplayEventReceiver: call nativeScheduleVsync mReceiverPtr = 547247832576
01-01 12:31:47.247783   246   246 D SurfaceFlinger: requestNextVsync(246)
01-01 12:31:47.248347  1176  1176 V ViewRootImpl: ViewRoot performTraversals+ : mFirst = false, this = ViewRoot{4134867 NavigationBar,ident = 2}
01-01 12:31:47.248678   246  1058 D SurfaceFlinger: requestNextVsync(1176)
01-01 12:31:47.249303   915   991 V DisplayEventReceiver: call nativeScheduleVsync mReceiverPtr = 547174519936
01-01 12:31:47.249833   246   246 D SurfaceFlinger: requestNextVsync(246)
01-01 12:31:47.249984   246   246 D SurfaceFlinger: requestNextVsync(246)
01-01 12:31:47.250085   246   321 D SurfaceFlinger: requestNextVsync(915)
01-01 12:31:47.250420   246  2238 D SurfaceFlinger: requestNextVsync(246)
01-01 12:31:47.251368  1176  1176 V ViewRootImpl: ViewRoot performTraversals and draw- : mResizeBuffer = null, mResizeAlpha = 0, this = ViewRoot{4134867 NavigationBar,ident = 2} frame#354 (cancelDraw = false)
01-01 12:31:47.251516  1176  1176 V ViewRootImpl: ViewRoot performTraversals+ : mFirst = false, this = ViewRoot{681d016 StatusBar,ident = 0}
01-01 12:31:47.252384   915  1079 I libPerfService: 1: set: 3
01-01 12:31:47.252752   915  1079 I libPerfService: 1: set freq: 819000
01-01 12:31:47.252853   915  1079 I libPerfService: 1: set vcore level: 0
01-01 12:31:47.256224   246   282 D SurfaceFlinger: requestNextVsync(246)
01-01 12:31:47.258284  1176  1176 V ViewRootImpl: ViewRoot performTraversals and draw- : mResizeBuffer = null, mResizeAlpha = 0, this = ViewRoot{681d016 StatusBar,ident = 0} frame#659 (cancelDraw = false)
01-01 12:31:47.261004   246   282 D SurfaceFlinger: requestNextVsync(246)
01-01 12:31:47.264892   246   301 D SurfaceFlinger: postEvent(915, v/c=13387)
01-01 12:31:47.264871  3091  3091 D MTKLogger/MainActivity: onStop
01-01 12:31:47.265185   246   301 D SurfaceFlinger: postEvent(1176, v/c=13387)
01-01 12:31:47.265339   246   303 D SurfaceFlinger: postEvent(246, v/c=14372)
01-01 12:31:47.266094  1176  1176 V DisplayEventReceiver: call nativeScheduleVsync mReceiverPtr = 547247832576
01-01 12:31:47.266410  3091  3091 V DisplayEventReceiver: call nativeScheduleVsync mReceiverPtr = 547277803264
01-01 12:31:47.266487   246   280 D SurfaceFlinger: requestNextVsync(1176)
01-01 12:31:47.266767   246   246 D SurfaceFlinger: requestNextVsync(246)
01-01 12:31:47.267376  1176  1176 V ViewRootImpl: ViewRoot performTraversals+ : mFirst = false, this = ViewRoot{4134867 NavigationBar,ident = 2}
01-01 12:31:47.267579   246   246 D SurfaceFlinger: requestNextVsync(246)
01-01 12:31:47.267612   246   321 D SurfaceFlinger: requestNextVsync(3091)
01-01 12:31:47.267714   246   246 D SurfaceFlinger: requestNextVsync(246)
01-01 12:31:47.270551  1176  1176 V ViewRootImpl: ViewRoot performTraversals and draw- : mResizeBuffer = null, mResizeAlpha = 0, this = ViewRoot{4134867 NavigationBar,ident = 2} frame#355 (cancelDraw = false)
01-01 12:31:47.270743  1176  1176 V ViewRootImpl: ViewRoot performTraversals+ : mFirst = false, this = ViewRoot{681d016 StatusBar,ident = 0}
01-01 12:31:47.271643  3091  3091 V PhoneWindow: DecorView setVisiblity: visibility = 4 ,Parent =ViewRoot{fdcad92 com.mediatek.mtklogger/com.mediatek.mtklogger.MainActivity,ident = 2}, this =com.android.internal.policy.PhoneWindow$DecorView{654d6ed I.E...... R......D 0,0-720,1184}
01-01 12:31:47.274664   246  2238 D SurfaceFlinger: requestNextVsync(246)
01-01 12:31:47.274739   915   991 V DisplayEventReceiver: call nativeScheduleVsync mReceiverPtr = 547174519936
01-01 12:31:47.275622   246   280 D SurfaceFlinger: requestNextVsync(915)
01-01 12:31:47.275695   246  2238 D SurfaceFlinger: requestNextVsync(246)
01-01 12:31:47.277270  1176  1176 V ViewRootImpl: ViewRoot performTraversals and draw- : mResizeBuffer = null, mResizeAlpha = 0, this = ViewRoot{681d016 StatusBar,ident = 0} frame#660 (cancelDraw = false)
01-01 12:31:47.280808   246  2238 D SurfaceFlinger: requestNextVsync(246)
01-01 12:31:47.283082   246   303 D SurfaceFlinger: postEvent(246, v/c=14373)
01-01 12:31:47.283240   246   301 D SurfaceFlinger: postEvent(915, v/c=13388)
01-01 12:31:47.283387   246   301 D SurfaceFlinger: postEvent(3091, v/c=13388)
01-01 12:31:47.283494   246   301 D SurfaceFlinger: postEvent(1176, v/c=13388)
01-01 12:31:47.284161   246   246 D SurfaceFlinger: requestNextVsync(246)
01-01 12:31:47.284630  3091  3091 V ViewRootImpl: ViewRoot performTraversals+ : mFirst = false, this = ViewRoot{fdcad92 com.mediatek.mtklogger/com.mediatek.mtklogger.MainActivity,ident = 2}
01-01 12:31:47.285023   246   246 D SurfaceFlinger: requestNextVsync(246)
01-01 12:31:47.285271   246   246 D SurfaceFlinger: requestNextVsync(246)
01-01 12:31:47.285353  3091  3091 V ViewRootImpl: ViewRoot performTraversals and draw- : mResizeBuffer = null, mResizeAlpha = 0, this = ViewRoot{fdcad92 com.mediatek.mtklogger/com.mediatek.mtklogger.MainActivity,ident = 2} frame#-999 (cancelDraw = true)
01-01 12:31:47.285974   915   991 V DisplayEventReceiver: call nativeScheduleVsync mReceiverPtr = 547174519936
01-01 12:31:47.286395   246   282 D SurfaceFlinger: requestNextVsync(915)
01-01 12:31:47.286591   246   321 D SurfaceFlinger: requestNextVsync(246)
01-01 12:31:47.287475  1176  1176 V DisplayEventReceiver: call nativeScheduleVsync mReceiverPtr = 547247832576
01-01 12:31:47.287960   246   280 D SurfaceFlinger: requestNextVsync(1176)
01-01 12:31:47.287986  1176  1176 V ViewRootImpl: ViewRoot performTraversals+ : mFirst = false, this = ViewRoot{681d016 StatusBar,ident = 0}
01-01 12:31:47.288399  3091  5610 D OpenGLRenderer: Flushing caches (mode 1)
01-01 12:31:47.292611  1176  1176 V ViewRootImpl: ViewRoot performTraversals and draw- : mResizeBuffer = null, mResizeAlpha = 0, this = ViewRoot{681d016 StatusBar,ident = 0} frame#661 (cancelDraw = false)
01-01 12:31:47.297026   246   282 D SurfaceFlinger: requestNextVsync(246)
01-01 12:31:47.301268   246   303 D SurfaceFlinger: postEvent(246, v/c=14374)
01-01 12:31:47.301295   246   301 D SurfaceFlinger: postEvent(915, v/c=13389)
01-01 12:31:47.301402   246   301 D SurfaceFlinger: postEvent(1176, v/c=13389)
01-01 12:31:47.302153  1176  1176 V DisplayEventReceiver: call nativeScheduleVsync mReceiverPtr = 547247832576
01-01 12:31:47.302835   246   246 D SurfaceFlinger: requestNextVsync(246)
01-01 12:31:47.302816   246   321 D SurfaceFlinger: requestNextVsync(1176)
01-01 12:31:47.303132  1176  1176 V ViewRootImpl: ViewRoot performTraversals+ : mFirst = false, this = ViewRoot{681d016 StatusBar,ident = 0}
01-01 12:31:47.303204   915   991 V DisplayEventReceiver: call nativeScheduleVsync mReceiverPtr = 547174519936
01-01 12:31:47.304178   246  2238 D SurfaceFlinger: requestNextVsync(915)
01-01 12:31:47.304275   246   282 D SurfaceFlinger: requestNextVsync(246)
01-01 12:31:47.304779   246   246 D SurfaceFlinger: requestNextVsync(246)
01-01 12:31:47.305582  1176  1176 V ViewRootImpl: ViewRoot performTraversals and draw- : mResizeBuffer = null, mResizeAlpha = 0, this = ViewRoot{681d016 StatusBar,ident = 0} frame#662 (cancelDraw = false)
01-01 12:31:47.310889   246  2238 D SurfaceFlinger: requestNextVsync(246)
01-01 12:31:47.319506   246   303 D SurfaceFlinger: postEvent(246, v/c=14375)
01-01 12:31:47.319608   246   301 D SurfaceFlinger: postEvent(915, v/c=13390)
01-01 12:31:47.319715   246   301 D SurfaceFlinger: postEvent(1176, v/c=13390)
01-01 12:31:47.320442  1176  1176 V DisplayEventReceiver: call nativeScheduleVsync mReceiverPtr = 547247832576
01-01 12:31:47.320766   246   246 D SurfaceFlinger: requestNextVsync(246)
01-01 12:31:47.320921   246   246 D SurfaceFlinger: requestNextVsync(246)
01-01 12:31:47.321105  1176  1176 V ViewRootImpl: ViewRoot performTraversals+ : mFirst = false, this = ViewRoot{681d016 StatusBar,ident = 0}
01-01 12:31:47.321471   246   280 D SurfaceFlinger: requestNextVsync(1176)
01-01 12:31:47.321798   915   991 V DisplayEventReceiver: call nativeScheduleVsync mReceiverPtr = 547174519936
01-01 12:31:47.322463   246  1058 D SurfaceFlinger: requestNextVsync(915)
01-01 12:31:47.322949   246  2238 D SurfaceFlinger: requestNextVsync(246)
01-01 12:31:47.323479  1176  1176 V ViewRootImpl: ViewRoot performTraversals and draw- : mResizeBuffer = null, mResizeAlpha = 0, this = ViewRoot{681d016 StatusBar,ident = 0} frame#663 (cancelDraw = false)
01-01 12:31:47.328940   246   321 D SurfaceFlinger: requestNextVsync(246)
01-01 12:31:47.337736   246   303 D SurfaceFlinger: postEvent(246, v/c=14376)
01-01 12:31:47.337841   246   301 D SurfaceFlinger: postEvent(915, v/c=13391)
01-01 12:31:47.337949   246   301 D SurfaceFlinger: postEvent(1176, v/c=13391)
01-01 12:31:47.338796  1176  1176 V DisplayEventReceiver: call nativeScheduleVsync mReceiverPtr = 547247832576
01-01 12:31:47.339361   246   246 D SurfaceFlinger: requestNextVsync(246)
01-01 12:31:47.339388   246  1058 D SurfaceFlinger: requestNextVsync(1176)
01-01 12:31:47.339518   246   246 D SurfaceFlinger: requestNextVsync(246)
01-01 12:31:47.339824  1176  1176 V ViewRootImpl: ViewRoot performTraversals+ : mFirst = false, this = ViewRoot{681d016 StatusBar,ident = 0}
01-01 12:31:47.340093   915   991 V DisplayEventReceiver: call nativeScheduleVsync mReceiverPtr = 547174519936
01-01 12:31:47.340511   246  2238 D SurfaceFlinger: requestNextVsync(915)
01-01 12:31:47.340812   246   280 D SurfaceFlinger: requestNextVsync(246)
01-01 12:31:47.341818  1176  1176 V ViewRootImpl: ViewRoot performTraversals and draw- : mResizeBuffer = null, mResizeAlpha = 0, this = ViewRoot{681d016 StatusBar,ident = 0} frame#664 (cancelDraw = false)
01-01 12:31:47.347077   246  1058 D SurfaceFlinger: requestNextVsync(246)
01-01 12:31:47.355975   246   301 D SurfaceFlinger: postEvent(915, v/c=13392)
01-01 12:31:47.355958   246   303 D SurfaceFlinger: postEvent(246, v/c=14377)
01-01 12:31:47.356146   246   301 D SurfaceFlinger: postEvent(1176, v/c=13392)
01-01 12:31:47.356878  1176  1176 V DisplayEventReceiver: call nativeScheduleVsync mReceiverPtr = 547247832576
01-01 12:31:47.357387   246  2238 D SurfaceFlinger: requestNextVsync(1176)
01-01 12:31:47.357434   246   246 D SurfaceFlinger: requestNextVsync(246)
01-01 12:31:47.357561   246   246 D SurfaceFlinger: requestNextVsync(246)
01-01 12:31:47.357829  1176  1176 V ViewRootImpl: ViewRoot performTraversals+ : mFirst = false, this = ViewRoot{681d016 StatusBar,ident = 0}
01-01 12:31:47.358556   915   991 V DisplayEventReceiver: call nativeScheduleVsync mReceiverPtr = 547174519936
01-01 12:31:47.359096   246   282 D SurfaceFlinger: requestNextVsync(915)
01-01 12:31:47.359486   246  1058 D SurfaceFlinger: requestNextVsync(246)
01-01 12:31:47.359700  1176  1176 V ViewRootImpl: ViewRoot performTraversals and draw- : mResizeBuffer = null, mResizeAlpha = 0, this = ViewRoot{681d016 StatusBar,ident = 0} frame#665 (cancelDraw = false)
01-01 12:31:47.365376   246   280 D SurfaceFlinger: requestNextVsync(246)
01-01 12:31:47.374211   246   301 D SurfaceFlinger: postEvent(915, v/c=13393)
01-01 12:31:47.374198   246   303 D SurfaceFlinger: postEvent(246, v/c=14378)
01-01 12:31:47.374386   246   301 D SurfaceFlinger: postEvent(1176, v/c=13393)
01-01 12:31:47.375514   246   246 D SurfaceFlinger: requestNextVsync(246)
01-01 12:31:47.375672   246   246 D SurfaceFlinger: requestNextVsync(246)
01-01 12:31:47.376251   915   991 V DisplayEventReceiver: call nativeScheduleVsync mReceiverPtr = 547174519936
01-01 12:31:47.376635   246   321 D SurfaceFlinger: requestNextVsync(915)
01-01 12:31:47.376777   246  1058 D SurfaceFlinger: requestNextVsync(246)
01-01 12:31:47.392424   246   303 D SurfaceFlinger: postEvent(246, v/c=14379)
01-01 12:31:47.392429   246   301 D SurfaceFlinger: postEvent(915, v/c=13394)
01-01 12:31:47.394124   915   991 V DisplayEventReceiver: call nativeScheduleVsync mReceiverPtr = 547174519936
01-01 12:31:47.394527   246   282 D SurfaceFlinger: requestNextVsync(915)
01-01 12:31:47.394820   246   282 D SurfaceFlinger: requestNextVsync(246)
01-01 12:31:47.410662   246   303 D SurfaceFlinger: postEvent(246, v/c=14380)
01-01 12:31:47.410741   246   301 D SurfaceFlinger: postEvent(915, v/c=13395)
01-01 12:31:47.412319   915   991 V DisplayEventReceiver: call nativeScheduleVsync mReceiverPtr = 547174519936
01-01 12:31:47.412714   246   280 D SurfaceFlinger: requestNextVsync(915)
01-01 12:31:47.413018   246   321 D SurfaceFlinger: requestNextVsync(246)
01-01 12:31:47.428879   246   303 D SurfaceFlinger: postEvent(246, v/c=14381)
01-01 12:31:47.428980   246   301 D SurfaceFlinger: postEvent(915, v/c=13396)
01-01 12:31:47.430740  3091  3091 V DisplayEventReceiver: call nativeScheduleVsync mReceiverPtr = 547277803264
01-01 12:31:47.431262   246  1058 D SurfaceFlinger: requestNextVsync(3091)
01-01 12:31:47.431514   246   282 D SurfaceFlinger: requestNextVsync(246)
01-01 12:31:47.435486   246   280 D SurfaceFlinger: requestNextVsync(246)
01-01 12:31:47.437625  1505  1505 V DisplayEventReceiver: call nativeScheduleVsync mReceiverPtr = -541080800
01-01 12:31:47.438032   246  1058 D SurfaceFlinger: requestNextVsync(1505)
01-01 12:31:47.438660  1505  2117 D OpenGLRenderer: Creating new layer 0xdebbde00, 704x960, alpha 255
01-01 12:31:47.438775  1505  2117 D OpenGLRenderer:   Allocate layer: 0xdebbde00 704x960
01-01 12:31:47.439110   915   991 V DisplayEventReceiver: call nativeScheduleVsync mReceiverPtr = 547174519936
01-01 12:31:47.439467   246   280 D SurfaceFlinger: requestNextVsync(915)
01-01 12:31:47.447125   246   303 D SurfaceFlinger: postEvent(246, v/c=14382)
01-01 12:31:47.447397   246   301 D SurfaceFlinger: postEvent(915, v/c=13397)
01-01 12:31:47.447510   246   246 I BufferQueueConsumer: [com.mediatek.mtklogger/com.mediatek.mtklogger.MainActivity](this:0x7f9d749000,id:97,api:1,p:-1,c:-1) disconnect(C)
01-01 12:31:47.447518   246   301 D SurfaceFlinger: postEvent(3091, v/c=13397)
01-01 12:31:47.447718   246   301 D SurfaceFlinger: postEvent(1505, v/c=13397)
01-01 12:31:47.448124   246   246 I BufferQueue: [com.mediatek.mtklogger/com.mediatek.mtklogger.MainActivity](this:0x7f9d749000,id:97,api:1,p:-1,c:-1) ~BufferQueueCore
01-01 12:31:47.448394  3091  3091 V ViewRootImpl: ViewRoot performTraversals+ : mFirst = false, this = ViewRoot{fdcad92 com.mediatek.mtklogger/com.mediatek.mtklogger.MainActivity,ident = 2}
01-01 12:31:47.448539   246   246 D GraphicBuffer: free, handle(0x7fa1f8a220) (w:720 h:1184 s:720 f:0x1 u:0x000b00)
01-01 12:31:47.448720   246   246 I [MALI][Gralloc]: [-]hnd(0x7fa1f8a220), client(26), share_fd(37)
01-01 12:31:47.448865  1505  2117 D OpenGLRenderer: Creating new layer 0xe0abac00, 704x960, alpha 255
01-01 12:31:47.448952  1505  2117 D OpenGLRenderer:   Allocate layer: 0xe0abac00 704x960
01-01 12:31:47.448566  3091  3091 V ViewRootImpl: ViewRoot performTraversals and draw- : mResizeBuffer = null, mResizeAlpha = 0, this = ViewRoot{fdcad92 com.mediatek.mtklogger/com.mediatek.mtklogger.MainActivity,ident = 2} frame#-999 (cancelDraw = true)
01-01 12:31:47.455664  1505  1505 V ViewRootImpl: ViewRoot performTraversals+ : mFirst = false, this = ViewRoot{f1286cc com.asus.launcher/com.android.launcher3.Launcher,ident = 0}
01-01 12:31:47.457048  1505  2117 W OpenGLRenderer: Incorrectly called buildLayer on View: al @e36bd4d, destroying layer...
01-01 12:31:47.457184  1505  2117 W OpenGLRenderer: Incorrectly called buildLayer on View: al @f8b4905, destroying layer...
01-01 12:31:47.457977  1505  1505 V ViewRootImpl: ViewRoot performTraversals and draw- : mResizeBuffer = null, mResizeAlpha = 0, this = ViewRoot{f1286cc com.asus.launcher/com.android.launcher3.Launcher,ident = 0} frame#455 (cancelDraw = false)
01-01 12:31:47.459101   246   280 I BufferQueueProducer: [com.asus.launcher/com.android.launcher3.Launcher](this:0x7f9d74a400,id:99,api:1,p:1505,c:246) new GraphicBuffer needed
01-01 12:31:47.459210   246   280 D GraphicBuffer: free, handle(0x7fa1f8a540) (w:720 h:1280 s:720 f:0x1 u:0x000900)
01-01 12:31:47.459392   246   280 I [MALI][Gralloc]: [-]hnd(0x7fa1f8a540), client(26), share_fd(69)
01-01 12:31:47.470557   246   280 I [MALI][Gralloc]: [+]hnd(0x7fa1f8a540), client(26), share_fd(37), hnd->flags:4
01-01 12:31:47.470666   246   280 D GraphicBuffer: alloc, handle(0x7fa1f8a540) (w:720 h:1280 s:720 f:0x1 u:0x000b00) err(0)
01-01 12:31:47.471634  1505  2117 E HAL     : SLCODE-loaded class_id=gralloc 
01-01 12:31:47.471771  1505  2117 E HAL     : SLCODE-loaded name=gralloc 
01-01 12:31:47.471837  1505  2117 E HAL     : SLCODE-loaded prop_name=ro.hardware.gralloc 
01-01 12:31:47.471901  1505  2117 E HAL     : SLCODE-loaded for circle execute 
01-01 12:31:47.471968  1505  2117 E HAL     : SLCODE-hw_module_exists HAL_LIBRARY_PATH2=/vendor/lib/hw, name=gralloc, subname=mt6735 
01-01 12:31:47.472119  1505  2117 E HAL     : SLCODE-hw_module_exists HAL_LIBRARY_PATH1=/system/lib/hw, name=gralloc, subname=mt6735 
01-01 12:31:47.472233  1505  2117 E HAL     : SLCODE-hw_module_exists return ENOENT 
01-01 12:31:47.472303  1505  2117 E HAL     : SLCODE-hw_module_exists HAL_LIBRARY_PATH2=/vendor/lib/hw, name=gralloc, subname=MT6737T 
01-01 12:31:47.472441  1505  2117 E HAL     : SLCODE-hw_module_exists HAL_LIBRARY_PATH1=/system/lib/hw, name=gralloc, subname=MT6737T 
01-01 12:31:47.472539  1505  2117 E HAL     : SLCODE-hw_module_exists return ENOENT 
01-01 12:31:47.472609  1505  2117 E HAL     : SLCODE-hw_module_exists HAL_LIBRARY_PATH2=/vendor/lib/hw, name=gralloc, subname=mt6737t 
01-01 12:31:47.472735  1505  2117 E HAL     : SLCODE-hw_module_exists HAL_LIBRARY_PATH1=/system/lib/hw, name=gralloc, subname=mt6737t 
01-01 12:31:47.472834  1505  2117 E HAL     : SLCODE-loaded HAL id=gralloc path=/system/lib/hw/gralloc.mt6737t.so 
01-01 12:31:47.474215  1505  2117 I [MALI][Gralloc]: [+]r_hnd(0xdf0d4e20), client(75), share_fd(106)
01-01 12:31:47.474316  1505  2117 D GraphicBuffer: register, handle(0xdf0d4e20) (w:720 h:1280 s:720 f:0x1 u:0x000b00)
01-01 12:31:47.480345   246  1058 D SurfaceFlinger: requestNextVsync(246)
01-01 12:31:47.483574   246   303 D SurfaceFlinger: postEvent(246, v/c=14384)
01-01 12:31:47.485720   246   246 I SurfaceFlinger: [Built-in Screen (type:0)] fps:44.827568,dur:1003.85,max:146.50,min:3.49
01-01 12:31:47.958799   915  1079 D PerfServiceManager: [PerfService] MESSAGE_TIMEOUT:105 
01-01 12:31:47.959567   915  1079 I libPerfService: 5: set: 1
01-01 12:31:47.960128   915  1079 I libPerfService: 5: set freq: 0
01-01 12:31:47.960255   915  1079 I libPerfService: 5: set vcore level: 0
01-01 12:31:47.961709   915  1079 D PerfServiceManager: [PerfService] set utilization:0.8 
01-01 12:31:48.055796  2196  2210 I PerfService: PerfServiceNative_getPackName
01-01 12:31:48.057911   915  1489 I libPerfService: perfGetLastBoostPid 1505
01-01 12:31:48.058605   915  1489 D PerfServiceManager: [PerfService] getLastBoostPid 1505 
01-01 12:31:48.058973   915  1489 I libPerfService: perfGetLastBoostPid 1505
01-01 12:31:49.061558  2196  2210 I PerfService: PerfServiceNative_getPackName
01-01 12:31:49.063805   915  1989 I libPerfService: perfGetLastBoostPid 1505
01-01 12:31:49.064555   915  1989 D PerfServiceManager: [PerfService] getLastBoostPid 1505 
01-01 12:31:49.064886   915  1989 I libPerfService: perfGetLastBoostPid 1505
01-01 12:31:49.739937   915  1079 D PerfServiceManager: [PerfService] MESSAGE_TIMER_RENDER_AWARE_DURATION timeout 
01-01 12:31:49.791580   915  1109 D skia    : encodeStream start
01-01 12:31:49.852499   915  1109 D skia    : Encode png success
01-01 12:31:49.937000  1697  1697 D SettingsInterface:  from settings cache , name = multi_sim_voice_call , value = null
01-01 12:31:49.940437  1697  1697 D SettingsInterface:  from settings cache , name = multi_sim_voice_call , value = null
01-01 12:31:50.071263  2196  2210 I PerfService: PerfServiceNative_getPackName
01-01 12:31:50.074943   915  1992 I libPerfService: perfGetLastBoostPid 1505
01-01 12:31:50.076342   915  1992 D PerfServiceManager: [PerfService] getLastBoostPid 1505 
01-01 12:31:50.076676   915  1992 I libPerfService: perfGetLastBoostPid 1505
01-01 12:31:50.499864   915   915 D SettingsInterface:  from settings cache , name = sys_free_storage_log_interval , value = null
01-01 12:31:50.500126   915   915 D SettingsInterface:  from settings cache , name = disk_free_change_reporting_threshold , value = null
01-01 12:31:50.876602   373   373 I thermal_repeater: oh, queryMdThermalInfo (0)No such file or directory
01-01 12:31:50.891453   373   373 I thermal_repeater: [recvMdThermalInfo] ret=30, strLen=127,  2, 32767, -127, -1, 32767, 18
01-01 12:31:51.082562  2196  2210 I PerfService: PerfServiceNative_getPackName
01-01 12:31:51.087181   915   940 I libPerfService: perfGetLastBoostPid 1505
01-01 12:31:51.087939   915   940 D PerfServiceManager: [PerfService] getLastBoostPid 1505 
01-01 12:31:51.088273   915   940 I libPerfService: perfGetLastBoostPid 1505
01-01 12:31:52.093953  2196  2210 I PerfService: PerfServiceNative_getPackName
01-01 12:31:52.096547   915  1138 I libPerfService: perfGetLastBoostPid 1505
01-01 12:31:52.097372   915  1138 D PerfServiceManager: [PerfService] getLastBoostPid 1505 
01-01 12:31:52.097705   915  1138 I libPerfService: perfGetLastBoostPid 1505
01-01 12:31:52.874381   915  1036 D InputReader: AP_PROF:AppLaunch_dispatchPtr:Down:1673307, ID:0, Index:1805019072
01-01 12:31:52.875590   915  1036 I PerfService: PerfServiceNative_boostEnableAsync:3
01-01 12:31:52.892413  1176  1176 V ViewRootImpl: enqueueInputEvent: event = MotionEvent { action=ACTION_DOWN, actionButton=0, id[0]=0, x[0]=560.2219, y[0]=88.006226, toolType[0]=TOOL_TYPE_FINGER, buttonState=0, metaState=0, flags=0x0, edgeFlags=0x0, pointerCount=1, historySize=0, eventTime=1673307, downTime=1673307, deviceId=2, source=0x1002 },processImmediately = true,mProcessInputEventsScheduled = false, this = ViewRoot{4134867 NavigationBar,ident = 2}
01-01 12:31:52.901784   915  1079 I libPerfService: 3: set freq: 819000
01-01 12:31:52.907743   915  1079 I libPerfService: 3: set: 3
01-01 12:31:52.913363  1176  1176 I View    : Touch down dispatch to com.android.systemui.statusbar.policy.DeadZone{292c4a5 V.ED..... ........ 0,0-720,96 #7f0a01b5 app:id/deadzone}, event = MotionEvent { action=ACTION_DOWN, actionButton=0, id[0]=0, x[0]=560.2219, y[0]=88.006226, toolType[0]=TOOL_TYPE_FINGER, buttonState=0, metaState=0, flags=0x0, edgeFlags=0x0, pointerCount=1, historySize=0, eventTime=1673307, downTime=1673307, deviceId=2, source=0x1002 }
01-01 12:31:52.914672  1176  1176 I View    : Touch down dispatch to com.android.systemui.statusbar.policy.KeyButtonView{6cded58 V.ED..CL. ........ 480,0-640,96 #7f0a01b1 app:id/recent_apps}, event = MotionEvent { action=ACTION_DOWN, actionButton=0, id[0]=0, x[0]=80.221924, y[0]=88.006226, toolType[0]=TOOL_TYPE_FINGER, buttonState=0, metaState=0, flags=0x0, edgeFlags=0x0, pointerCount=1, historySize=0, eventTime=1673307, downTime=1673307, deviceId=2, source=0x1002 }
01-01 12:31:52.914999  1176  1176 D SettingsInterface:  from settings cache , name = device_provisioned , value = 1
01-01 12:31:52.931258  1176  1176 V DisplayEventReceiver: call nativeScheduleVsync mReceiverPtr = 547247832576
01-01 12:31:52.931811   246   282 D SurfaceFlinger: requestNextVsync(1176)
01-01 12:31:52.933231   246   301 D SurfaceFlinger: postEvent(1176, v/c=13399)
01-01 12:31:52.936799   915  1994 D AppOps  : startOperation: allowing code 3 uid 10016 package com.android.systemui
01-01 12:31:52.942586  1176  1176 V ViewRootImpl: App handle pointer event: event = MotionEvent { action=ACTION_DOWN, actionButton=0, id[0]=0, x[0]=560.2219, y[0]=88.006226, toolType[0]=TOOL_TYPE_FINGER, buttonState=0, metaState=0, flags=0x0, edgeFlags=0x0, pointerCount=1, historySize=0, eventTime=1673307, downTime=1673307, deviceId=2, source=0x1002 }, mView = com.android.systemui.statusbar.phone.NavigationBarView{947aa28 V.E...... .......D 0,0-720,96}, this = android.view.ViewRootImpl$ViewPostImeInputStage@c272509
01-01 12:31:52.942966  1176  1176 V ViewRootImpl: finishInputEvent: handled = true,event = MotionEvent { action=ACTION_DOWN, actionButton=0, id[0]=0, x[0]=560.2219, y[0]=88.006226, toolType[0]=TOOL_TYPE_FINGER, buttonState=0, metaState=0, flags=0x0, edgeFlags=0x0, pointerCount=1, historySize=0, eventTime=1673307, downTime=1673307, deviceId=2, source=0x1002 }, stage = 10: View Post IME stage, this = ViewRoot{4134867 NavigationBar,ident = 2}
01-01 12:31:52.946121  1176  1176 V ViewRootImpl: ViewRoot performTraversals+ : mFirst = false, this = ViewRoot{4134867 NavigationBar,ident = 2}
01-01 12:31:52.949123  1176  1176 V ViewRootImpl: ViewRoot performTraversals and draw- : mResizeBuffer = null, mResizeAlpha = 0, this = ViewRoot{4134867 NavigationBar,ident = 2} frame#356 (cancelDraw = false)
01-01 12:31:52.952118   246   321 D SurfaceFlinger: requestNextVsync(246)
01-01 12:31:52.952292   246   321 I BufferQueueProducer: [NavigationBar](this:0x7f9e0ab400,id:12,api:1,p:1176,c:246) queueBuffer: fps=5.69 dur=6328.07 max=5677.50 min=9.21
01-01 12:31:52.953574   246  1058 D SurfaceFlinger: requestNextVsync(1176)
01-01 12:31:52.957193   915  1036 D InputReader: AP_PROF:AppLaunch_dispatchPtr:Up:1673391, ID:0, Index:1805022464
01-01 12:31:52.957338   915  1036 I PerfService: PerfServiceNative_boostEnableTimeoutMsAsync:3, 100
01-01 12:31:52.959083  1176  1176 V ViewRootImpl: enqueueInputEvent: event = MotionEvent { action=ACTION_UP, actionButton=0, id[0]=0, x[0]=560.2219, y[0]=88.006226, toolType[0]=TOOL_TYPE_FINGER, buttonState=0, metaState=0, flags=0x0, edgeFlags=0x0, pointerCount=1, historySize=0, eventTime=1673391, downTime=1673307, deviceId=2, source=0x1002 },processImmediately = true,mProcessInputEventsScheduled = false, this = ViewRoot{4134867 NavigationBar,ident = 2}
01-01 12:31:52.960319  1176  1176 I View    : Touch up dispatch to com.android.systemui.statusbar.policy.KeyButtonView{6cded58 V.ED..CL. ...P.... 480,0-640,96 #7f0a01b1 app:id/recent_apps}, event = MotionEvent { action=ACTION_UP, actionButton=0, id[0]=0, x[0]=80.221924, y[0]=88.006226, toolType[0]=TOOL_TYPE_FINGER, buttonState=0, metaState=0, flags=0x0, edgeFlags=0x0, pointerCount=1, historySize=0, eventTime=1673391, downTime=1673307, deviceId=2, source=0x1002 }
01-01 12:31:52.969514   246   303 D SurfaceFlinger: postEvent(246, v/c=14386)
01-01 12:31:52.969515   246   301 D SurfaceFlinger: postEvent(1176, v/c=13401)
01-01 12:31:52.972300  1176  1176 V DisplayEventReceiver: call nativeScheduleVsync mReceiverPtr = 547247832576
01-01 12:31:52.972918   246   282 D SurfaceFlinger: requestNextVsync(1176)
01-01 12:31:52.973710   246   280 D SurfaceFlinger: requestNextVsync(1176)
01-01 12:31:52.974702  1176  1176 D SettingsInterface:  from settings cache , name = sound_effects_enabled , value = 0
01-01 12:31:52.981700   246   246 I SurfaceFlinger: [Built-in Screen (type:0)] fps:0.181951,dur:5495.98,max:5495.98,min:5495.98
01-01 12:31:52.985826  1176  1176 D SettingsInterface:  from settings cache , name = device_provisioned , value = 1
01-01 12:31:52.987834   246   301 D SurfaceFlinger: postEvent(1176, v/c=13402)
01-01 12:31:52.987937   246   301 D SurfaceFlinger: postEvent(1176, v/c=13402)
01-01 12:31:52.991733   246  2238 D SurfaceFlinger: requestNextVsync(1176)
01-01 12:31:52.998554   246   321 D SurfaceFlinger: requestNextVsync(246)
01-01 12:31:53.002780  1176  1176 D SettingsInterface:  from settings cache , name = development_settings_enabled , value = null
01-01 12:31:53.002952  1176  1176 D SettingsInterface:  from settings cache , name = lock_to_app_enabled , value = null
01-01 12:31:53.005939   246   303 D SurfaceFlinger: postEvent(246, v/c=14388)
01-01 12:31:53.005950   246   301 D SurfaceFlinger: postEvent(1176, v/c=13403)
01-01 12:31:53.009937   246   282 D SurfaceFlinger: requestNextVsync(1176)
01-01 12:31:53.013404   246  2238 D SurfaceFlinger: requestNextVsync(246)
01-01 12:31:53.024291   246   303 D SurfaceFlinger: postEvent(246, v/c=14389)
01-01 12:31:53.024291   246   301 D SurfaceFlinger: postEvent(1176, v/c=13404)
01-01 12:31:53.028193   246  1058 D SurfaceFlinger: requestNextVsync(1176)
01-01 12:31:53.031530   246   282 D SurfaceFlinger: requestNextVsync(246)
01-01 12:31:53.046094   246   303 D SurfaceFlinger: postEvent(246, v/c=14390)
01-01 12:31:53.046094   246   301 D SurfaceFlinger: postEvent(1176, v/c=13405)
01-01 12:31:53.050346   915   991 V DisplayEventReceiver: call nativeScheduleVsync mReceiverPtr = 547174519936
01-01 12:31:53.050758   246   321 D SurfaceFlinger: requestNextVsync(1176)
01-01 12:31:53.051218   246   280 D SurfaceFlinger: requestNextVsync(915)
01-01 12:31:53.054038   915  1079 I libPerfService: 1: set freq: 1300000
01-01 12:31:53.055000   915  1079 I libPerfService: 1: set: 4
01-01 12:31:53.055522  1505  1505 V AsusInstallShortcutReceiver: [enableInstallQueue] called
01-01 12:31:53.055751  1505  1505 D AsusAnimationIconReceiver: [enableUpdateAppIconQueue] called
01-01 12:31:53.055911  1505  1505 V AVP_LOG : [enableShowVirtualPreloadDialog] called
01-01 12:31:53.057694   915  1079 D PerfServiceManager: [PerfService] MESSAGE_TIMEOUT:103 
01-01 12:31:53.058535   246  2238 D SurfaceFlinger: requestNextVsync(246)
01-01 12:31:53.059596   915  1079 I libPerfService: 3: set freq: 1300000
01-01 12:31:53.059676   915  1079 I libPerfService: 3: set vcore level: 0
01-01 12:31:53.064360   246   303 D SurfaceFlinger: postEvent(246, v/c=14391)
01-01 12:31:53.064483   246   301 D SurfaceFlinger: postEvent(915, v/c=13406)
01-01 12:31:53.064903   246   301 D SurfaceFlinger: postEvent(1176, v/c=13406)
01-01 12:31:53.065607   915  1137 D InputReader: InputReader:: getSwitchState lock 
01-01 12:31:53.065694   915  1137 D InputReader: InputReader::getStateLocked:: return 
01-01 12:31:53.068367   246   280 D SurfaceFlinger: requestNextVsync(1176)
01-01 12:31:53.071662   246   321 D SurfaceFlinger: requestNextVsync(246)
01-01 12:31:53.079337   915   991 V DisplayEventReceiver: call nativeScheduleVsync mReceiverPtr = 547174519936
01-01 12:31:53.079755   246   280 D SurfaceFlinger: requestNextVsync(915)
01-01 12:31:53.082896   246   301 D SurfaceFlinger: postEvent(915, v/c=13407)
01-01 12:31:53.082906   246   303 D SurfaceFlinger: postEvent(246, v/c=14392)
01-01 12:31:53.083047   246   301 D SurfaceFlinger: postEvent(1176, v/c=13407)
01-01 12:31:53.086388  1505  1505 V Launcher: [onWindowFocusChanged]: false, takes: 0ms
01-01 12:31:53.087051   246  2238 D SurfaceFlinger: requestNextVsync(1176)
01-01 12:31:53.088293   246  1058 D SurfaceFlinger: requestNextVsync(246)
01-01 12:31:53.090529   915   991 V DisplayEventReceiver: call nativeScheduleVsync mReceiverPtr = 547174519936
01-01 12:31:53.091877  1176  1176 V AsusSystemUITracker: sendEvents : ( BEHAVIOR_TRACKER,v2 Recent apps, toggle recent apps , null, null )
01-01 12:31:53.092243   246   321 D SurfaceFlinger: requestNextVsync(915)
01-01 12:31:53.092738   246   280 D SurfaceFlinger: requestNextVsync(246)
01-01 12:31:53.093123  1176  1176 V ViewRootImpl: App handle pointer event: event = MotionEvent { action=ACTION_UP, actionButton=0, id[0]=0, x[0]=560.2219, y[0]=88.006226, toolType[0]=TOOL_TYPE_FINGER, buttonState=0, metaState=0, flags=0x0, edgeFlags=0x0, pointerCount=1, historySize=0, eventTime=1673391, downTime=1673307, deviceId=2, source=0x1002 }, mView = com.android.systemui.statusbar.phone.NavigationBarView{947aa28 V.E...... .......D 0,0-720,96}, this = android.view.ViewRootImpl$ViewPostImeInputStage@c272509
01-01 12:31:53.093455  1176  1176 V ViewRootImpl: finishInputEvent: handled = true,event = MotionEvent { action=ACTION_UP, actionButton=0, id[0]=0, x[0]=560.2219, y[0]=88.006226, toolType[0]=TOOL_TYPE_FINGER, buttonState=0, metaState=0, flags=0x0, edgeFlags=0x0, pointerCount=1, historySize=0, eventTime=1673391, downTime=1673307, deviceId=2, source=0x1002 }, stage = 10: View Post IME stage, this = ViewRoot{4134867 NavigationBar,ident = 2}
01-01 12:31:53.094295  1176  1176 V ViewRootImpl: ViewRoot performTraversals+ : mFirst = false, this = ViewRoot{4134867 NavigationBar,ident = 2}
01-01 12:31:53.098217  1176  1176 V ViewRootImpl: ViewRoot performTraversals and draw- : mResizeBuffer = null, mResizeAlpha = 0, this = ViewRoot{4134867 NavigationBar,ident = 2} frame#357 (cancelDraw = false)
01-01 12:31:53.099589   246  1058 D SurfaceFlinger: requestNextVsync(246)
01-01 12:31:53.100952   246   303 D SurfaceFlinger: postEvent(246, v/c=14393)
01-01 12:31:53.100940   246   301 D SurfaceFlinger: postEvent(915, v/c=13408)
01-01 12:31:53.101120   246   301 D SurfaceFlinger: postEvent(1176, v/c=13408)
01-01 12:31:53.102206   246   246 D SurfaceFlinger: requestNextVsync(246)
01-01 12:31:53.102392   246   246 D SurfaceFlinger: requestNextVsync(246)
01-01 12:31:53.102494   915   991 V DisplayEventReceiver: call nativeScheduleVsync mReceiverPtr = 547174519936
01-01 12:31:53.103399   246   280 D SurfaceFlinger: requestNextVsync(915)
01-01 12:31:53.103880  2196  2210 I PerfService: PerfServiceNative_getPackName
01-01 12:31:53.106195   915  1989 I libPerfService: perfGetLastBoostPid 1505
01-01 12:31:53.106444   915  1989 D PerfServiceManager: [PerfService] getLastBoostPid 1505 
01-01 12:31:53.106546   915  1989 I libPerfService: perfGetLastBoostPid 1505
01-01 12:31:53.106548   246  1058 D SurfaceFlinger: requestNextVsync(1176)
01-01 12:31:53.107867  1176  1176 V DisplayEventReceiver: call nativeScheduleVsync mReceiverPtr = 547247832576
01-01 12:31:53.108564   246   280 D SurfaceFlinger: requestNextVsync(1176)
