01-01 12:31:33.197149   669   692 D RIL     : Nw URC:+ECSQ: 34,14,1,-347,-70,1,1,2,32767
01-01 12:31:33.197491   669   692 D RIL     : convert3GRssiValue baseband=503 ,isFdd3G=1,isTdd3G=0 ,RSCP_in_qdbm=-347 ,EcN0_in_qdbm=-70
01-01 12:31:33.197815   669   692 D RILC    : callForRilVersion new vendor RIL, version: 10
01-01 12:31:33.198105   669   692 I RILC    : RIL_SOCKET_1 UNSOLICITED: UNSOL_SIGNAL_STRENGTH length:72
01-01 12:31:33.198369   669   692 E RILC    : Send Response to RIL_SOCKET_1
01-01 12:31:33.202962  1697  1697 D GsmSST  : [GsmSST0] handle EVENT_SIGNAL_STRENGTH_UPDATE
01-01 12:31:33.203855  1697  1697 D GsmSST  : [GsmSST0] onSignalStrengthResult():  LastSignalStrength=SignalStrength: 11 13 -120 -160 -2 0 -1 99 2147483647 -2147483647 2147483647 2147483647 2147483647 gsm|lte 1 -348 -71
01-01 12:31:33.204446  1697  1697 D GsmSST  : [GsmSST0] onSignalStrengthResult():new mSignalStrength=SignalStrength: 11 14 -120 -160 -2 0 -1 99 2147483647 -2147483647 2147483647 2147483647 2147483647 gsm|lte 1 -348 -70
01-01 12:31:33.206897   669   692 I AT      : AT read start
01-01 12:31:33.207683  1697  1697 W SignalStrength: SignalStrength get plugin
01-01 12:31:33.208213  1697  1697 I use-Rlog/RLOG-GSM: getLTELevel - rsrp:2147483647 snr:2147483647 rsrpIconLevel:-1 snrIconLevel:-1
01-01 12:31:33.208606  1697  1697 I use-Rlog/RLOG-GSM: getLTELevel - rssi:99 rssiIconLevel:0
01-01 12:31:33.209011  1697  1697 W SignalStrength: SignalStrength get plugin
01-01 12:31:33.209403  1697  1697 D use-Rlog/RLOG-GSM: mapGsmSignalDbm() gsmRscpQdbm=-348 asu=11
01-01 12:31:33.209731  1697  1697 W SignalStrength: SignalStrength get plugin
01-01 12:31:33.210109  1697  1697 D GsmSST  : [GsmSST0] notifySignalStrength: mSignalStrength.getLevel=4
01-01 12:31:33.210557  1697  1697 D SubscriptionController: [getSubId]- sSlotIdxToSubId.size == 0, return DummySubIds slotIdx=0
01-01 12:31:33.210934  1697  1697 D SubscriptionController: getDummySubIds: slotIdx=0 return 2 DummySubIds with each subId=-2
01-01 12:31:33.217142  1697  1697 D DefaultPhoneNotifier: notifySignalStrength: mRegistry=com.android.internal.telephony.ITelephonyRegistry$Stub$Proxy@48ef055 ss=SignalStrength: 11 14 -120 -160 -2 0 -1 99 2147483647 -2147483647 2147483647 2147483647 2147483647 gsm|lte 1 -348 -70 sender=Handler (com.android.internal.telephony.gsm.GSMPhone) {f2060a4}
01-01 12:31:33.218502   915  1994 D TelephonyRegistry: notifySignalStrengthForSubscriber: subId=-2 signalStrength=SignalStrength: 11 14 -120 -160 -2 0 -1 99 2147483647 -2147483647 2147483647 2147483647 2147483647 gsm|lte 1 -348 -70
01-01 12:31:33.218687   915  1994 D TelephonyRegistry: notifySignalStrengthForSubscriber: logSSC.length=5 next=1
01-01 12:31:33.220484   915  1994 D TelephonyRegistry: notifyServiceStateForSubscriber Time 20160101T122806America/New_York(5,0,-18000,0,1451669286) mSubId -2 mPhoneId 0  mState 1 1 voice home data home null null null null null null  Unknown Unknown CSS not supported -1 -1 RoamInd=-1 DefRoamInd=-1 EmergOnly=true Ril Voice Regist state: 10 Ril Data Regist state: 0 mProprietaryDataRadioTechnology: 0 VoiceRejectCause: -1 DataRejectCause: -1 mCdmaNetWorkMode: 0 IsDataRoamingFromRegistration=false
01-01 12:31:33.222098   915  1994 D TelephonyRegistry: notifyServiceStateForSubscriber Time 20160101T122813America/New_York(5,0,-18000,0,1451669293) mSubId -2 mPhoneId 0  mState 1 1 voice home data home null null null null null null  Unknown Unknown CSS not supported 0 0 RoamInd=-1 DefRoamInd=-1 EmergOnly=true Ril Voice Regist state: 10 Ril Data Regist state: 0 mProprietaryDataRadioTechnology: 0 VoiceRejectCause: -1 DataRejectCause: -1 mCdmaNetWorkMode: 0 IsDataRoamingFromRegistration=false
01-01 12:31:33.223691   915  1994 D TelephonyRegistry: notifyServiceStateForSubscriber Time 20160101T122834America/New_York(5,0,-18000,0,1451669314) mSubId -2 mPhoneId 0  mState 1 1 voice home data home null null null null null null  Unknown Unknown CSS not supported -1 -1 RoamInd=-1 DefRoamInd=-1 EmergOnly=true Ril Voice Regist state: 10 Ril Data Regist state: 0 mProprietaryDataRadioTechnology: 0 VoiceRejectCause: -1 DataRejectCause: -1 mCdmaNetWorkMode: 0 IsDataRoamingFromRegistration=false
01-01 12:31:33.225990   915  1994 D TelephonyRegistry: notifyServiceStateForSubscriber Time 20160101T122840America/New_York(5,0,-18000,0,1451669320) mSubId -2 mPhoneId 0  mState 1 1 voice home data home null null null null null null  Unknown Unknown CSS not supported 0 0 RoamInd=-1 DefRoamInd=-1 EmergOnly=true Ril Voice Regist state: 10 Ril Data Regist state: 0 mProprietaryDataRadioTechnology: 0 VoiceRejectCause: -1 DataRejectCause: -1 mCdmaNetWorkMode: 0 IsDataRoamingFromRegistration=false
01-01 12:31:33.227727   915  1994 D TelephonyRegistry: notifyServiceStateForSubscriber Time 20160101T123023America/New_York(5,0,-18000,0,1451669423) mSubId -2 mPhoneId 0  mState 1 1 voice home data home null null null null null null  Unknown Unknown CSS not supported -1 -1 RoamInd=-1 DefRoamInd=-1 EmergOnly=true Ril Voice Regist state: 10 Ril Data Regist state: 0 mProprietaryDataRadioTechnology: 0 VoiceRejectCause: -1 DataRejectCause: -1 mCdmaNetWorkMode: 0 IsDataRoamingFromRegistration=false
01-01 12:31:33.227849   915  1994 D TelephonyRegistry: notifySignalStrengthForSubscriber: ----------------
01-01 12:31:33.228156   915  1994 D SubscriptionManager: [getPhoneId]- return dummy value, subId = -2
01-01 12:31:33.228287   915  1994 D TelephonyRegistry: validatePhoneId: true
01-01 12:31:33.228399   915  1994 D TelephonyRegistry: notifySignalStrengthForSubscriber: valid phoneId=0
01-01 12:31:33.230599  1697  1697 D SubscriptionController: [getPhoneId] asked for default subId=-1
01-01 12:31:33.230922  1697  1697 D SubscriptionController: [getPhoneId]- invalid subId = -1 return = -1
01-01 12:31:33.231727   915  1994 D SubscriptionManager: [getPhoneId]- return dummy value, subId = -2
01-01 12:31:33.231877   915  1994 D TelephonyRegistry: idMatch: rlt=false
01-01 12:31:33.233364  1697  1697 D SubscriptionController: [getPhoneId] asked for default subId=-1
01-01 12:31:33.233629  1697  1697 D SubscriptionController: [getPhoneId]- invalid subId = -1 return = -1
01-01 12:31:33.234412   915  1994 D SubscriptionManager: [getPhoneId]- return dummy value, subId = -2
01-01 12:31:33.234560   915  1994 D TelephonyRegistry: idMatch: rlt=false
01-01 12:31:33.234745   915  1994 D TelephonyRegistry: handleRemoveListLocked: mRemoveList.size()=0
01-01 12:31:33.235475   915  1994 W SignalStrength: SignalStrength get plugin
01-01 12:31:33.235801   915  1994 I use-Rlog/RLOG-GSM: getLTELevel - rsrp:2147483647 snr:2147483647 rsrpIconLevel:-1 snrIconLevel:-1
01-01 12:31:33.235934   915  1994 I use-Rlog/RLOG-GSM: getLTELevel - rssi:99 rssiIconLevel:0
01-01 12:31:33.236024   915  1994 W SignalStrength: SignalStrength get plugin
01-01 12:31:33.236163   915  1994 D use-Rlog/RLOG-GSM: mapGsmSignalDbm() gsmRscpQdbm=-348 asu=11
01-01 12:31:33.236240   915  1994 W SignalStrength: SignalStrength get plugin
01-01 12:31:33.236813   915  1994 D SubscriptionManager: [getPhoneId]- return dummy value, subId = -2
01-01 12:31:33.238388  1697  1697 D SubscriptionController: [getSubId]- sSlotIdxToSubId.size == 0, return DummySubIds slotIdx=0
01-01 12:31:33.238563  1697  1697 D SubscriptionController: getDummySubIds: slotIdx=0 return 2 DummySubIds with each subId=-2
01-01 12:31:33.240535  1697  1697 D GsmSST  : [GsmSST0] handleMessage msg done
01-01 12:31:35.854226   554   554 D RILMUXD : [gsm0710muxd] 3897:main(): Frames received/dropped: 1676/0
01-01 12:31:36.064604  1697  1697 D FdManager: [GDCT][phoneId0]onReceive: action=android.intent.action.BATTERY_CHANGED
01-01 12:31:36.067155  1697  1697 D FdManager: [GDCT][phoneId1]onReceive: action=android.intent.action.BATTERY_CHANGED
01-01 12:31:37.419545   554   655 D RILMUXD : [gsm0710muxd] 1643:gsm0710_base_buffer_get_frame(): Get a complete frame. ch:2, ctrl:239, len:36
01-01 12:31:37.419672   554   655 D RILMUXD : [gsm0710muxd] 2383:extract_frames(): Writing 36 byte frame received on channel 2 to /dev/pts/2
01-01 12:31:37.419789   554   655 D RILMUXD : [gsm0710muxd] 2403:extract_frames(): write() returned. Written 36/36 bytes of frame to /dev/pts/2
01-01 12:31:37.419854   554   655 D RILMUXD : [gsm0710muxd] 2408:extract_frames(): fsync() failed (-1, 22 - Invalid argument)
01-01 12:31:37.419926   554   655 D RILMUXD : [gsm0710muxd] 1643:gsm0710_base_buffer_get_frame(): Get a complete frame. ch:2, ctrl:239, len:42
01-01 12:31:37.419991   554   655 D RILMUXD : [gsm0710muxd] 2383:extract_frames(): Writing 42 byte frame received on channel 2 to /dev/pts/2
01-01 12:31:37.420072   554   655 D RILMUXD : [gsm0710muxd] 2403:extract_frames(): write() returned. Written 42/42 bytes of frame to /dev/pts/2
01-01 12:31:37.420134   554   655 D RILMUXD : [gsm0710muxd] 2408:extract_frames(): fsync() failed (-1, 22 - Invalid argument)
01-01 12:31:37.420309   669   692 I AT      : AT read end: 78
01-01 12:31:37.420390   669   692 D AT      : AT< +CREG: 0,"A80E","00CC279D",2,0,0
01-01 12:31:37.420450   669   692 D AT      : RIL_URC_READER Enter processLine:+CREG: 0,"A80E","00CC279D",2,0,0
01-01 12:31:37.420516   669   692 D RIL     : Nw URC:+CREG: 0,"A80E","00CC279D",2,0,0
01-01 12:31:37.420588   669   692 D RIL     : NW state changed: normal case
01-01 12:31:37.420649   669   692 D RIL     : The URC is "A80E","00CC279D",2,0,0
01-01 12:31:37.420724   669   692 D RIL     : convertRegState() uiRegState=0 , uiRet=0 
01-01 12:31:37.420785   669   692 D RIL     : onNetworkStateChanged() , stat=0 , is_cs=1
01-01 12:31:37.420862   669   692 D RIL     : +creg urc <ci>: 13379485
01-01 12:31:37.420933   669   692 D RIL     : bCREGType3Support=1
01-01 12:31:37.420992   669   692 D RIL     : now +creg urc <cause_type>: 0
01-01 12:31:37.421066   669   692 D RIL     : now +creg urc <cause>: 0
01-01 12:31:37.421191   669   692 I RILC    : RIL_SOCKET_1 UNSOLICITED: UNSOL_RESPONSE_VOICE_NETWORK_STATE_CHANGED length:72
01-01 12:31:37.421265   669   692 E RILC    : Send Response to RIL_SOCKET_1
01-01 12:31:37.421393   669   692 D RILC    : internalRequestTimedCallback malloc p_info: 0x7f81003840
01-01 12:31:37.421459   669   692 D RILC    : internalRequestTimedCallback malloc p_info->event: 0x7f81003850
01-01 12:31:37.421567   669   692 D AT      : AT< +CGREG: 0,"A80E","00CC279D",2,"0E",0,0
01-01 12:31:37.421630   669   692 D AT      : RIL_URC_READER Enter processLine:+CGREG: 0,"A80E","00CC279D",2,"0E",0,0
01-01 12:31:37.421696   669   692 D RIL     : Nw URC:+CGREG: 0,"A80E","00CC279D",2,"0E",0,0
01-01 12:31:37.421759   669   692 D RIL     : NW state changed: normal case
01-01 12:31:37.421819   669   692 D RIL     : The URC is "A80E","00CC279D",2,"0E",0,0
01-01 12:31:37.421850  1697  1904 V RILJ    : [UNSL]< UNSOL_RESPONSE_VOICE_NETWORK_STATE_CHANGED {0, a80e, cc279d, 2, 0} [SUB0]
01-01 12:31:37.421880   669   692 D RIL     : convertRegState() uiRegState=0 , uiRet=0 
01-01 12:31:37.421942   669   692 D RIL     : onNetworkStateChanged() , stat=0 , is_cs=0
01-01 12:31:37.422062   669   692 I RILC    : RIL_SOCKET_1 UNSOLICITED: UNSOL_RESPONSE_PS_NETWORK_STATE_CHANGED length:16
01-01 12:31:37.422121   669   692 E RILC    : Send Response to RIL_SOCKET_1
01-01 12:31:37.422240   669   692 D RILC    : s_last_wake_timeout_info: 0x7f81003840, cancel
01-01 12:31:37.422302   669   692 D RILC    : internalRequestTimedCallback malloc p_info: 0x7f810037e0
01-01 12:31:37.422361   669   692 D RILC    : internalRequestTimedCallback malloc p_info->event: 0x7f810037f0
01-01 12:31:37.422406  1697  1697 D GsmSST  : [GsmSST0] handle EVENT_NETWORK_STATE_CHANGED
01-01 12:31:37.422452   669   692 I AT      : AT read start
01-01 12:31:37.422562  1697  1697 D GsmSST  : [GsmSST0] onNetworkStateChangeResult state:0 lac:43022 cid:13379485 Act:2 cause:0
01-01 12:31:37.422672  1697  1697 I use-Rlog/RLOG-GSM: clear dontUpdateNetworkStateFlag
01-01 12:31:37.422771  1697  1697 D GsmSST  : [GsmSST0] mNewCellLoc Updated, lac:43022 and cid:13379485
01-01 12:31:37.422978  1697  1904 D RILJ    : responseInts numInts=1 [SUB0]
01-01 12:31:37.423071  1697  1904 D RILJ    : responseInts response[0]=0 [SUB0]
01-01 12:31:37.423163  1697  1904 D RILJ    : [UNSL]< UNSOL_RESPONSE_PS_NETWORK_STATE_CHANGED [SUB0]
01-01 12:31:37.425182  1697  1697 D SubscriptionController: [getSubId]- sSlotIdxToSubId.size == 0, return DummySubIds slotIdx=0
01-01 12:31:37.425331  1697  1697 D SubscriptionController: getDummySubIds: slotIdx=0 return 2 DummySubIds with each subId=-2
01-01 12:31:37.425445  1697  1697 D GsmSST  : [GsmSST0] Invalid subId, return invalid networkType
01-01 12:31:37.425592  1697  1697 D GsmSST  : [GsmSST0] pollState RadioState is RADIO_ON, currentNetworkMode= -1
01-01 12:31:37.425790  1697  1697 D RILJ    : [4000]> OPERATOR [SUB0]
01-01 12:31:37.431448  1697  1697 D RILJ    : [4001]> DATA_REGISTRATION_STATE [SUB0]
01-01 12:31:37.431993   669   688 D RILC    : SOCKET RIL_SOCKET_1 REQUEST: OPERATOR length:8
01-01 12:31:37.432097   669   688 I RILC-MTK: create request 22: pRequest=0x7f82df2b60, pRI=0x7f8318c2a0, p=0x7f83197260, pUCI=0x0
01-01 12:31:37.432163   669   688 D RILC-MTK: OPERATOR pRI=0x7f8318c2a0 p=0x7f83197260 dispatched to RIL_CMD_PROXY_3
01-01 12:31:37.434659   669   681 I RILC-MTK: RIL_ATCI_PROXY wakeup
01-01 12:31:37.434723   669   681 I RILC-MTK: RIL_ATCI_PROXY sleep
01-01 12:31:37.434809   669   682 I RILC-MTK: RIL_URC2_PROXY wakeup
01-01 12:31:37.434866   669   682 I RILC-MTK: RIL_URC2_PROXY sleep
01-01 12:31:37.434946   669   676 I RILC-MTK: RIL_URC_PROXY wakeup
01-01 12:31:37.435001   669   676 I RILC-MTK: RIL_URC_PROXY sleep
01-01 12:31:37.435527   669   684 I RILC-MTK: RIL_CMD2_PROXY_2 wakeup
01-01 12:31:37.435597   669   684 I RILC-MTK: RIL_CMD2_PROXY_2 sleep
01-01 12:31:37.435689   669   683 I RILC-MTK: RIL_CMD2_PROXY_3 wakeup
01-01 12:31:37.435745   669   683 I RILC-MTK: RIL_CMD2_PROXY_3 sleep
01-01 12:31:37.435839   669   687 I RILC-MTK: RIL_ATCI2_PROXY wakeup
01-01 12:31:37.435893   669   687 I RILC-MTK: RIL_ATCI2_PROXY sleep
01-01 12:31:37.435990   669   680 I RILC-MTK: RIL_CMD_PROXY_4 wakeup
01-01 12:31:37.436047   669   680 I RILC-MTK: RIL_CMD_PROXY_4 sleep
01-01 12:31:37.436144   669   678 I RILC-MTK: RIL_CMD_PROXY_2 wakeup
01-01 12:31:37.436201   669   679 I RILC-MTK: RIL_CMD_PROXY_1 wakeup
01-01 12:31:37.436266   669   679 I RILC-MTK: RIL_CMD_PROXY_1 sleep
01-01 12:31:37.436540  1697  1697 D RILJ    : [4002]> VOICE_REGISTRATION_STATE [SUB0]
01-01 12:31:37.436806   669   685 I RILC-MTK: RIL_CMD2_PROXY_1 wakeup
01-01 12:31:37.436926   669   685 I RILC-MTK: RIL_CMD2_PROXY_1 sleep
01-01 12:31:37.437131   669   686 I RILC-MTK: RIL_CMD2_PROXY_4 wakeup
01-01 12:31:37.437201   669   686 I RILC-MTK: RIL_CMD2_PROXY_4 sleep
01-01 12:31:37.437285   669   677 I RILC-MTK: RIL_CMD_PROXY_3 wakeup
01-01 12:31:37.437372   669   677 D RILC-MTK: proxy id:1, proxyName: RIL_CMD_PROXY_3
01-01 12:31:37.437442   669   677 D RILC-MTK: OPERATOR pRI=0x7f8318c2a0 p=0x7f83197260 execute on RIL_CMD_PROXY_3 using channel 1
01-01 12:31:37.437507   669   677 D RILC    : callOnRequest for new vendor ril
01-01 12:31:37.437571   669   677 D RIL     : onRequest: OPERATOR, datalen = 0
01-01 12:31:37.437633   669   677 D RIL     : radioState:10
01-01 12:31:37.437702   669   677 D AT      : AT send on RIL_CMD_READER_1, tid:547652645952
01-01 12:31:37.437764   669   677 D AT      : AT> AT+COPS?
01-01 12:31:37.437822   669   677 I AT      : AT write start
01-01 12:31:37.438047   669   678 I RILC-MTK: RIL_CMD_PROXY_2 sleep
01-01 12:31:37.438310   554   659 D RILMUXD : [gsm0710muxd] 3614:poll_thread(): poll_thread select found
01-01 12:31:37.438392   554   659 D RILMUXD : [gsm0710muxd] 1045:pseudo_device_read(): Enter, LackofAtciChannel=0
01-01 12:31:37.438472   554   659 D RILMUXD : [gsm0710muxd] 657:write_frame(): Sending frame to channel 3
01-01 12:31:37.438604   554   659 D RILMUXD : [gsm0710muxd] 766:write_frame(): Write a frame on channel 3 with length 9
01-01 12:31:37.438921   669   688 D RILC    : SOCKET RIL_SOCKET_1 REQUEST: DATA_REGISTRATION_STATE length:8
01-01 12:31:37.439001   669   688 I RILC-MTK: create request 21: pRequest=0x7f82df2ec0, pRI=0x7f8318c3c0, p=0x7f83197340, pUCI=0x0
01-01 12:31:37.439061   669   688 D RILC-MTK: DATA_REGISTRATION_STATE pRI=0x7f8318c3c0 p=0x7f83197340 dispatched to RIL_CMD_PROXY_3
01-01 12:31:37.439729   669   682 I RILC-MTK: RIL_URC2_PROXY wakeup
01-01 12:31:37.439808   669   682 I RILC-MTK: RIL_URC2_PROXY sleep
01-01 12:31:37.439935   554   655 D RILMUXD : [gsm0710muxd] 1643:gsm0710_base_buffer_get_frame(): Get a complete frame. ch:3, ctrl:239, len:12
01-01 12:31:37.439978   669   680 I RILC-MTK: RIL_CMD_PROXY_4 wakeup
01-01 12:31:37.440009   554   655 D RILMUXD : [gsm0710muxd] 2383:extract_frames(): Writing 12 byte frame received on channel 3 to /dev/pts/3
01-01 12:31:37.440042   669   680 I RILC-MTK: RIL_CMD_PROXY_4 sleep
01-01 12:31:37.440128   554   655 D RILMUXD : [gsm0710muxd] 2403:extract_frames(): write() returned. Written 12/12 bytes of frame to /dev/pts/3
01-01 12:31:37.440240   554   655 D RILMUXD : [gsm0710muxd] 2408:extract_frames(): fsync() failed (-1, 22 - Invalid argument)
01-01 12:31:37.440339   669   681 I RILC-MTK: RIL_ATCI_PROXY wakeup
01-01 12:31:37.440417   669   681 I RILC-MTK: RIL_ATCI_PROXY sleep
01-01 12:31:37.440500   669   683 I RILC-MTK: RIL_CMD2_PROXY_3 wakeup
01-01 12:31:37.440555   669   683 I RILC-MTK: RIL_CMD2_PROXY_3 sleep
01-01 12:31:37.440828   669   687 I RILC-MTK: RIL_ATCI2_PROXY wakeup
01-01 12:31:37.440886   669   687 I RILC-MTK: RIL_ATCI2_PROXY sleep
01-01 12:31:37.440984   669   684 I RILC-MTK: RIL_CMD2_PROXY_2 wakeup
01-01 12:31:37.441041   669   684 I RILC-MTK: RIL_CMD2_PROXY_2 sleep
01-01 12:31:37.441136   669   686 I RILC-MTK: RIL_CMD2_PROXY_4 wakeup
01-01 12:31:37.441192   669   686 I RILC-MTK: RIL_CMD2_PROXY_4 sleep
01-01 12:31:37.441287   669   679 I RILC-MTK: RIL_CMD_PROXY_1 wakeup
01-01 12:31:37.441342   669   679 I RILC-MTK: RIL_CMD_PROXY_1 sleep
01-01 12:31:37.441436   669   678 I RILC-MTK: RIL_CMD_PROXY_2 wakeup
01-01 12:31:37.441493   669   678 I RILC-MTK: RIL_CMD_PROXY_2 sleep
01-01 12:31:37.441568   669   685 I RILC-MTK: RIL_CMD2_PROXY_1 wakeup
01-01 12:31:37.441623   669   685 I RILC-MTK: RIL_CMD2_PROXY_1 sleep
01-01 12:31:37.441699   669   676 I RILC-MTK: RIL_URC_PROXY wakeup
01-01 12:31:37.441820   669   676 I RILC-MTK: RIL_URC_PROXY sleep
01-01 12:31:37.441990   554   655 D RILMUXD : [gsm0710muxd] 1643:gsm0710_base_buffer_get_frame(): Get a complete frame. ch:3, ctrl:239, len:6
01-01 12:31:37.442096   554   655 D RILMUXD : [gsm0710muxd] 2383:extract_frames(): Writing 6 byte frame received on channel 3 to /dev/pts/3
01-01 12:31:37.442477   554   655 D RILMUXD : [gsm0710muxd] 2403:extract_frames(): write() returned. Written 6/6 bytes of frame to /dev/pts/3
01-01 12:31:37.442559   554   655 D RILMUXD : [gsm0710muxd] 2408:extract_frames(): fsync() failed (-1, 22 - Invalid argument)
01-01 12:31:37.442810   669   693 I AT      : AT read end: 18
01-01 12:31:37.442878   669   693 D AT      : AT< +COPS: 0
01-01 12:31:37.442938   669   693 D AT      : RIL_CMD_READER_1 Enter processLine:+COPS: 0
01-01 12:31:37.443001   669   693 D AT      : AT< OK
01-01 12:31:37.443056   669   693 D AT      : RIL_CMD_READER_1 Enter processLine:OK
01-01 12:31:37.443147   669   693 I AT      : AT read start
01-01 12:31:37.443248   669   677 D AT      : response received on RIL_CMD_READER_1, tid:547652645952
01-01 12:31:37.443314   669   677 D AT      : AT send on RIL_CMD_READER_1, tid:547652645952
01-01 12:31:37.443368   669   677 D AT      : AT> AT+EOPS?
01-01 12:31:37.443420   669   677 I AT      : AT write start
01-01 12:31:37.443643   554   659 D RILMUXD : [gsm0710muxd] 3614:poll_thread(): poll_thread select found
01-01 12:31:37.443724   554   659 D RILMUXD : [gsm0710muxd] 1045:pseudo_device_read(): Enter, LackofAtciChannel=0
01-01 12:31:37.443728  1697  1697 D RILJ    : [4003]> QUERY_NETWORK_SELECTION_MODE [SUB0]
01-01 12:31:37.443886   554   659 D RILMUXD : [gsm0710muxd] 657:write_frame(): Sending frame to channel 3
01-01 12:31:37.444016   554   659 D RILMUXD : [gsm0710muxd] 766:write_frame(): Write a frame on channel 3 with length 9
01-01 12:31:37.444268   669   688 D RILC    : SOCKET RIL_SOCKET_1 REQUEST: VOICE_REGISTRATION_STATE length:8
01-01 12:31:37.444353   669   688 I RILC-MTK: create request 20: pRequest=0x7f82df2f00, pRI=0x7f8318c150, p=0x7f83197500, pUCI=0x0
01-01 12:31:37.444414   669   688 D RILC-MTK: 1:DATA_REGISTRATION_STATE pRI=0x7f8318c3c0 p=0x7f83197340 is queued in RIL_CMD_PROXY_3
01-01 12:31:37.444471   669   688 D RILC-MTK: **** the last executed cmd for RIL_CMD_PROXY_3 is OPERATOR ****
01-01 12:31:37.444530   669   688 D RILC-MTK: Request pRI=0x7f8318c150 to RIL_CMD_PROXY_3 is busy. total:2 requests pending
01-01 12:31:37.446367   554   655 D RILMUXD : [gsm0710muxd] 1643:gsm0710_base_buffer_get_frame(): Get a complete frame. ch:3, ctrl:239, len:24
01-01 12:31:37.446444   554   655 D RILMUXD : [gsm0710muxd] 2383:extract_frames(): Writing 24 byte frame received on channel 3 to /dev/pts/3
01-01 12:31:37.446562   554   655 D RILMUXD : [gsm0710muxd] 2403:extract_frames(): write() returned. Written 24/24 bytes of frame to /dev/pts/3
01-01 12:31:37.446629   554   655 D RILMUXD : [gsm0710muxd] 2408:extract_frames(): fsync() failed (-1, 22 - Invalid argument)
01-01 12:31:37.446704   554   655 D RILMUXD : [gsm0710muxd] 1643:gsm0710_base_buffer_get_frame(): Get a complete frame. ch:3, ctrl:239, len:6
01-01 12:31:37.446770   554   655 D RILMUXD : [gsm0710muxd] 2383:extract_frames(): Writing 6 byte frame received on channel 3 to /dev/pts/3
01-01 12:31:37.446851   554   655 D RILMUXD : [gsm0710muxd] 2403:extract_frames(): write() returned. Written 6/6 bytes of frame to /dev/pts/3
01-01 12:31:37.446913   554   655 D RILMUXD : [gsm0710muxd] 2408:extract_frames(): fsync() failed (-1, 22 - Invalid argument)
01-01 12:31:37.447094   669   693 I AT      : AT read end: 30
01-01 12:31:37.447160   669   693 D AT      : AT< +EOPS: 0,2,"46001",0
01-01 12:31:37.447219   669   693 D AT      : RIL_CMD_READER_1 Enter processLine:+EOPS: 0,2,"46001",0
01-01 12:31:37.447281   669   693 D AT      : AT< OK
01-01 12:31:37.447338   669   693 D AT      : RIL_CMD_READER_1 Enter processLine:OK
01-01 12:31:37.447434   669   693 I AT      : AT read start
01-01 12:31:37.447543   669   677 D AT      : response received on RIL_CMD_READER_1, tid:547652645952
01-01 12:31:37.447610   669   677 D RIL     : EOPS Get operator code 46001
01-01 12:31:37.447670   669   677 D RILC    : RequestComplete, RIL_SOCKET_1
01-01 12:31:37.447741   669   677 E RILC    : Send Response to RIL_SOCKET_1
01-01 12:31:37.447873   669   677 D RILC-MTK: proxyLoop free  pRI=0x7f8318c2a0 p=0x7f83197260 
01-01 12:31:37.447933   669   677 D RILC-MTK: proxyLoop free  pRequest=0x7f82df2b60
01-01 12:31:37.447991   669   677 D RILC-MTK: proxy id:1, proxyName: RIL_CMD_PROXY_3
01-01 12:31:37.448050   669   677 D RILC-MTK: DATA_REGISTRATION_STATE pRI=0x7f8318c3c0 p=0x7f83197340 execute on RIL_CMD_PROXY_3 using channel 1
01-01 12:31:37.448109   669   677 D RILC    : callOnRequest for new vendor ril
01-01 12:31:37.448161  1697  1904 D RILJ    : [4000]< OPERATOR {46001} [SUB0]
01-01 12:31:37.448166   669   677 D RIL     : onRequest: DATA_REGISTRATION_STATE, datalen = 0
01-01 12:31:37.448436   669   677 D RIL     : radioState:10
01-01 12:31:37.448703   669   677 D RIL     : request gprs reg state: normal case
01-01 12:31:37.448774   669   677 D AT      : AT send on RIL_CMD_READER_1, tid:547652645952
01-01 12:31:37.448832   669   677 D AT      : AT> AT+CGREG?
01-01 12:31:37.448887   669   677 I AT      : AT write start
01-01 12:31:37.449086  1697  1697 D GsmSST  : [GsmSST0] handleMessage msg done
01-01 12:31:37.449282   554   659 D RILMUXD : [gsm0710muxd] 3614:poll_thread(): poll_thread select found
01-01 12:31:37.449363   554   659 D RILMUXD : [gsm0710muxd] 1045:pseudo_device_read(): Enter, LackofAtciChannel=0
01-01 12:31:37.449366  1697  1697 D GsmSST  : [GsmSST0] handle EVENT_PS_NETWORK_STATE_CHANGED
01-01 12:31:37.449465   554   659 D RILMUXD : [gsm0710muxd] 657:write_frame(): Sending frame to channel 3
01-01 12:31:37.449484  1697  1697 D GsmSST  : [GsmSST0] mPsRegState:1,new:1,result:0
01-01 12:31:37.449594   554   659 D RILMUXD : [gsm0710muxd] 766:write_frame(): Write a frame on channel 3 with length 10
01-01 12:31:37.449925   669   688 D RILC    : SOCKET RIL_SOCKET_1 REQUEST: QUERY_NETWORK_SELECTION_MODE length:8
01-01 12:31:37.450004   669   688 I RILC-MTK: create request 45: pRequest=0x7f82df2f60, pRI=0x7f8318c270, p=0x7f83197570, pUCI=0x0
01-01 12:31:37.450066   669   688 D RILC-MTK: 1:VOICE_REGISTRATION_STATE pRI=0x7f8318c150 p=0x7f83197500 is queued in RIL_CMD_PROXY_3
01-01 12:31:37.450148   669   688 D RILC-MTK: **** the last executed cmd for RIL_CMD_PROXY_3 is DATA_REGISTRATION_STATE ****
01-01 12:31:37.450210   669   688 D RILC-MTK: Request pRI=0x7f8318c270 to RIL_CMD_PROXY_3 is busy. total:2 requests pending
01-01 12:31:37.450473  1697  1697 D SubscriptionController: [getSubId]- sSlotIdxToSubId.size == 0, return DummySubIds slotIdx=0
01-01 12:31:37.450587  1697  1697 D SubscriptionController: getDummySubIds: slotIdx=0 return 2 DummySubIds with each subId=-2
01-01 12:31:37.450690  1697  1697 D GsmSST  : [GsmSST0] Invalid subId, return invalid networkType
01-01 12:31:37.450812  1697  1697 D GsmSST  : [GsmSST0] pollState RadioState is RADIO_ON, currentNetworkMode= -1
01-01 12:31:37.451103  1697  1697 D RILJ    : [4004]> OPERATOR [SUB0]
01-01 12:31:37.451290   554   655 D RILMUXD : [gsm0710muxd] 1643:gsm0710_base_buffer_get_frame(): Get a complete frame. ch:3, ctrl:239, len:44
01-01 12:31:37.451379   554   655 D RILMUXD : [gsm0710muxd] 2383:extract_frames(): Writing 44 byte frame received on channel 3 to /dev/pts/3
01-01 12:31:37.451545   554   655 D RILMUXD : [gsm0710muxd] 2403:extract_frames(): write() returned. Written 44/44 bytes of frame to /dev/pts/3
01-01 12:31:37.451760   669   693 I AT      : AT read end: 44
01-01 12:31:37.451778   554   655 D RILMUXD : [gsm0710muxd] 2408:extract_frames(): fsync() failed (-1, 22 - Invalid argument)
01-01 12:31:37.451833   669   693 D AT      : AT< +CGREG: 3,0,"A80E","00CC279D",2,"0E",0,0
01-01 12:31:37.451869   554   655 D RILMUXD : [gsm0710muxd] 1643:gsm0710_base_buffer_get_frame(): Get a complete frame. ch:3, ctrl:239, len:6
01-01 12:31:37.451894   669   693 D AT      : RIL_CMD_READER_1 Enter processLine:+CGREG: 3,0,"A80E","00CC279D",2,"0E",0,0
01-01 12:31:37.451937   554   655 D RILMUXD : [gsm0710muxd] 2383:extract_frames(): Writing 6 byte frame received on channel 3 to /dev/pts/3
01-01 12:31:37.451959   669   693 I AT      : AT read start
01-01 12:31:37.452055   554   655 D RILMUXD : [gsm0710muxd] 2403:extract_frames(): write() returned. Written 6/6 bytes of frame to /dev/pts/3
01-01 12:31:37.452126   554   655 D RILMUXD : [gsm0710muxd] 2408:extract_frames(): fsync() failed (-1, 22 - Invalid argument)
01-01 12:31:37.452300   669   693 I AT      : AT read end: 6
01-01 12:31:37.452364   669   693 D AT      : AT< OK
01-01 12:31:37.452425   669   693 D AT      : RIL_CMD_READER_1 Enter processLine:OK
01-01 12:31:37.452521   669   693 I AT      : AT read start
01-01 12:31:37.452629   669   677 D AT      : response received on RIL_CMD_READER_1, tid:547652645952
01-01 12:31:37.452696   669   677 D RIL     : convertRegState() uiRegState=0 , uiRet=0 
01-01 12:31:37.452750   669   677 D RIL     : dontChangeCgregFormat=0
01-01 12:31:37.452972   669   677 E RIL     : it is short CREG CGREG
01-01 12:31:37.453039   669   677 E RIL     : rid: 0
01-01 12:31:37.453095   669   677 D RIL     : RestrictedStateChanged: 22
01-01 12:31:37.453156   669   677 D RIL     : isSimInserted(): rid: 0, sim_inserted_status: 0
01-01 12:31:37.453214   669   677 D RIL     : isSimInserted(): pivotSim = 1 ,0
01-01 12:31:37.453270   669   677 D RIL     : isSimInserted(): simInserted = 0
01-01 12:31:37.453329   669   677 D RILC    : RequestComplete, RIL_SOCKET_1
01-01 12:31:37.453406   669   677 E RILC    : Send Response to RIL_SOCKET_1
01-01 12:31:37.453548   669   677 D RILC-MTK: proxyLoop free  pRI=0x7f8318c3c0 p=0x7f83197340 
01-01 12:31:37.453606   669   677 D RILC-MTK: proxyLoop free  pRequest=0x7f82df2ec0
01-01 12:31:37.453662   669   677 D RILC-MTK: proxy id:1, proxyName: RIL_CMD_PROXY_3
01-01 12:31:37.453721   669   677 D RILC-MTK: VOICE_REGISTRATION_STATE pRI=0x7f8318c150 p=0x7f83197500 execute on RIL_CMD_PROXY_3 using channel 1
01-01 12:31:37.453777   669   677 D RILC    : callOnRequest for new vendor ril
01-01 12:31:37.453836   669   677 D RIL     : onRequest: VOICE_REGISTRATION_STATE, datalen = 0
01-01 12:31:37.453890   669   677 D RIL     : radioState:10
01-01 12:31:37.453952   669   677 D AT      : AT send on RIL_CMD_READER_1, tid:547652645952
01-01 12:31:37.454026   669   677 D AT      : AT> AT+CREG?
01-01 12:31:37.454512  1697  1904 D RILJ    : [4001]< DATA_REGISTRATION_STATE {0, -1, -1, 0} [SUB0]
01-01 12:31:37.455254  1697  1697 D RILJ    : [4005]> DATA_REGISTRATION_STATE [SUB0]
01-01 12:31:37.455584   669   677 I AT      : AT write start
01-01 12:31:37.455746   669   688 D RILC    : SOCKET RIL_SOCKET_1 REQUEST: OPERATOR length:8
01-01 12:31:37.455794   554   659 D RILMUXD : [gsm0710muxd] 3614:poll_thread(): poll_thread select found
01-01 12:31:37.455830   669   688 I RILC-MTK: create request 22: pRequest=0x7f82df2aa0, pRI=0x7f8318c480, p=0x7f831975e0, pUCI=0x0
01-01 12:31:37.455867   554   659 D RILMUXD : [gsm0710muxd] 1045:pseudo_device_read(): Enter, LackofAtciChannel=0
01-01 12:31:37.455891   669   688 D RILC-MTK: 1:QUERY_NETWORK_SELECTION_MODE pRI=0x7f8318c270 p=0x7f83197570 is queued in RIL_CMD_PROXY_3
01-01 12:31:37.455955   669   688 D RILC-MTK: **** the last executed cmd for RIL_CMD_PROXY_3 is VOICE_REGISTRATION_STATE ****
01-01 12:31:37.455960   554   659 D RILMUXD : [gsm0710muxd] 657:write_frame(): Sending frame to channel 3
01-01 12:31:37.456072   669   688 D RILC-MTK: Request pRI=0x7f8318c480 to RIL_CMD_PROXY_3 is busy. total:2 requests pending
01-01 12:31:37.456177   554   659 D RILMUXD : [gsm0710muxd] 766:write_frame(): Write a frame on channel 3 with length 8
01-01 12:31:37.456364   554   659 D RILMUXD : [gsm0710muxd] 3614:poll_thread(): poll_thread select found
01-01 12:31:37.456428   554   659 D RILMUXD : [gsm0710muxd] 1045:pseudo_device_read(): Enter, LackofAtciChannel=0
01-01 12:31:37.456597   554   659 D RILMUXD : [gsm0710muxd] 657:write_frame(): Sending frame to channel 3
01-01 12:31:37.456716   554   659 D RILMUXD : [gsm0710muxd] 766:write_frame(): Write a frame on channel 3 with length 1
01-01 12:31:37.458150  1697  1697 D RILJ    : [4006]> VOICE_REGISTRATION_STATE [SUB0]
01-01 12:31:37.458564   669   688 D RILC    : SOCKET RIL_SOCKET_1 REQUEST: DATA_REGISTRATION_STATE length:8
01-01 12:31:37.458680   669   688 I RILC-MTK: create request 21: pRequest=0x7f82df2b00, pRI=0x7f8318c5a0, p=0x7f83197650, pUCI=0x0
01-01 12:31:37.458747   669   688 D RILC-MTK: 1:QUERY_NETWORK_SELECTION_MODE pRI=0x7f8318c270 p=0x7f83197570 is queued in RIL_CMD_PROXY_3
01-01 12:31:37.458809   669   688 D RILC-MTK: 2:OPERATOR pRI=0x7f8318c480 p=0x7f831975e0 is queued in RIL_CMD_PROXY_3
01-01 12:31:37.458870   669   688 D RILC-MTK: **** the last executed cmd for RIL_CMD_PROXY_3 is VOICE_REGISTRATION_STATE ****
01-01 12:31:37.458933   669   688 D RILC-MTK: Request pRI=0x7f8318c5a0 to RIL_CMD_PROXY_3 is busy. total:3 requests pending
01-01 12:31:37.461145  1697  1697 D RILJ    : [4007]> QUERY_NETWORK_SELECTION_MODE [SUB0]
01-01 12:31:37.461610   669   688 D RILC    : SOCKET RIL_SOCKET_1 REQUEST: VOICE_REGISTRATION_STATE length:8
01-01 12:31:37.461713   669   688 I RILC-MTK: create request 20: pRequest=0x7f82df2ea0, pRI=0x7f8318c330, p=0x7f83196460, pUCI=0x0
01-01 12:31:37.461784   669   688 D RILC-MTK: 1:QUERY_NETWORK_SELECTION_MODE pRI=0x7f8318c270 p=0x7f83197570 is queued in RIL_CMD_PROXY_3
01-01 12:31:37.461843   669   688 D RILC-MTK: 2:OPERATOR pRI=0x7f8318c480 p=0x7f831975e0 is queued in RIL_CMD_PROXY_3
01-01 12:31:37.461902   669   688 D RILC-MTK: 3:DATA_REGISTRATION_STATE pRI=0x7f8318c5a0 p=0x7f83197650 is queued in RIL_CMD_PROXY_3
01-01 12:31:37.461960   669   688 D RILC-MTK: **** the last executed cmd for RIL_CMD_PROXY_3 is VOICE_REGISTRATION_STATE ****
01-01 12:31:37.462022   669   688 D RILC-MTK: Request pRI=0x7f8318c330 to RIL_CMD_PROXY_3 is busy. total:4 requests pending
01-01 12:31:37.464095  1697  1697 D GsmSST  : [GsmSST0] handleMessage msg done
01-01 12:31:37.464381  1697  1697 D GsmSST  : [GsmSST0] handle EVENT_POLL_STATE_OPERATOR
01-01 12:31:37.464553   554   655 D RILMUXD : [gsm0710muxd] 1643:gsm0710_base_buffer_get_frame(): Get a complete frame. ch:3, ctrl:239, len:37
01-01 12:31:37.464640   554   655 D RILMUXD : [gsm0710muxd] 2383:extract_frames(): Writing 37 byte frame received on channel 3 to /dev/pts/3
01-01 12:31:37.464762   669   688 D RILC    : SOCKET RIL_SOCKET_1 REQUEST: QUERY_NETWORK_SELECTION_MODE length:8
01-01 12:31:37.464765   554   655 D RILMUXD : [gsm0710muxd] 2403:extract_frames(): write() returned. Written 37/37 bytes of frame to /dev/pts/3
01-01 12:31:37.464841   554   655 D RILMUXD : [gsm0710muxd] 2408:extract_frames(): fsync() failed (-1, 22 - Invalid argument)
01-01 12:31:37.464946   554   655 D RILMUXD : [gsm0710muxd] 1643:gsm0710_base_buffer_get_frame(): Get a complete frame. ch:3, ctrl:239, len:1
01-01 12:31:37.465019   554   655 D RILMUXD : [gsm0710muxd] 2383:extract_frames(): Writing 1 byte frame received on channel 3 to /dev/pts/3
01-01 12:31:37.465421   554   655 D RILMUXD : [gsm0710muxd] 2403:extract_frames(): write() returned. Written 1/1 bytes of frame to /dev/pts/3
01-01 12:31:37.465497   554   655 D RILMUXD : [gsm0710muxd] 2408:extract_frames(): fsync() failed (-1, 22 - Invalid argument)
01-01 12:31:37.465579   554   655 D RILMUXD : [gsm0710muxd] 1643:gsm0710_base_buffer_get_frame(): Get a complete frame. ch:3, ctrl:239, len:6
01-01 12:31:37.465656   554   655 D RILMUXD : [gsm0710muxd] 2383:extract_frames(): Writing 6 byte frame received on channel 3 to /dev/pts/3
01-01 12:31:37.465867  1697  1697 E GsmSST  : [GsmSST0] handlePollStateResult return due to (ar.userObj != mPollingContext)
01-01 12:31:37.465956  1697  1697 D GsmSST  : [GsmSST0] handleMessage msg done
01-01 12:31:37.466186  1697  1697 D GsmSST  : [GsmSST0] handle EVENT_POLL_STATE_GPRS
01-01 12:31:37.466296  1697  1697 E GsmSST  : [GsmSST0] handlePollStateResult return due to (ar.userObj != mPollingContext)
01-01 12:31:37.466372  1697  1697 D GsmSST  : [GsmSST0] handleMessage msg done
01-01 12:31:37.466624   669   693 I AT      : AT read end: 38
01-01 12:31:37.466730   669   693 D AT      : AT< +CREG: 3,0,"A80E","00CC279D",2,0,0
01-01 12:31:37.466797   669   693 D AT      : RIL_CMD_READER_1 Enter processLine:+CREG: 3,0,"A80E","00CC279D",2,0,0
01-01 12:31:37.466869   669   693 I AT      : AT read start
01-01 12:31:37.467088   669   688 I RILC-MTK: create request 45: pRequest=0x7f82df2f20, pRI=0x7f8318c360, p=0x7f83196690, pUCI=0x0
01-01 12:31:37.467178   669   688 D RILC-MTK: 1:QUERY_NETWORK_SELECTION_MODE pRI=0x7f8318c270 p=0x7f83197570 is queued in RIL_CMD_PROXY_3
01-01 12:31:37.467238   669   688 D RILC-MTK: 2:OPERATOR pRI=0x7f8318c480 p=0x7f831975e0 is queued in RIL_CMD_PROXY_3
01-01 12:31:37.467258   554   655 D RILMUXD : [gsm0710muxd] 2403:extract_frames(): write() returned. Written 6/6 bytes of frame to /dev/pts/3
01-01 12:31:37.467296   669   688 D RILC-MTK: 3:DATA_REGISTRATION_STATE pRI=0x7f8318c5a0 p=0x7f83197650 is queued in RIL_CMD_PROXY_3
01-01 12:31:37.467328   554   655 D RILMUXD : [gsm0710muxd] 2408:extract_frames(): fsync() failed (-1, 22 - Invalid argument)
01-01 12:31:37.467353   669   688 D RILC-MTK: 4:VOICE_REGISTRATION_STATE pRI=0x7f8318c330 p=0x7f83196460 is queued in RIL_CMD_PROXY_3
01-01 12:31:37.467590   669   688 D RILC-MTK: **** the last executed cmd for RIL_CMD_PROXY_3 is VOICE_REGISTRATION_STATE ****
01-01 12:31:37.467649   669   688 D RILC-MTK: Request pRI=0x7f8318c360 to RIL_CMD_PROXY_3 is busy. total:5 requests pending
01-01 12:31:37.467896   669   693 I AT      : AT read end: 6
01-01 12:31:37.467955   669   693 D AT      : AT< OK
01-01 12:31:37.468013   669   693 D AT      : RIL_CMD_READER_1 Enter processLine:OK
01-01 12:31:37.468112   669   693 I AT      : AT read start
01-01 12:31:37.468228   669   677 D AT      : response received on RIL_CMD_READER_1, tid:547652645952
01-01 12:31:37.468294   669   677 D RIL     : convertRegState() uiRegState=0 , uiRet=0 
01-01 12:31:37.468430   669   677 D RIL     : dontChangeFormat=0
01-01 12:31:37.468485   669   677 E RIL     : it is short CREG CGREG
01-01 12:31:37.468548   669   677 E RIL     : rid: 0
01-01 12:31:37.468607   669   677 D RIL     : RestrictedStateChanged: 22
01-01 12:31:37.468680   669   677 D RIL     : isSimInserted(): rid: 0, sim_inserted_status: 0
01-01 12:31:37.468738   669   677 D RIL     : isSimInserted(): pivotSim = 1 ,0
01-01 12:31:37.468795   669   677 D RIL     : isSimInserted(): simInserted = 0
01-01 12:31:37.468853   669   677 D RIL     : convertToRilRegState() uiRegState=0 , uiRet=10 
01-01 12:31:37.468915   669   677 D RILC    : RequestComplete, RIL_SOCKET_1
01-01 12:31:37.468990   669   677 E RILC    : Send Response to RIL_SOCKET_1
01-01 12:31:37.469292   669   677 D RILC-MTK: proxyLoop free  pRI=0x7f8318c150 p=0x7f83197500 
01-01 12:31:37.469369   669   677 D RILC-MTK: proxyLoop free  pRequest=0x7f82df2f00
01-01 12:31:37.469433   669   677 D RILC-MTK: proxy id:1, proxyName: RIL_CMD_PROXY_3
01-01 12:31:37.469498   669   677 D RILC-MTK: QUERY_NETWORK_SELECTION_MODE pRI=0x7f8318c270 p=0x7f83197570 execute on RIL_CMD_PROXY_3 using channel 1
01-01 12:31:37.469536  1697  1904 D RILJ    : [4002]< VOICE_REGISTRATION_STATE {10, -1, -1, 0} [SUB0]
01-01 12:31:37.469558   669   677 D RILC    : callOnRequest for new vendor ril
01-01 12:31:37.469619   669   677 D RIL     : onRequest: QUERY_NETWORK_SELECTION_MODE, datalen = 0
01-01 12:31:37.469895  1697  1697 D GsmSST  : [GsmSST0] handle EVENT_POLL_STATE_REGISTRATION
01-01 12:31:37.470009  1697  1697 E GsmSST  : [GsmSST0] handlePollStateResult return due to (ar.userObj != mPollingContext)
01-01 12:31:37.470083  1697  1697 D GsmSST  : [GsmSST0] handleMessage msg done
01-01 12:31:37.470266   669   677 D RIL     : radioState:10
01-01 12:31:37.470426   669   677 D AT      : AT send on RIL_CMD_READER_1, tid:547652645952
01-01 12:31:37.470487   669   677 D AT      : AT> AT+COPS?
01-01 12:31:37.470543   669   677 I AT      : AT write start
01-01 12:31:37.470756   554   659 D RILMUXD : [gsm0710muxd] 3614:poll_thread(): poll_thread select found
01-01 12:31:37.470842   554   659 D RILMUXD : [gsm0710muxd] 1045:pseudo_device_read(): Enter, LackofAtciChannel=0
01-01 12:31:37.470939   554   659 D RILMUXD : [gsm0710muxd] 657:write_frame(): Sending frame to channel 3
01-01 12:31:37.471156   554   659 D RILMUXD : [gsm0710muxd] 766:write_frame(): Write a frame on channel 3 with length 8
01-01 12:31:37.471367   554   659 D RILMUXD : [gsm0710muxd] 3614:poll_thread(): poll_thread select found
01-01 12:31:37.471468   554   659 D RILMUXD : [gsm0710muxd] 1045:pseudo_device_read(): Enter, LackofAtciChannel=0
01-01 12:31:37.471558   554   659 D RILMUXD : [gsm0710muxd] 657:write_frame(): Sending frame to channel 3
01-01 12:31:37.471928   554   659 D RILMUXD : [gsm0710muxd] 766:write_frame(): Write a frame on channel 3 with length 1
01-01 12:31:37.473298   554   655 D RILMUXD : [gsm0710muxd] 1643:gsm0710_base_buffer_get_frame(): Get a complete frame. ch:3, ctrl:239, len:12
01-01 12:31:37.473407   554   655 D RILMUXD : [gsm0710muxd] 2383:extract_frames(): Writing 12 byte frame received on channel 3 to /dev/pts/3
01-01 12:31:37.473524   554   655 D RILMUXD : [gsm0710muxd] 2403:extract_frames(): write() returned. Written 12/12 bytes of frame to /dev/pts/3
01-01 12:31:37.473591   554   655 D RILMUXD : [gsm0710muxd] 2408:extract_frames(): fsync() failed (-1, 22 - Invalid argument)
01-01 12:31:37.473665   554   655 D RILMUXD : [gsm0710muxd] 1643:gsm0710_base_buffer_get_frame(): Get a complete frame. ch:3, ctrl:239, len:6
01-01 12:31:37.473731   554   655 D RILMUXD : [gsm0710muxd] 2383:extract_frames(): Writing 6 byte frame received on channel 3 to /dev/pts/3
01-01 12:31:37.473812   554   655 D RILMUXD : [gsm0710muxd] 2403:extract_frames(): write() returned. Written 6/6 bytes of frame to /dev/pts/3
01-01 12:31:37.473875   554   655 D RILMUXD : [gsm0710muxd] 2408:extract_frames(): fsync() failed (-1, 22 - Invalid argument)
01-01 12:31:37.474134   669   693 I AT      : AT read end: 18
01-01 12:31:37.474215   669   693 D AT      : AT< +COPS: 0
01-01 12:31:37.474275   669   693 D AT      : RIL_CMD_READER_1 Enter processLine:+COPS: 0
01-01 12:31:37.474335   669   693 D AT      : AT< OK
01-01 12:31:37.474403   669   693 D AT      : RIL_CMD_READER_1 Enter processLine:OK
01-01 12:31:37.474494   669   693 I AT      : AT read start
01-01 12:31:37.474630   669   677 D AT      : response received on RIL_CMD_READER_1, tid:547652645952
01-01 12:31:37.474728   669   677 D RILC    : RequestComplete, RIL_SOCKET_1
01-01 12:31:37.474797   669   677 E RILC    : Send Response to RIL_SOCKET_1
01-01 12:31:37.474944   669   677 D RILC-MTK: proxyLoop free  pRI=0x7f8318c270 p=0x7f83197570 
01-01 12:31:37.475030   669   677 D RILC-MTK: proxyLoop free  pRequest=0x7f82df2f60
01-01 12:31:37.475327   669   677 D RILC-MTK: proxy id:1, proxyName: RIL_CMD_PROXY_3
01-01 12:31:37.475393   669   677 D RILC-MTK: OPERATOR pRI=0x7f8318c480 p=0x7f831975e0 execute on RIL_CMD_PROXY_3 using channel 1
01-01 12:31:37.475399  1697  1904 D RILJ    : responseInts numInts=1 [SUB0]
01-01 12:31:37.475563   669   677 D RILC    : callOnRequest for new vendor ril
01-01 12:31:37.475588  1697  1904 D RILJ    : responseInts response[0]=0 [SUB0]
01-01 12:31:37.475621   669   677 D RIL     : onRequest: OPERATOR, datalen = 0
01-01 12:31:37.475676   669   677 D RIL     : radioState:10
01-01 12:31:37.475722  1697  1904 D RILJ    : [4003]< QUERY_NETWORK_SELECTION_MODE {0} [SUB0]
01-01 12:31:37.475738   669   677 D AT      : AT send on RIL_CMD_READER_1, tid:547652645952
01-01 12:31:37.475795   669   677 D AT      : AT> AT+COPS?
01-01 12:31:37.476032  1697  1697 D GsmSST  : [GsmSST0] handle EVENT_POLL_STATE_NETWORK_SELECTION_MODE
01-01 12:31:37.476142  1697  1697 E GsmSST  : [GsmSST0] handlePollStateResult return due to (ar.userObj != mPollingContext)
01-01 12:31:37.476273  1697  1697 D GsmSST  : [GsmSST0] handleMessage msg done
01-01 12:31:37.476486   669   677 I AT      : AT write start
01-01 12:31:37.476699   554   659 D RILMUXD : [gsm0710muxd] 3614:poll_thread(): poll_thread select found
01-01 12:31:37.476786   554   659 D RILMUXD : [gsm0710muxd] 1045:pseudo_device_read(): Enter, LackofAtciChannel=0
01-01 12:31:37.476879   554   659 D RILMUXD : [gsm0710muxd] 657:write_frame(): Sending frame to channel 3
01-01 12:31:37.477059   554   659 D RILMUXD : [gsm0710muxd] 766:write_frame(): Write a frame on channel 3 with length 8
01-01 12:31:37.477276   554   659 D RILMUXD : [gsm0710muxd] 3614:poll_thread(): poll_thread select found
01-01 12:31:37.477354   554   659 D RILMUXD : [gsm0710muxd] 1045:pseudo_device_read(): Enter, LackofAtciChannel=0
01-01 12:31:37.477442   554   659 D RILMUXD : [gsm0710muxd] 657:write_frame(): Sending frame to channel 3
01-01 12:31:37.477604   554   659 D RILMUXD : [gsm0710muxd] 766:write_frame(): Write a frame on channel 3 with length 1
01-01 12:31:37.479078   554   655 D RILMUXD : [gsm0710muxd] 1643:gsm0710_base_buffer_get_frame(): Get a complete frame. ch:3, ctrl:239, len:12
01-01 12:31:37.479198   554   655 D RILMUXD : [gsm0710muxd] 2383:extract_frames(): Writing 12 byte frame received on channel 3 to /dev/pts/3
01-01 12:31:37.479311   554   655 D RILMUXD : [gsm0710muxd] 2403:extract_frames(): write() returned. Written 12/12 bytes of frame to /dev/pts/3
01-01 12:31:37.479379   554   655 D RILMUXD : [gsm0710muxd] 2408:extract_frames(): fsync() failed (-1, 22 - Invalid argument)
01-01 12:31:37.479450   554   655 D RILMUXD : [gsm0710muxd] 1643:gsm0710_base_buffer_get_frame(): Get a complete frame. ch:3, ctrl:239, len:6
01-01 12:31:37.479571   554   655 D RILMUXD : [gsm0710muxd] 2383:extract_frames(): Writing 6 byte frame received on channel 3 to /dev/pts/3
01-01 12:31:37.479651   554   655 D RILMUXD : [gsm0710muxd] 2403:extract_frames(): write() returned. Written 6/6 bytes of frame to /dev/pts/3
01-01 12:31:37.479755   554   655 D RILMUXD : [gsm0710muxd] 2408:extract_frames(): fsync() failed (-1, 22 - Invalid argument)
01-01 12:31:37.479918   669   693 I AT      : AT read end: 18
01-01 12:31:37.479996   669   693 D AT      : AT< +COPS: 0
01-01 12:31:37.480056   669   693 D AT      : RIL_CMD_READER_1 Enter processLine:+COPS: 0
01-01 12:31:37.480119   669   693 D AT      : AT< OK
01-01 12:31:37.480194   669   693 D AT      : RIL_CMD_READER_1 Enter processLine:OK
01-01 12:31:37.480283   669   693 I AT      : AT read start
01-01 12:31:37.480437   669   677 D AT      : response received on RIL_CMD_READER_1, tid:547652645952
01-01 12:31:37.480526   669   677 D AT      : AT send on RIL_CMD_READER_1, tid:547652645952
01-01 12:31:37.480586   669   677 D AT      : AT> AT+EOPS?
01-01 12:31:37.480650   669   677 I AT      : AT write start
01-01 12:31:37.480846   554   659 D RILMUXD : [gsm0710muxd] 3614:poll_thread(): poll_thread select found
01-01 12:31:37.480930   554   659 D RILMUXD : [gsm0710muxd] 1045:pseudo_device_read(): Enter, LackofAtciChannel=0
01-01 12:31:37.481021   554   659 D RILMUXD : [gsm0710muxd] 657:write_frame(): Sending frame to channel 3
01-01 12:31:37.481193   554   659 D RILMUXD : [gsm0710muxd] 766:write_frame(): Write a frame on channel 3 with length 8
01-01 12:31:37.481403   554   659 D RILMUXD : [gsm0710muxd] 3614:poll_thread(): poll_thread select found
01-01 12:31:37.481481   554   659 D RILMUXD : [gsm0710muxd] 1045:pseudo_device_read(): Enter, LackofAtciChannel=0
01-01 12:31:37.481571   554   659 D RILMUXD : [gsm0710muxd] 657:write_frame(): Sending frame to channel 3
01-01 12:31:37.481729   554   659 D RILMUXD : [gsm0710muxd] 766:write_frame(): Write a frame on channel 3 with length 1
01-01 12:31:37.482937   554   655 D RILMUXD : [gsm0710muxd] 1643:gsm0710_base_buffer_get_frame(): Get a complete frame. ch:3, ctrl:239, len:24
01-01 12:31:37.483049   554   655 D RILMUXD : [gsm0710muxd] 2383:extract_frames(): Writing 24 byte frame received on channel 3 to /dev/pts/3
01-01 12:31:37.483164   554   655 D RILMUXD : [gsm0710muxd] 2403:extract_frames(): write() returned. Written 24/24 bytes of frame to /dev/pts/3
01-01 12:31:37.483301   554   655 D RILMUXD : [gsm0710muxd] 2408:extract_frames(): fsync() failed (-1, 22 - Invalid argument)
01-01 12:31:37.483374   554   655 D RILMUXD : [gsm0710muxd] 1643:gsm0710_base_buffer_get_frame(): Get a complete frame. ch:3, ctrl:239, len:6
01-01 12:31:37.483438   554   655 D RILMUXD : [gsm0710muxd] 2383:extract_frames(): Writing 6 byte frame received on channel 3 to /dev/pts/3
01-01 12:31:37.483576   554   655 D RILMUXD : [gsm0710muxd] 2403:extract_frames(): write() returned. Written 6/6 bytes of frame to /dev/pts/3
01-01 12:31:37.483691   554   655 D RILMUXD : [gsm0710muxd] 2408:extract_frames(): fsync() failed (-1, 22 - Invalid argument)
01-01 12:31:37.483883   669   693 I AT      : AT read end: 30
01-01 12:31:37.483967   669   693 D AT      : AT< +EOPS: 0,2,"46001",0
01-01 12:31:37.484026   669   693 D AT      : RIL_CMD_READER_1 Enter processLine:+EOPS: 0,2,"46001",0
01-01 12:31:37.484087   669   693 D AT      : AT< OK
01-01 12:31:37.484142   669   693 D AT      : RIL_CMD_READER_1 Enter processLine:OK
01-01 12:31:37.484228   669   693 I AT      : AT read start
01-01 12:31:37.484375   669   677 D AT      : response received on RIL_CMD_READER_1, tid:547652645952
01-01 12:31:37.484462   669   677 D RIL     : EOPS Get operator code 46001
01-01 12:31:37.484522   669   677 D RILC    : RequestComplete, RIL_SOCKET_1
01-01 12:31:37.484611   669   677 E RILC    : Send Response to RIL_SOCKET_1
01-01 12:31:37.484748   669   677 D RILC-MTK: proxyLoop free  pRI=0x7f8318c480 p=0x7f831975e0 
01-01 12:31:37.484812   669   677 D RILC-MTK: proxyLoop free  pRequest=0x7f82df2aa0
01-01 12:31:37.484878   669   677 D RILC-MTK: proxy id:1, proxyName: RIL_CMD_PROXY_3
01-01 12:31:37.484938   669   677 D RILC-MTK: DATA_REGISTRATION_STATE pRI=0x7f8318c5a0 p=0x7f83197650 execute on RIL_CMD_PROXY_3 using channel 1
01-01 12:31:37.484996   669   677 D RILC    : callOnRequest for new vendor ril
01-01 12:31:37.485023  1697  1904 D RILJ    : [4004]< OPERATOR {46001} [SUB0]
01-01 12:31:37.485375   669   677 D RIL     : onRequest: DATA_REGISTRATION_STATE, datalen = 0
01-01 12:31:37.485862  1697  1697 D GsmSST  : [GsmSST0] handle EVENT_POLL_STATE_OPERATOR
01-01 12:31:37.485951   669   677 D RIL     : radioState:10
01-01 12:31:37.485982  1697  1697 D GsmSST  : [GsmSST0] opNames:46001 len=5
01-01 12:31:37.486022   669   677 D RIL     : request gprs reg state: normal case
01-01 12:31:37.486081  1697  1697 D GsmSST  : [GsmSST0] updateLocatedPlmn(),previous plmn= 46001 ,update to: 46001
01-01 12:31:37.486082   669   677 D AT      : AT send on RIL_CMD_READER_1, tid:547652645952
01-01 12:31:37.486274  1697  1697 D GsmSST  : [GsmSST0] handleMessage msg done
01-01 12:31:37.486313   669   677 D AT      : AT> AT+CGREG?
01-01 12:31:37.486367   669   677 I AT      : AT write start
01-01 12:31:37.486592   554   659 D RILMUXD : [gsm0710muxd] 3614:poll_thread(): poll_thread select found
01-01 12:31:37.486672   554   659 D RILMUXD : [gsm0710muxd] 1045:pseudo_device_read(): Enter, LackofAtciChannel=0
01-01 12:31:37.486752   554   659 D RILMUXD : [gsm0710muxd] 657:write_frame(): Sending frame to channel 3
01-01 12:31:37.486882   554   659 D RILMUXD : [gsm0710muxd] 766:write_frame(): Write a frame on channel 3 with length 10
