01-01 12:32:00.899501   554   661 D RILMUXD : [gsm0710muxd] 766:write_frame(): Write a frame on channel 5 with length 12
01-01 12:32:00.899621   669   677 I RILC-MTK: RIL_CMD_PROXY_3 wakeup
01-01 12:32:00.899675   669   677 I RILC-MTK: RIL_CMD_PROXY_3 sleep
01-01 12:32:00.899807   669   687 I RILC-MTK: RIL_ATCI2_PROXY sleep
01-01 12:32:00.899918   669   678 I RILC-MTK: RIL_CMD_PROXY_2 sleep
01-01 12:32:00.900021   669   681 I RILC-MTK: RIL_ATCI_PROXY wakeup
01-01 12:32:00.900079   669   681 I RILC-MTK: RIL_ATCI_PROXY sleep
01-01 12:32:00.907093   554   655 D RILMUXD : [gsm0710muxd] 1643:gsm0710_base_buffer_get_frame(): Get a complete frame. ch:5, ctrl:239, len:44
01-01 12:32:00.907183   554   655 D RILMUXD : [gsm0710muxd] 2383:extract_frames(): Writing 44 byte frame received on channel 5 to /dev/pts/5
01-01 12:32:00.907449   554   655 D RILMUXD : [gsm0710muxd] 2403:extract_frames(): write() returned. Written 44/44 bytes of frame to /dev/pts/5
01-01 12:32:00.907677   554   655 D RILMUXD : [gsm0710muxd] 2408:extract_frames(): fsync() failed (-1, 22 - Invalid argument)
01-01 12:32:00.907756   554   655 D RILMUXD : [gsm0710muxd] 1643:gsm0710_base_buffer_get_frame(): Get a complete frame. ch:5, ctrl:239, len:6
01-01 12:32:00.907824   554   655 D RILMUXD : [gsm0710muxd] 2383:extract_frames(): Writing 6 byte frame received on channel 5 to /dev/pts/5
01-01 12:32:00.907937   554   655 D RILMUXD : [gsm0710muxd] 2403:extract_frames(): write() returned. Written 6/6 bytes of frame to /dev/pts/5
01-01 12:32:00.908005   554   655 D RILMUXD : [gsm0710muxd] 2408:extract_frames(): fsync() failed (-1, 22 - Invalid argument)
01-01 12:32:00.910398   669   695 I AT      : AT read end: 50
01-01 12:32:00.910478   669   695 D AT      : AT< +ETHERMAL: 2, 32767, -127, -1, 32767, 18
01-01 12:32:00.910537   669   695 D AT      : RIL_CMD_READER_3 Enter processLine:+ETHERMAL: 2, 32767, -127, -1, 32767, 18
01-01 12:32:00.910601   669   695 D AT      : AT< OK
01-01 12:32:00.910656   669   695 D AT      : RIL_CMD_READER_3 Enter processLine:OK
01-01 12:32:00.910730   669   695 I AT      : AT read start
01-01 12:32:00.910821   669   679 D AT      : response received on RIL_CMD_READER_3, tid:547650565184
01-01 12:32:00.910885   669   679 D RIL     : requestQueryThermal success
01-01 12:32:00.910944   669   679 D RILC    : RequestComplete, RIL_SOCKET_1
01-01 12:32:00.911002   669   679 D RILC    : [THERMAL] local request for THERMAL returned 
01-01 12:32:00.911070   669   679 D RILC    : [THERMAL] s_THERMAL_fd is valid strResult is  2, 32767, -127, -1, 32767, 18
01-01 12:32:00.911178   669   679 D RILC-MTK: proxyLoop free  pRI=0x7f8318c0f0 p=0x7f83196460 
01-01 12:32:00.911248   669   679 D RILC-MTK: proxyLoop free  pRequest=0x7f82df29c0
01-01 12:32:00.911324   669   679 I RILC-MTK: RIL_CMD_PROXY_1 sleep
01-01 12:32:05.040600   554   655 D RILMUXD : [gsm0710muxd] 1643:gsm0710_base_buffer_get_frame(): Get a complete frame. ch:2, ctrl:239, len:36
01-01 12:32:05.041031   554   655 D RILMUXD : [gsm0710muxd] 2383:extract_frames(): Writing 36 byte frame received on channel 2 to /dev/pts/2
01-01 12:32:05.041515   554   655 D RILMUXD : [gsm0710muxd] 2403:extract_frames(): write() returned. Written 36/36 bytes of frame to /dev/pts/2
01-01 12:32:05.041826   554   655 D RILMUXD : [gsm0710muxd] 2408:extract_frames(): fsync() failed (-1, 22 - Invalid argument)
01-01 12:32:05.042148   554   655 D RILMUXD : [gsm0710muxd] 1643:gsm0710_base_buffer_get_frame(): Get a complete frame. ch:2, ctrl:239, len:42
01-01 12:32:05.042455   554   655 D RILMUXD : [gsm0710muxd] 2383:extract_frames(): Writing 42 byte frame received on channel 2 to /dev/pts/2
01-01 12:32:05.042824   554   655 D RILMUXD : [gsm0710muxd] 2403:extract_frames(): write() returned. Written 42/42 bytes of frame to /dev/pts/2
01-01 12:32:05.043120   554   655 D RILMUXD : [gsm0710muxd] 2408:extract_frames(): fsync() failed (-1, 22 - Invalid argument)
01-01 12:32:05.046790   669   692 I AT      : AT read end: 78
01-01 12:32:05.046859   669   692 D AT      : AT< +CREG: 0,"A80E","00CC279D",2,0,0
01-01 12:32:05.046921   669   692 D AT      : RIL_URC_READER Enter processLine:+CREG: 0,"A80E","00CC279D",2,0,0
01-01 12:32:05.046991   669   692 D RIL     : Nw URC:+CREG: 0,"A80E","00CC279D",2,0,0
01-01 12:32:05.047057   669   692 D RIL     : NW state changed: normal case
01-01 12:32:05.047117   669   692 D RIL     : The URC is "A80E","00CC279D",2,0,0
01-01 12:32:05.047178   669   692 D RIL     : convertRegState() uiRegState=0 , uiRet=0 
01-01 12:32:05.047243   669   692 D RIL     : onNetworkStateChanged() , stat=0 , is_cs=1
01-01 12:32:05.047323   669   692 D RIL     : +creg urc <ci>: 13379485
01-01 12:32:05.047389   669   692 D RIL     : bCREGType3Support=1
01-01 12:32:05.047451   669   692 D RIL     : now +creg urc <cause_type>: 0
01-01 12:32:05.047511   669   692 D RIL     : now +creg urc <cause>: 0
01-01 12:32:05.047636   669   692 I RILC    : RIL_SOCKET_1 UNSOLICITED: UNSOL_RESPONSE_VOICE_NETWORK_STATE_CHANGED length:72
01-01 12:32:05.047698   669   692 E RILC    : Send Response to RIL_SOCKET_1
01-01 12:32:05.047844   669   692 D RILC    : internalRequestTimedCallback malloc p_info: 0x7f81003900
01-01 12:32:05.047914   669   692 D RILC    : internalRequestTimedCallback malloc p_info->event: 0x7f81003910
01-01 12:32:05.048063   669   692 D AT      : AT< +CGREG: 0,"A80E","00CC279D",2,"0E",0,0
01-01 12:32:05.048127   669   692 D AT      : RIL_URC_READER Enter processLine:+CGREG: 0,"A80E","00CC279D",2,"0E",0,0
01-01 12:32:05.048188   669   692 D RIL     : Nw URC:+CGREG: 0,"A80E","00CC279D",2,"0E",0,0
01-01 12:32:05.048252   669   692 D RIL     : NW state changed: normal case
01-01 12:32:05.048311   669   692 D RIL     : The URC is "A80E","00CC279D",2,"0E",0,0
01-01 12:32:05.048373   669   692 D RIL     : convertRegState() uiRegState=0 , uiRet=0 
01-01 12:32:05.048435   669   692 D RIL     : onNetworkStateChanged() , stat=0 , is_cs=0
01-01 12:32:05.048527   669   692 I RILC    : RIL_SOCKET_1 UNSOLICITED: UNSOL_RESPONSE_PS_NETWORK_STATE_CHANGED length:16
01-01 12:32:05.048586   669   692 E RILC    : Send Response to RIL_SOCKET_1
01-01 12:32:05.048698   669   692 D RILC    : s_last_wake_timeout_info: 0x7f81003900, cancel
01-01 12:32:05.048761   669   692 D RILC    : internalRequestTimedCallback malloc p_info: 0x7f81003540
01-01 12:32:05.048825   669   692 D RILC    : internalRequestTimedCallback malloc p_info->event: 0x7f81003550
01-01 12:32:05.048902   669   692 I AT      : AT read start
01-01 12:32:05.050010  1697  1904 V RILJ    : [UNSL]< UNSOL_RESPONSE_VOICE_NETWORK_STATE_CHANGED {0, a80e, cc279d, 2, 0} [SUB0]
01-01 12:32:05.050363  1697  1904 D RILJ    : responseInts numInts=1 [SUB0]
01-01 12:32:05.050459  1697  1904 D RILJ    : responseInts response[0]=0 [SUB0]
01-01 12:32:05.050552  1697  1904 D RILJ    : [UNSL]< UNSOL_RESPONSE_PS_NETWORK_STATE_CHANGED [SUB0]
01-01 12:32:05.050996  1697  1697 D GsmSST  : [GsmSST0] handle EVENT_NETWORK_STATE_CHANGED
01-01 12:32:05.051124  1697  1697 D GsmSST  : [GsmSST0] onNetworkStateChangeResult state:0 lac:43022 cid:13379485 Act:2 cause:0
01-01 12:32:05.051347  1697  1697 I use-Rlog/RLOG-GSM: clear dontUpdateNetworkStateFlag
01-01 12:32:05.051447  1697  1697 D GsmSST  : [GsmSST0] mNewCellLoc Updated, lac:43022 and cid:13379485
01-01 12:32:05.052224  1697  1697 D SubscriptionController: [getSubId]- sSlotIdxToSubId.size == 0, return DummySubIds slotIdx=0
01-01 12:32:05.052323  1697  1697 D SubscriptionController: getDummySubIds: slotIdx=0 return 2 DummySubIds with each subId=-2
01-01 12:32:05.052423  1697  1697 D GsmSST  : [GsmSST0] Invalid subId, return invalid networkType
01-01 12:32:05.052524  1697  1697 D GsmSST  : [GsmSST0] pollState RadioState is RADIO_ON, currentNetworkMode= -1
01-01 12:32:05.052703  1697  1697 D RILJ    : [4016]> OPERATOR [SUB0]
01-01 12:32:05.066620  1697  1697 D RILJ    : [4017]> DATA_REGISTRATION_STATE [SUB0]
01-01 12:32:05.067447   669   688 D RILC    : SOCKET RIL_SOCKET_1 REQUEST: OPERATOR length:8
01-01 12:32:05.067540   669   688 I RILC-MTK: create request 22: pRequest=0x7f82df2ea0, pRI=0x7f8318c150, p=0x7f83196690, pUCI=0x0
01-01 12:32:05.067610   669   688 D RILC-MTK: OPERATOR pRI=0x7f8318c150 p=0x7f83196690 dispatched to RIL_CMD_PROXY_3
01-01 12:32:05.067960   669   676 I RILC-MTK: RIL_URC_PROXY wakeup
01-01 12:32:05.068025   669   676 I RILC-MTK: RIL_URC_PROXY sleep
01-01 12:32:05.068105   669   685 I RILC-MTK: RIL_CMD2_PROXY_1 wakeup
01-01 12:32:05.068172   669   685 I RILC-MTK: RIL_CMD2_PROXY_1 sleep
01-01 12:32:05.068254   669   686 I RILC-MTK: RIL_CMD2_PROXY_4 wakeup
01-01 12:32:05.068318   669   686 I RILC-MTK: RIL_CMD2_PROXY_4 sleep
01-01 12:32:05.068403   669   680 I RILC-MTK: RIL_CMD_PROXY_4 wakeup
01-01 12:32:05.068465   669   680 I RILC-MTK: RIL_CMD_PROXY_4 sleep
01-01 12:32:05.068545   669   683 I RILC-MTK: RIL_CMD2_PROXY_3 wakeup
01-01 12:32:05.068607   669   683 I RILC-MTK: RIL_CMD2_PROXY_3 sleep
01-01 12:32:05.068694   669   682 I RILC-MTK: RIL_URC2_PROXY wakeup
01-01 12:32:05.068756   669   682 I RILC-MTK: RIL_URC2_PROXY sleep
01-01 12:32:05.068838   669   684 I RILC-MTK: RIL_CMD2_PROXY_2 wakeup
01-01 12:32:05.068905   669   684 I RILC-MTK: RIL_CMD2_PROXY_2 sleep
01-01 12:32:05.068991   669   677 I RILC-MTK: RIL_CMD_PROXY_3 wakeup
01-01 12:32:05.069058   669   677 D RILC-MTK: proxy id:1, proxyName: RIL_CMD_PROXY_3
01-01 12:32:05.069126   669   677 D RILC-MTK: OPERATOR pRI=0x7f8318c150 p=0x7f83196690 execute on RIL_CMD_PROXY_3 using channel 1
01-01 12:32:05.069192   669   677 D RILC    : callOnRequest for new vendor ril
01-01 12:32:05.069257   669   677 D RIL     : onRequest: OPERATOR, datalen = 0
01-01 12:32:05.069320   669   677 D RIL     : radioState:10
01-01 12:32:05.069390   669   677 D AT      : AT send on RIL_CMD_READER_1, tid:547652645952
01-01 12:32:05.069455   669   677 D AT      : AT> AT+COPS?
01-01 12:32:05.069514   669   677 I AT      : AT write start
01-01 12:32:05.069684   669   687 I RILC-MTK: RIL_ATCI2_PROXY wakeup
01-01 12:32:05.069748   669   687 I RILC-MTK: RIL_ATCI2_PROXY sleep
01-01 12:32:05.069834   669   678 I RILC-MTK: RIL_CMD_PROXY_2 wakeup
01-01 12:32:05.069896   669   678 I RILC-MTK: RIL_CMD_PROXY_2 sleep
01-01 12:32:05.069988   669   681 I RILC-MTK: RIL_ATCI_PROXY wakeup
01-01 12:32:05.070052   669   681 I RILC-MTK: RIL_ATCI_PROXY sleep
01-01 12:32:05.070138   669   679 I RILC-MTK: RIL_CMD_PROXY_1 wakeup
01-01 12:32:05.070200   669   679 I RILC-MTK: RIL_CMD_PROXY_1 sleep
01-01 12:32:05.070379   554   659 D RILMUXD : [gsm0710muxd] 3614:poll_thread(): poll_thread select found
01-01 12:32:05.070458   554   659 D RILMUXD : [gsm0710muxd] 1045:pseudo_device_read(): Enter, LackofAtciChannel=0
01-01 12:32:05.070545   554   659 D RILMUXD : [gsm0710muxd] 657:write_frame(): Sending frame to channel 3
01-01 12:32:05.070721   554   659 D RILMUXD : [gsm0710muxd] 766:write_frame(): Write a frame on channel 3 with length 9
01-01 12:32:05.075417   669   688 D RILC    : SOCKET RIL_SOCKET_1 REQUEST: DATA_REGISTRATION_STATE length:8
01-01 12:32:05.075518   669   688 I RILC-MTK: create request 21: pRequest=0x7f82df2f20, pRI=0x7f8318c270, p=0x7f83197260, pUCI=0x0
01-01 12:32:05.075588   669   688 D RILC-MTK: DATA_REGISTRATION_STATE pRI=0x7f8318c270 p=0x7f83197260 dispatched to RIL_CMD_PROXY_3
01-01 12:32:05.075902   669   683 I RILC-MTK: RIL_CMD2_PROXY_3 wakeup
01-01 12:32:05.075966   669   683 I RILC-MTK: RIL_CMD2_PROXY_3 sleep
01-01 12:32:05.076050   669   686 I RILC-MTK: RIL_CMD2_PROXY_4 wakeup
01-01 12:32:05.076119   669   686 I RILC-MTK: RIL_CMD2_PROXY_4 sleep
01-01 12:32:05.076205   669   679 I RILC-MTK: RIL_CMD_PROXY_1 wakeup
01-01 12:32:05.076268   669   679 I RILC-MTK: RIL_CMD_PROXY_1 sleep
01-01 12:32:05.076353   669   680 I RILC-MTK: RIL_CMD_PROXY_4 wakeup
01-01 12:32:05.076416   669   680 I RILC-MTK: RIL_CMD_PROXY_4 sleep
01-01 12:32:05.076499   669   682 I RILC-MTK: RIL_URC2_PROXY wakeup
01-01 12:32:05.076560   669   682 I RILC-MTK: RIL_URC2_PROXY sleep
01-01 12:32:05.076647   669   685 I RILC-MTK: RIL_CMD2_PROXY_1 wakeup
01-01 12:32:05.076707   669   685 I RILC-MTK: RIL_CMD2_PROXY_1 sleep
01-01 12:32:05.076789   669   676 I RILC-MTK: RIL_URC_PROXY wakeup
01-01 12:32:05.076854   669   676 I RILC-MTK: RIL_URC_PROXY sleep
01-01 12:32:05.076938   669   681 I RILC-MTK: RIL_ATCI_PROXY wakeup
01-01 12:32:05.077002   669   681 I RILC-MTK: RIL_ATCI_PROXY sleep
01-01 12:32:05.077089   669   684 I RILC-MTK: RIL_CMD2_PROXY_2 wakeup
01-01 12:32:05.077152   669   684 I RILC-MTK: RIL_CMD2_PROXY_2 sleep
01-01 12:32:05.077242   669   687 I RILC-MTK: RIL_ATCI2_PROXY wakeup
01-01 12:32:05.077303   669   687 I RILC-MTK: RIL_ATCI2_PROXY sleep
01-01 12:32:05.077385   669   678 I RILC-MTK: RIL_CMD_PROXY_2 wakeup
01-01 12:32:05.077446   669   678 I RILC-MTK: RIL_CMD_PROXY_2 sleep
01-01 12:32:05.077634   554   655 D RILMUXD : [gsm0710muxd] 1643:gsm0710_base_buffer_get_frame(): Get a complete frame. ch:3, ctrl:239, len:12
01-01 12:32:05.077723   554   655 D RILMUXD : [gsm0710muxd] 2383:extract_frames(): Writing 12 byte frame received on channel 3 to /dev/pts/3
01-01 12:32:05.077936   669   693 I AT      : AT read end: 12
01-01 12:32:05.078004   669   693 D AT      : AT< +COPS: 0
01-01 12:32:05.078070   669   693 D AT      : RIL_CMD_READER_1 Enter processLine:+COPS: 0
01-01 12:32:05.078141   669   693 I AT      : AT read start
01-01 12:32:05.078417  1697  1697 D RILJ    : [4018]> VOICE_REGISTRATION_STATE [SUB0]
01-01 12:32:05.078814   554   655 D RILMUXD : [gsm0710muxd] 2403:extract_frames(): write() returned. Written 12/12 bytes of frame to /dev/pts/3
01-01 12:32:05.078894   554   655 D RILMUXD : [gsm0710muxd] 2408:extract_frames(): fsync() failed (-1, 22 - Invalid argument)
01-01 12:32:05.078975   554   655 D RILMUXD : [gsm0710muxd] 1643:gsm0710_base_buffer_get_frame(): Get a complete frame. ch:3, ctrl:239, len:6
01-01 12:32:05.079046   554   655 D RILMUXD : [gsm0710muxd] 2383:extract_frames(): Writing 6 byte frame received on channel 3 to /dev/pts/3
01-01 12:32:05.079241   669   693 I AT      : AT read end: 6
01-01 12:32:05.079309   669   693 D AT      : AT< OK
01-01 12:32:05.079375   669   693 D AT      : RIL_CMD_READER_1 Enter processLine:OK
01-01 12:32:05.079467   669   693 I AT      : AT read start
01-01 12:32:05.079578   669   677 D AT      : response received on RIL_CMD_READER_1, tid:547652645952
01-01 12:32:05.079653   669   677 D AT      : AT send on RIL_CMD_READER_1, tid:547652645952
01-01 12:32:05.079717   669   677 D AT      : AT> AT+EOPS?
01-01 12:32:05.079778   669   677 I AT      : AT write start
01-01 12:32:05.090870   554   659 D RILMUXD : [gsm0710muxd] 3614:poll_thread(): poll_thread select found
01-01 12:32:05.090995   554   659 D RILMUXD : [gsm0710muxd] 1045:pseudo_device_read(): Enter, LackofAtciChannel=0
01-01 12:32:05.091077   554   659 D RILMUXD : [gsm0710muxd] 657:write_frame(): Sending frame to channel 3
01-01 12:32:05.091205   554   659 D RILMUXD : [gsm0710muxd] 766:write_frame(): Write a frame on channel 3 with length 9
01-01 12:32:05.091649   554   655 D RILMUXD : [gsm0710muxd] 2403:extract_frames(): write() returned. Written 6/6 bytes of frame to /dev/pts/3
01-01 12:32:05.091717   554   655 D RILMUXD : [gsm0710muxd] 2408:extract_frames(): fsync() failed (-1, 22 - Invalid argument)
01-01 12:32:05.092835   669   688 D RILC    : SOCKET RIL_SOCKET_1 REQUEST: VOICE_REGISTRATION_STATE length:8
01-01 12:32:05.092923   669   688 I RILC-MTK: create request 20: pRequest=0x7f82df2c60, pRI=0x7f8318c2a0, p=0x7f83197340, pUCI=0x0
01-01 12:32:05.092987   669   688 D RILC-MTK: 1:DATA_REGISTRATION_STATE pRI=0x7f8318c270 p=0x7f83197260 is queued in RIL_CMD_PROXY_3
01-01 12:32:05.093048   669   688 D RILC-MTK: **** the last executed cmd for RIL_CMD_PROXY_3 is OPERATOR ****
01-01 12:32:05.093108   669   688 D RILC-MTK: Request pRI=0x7f8318c2a0 to RIL_CMD_PROXY_3 is busy. total:2 requests pending
01-01 12:32:05.094107   554   655 D RILMUXD : [gsm0710muxd] 1643:gsm0710_base_buffer_get_frame(): Get a complete frame. ch:3, ctrl:239, len:24
01-01 12:32:05.094190   554   655 D RILMUXD : [gsm0710muxd] 2383:extract_frames(): Writing 24 byte frame received on channel 3 to /dev/pts/3
01-01 12:32:05.094378   669   693 I AT      : AT read end: 24
01-01 12:32:05.094440   669   693 D AT      : AT< +EOPS: 0,2,"46001",0
01-01 12:32:05.094499   669   693 D AT      : RIL_CMD_READER_1 Enter processLine:+EOPS: 0,2,"46001",0
01-01 12:32:05.094565   669   693 I AT      : AT read start
01-01 12:32:05.094823  1697  1697 D RILJ    : [4019]> QUERY_NETWORK_SELECTION_MODE [SUB0]
01-01 12:32:05.095251   554   655 D RILMUXD : [gsm0710muxd] 2403:extract_frames(): write() returned. Written 24/24 bytes of frame to /dev/pts/3
01-01 12:32:05.095326   554   655 D RILMUXD : [gsm0710muxd] 2408:extract_frames(): fsync() failed (-1, 22 - Invalid argument)
01-01 12:32:05.095401   554   655 D RILMUXD : [gsm0710muxd] 1643:gsm0710_base_buffer_get_frame(): Get a complete frame. ch:3, ctrl:239, len:6
01-01 12:32:05.095466   554   655 D RILMUXD : [gsm0710muxd] 2383:extract_frames(): Writing 6 byte frame received on channel 3 to /dev/pts/3
01-01 12:32:05.095634   669   693 I AT      : AT read end: 6
01-01 12:32:05.095693   669   693 D AT      : AT< OK
01-01 12:32:05.095751   669   693 D AT      : RIL_CMD_READER_1 Enter processLine:OK
01-01 12:32:05.095841   669   693 I AT      : AT read start
01-01 12:32:05.095950   669   677 D AT      : response received on RIL_CMD_READER_1, tid:547652645952
01-01 12:32:05.096020   669   677 D RIL     : EOPS Get operator code 46001
01-01 12:32:05.096081   669   677 D RILC    : RequestComplete, RIL_SOCKET_1
01-01 12:32:05.096152   669   677 E RILC    : Send Response to RIL_SOCKET_1
01-01 12:32:05.096288   669   677 D RILC-MTK: proxyLoop free  pRI=0x7f8318c150 p=0x7f83196690 
01-01 12:32:05.096351   669   677 D RILC-MTK: proxyLoop free  pRequest=0x7f82df2ea0
01-01 12:32:05.096409   669   677 D RILC-MTK: proxy id:1, proxyName: RIL_CMD_PROXY_3
01-01 12:32:05.096468   669   677 D RILC-MTK: DATA_REGISTRATION_STATE pRI=0x7f8318c270 p=0x7f83197260 execute on RIL_CMD_PROXY_3 using channel 1
01-01 12:32:05.096530   669   677 D RILC    : callOnRequest for new vendor ril
01-01 12:32:05.096591   669   677 D RIL     : onRequest: DATA_REGISTRATION_STATE, datalen = 0
01-01 12:32:05.096648   669   677 D RIL     : radioState:10
01-01 12:32:05.096713   669   677 D RIL     : request gprs reg state: normal case
01-01 12:32:05.096772   669   677 D AT      : AT send on RIL_CMD_READER_1, tid:547652645952
01-01 12:32:05.096828   669   677 D AT      : AT> AT+CGREG?
01-01 12:32:05.096885   669   677 I AT      : AT write start
01-01 12:32:05.097335  1697  1904 D RILJ    : [4016]< OPERATOR {46001} [SUB0]
01-01 12:32:05.102868   554   659 D RILMUXD : [gsm0710muxd] 3614:poll_thread(): poll_thread select found
01-01 12:32:05.102950   554   659 D RILMUXD : [gsm0710muxd] 1045:pseudo_device_read(): Enter, LackofAtciChannel=0
01-01 12:32:05.103030   554   659 D RILMUXD : [gsm0710muxd] 657:write_frame(): Sending frame to channel 3
01-01 12:32:05.103160   554   659 D RILMUXD : [gsm0710muxd] 766:write_frame(): Write a frame on channel 3 with length 10
01-01 12:32:05.103261   554   655 D RILMUXD : [gsm0710muxd] 2403:extract_frames(): write() returned. Written 6/6 bytes of frame to /dev/pts/3
01-01 12:32:05.103329   554   655 D RILMUXD : [gsm0710muxd] 2408:extract_frames(): fsync() failed (-1, 22 - Invalid argument)
01-01 12:32:05.107004   554   655 D RILMUXD : [gsm0710muxd] 1643:gsm0710_base_buffer_get_frame(): Get a complete frame. ch:3, ctrl:239, len:44
01-01 12:32:05.107095   554   655 D RILMUXD : [gsm0710muxd] 2383:extract_frames(): Writing 44 byte frame received on channel 3 to /dev/pts/3
01-01 12:32:05.107291   669   693 I AT      : AT read end: 44
01-01 12:32:05.107358   669   693 D AT      : AT< +CGREG: 3,0,"A80E","00CC279D",2,"0E",0,0
01-01 12:32:05.107419   669   693 D AT      : RIL_CMD_READER_1 Enter processLine:+CGREG: 3,0,"A80E","00CC279D",2,"0E",0,0
01-01 12:32:05.107483   669   693 I AT      : AT read start
01-01 12:32:05.108398   669   688 D RILC    : SOCKET RIL_SOCKET_1 REQUEST: QUERY_NETWORK_SELECTION_MODE length:8
01-01 12:32:05.108479   669   688 I RILC-MTK: create request 45: pRequest=0x7f82df2e20, pRI=0x7f8318c960, p=0x7f831962a0, pUCI=0x0
01-01 12:32:05.108544   669   688 D RILC-MTK: 1:VOICE_REGISTRATION_STATE pRI=0x7f8318c2a0 p=0x7f83197340 is queued in RIL_CMD_PROXY_3
01-01 12:32:05.108603   669   688 D RILC-MTK: **** the last executed cmd for RIL_CMD_PROXY_3 is DATA_REGISTRATION_STATE ****
01-01 12:32:05.108665   669   688 D RILC-MTK: Request pRI=0x7f8318c960 to RIL_CMD_PROXY_3 is busy. total:2 requests pending
01-01 12:32:05.108829   554   655 D RILMUXD : [gsm0710muxd] 2403:extract_frames(): write() returned. Written 44/44 bytes of frame to /dev/pts/3
01-01 12:32:05.108903   554   655 D RILMUXD : [gsm0710muxd] 2408:extract_frames(): fsync() failed (-1, 22 - Invalid argument)
01-01 12:32:05.108980   554   655 D RILMUXD : [gsm0710muxd] 1643:gsm0710_base_buffer_get_frame(): Get a complete frame. ch:3, ctrl:239, len:6
01-01 12:32:05.109045   554   655 D RILMUXD : [gsm0710muxd] 2383:extract_frames(): Writing 6 byte frame received on channel 3 to /dev/pts/3
01-01 12:32:05.109218   669   693 I AT      : AT read end: 6
01-01 12:32:05.109282   669   693 D AT      : AT< OK
01-01 12:32:05.109343   669   693 D AT      : RIL_CMD_READER_1 Enter processLine:OK
01-01 12:32:05.109424   669   693 I AT      : AT read start
01-01 12:32:05.109797   669   677 D AT      : response received on RIL_CMD_READER_1, tid:547652645952
01-01 12:32:05.109867   669   677 D RIL     : convertRegState() uiRegState=0 , uiRet=0 
01-01 12:32:05.109924   669   677 D RIL     : dontChangeCgregFormat=0
01-01 12:32:05.109981   669   677 E RIL     : it is short CREG CGREG
01-01 12:32:05.110045   669   677 E RIL     : rid: 0
01-01 12:32:05.110102   669   677 D RIL     : RestrictedStateChanged: 22
01-01 12:32:05.110161   669   677 D RIL     : isSimInserted(): rid: 0, sim_inserted_status: 0
01-01 12:32:05.110222   669   677 D RIL     : isSimInserted(): pivotSim = 1 ,0
01-01 12:32:05.110280   669   677 D RIL     : isSimInserted(): simInserted = 0
01-01 12:32:05.110339   669   677 D RILC    : RequestComplete, RIL_SOCKET_1
01-01 12:32:05.110413   669   677 E RILC    : Send Response to RIL_SOCKET_1
01-01 12:32:05.110549   669   677 D RILC-MTK: proxyLoop free  pRI=0x7f8318c270 p=0x7f83197260 
01-01 12:32:05.110610   669   677 D RILC-MTK: proxyLoop free  pRequest=0x7f82df2f20
01-01 12:32:05.110667   669   677 D RILC-MTK: proxy id:1, proxyName: RIL_CMD_PROXY_3
01-01 12:32:05.110727   669   677 D RILC-MTK: VOICE_REGISTRATION_STATE pRI=0x7f8318c2a0 p=0x7f83197340 execute on RIL_CMD_PROXY_3 using channel 1
01-01 12:32:05.110790   669   677 D RILC    : callOnRequest for new vendor ril
01-01 12:32:05.110849   669   677 D RIL     : onRequest: VOICE_REGISTRATION_STATE, datalen = 0
01-01 12:32:05.110905   669   677 D RIL     : radioState:10
01-01 12:32:05.110968   669   677 D AT      : AT send on RIL_CMD_READER_1, tid:547652645952
01-01 12:32:05.111025   669   677 D AT      : AT> AT+CREG?
01-01 12:32:05.111080   669   677 I AT      : AT write start
01-01 12:32:05.111599  1697  1904 D RILJ    : [4017]< DATA_REGISTRATION_STATE {0, -1, -1, 0} [SUB0]
01-01 12:32:05.111803  1697  1697 D GsmSST  : [GsmSST0] handleMessage msg done
01-01 12:32:05.112020  1697  1697 D GsmSST  : [GsmSST0] handle EVENT_PS_NETWORK_STATE_CHANGED
01-01 12:32:05.112112  1697  1697 D GsmSST  : [GsmSST0] mPsRegState:1,new:1,result:0
01-01 12:32:05.115439   554   659 D RILMUXD : [gsm0710muxd] 3614:poll_thread(): poll_thread select found
01-01 12:32:05.115532   554   659 D RILMUXD : [gsm0710muxd] 1045:pseudo_device_read(): Enter, LackofAtciChannel=0
01-01 12:32:05.115620   554   659 D RILMUXD : [gsm0710muxd] 657:write_frame(): Sending frame to channel 3
01-01 12:32:05.115751   554   659 D RILMUXD : [gsm0710muxd] 766:write_frame(): Write a frame on channel 3 with length 9
01-01 12:32:05.115851   554   655 D RILMUXD : [gsm0710muxd] 2403:extract_frames(): write() returned. Written 6/6 bytes of frame to /dev/pts/3
01-01 12:32:05.115920   554   655 D RILMUXD : [gsm0710muxd] 2408:extract_frames(): fsync() failed (-1, 22 - Invalid argument)
01-01 12:32:05.116625   554   655 D RILMUXD : [gsm0710muxd] 1643:gsm0710_base_buffer_get_frame(): Get a complete frame. ch:3, ctrl:239, len:38
01-01 12:32:05.116697   554   655 D RILMUXD : [gsm0710muxd] 2383:extract_frames(): Writing 38 byte frame received on channel 3 to /dev/pts/3
01-01 12:32:05.117045   669   693 I AT      : AT read end: 38
01-01 12:32:05.117110   669   693 D AT      : AT< +CREG: 3,0,"A80E","00CC279D",2,0,0
01-01 12:32:05.117169   669   693 D AT      : RIL_CMD_READER_1 Enter processLine:+CREG: 3,0,"A80E","00CC279D",2,0,0
01-01 12:32:05.117236   669   693 I AT      : AT read start
01-01 12:32:05.117518  1697  1697 D SubscriptionController: [getSubId]- sSlotIdxToSubId.size == 0, return DummySubIds slotIdx=0
01-01 12:32:05.117616  1697  1697 D SubscriptionController: getDummySubIds: slotIdx=0 return 2 DummySubIds with each subId=-2
01-01 12:32:05.117719  1697  1697 D GsmSST  : [GsmSST0] Invalid subId, return invalid networkType
01-01 12:32:05.117825  1697  1697 D GsmSST  : [GsmSST0] pollState RadioState is RADIO_ON, currentNetworkMode= -1
01-01 12:32:05.118004  1697  1697 D RILJ    : [4020]> OPERATOR [SUB0]
01-01 12:32:05.118376   554   655 D RILMUXD : [gsm0710muxd] 2403:extract_frames(): write() returned. Written 38/38 bytes of frame to /dev/pts/3
01-01 12:32:05.118450   554   655 D RILMUXD : [gsm0710muxd] 2408:extract_frames(): fsync() failed (-1, 22 - Invalid argument)
01-01 12:32:05.118526   554   655 D RILMUXD : [gsm0710muxd] 1643:gsm0710_base_buffer_get_frame(): Get a complete frame. ch:3, ctrl:239, len:6
01-01 12:32:05.118591   554   655 D RILMUXD : [gsm0710muxd] 2383:extract_frames(): Writing 6 byte frame received on channel 3 to /dev/pts/3
01-01 12:32:05.118782   669   693 I AT      : AT read end: 6
01-01 12:32:05.118878   669   693 D AT      : AT< OK
01-01 12:32:05.118939   669   693 D AT      : RIL_CMD_READER_1 Enter processLine:OK
01-01 12:32:05.119026   669   693 I AT      : AT read start
01-01 12:32:05.119132   669   677 D AT      : response received on RIL_CMD_READER_1, tid:547652645952
01-01 12:32:05.119202   669   677 D RIL     : convertRegState() uiRegState=0 , uiRet=0 
01-01 12:32:05.119260   669   677 D RIL     : dontChangeFormat=0
01-01 12:32:05.119315   669   677 E RIL     : it is short CREG CGREG
01-01 12:32:05.119377   669   677 E RIL     : rid: 0
01-01 12:32:05.119433   669   677 D RIL     : RestrictedStateChanged: 22
01-01 12:32:05.119495   669   677 D RIL     : isSimInserted(): rid: 0, sim_inserted_status: 0
01-01 12:32:05.119556   669   677 D RIL     : isSimInserted(): pivotSim = 1 ,0
01-01 12:32:05.119615   669   677 D RIL     : isSimInserted(): simInserted = 0
01-01 12:32:05.119675   669   677 D RIL     : convertToRilRegState() uiRegState=0 , uiRet=10 
01-01 12:32:05.119736   669   677 D RILC    : RequestComplete, RIL_SOCKET_1
01-01 12:32:05.119809   669   677 E RILC    : Send Response to RIL_SOCKET_1
01-01 12:32:05.120282  1697  1904 D RILJ    : [4018]< VOICE_REGISTRATION_STATE {10, -1, -1, 0} [SUB0]
01-01 12:32:05.120451   669   677 D RILC-MTK: proxyLoop free  pRI=0x7f8318c2a0 p=0x7f83197340 
01-01 12:32:05.120513   669   677 D RILC-MTK: proxyLoop free  pRequest=0x7f82df2c60
01-01 12:32:05.120572   669   677 D RILC-MTK: proxy id:1, proxyName: RIL_CMD_PROXY_3
01-01 12:32:05.120634   669   677 D RILC-MTK: QUERY_NETWORK_SELECTION_MODE pRI=0x7f8318c960 p=0x7f831962a0 execute on RIL_CMD_PROXY_3 using channel 1
01-01 12:32:05.120698   669   677 D RILC    : callOnRequest for new vendor ril
01-01 12:32:05.120757   669   677 D RIL     : onRequest: QUERY_NETWORK_SELECTION_MODE, datalen = 0
01-01 12:32:05.120813   669   677 D RIL     : radioState:10
01-01 12:32:05.120875   669   677 D AT      : AT send on RIL_CMD_READER_1, tid:547652645952
01-01 12:32:05.120935   669   677 D AT      : AT> AT+COPS?
01-01 12:32:05.120991   669   677 I AT      : AT write start
01-01 12:32:05.121320   554   659 D RILMUXD : [gsm0710muxd] 3614:poll_thread(): poll_thread select found
01-01 12:32:05.121390   554   659 D RILMUXD : [gsm0710muxd] 1045:pseudo_device_read(): Enter, LackofAtciChannel=0
01-01 12:32:05.121468   554   659 D RILMUXD : [gsm0710muxd] 657:write_frame(): Sending frame to channel 3
01-01 12:32:05.121599   554   659 D RILMUXD : [gsm0710muxd] 766:write_frame(): Write a frame on channel 3 with length 9
01-01 12:32:05.121702   554   655 D RILMUXD : [gsm0710muxd] 2403:extract_frames(): write() returned. Written 6/6 bytes of frame to /dev/pts/3
01-01 12:32:05.121771   554   655 D RILMUXD : [gsm0710muxd] 2408:extract_frames(): fsync() failed (-1, 22 - Invalid argument)
01-01 12:32:05.124800   554   655 D RILMUXD : [gsm0710muxd] 1643:gsm0710_base_buffer_get_frame(): Get a complete frame. ch:3, ctrl:239, len:12
01-01 12:32:05.124881   554   655 D RILMUXD : [gsm0710muxd] 2383:extract_frames(): Writing 12 byte frame received on channel 3 to /dev/pts/3
01-01 12:32:05.125318   669   693 I AT      : AT read end: 12
01-01 12:32:05.125389   669   693 D AT      : AT< +COPS: 0
01-01 12:32:05.125451   669   693 D AT      : RIL_CMD_READER_1 Enter processLine:+COPS: 0
01-01 12:32:05.125515   669   693 I AT      : AT read start
01-01 12:32:05.125655   554   655 D RILMUXD : [gsm0710muxd] 2403:extract_frames(): write() returned. Written 12/12 bytes of frame to /dev/pts/3
01-01 12:32:05.125725   554   655 D RILMUXD : [gsm0710muxd] 2408:extract_frames(): fsync() failed (-1, 22 - Invalid argument)
01-01 12:32:05.125800   554   655 D RILMUXD : [gsm0710muxd] 1643:gsm0710_base_buffer_get_frame(): Get a complete frame. ch:3, ctrl:239, len:6
01-01 12:32:05.125866   554   655 D RILMUXD : [gsm0710muxd] 2383:extract_frames(): Writing 6 byte frame received on channel 3 to /dev/pts/3
01-01 12:32:05.126017   669   693 I AT      : AT read end: 6
01-01 12:32:05.126073   669   693 D AT      : AT< OK
01-01 12:32:05.126133   669   693 D AT      : RIL_CMD_READER_1 Enter processLine:OK
01-01 12:32:05.126216   669   693 I AT      : AT read start
01-01 12:32:05.126315   669   677 D AT      : response received on RIL_CMD_READER_1, tid:547652645952
01-01 12:32:05.126382   669   677 D RILC    : RequestComplete, RIL_SOCKET_1
01-01 12:32:05.126449   669   677 E RILC    : Send Response to RIL_SOCKET_1
01-01 12:32:05.126565   669   677 D RILC-MTK: proxyLoop free  pRI=0x7f8318c960 p=0x7f831962a0 
01-01 12:32:05.126625   669   677 D RILC-MTK: proxyLoop free  pRequest=0x7f82df2e20
01-01 12:32:05.126680   669   677 I RILC-MTK: RIL_CMD_PROXY_3 sleep
01-01 12:32:05.128038   554   655 D RILMUXD : [gsm0710muxd] 2403:extract_frames(): write() returned. Written 6/6 bytes of frame to /dev/pts/3
01-01 12:32:05.128118   554   655 D RILMUXD : [gsm0710muxd] 2408:extract_frames(): fsync() failed (-1, 22 - Invalid argument)
01-01 12:32:05.128660  1697  1904 D RILJ    : responseInts numInts=1 [SUB0]
01-01 12:32:05.128759  1697  1904 D RILJ    : responseInts response[0]=0 [SUB0]
01-01 12:32:05.128883  1697  1904 D RILJ    : [4019]< QUERY_NETWORK_SELECTION_MODE {0} [SUB0]
01-01 12:32:05.129585   669   688 D RILC    : SOCKET RIL_SOCKET_1 REQUEST: OPERATOR length:8
01-01 12:32:05.129660   669   688 I RILC-MTK: create request 22: pRequest=0x7f82df2e60, pRI=0x7f8318c990, p=0x7f83196930, pUCI=0x0
01-01 12:32:05.129719   669   688 D RILC-MTK: OPERATOR pRI=0x7f8318c990 p=0x7f83196930 dispatched to RIL_CMD_PROXY_3
01-01 12:32:05.130031   669   683 I RILC-MTK: RIL_CMD2_PROXY_3 wakeup
01-01 12:32:05.130086   669   683 I RILC-MTK: RIL_CMD2_PROXY_3 sleep
01-01 12:32:05.130158   669   686 I RILC-MTK: RIL_CMD2_PROXY_4 wakeup
01-01 12:32:05.130214   669   686 I RILC-MTK: RIL_CMD2_PROXY_4 sleep
01-01 12:32:05.130285   669   679 I RILC-MTK: RIL_CMD_PROXY_1 wakeup
01-01 12:32:05.130339   669   679 I RILC-MTK: RIL_CMD_PROXY_1 sleep
01-01 12:32:05.130408   669   680 I RILC-MTK: RIL_CMD_PROXY_4 wakeup
01-01 12:32:05.130464   669   680 I RILC-MTK: RIL_CMD_PROXY_4 sleep
01-01 12:32:05.130541   669   682 I RILC-MTK: RIL_URC2_PROXY wakeup
01-01 12:32:05.130593   669   682 I RILC-MTK: RIL_URC2_PROXY sleep
01-01 12:32:05.130663   669   685 I RILC-MTK: RIL_CMD2_PROXY_1 wakeup
01-01 12:32:05.130715   669   685 I RILC-MTK: RIL_CMD2_PROXY_1 sleep
01-01 12:32:05.130789   669   676 I RILC-MTK: RIL_URC_PROXY wakeup
01-01 12:32:05.130842   669   676 I RILC-MTK: RIL_URC_PROXY sleep
01-01 12:32:05.130913   669   681 I RILC-MTK: RIL_ATCI_PROXY wakeup
01-01 12:32:05.130965   669   681 I RILC-MTK: RIL_ATCI_PROXY sleep
01-01 12:32:05.131040   669   684 I RILC-MTK: RIL_CMD2_PROXY_2 wakeup
01-01 12:32:05.131099   669   684 I RILC-MTK: RIL_CMD2_PROXY_2 sleep
01-01 12:32:05.131172   669   687 I RILC-MTK: RIL_ATCI2_PROXY wakeup
01-01 12:32:05.131226   669   687 I RILC-MTK: RIL_ATCI2_PROXY sleep
01-01 12:32:05.131299   669   678 I RILC-MTK: RIL_CMD_PROXY_2 wakeup
01-01 12:32:05.131352   669   678 I RILC-MTK: RIL_CMD_PROXY_2 sleep
01-01 12:32:05.131446   669   677 I RILC-MTK: RIL_CMD_PROXY_3 wakeup
01-01 12:32:05.131513   669   677 D RILC-MTK: proxy id:1, proxyName: RIL_CMD_PROXY_3
01-01 12:32:05.131569   669   677 D RILC-MTK: OPERATOR pRI=0x7f8318c990 p=0x7f83196930 execute on RIL_CMD_PROXY_3 using channel 1
01-01 12:32:05.131624   669   677 D RILC    : callOnRequest for new vendor ril
01-01 12:32:05.131680   669   677 D RIL     : onRequest: OPERATOR, datalen = 0
01-01 12:32:05.131740   669   677 D RIL     : radioState:10
01-01 12:32:05.131803   669   677 D AT      : AT send on RIL_CMD_READER_1, tid:547652645952
01-01 12:32:05.131858   669   677 D AT      : AT> AT+COPS?
01-01 12:32:05.131910   669   677 I AT      : AT write start
01-01 12:32:05.132108   554   659 D RILMUXD : [gsm0710muxd] 3614:poll_thread(): poll_thread select found
01-01 12:32:05.132180   554   659 D RILMUXD : [gsm0710muxd] 1045:pseudo_device_read(): Enter, LackofAtciChannel=0
01-01 12:32:05.132266   554   659 D RILMUXD : [gsm0710muxd] 657:write_frame(): Sending frame to channel 3
01-01 12:32:05.132392   554   659 D RILMUXD : [gsm0710muxd] 766:write_frame(): Write a frame on channel 3 with length 8
01-01 12:32:05.132554   554   659 D RILMUXD : [gsm0710muxd] 3614:poll_thread(): poll_thread select found
01-01 12:32:05.132613   554   659 D RILMUXD : [gsm0710muxd] 1045:pseudo_device_read(): Enter, LackofAtciChannel=0
01-01 12:32:05.132697   554   659 D RILMUXD : [gsm0710muxd] 657:write_frame(): Sending frame to channel 3
01-01 12:32:05.132809   554   659 D RILMUXD : [gsm0710muxd] 766:write_frame(): Write a frame on channel 3 with length 1
01-01 12:32:05.133081  1697  1697 D RILJ    : [4021]> DATA_REGISTRATION_STATE [SUB0]
01-01 12:32:05.134683   554   655 D RILMUXD : [gsm0710muxd] 1643:gsm0710_base_buffer_get_frame(): Get a complete frame. ch:3, ctrl:239, len:12
01-01 12:32:05.134759   554   655 D RILMUXD : [gsm0710muxd] 2383:extract_frames(): Writing 12 byte frame received on channel 3 to /dev/pts/3
01-01 12:32:05.134945   669   693 I AT      : AT read end: 12
01-01 12:32:05.135004   669   693 D AT      : AT< +COPS: 0
01-01 12:32:05.135282   669   693 D AT      : RIL_CMD_READER_1 Enter processLine:+COPS: 0
01-01 12:32:05.135349   669   693 I AT      : AT read start
01-01 12:32:05.135485   554   655 D RILMUXD : [gsm0710muxd] 2403:extract_frames(): write() returned. Written 12/12 bytes of frame to /dev/pts/3
01-01 12:32:05.135551   554   655 D RILMUXD : [gsm0710muxd] 2408:extract_frames(): fsync() failed (-1, 22 - Invalid argument)
01-01 12:32:05.135622   554   655 D RILMUXD : [gsm0710muxd] 1643:gsm0710_base_buffer_get_frame(): Get a complete frame. ch:3, ctrl:239, len:6
01-01 12:32:05.135684   554   655 D RILMUXD : [gsm0710muxd] 2383:extract_frames(): Writing 6 byte frame received on channel 3 to /dev/pts/3
01-01 12:32:05.135828   669   693 I AT      : AT read end: 6
01-01 12:32:05.135884   669   693 D AT      : AT< OK
01-01 12:32:05.135938   669   693 D AT      : RIL_CMD_READER_1 Enter processLine:OK
01-01 12:32:05.136015   669   693 I AT      : AT read start
01-01 12:32:05.136111   669   677 D AT      : response received on RIL_CMD_READER_1, tid:547652645952
01-01 12:32:05.136183   669   677 D AT      : AT send on RIL_CMD_READER_1, tid:547652645952
01-01 12:32:05.136241   669   677 D AT      : AT> AT+EOPS?
01-01 12:32:05.136294   669   677 I AT      : AT write start
01-01 12:32:05.148976   554   659 D RILMUXD : [gsm0710muxd] 3614:poll_thread(): poll_thread select found
01-01 12:32:05.149054   554   659 D RILMUXD : [gsm0710muxd] 1045:pseudo_device_read(): Enter, LackofAtciChannel=0
01-01 12:32:05.149172   554   659 D RILMUXD : [gsm0710muxd] 657:write_frame(): Sending frame to channel 3
01-01 12:32:05.149297   554   659 D RILMUXD : [gsm0710muxd] 766:write_frame(): Write a frame on channel 3 with length 9
01-01 12:32:05.149533   554   655 D RILMUXD : [gsm0710muxd] 2403:extract_frames(): write() returned. Written 6/6 bytes of frame to /dev/pts/3
01-01 12:32:05.149602   554   655 D RILMUXD : [gsm0710muxd] 2408:extract_frames(): fsync() failed (-1, 22 - Invalid argument)
01-01 12:32:05.154296   554   655 D RILMUXD : [gsm0710muxd] 1643:gsm0710_base_buffer_get_frame(): Get a complete frame. ch:3, ctrl:239, len:24
01-01 12:32:05.154382   554   655 D RILMUXD : [gsm0710muxd] 2383:extract_frames(): Writing 24 byte frame received on channel 3 to /dev/pts/3
01-01 12:32:05.154607   669   693 I AT      : AT read end: 24
01-01 12:32:05.154669   669   693 D AT      : AT< +EOPS: 0,2,"46001",0
01-01 12:32:05.154729   669   693 D AT      : RIL_CMD_READER_1 Enter processLine:+EOPS: 0,2,"46001",0
01-01 12:32:05.154792   669   693 I AT      : AT read start
01-01 12:32:05.155908   669   688 D RILC    : SOCKET RIL_SOCKET_1 REQUEST: DATA_REGISTRATION_STATE length:8
01-01 12:32:05.155984   669   688 I RILC-MTK: create request 21: pRequest=0x7f82df2ee0, pRI=0x7f8318c9c0, p=0x7f83196a80, pUCI=0x0
01-01 12:32:05.156042   669   688 D RILC-MTK: DATA_REGISTRATION_STATE pRI=0x7f8318c9c0 p=0x7f83196a80 dispatched to RIL_CMD_PROXY_3
01-01 12:32:05.156332   669   683 I RILC-MTK: RIL_CMD2_PROXY_3 wakeup
01-01 12:32:05.156392   669   683 I RILC-MTK: RIL_CMD2_PROXY_3 sleep
01-01 12:32:05.156465   669   686 I RILC-MTK: RIL_CMD2_PROXY_4 wakeup
01-01 12:32:05.156519   669   686 I RILC-MTK: RIL_CMD2_PROXY_4 sleep
01-01 12:32:05.156589   669   679 I RILC-MTK: RIL_CMD_PROXY_1 wakeup
01-01 12:32:05.156646   669   679 I RILC-MTK: RIL_CMD_PROXY_1 sleep
01-01 12:32:05.156723   669   680 I RILC-MTK: RIL_CMD_PROXY_4 wakeup
01-01 12:32:05.156776   669   680 I RILC-MTK: RIL_CMD_PROXY_4 sleep
01-01 12:32:05.156848   669   682 I RILC-MTK: RIL_URC2_PROXY wakeup
01-01 12:32:05.156945   669   682 I RILC-MTK: RIL_URC2_PROXY sleep
01-01 12:32:05.157020   669   685 I RILC-MTK: RIL_CMD2_PROXY_1 wakeup
01-01 12:32:05.157078   669   685 I RILC-MTK: RIL_CMD2_PROXY_1 sleep
01-01 12:32:05.157152   669   676 I RILC-MTK: RIL_URC_PROXY wakeup
01-01 12:32:05.157205   669   676 I RILC-MTK: RIL_URC_PROXY sleep
01-01 12:32:05.157278   669   681 I RILC-MTK: RIL_ATCI_PROXY wakeup
01-01 12:32:05.157333   669   681 I RILC-MTK: RIL_ATCI_PROXY sleep
01-01 12:32:05.157406   669   684 I RILC-MTK: RIL_CMD2_PROXY_2 wakeup
01-01 12:32:05.157459   669   684 I RILC-MTK: RIL_CMD2_PROXY_2 sleep
01-01 12:32:05.157530   669   687 I RILC-MTK: RIL_ATCI2_PROXY wakeup
01-01 12:32:05.157582   669   687 I RILC-MTK: RIL_ATCI2_PROXY sleep
01-01 12:32:05.157655   669   678 I RILC-MTK: RIL_CMD_PROXY_2 wakeup
01-01 12:32:05.157712   669   678 I RILC-MTK: RIL_CMD_PROXY_2 sleep
01-01 12:32:05.158200   554   655 D RILMUXD : [gsm0710muxd] 2403:extract_frames(): write() returned. Written 24/24 bytes of frame to /dev/pts/3
01-01 12:32:05.158275   554   655 D RILMUXD : [gsm0710muxd] 2408:extract_frames(): fsync() failed (-1, 22 - Invalid argument)
01-01 12:32:05.158349   554   655 D RILMUXD : [gsm0710muxd] 1643:gsm0710_base_buffer_get_frame(): Get a complete frame. ch:3, ctrl:239, len:6
01-01 12:32:05.158414   554   655 D RILMUXD : [gsm0710muxd] 2383:extract_frames(): Writing 6 byte frame received on channel 3 to /dev/pts/3
01-01 12:32:05.158599   669   693 I AT      : AT read end: 6
01-01 12:32:05.158655   669   693 D AT      : AT< OK
01-01 12:32:05.158710   669   693 D AT      : RIL_CMD_READER_1 Enter processLine:OK
01-01 12:32:05.158789   669   693 I AT      : AT read start
01-01 12:32:05.159542   669   677 D AT      : response received on RIL_CMD_READER_1, tid:547652645952
01-01 12:32:05.159624   669   677 D RIL     : EOPS Get operator code 46001
01-01 12:32:05.159682   669   677 D RILC    : RequestComplete, RIL_SOCKET_1
01-01 12:32:05.159755   669   677 E RILC    : Send Response to RIL_SOCKET_1
01-01 12:32:05.160229  1697  1904 D RILJ    : [4020]< OPERATOR {46001} [SUB0]
01-01 12:32:05.160425   669   677 D RILC-MTK: proxyLoop free  pRI=0x7f8318c990 p=0x7f83196930 
01-01 12:32:05.160490   669   677 D RILC-MTK: proxyLoop free  pRequest=0x7f82df2e60
01-01 12:32:05.160548   669   677 D RILC-MTK: proxy id:1, proxyName: RIL_CMD_PROXY_3
01-01 12:32:05.160605   669   677 D RILC-MTK: DATA_REGISTRATION_STATE pRI=0x7f8318c9c0 p=0x7f83196a80 execute on RIL_CMD_PROXY_3 using channel 1
01-01 12:32:05.160659   669   677 D RILC    : callOnRequest for new vendor ril
01-01 12:32:05.160716   669   677 D RIL     : onRequest: DATA_REGISTRATION_STATE, datalen = 0
01-01 12:32:05.160774   669   677 D RIL     : radioState:10
01-01 12:32:05.160839   669   677 D RIL     : request gprs reg state: normal case
01-01 12:32:05.160896   669   677 D AT      : AT send on RIL_CMD_READER_1, tid:547652645952
01-01 12:32:05.160950   669   677 D AT      : AT> AT+CGREG?
01-01 12:32:05.161005   669   677 I AT      : AT write start
01-01 12:32:05.161235  1697  1697 D RILJ    : [4022]> VOICE_REGISTRATION_STATE [SUB0]
01-01 12:32:05.164594   554   659 D RILMUXD : [gsm0710muxd] 3614:poll_thread(): poll_thread select found
01-01 12:32:05.164677   554   659 D RILMUXD : [gsm0710muxd] 1045:pseudo_device_read(): Enter, LackofAtciChannel=0
01-01 12:32:05.164759   554   659 D RILMUXD : [gsm0710muxd] 657:write_frame(): Sending frame to channel 3
01-01 12:32:05.164886   554   659 D RILMUXD : [gsm0710muxd] 766:write_frame(): Write a frame on channel 3 with length 10
01-01 12:32:05.164985   554   655 D RILMUXD : [gsm0710muxd] 2403:extract_frames(): write() returned. Written 6/6 bytes of frame to /dev/pts/3
01-01 12:32:05.168498   554   655 D RILMUXD : [gsm0710muxd] 2408:extract_frames(): fsync() failed (-1, 22 - Invalid argument)
01-01 12:32:05.168588   554   655 D RILMUXD : [gsm0710muxd] 1643:gsm0710_base_buffer_get_frame(): Get a complete frame. ch:3, ctrl:239, len:44
01-01 12:32:05.168652   554   655 D RILMUXD : [gsm0710muxd] 2383:extract_frames(): Writing 44 byte frame received on channel 3 to /dev/pts/3
01-01 12:32:05.168856   669   693 I AT      : AT read end: 44
01-01 12:32:05.168922   669   693 D AT      : AT< +CGREG: 3,0,"A80E","00CC279D",2,"0E",0,0
01-01 12:32:05.168980   669   693 D AT      : RIL_CMD_READER_1 Enter processLine:+CGREG: 3,0,"A80E","00CC279D",2,"0E",0,0
01-01 12:32:05.169039   669   693 I AT      : AT read start
01-01 12:32:05.169822   669   688 D RILC    : SOCKET RIL_SOCKET_1 REQUEST: VOICE_REGISTRATION_STATE length:8
01-01 12:32:05.169897   669   688 I RILC-MTK: create request 20: pRequest=0x7f82df2ce0, pRI=0x7f8318c9f0, p=0x7f83196af0, pUCI=0x0
01-01 12:32:05.169955   669   688 D RILC-MTK: VOICE_REGISTRATION_STATE pRI=0x7f8318c9f0 p=0x7f83196af0 dispatched to RIL_CMD_PROXY_3
01-01 12:32:05.170243   669   683 I RILC-MTK: RIL_CMD2_PROXY_3 wakeup
01-01 12:32:05.170297   669   683 I RILC-MTK: RIL_CMD2_PROXY_3 sleep
01-01 12:32:05.170369   669   686 I RILC-MTK: RIL_CMD2_PROXY_4 wakeup
01-01 12:32:05.170425   669   686 I RILC-MTK: RIL_CMD2_PROXY_4 sleep
01-01 12:32:05.170502   669   679 I RILC-MTK: RIL_CMD_PROXY_1 wakeup
01-01 12:32:05.170556   669   679 I RILC-MTK: RIL_CMD_PROXY_1 sleep
01-01 12:32:05.170626   669   680 I RILC-MTK: RIL_CMD_PROXY_4 wakeup
01-01 12:32:05.170678   669   680 I RILC-MTK: RIL_CMD_PROXY_4 sleep
01-01 12:32:05.170750   669   682 I RILC-MTK: RIL_URC2_PROXY wakeup
01-01 12:32:05.170805   669   682 I RILC-MTK: RIL_URC2_PROXY sleep
01-01 12:32:05.170877   669   685 I RILC-MTK: RIL_CMD2_PROXY_1 wakeup
01-01 12:32:05.170929   669   685 I RILC-MTK: RIL_CMD2_PROXY_1 sleep
01-01 12:32:05.171000   669   676 I RILC-MTK: RIL_URC_PROXY wakeup
01-01 12:32:05.171057   669   676 I RILC-MTK: RIL_URC_PROXY sleep
01-01 12:32:05.171133   669   681 I RILC-MTK: RIL_ATCI_PROXY wakeup
01-01 12:32:05.171187   669   681 I RILC-MTK: RIL_ATCI_PROXY sleep
01-01 12:32:05.171261   669   684 I RILC-MTK: RIL_CMD2_PROXY_2 wakeup
01-01 12:32:05.171314   669   684 I RILC-MTK: RIL_CMD2_PROXY_2 sleep
01-01 12:32:05.171386   669   687 I RILC-MTK: RIL_ATCI2_PROXY wakeup
01-01 12:32:05.171441   669   687 I RILC-MTK: RIL_ATCI2_PROXY sleep
01-01 12:32:05.171519   669   678 I RILC-MTK: RIL_CMD_PROXY_2 wakeup
01-01 12:32:05.171571   669   678 I RILC-MTK: RIL_CMD_PROXY_2 sleep
01-01 12:32:05.171812  1697  1697 D RILJ    : [4023]> QUERY_NETWORK_SELECTION_MODE [SUB0]
01-01 12:32:05.172198   554   655 D RILMUXD : [gsm0710muxd] 2403:extract_frames(): write() returned. Written 44/44 bytes of frame to /dev/pts/3
01-01 12:32:05.172273   554   655 D RILMUXD : [gsm0710muxd] 2408:extract_frames(): fsync() failed (-1, 22 - Invalid argument)
01-01 12:32:05.172347   554   655 D RILMUXD : [gsm0710muxd] 1643:gsm0710_base_buffer_get_frame(): Get a complete frame. ch:3, ctrl:239, len:6
01-01 12:32:05.172410   554   655 D RILMUXD : [gsm0710muxd] 2383:extract_frames(): Writing 6 byte frame received on channel 3 to /dev/pts/3
01-01 12:32:05.172598   669   693 I AT      : AT read end: 6
01-01 12:32:05.172658   669   693 D AT      : AT< OK
01-01 12:32:05.172714   669   693 D AT      : RIL_CMD_READER_1 Enter processLine:OK
01-01 12:32:05.172796   669   693 I AT      : AT read start
01-01 12:32:05.172897   669   677 D AT      : response received on RIL_CMD_READER_1, tid:547652645952
01-01 12:32:05.172960   669   677 D RIL     : convertRegState() uiRegState=0 , uiRet=0 
01-01 12:32:05.173021   669   677 D RIL     : dontChangeCgregFormat=0
01-01 12:32:05.173075   669   677 E RIL     : it is short CREG CGREG
01-01 12:32:05.173137   669   677 E RIL     : rid: 0
01-01 12:32:05.173192   669   677 D RIL     : RestrictedStateChanged: 22
01-01 12:32:05.173249   669   677 D RIL     : isSimInserted(): rid: 0, sim_inserted_status: 0
01-01 12:32:05.173307   669   677 D RIL     : isSimInserted(): pivotSim = 1 ,0
01-01 12:32:05.173361   669   677 D RIL     : isSimInserted(): simInserted = 0
01-01 12:32:05.173415   669   677 D RILC    : RequestComplete, RIL_SOCKET_1
01-01 12:32:05.173481   669   677 E RILC    : Send Response to RIL_SOCKET_1
01-01 12:32:05.174006  1697  1904 D RILJ    : [4021]< DATA_REGISTRATION_STATE {0, -1, -1, 0} [SUB0]
01-01 12:32:05.174175   669   677 D RILC-MTK: proxyLoop free  pRI=0x7f8318c9c0 p=0x7f83196a80 
01-01 12:32:05.174237   669   677 D RILC-MTK: proxyLoop free  pRequest=0x7f82df2ee0
01-01 12:32:05.174294   669   677 D RILC-MTK: proxy id:1, proxyName: RIL_CMD_PROXY_3
01-01 12:32:05.174352   669   677 D RILC-MTK: VOICE_REGISTRATION_STATE pRI=0x7f8318c9f0 p=0x7f83196af0 execute on RIL_CMD_PROXY_3 using channel 1
01-01 12:32:05.174408   669   677 D RILC    : callOnRequest for new vendor ril
01-01 12:32:05.174465   669   677 D RIL     : onRequest: VOICE_REGISTRATION_STATE, datalen = 0
01-01 12:32:05.174518   669   677 D RIL     : radioState:10
01-01 12:32:05.174576   669   677 D AT      : AT send on RIL_CMD_READER_1, tid:547652645952
01-01 12:32:05.174629   669   677 D AT      : AT> AT+CREG?
01-01 12:32:05.174679   669   677 I AT      : AT write start
01-01 12:32:05.175011   554   659 D RILMUXD : [gsm0710muxd] 3614:poll_thread(): poll_thread select found
01-01 12:32:05.175272   554   659 D RILMUXD : [gsm0710muxd] 1045:pseudo_device_read(): Enter, LackofAtciChannel=0
01-01 12:32:05.175349   554   659 D RILMUXD : [gsm0710muxd] 657:write_frame(): Sending frame to channel 3
01-01 12:32:05.175474   554   659 D RILMUXD : [gsm0710muxd] 766:write_frame(): Write a frame on channel 3 with length 9
01-01 12:32:05.178443   554   655 D RILMUXD : [gsm0710muxd] 2403:extract_frames(): write() returned. Written 6/6 bytes of frame to /dev/pts/3
01-01 12:32:05.178533   554   655 D RILMUXD : [gsm0710muxd] 2408:extract_frames(): fsync() failed (-1, 22 - Invalid argument)
01-01 12:32:05.178611   554   655 D RILMUXD : [gsm0710muxd] 1643:gsm0710_base_buffer_get_frame(): Get a complete frame. ch:3, ctrl:239, len:38
01-01 12:32:05.178675   554   655 D RILMUXD : [gsm0710muxd] 2383:extract_frames(): Writing 38 byte frame received on channel 3 to /dev/pts/3
01-01 12:32:05.178871   669   693 I AT      : AT read end: 38
01-01 12:32:05.178933   669   693 D AT      : AT< +CREG: 3,0,"A80E","00CC279D",2,0,0
01-01 12:32:05.178988   669   693 D AT      : RIL_CMD_READER_1 Enter processLine:+CREG: 3,0,"A80E","00CC279D",2,0,0
01-01 12:32:05.179050   669   693 I AT      : AT read start
01-01 12:32:05.180175   669   688 D RILC    : SOCKET RIL_SOCKET_1 REQUEST: QUERY_NETWORK_SELECTION_MODE length:8
01-01 12:32:05.180255   669   688 I RILC-MTK: create request 45: pRequest=0x7f82df2e00, pRI=0x7f8318c150, p=0x7f83196e00, pUCI=0x0
01-01 12:32:05.180315   669   688 D RILC-MTK: QUERY_NETWORK_SELECTION_MODE pRI=0x7f8318c150 p=0x7f83196e00 dispatched to RIL_CMD_PROXY_3
01-01 12:32:05.180603   669   683 I RILC-MTK: RIL_CMD2_PROXY_3 wakeup
01-01 12:32:05.180660   669   683 I RILC-MTK: RIL_CMD2_PROXY_3 sleep
01-01 12:32:05.180732   669   686 I RILC-MTK: RIL_CMD2_PROXY_4 wakeup
01-01 12:32:05.180786   669   686 I RILC-MTK: RIL_CMD2_PROXY_4 sleep
01-01 12:32:05.180858   669   679 I RILC-MTK: RIL_CMD_PROXY_1 wakeup
01-01 12:32:05.180910   669   679 I RILC-MTK: RIL_CMD_PROXY_1 sleep
01-01 12:32:05.180981   669   680 I RILC-MTK: RIL_CMD_PROXY_4 wakeup
