01-01 12:30:40.636617   554   655 D RILMUXD : [gsm0710muxd] 2408:extract_frames(): fsync() failed (-1, 22 - Invalid argument)
01-01 12:30:40.636688   554   655 D RILMUXD : [gsm0710muxd] 1643:gsm0710_base_buffer_get_frame(): Get a complete frame. ch:5, ctrl:239, len:6
01-01 12:30:40.636754   554   655 D RILMUXD : [gsm0710muxd] 2383:extract_frames(): Writing 6 byte frame received on channel 5 to /dev/pts/5
01-01 12:30:40.636833   554   655 D RILMUXD : [gsm0710muxd] 2403:extract_frames(): write() returned. Written 6/6 bytes of frame to /dev/pts/5
01-01 12:30:40.636897   554   655 D RILMUXD : [gsm0710muxd] 2408:extract_frames(): fsync() failed (-1, 22 - Invalid argument)
01-01 12:30:40.637055   669   695 I AT      : AT read end: 50
01-01 12:30:40.637117   669   695 D AT      : AT< +ETHERMAL: 2, 32767, -127, -1, 32767, 18
01-01 12:30:40.637177   669   695 D AT      : RIL_CMD_READER_3 Enter processLine:+ETHERMAL: 2, 32767, -127, -1, 32767, 18
01-01 12:30:40.637242   669   695 D AT      : AT< OK
01-01 12:30:40.637302   669   695 D AT      : RIL_CMD_READER_3 Enter processLine:OK
01-01 12:30:40.637382   669   695 I AT      : AT read start
01-01 12:30:40.637483   669   679 D AT      : response received on RIL_CMD_READER_3, tid:547650565184
01-01 12:30:40.637544   669   679 D RIL     : requestQueryThermal success
01-01 12:30:40.637605   669   679 D RILC    : RequestComplete, RIL_SOCKET_1
01-01 12:30:40.637664   669   679 D RILC    : [THERMAL] local request for THERMAL returned 
01-01 12:30:40.637729   669   679 D RILC    : [THERMAL] s_THERMAL_fd is valid strResult is  2, 32767, -127, -1, 32767, 18
01-01 12:30:40.637840   669   679 D RILC-MTK: proxyLoop free  pRI=0x7f8318c0f0 p=0x7f831970a0 
01-01 12:30:40.637911   669   679 D RILC-MTK: proxyLoop free  pRequest=0x7f82df2ec0
01-01 12:30:40.637970   669   679 I RILC-MTK: RIL_CMD_PROXY_1 sleep
01-01 12:30:40.847705   554   554 D RILMUXD : [gsm0710muxd] 3897:main(): Frames received/dropped: 1656/0
01-01 12:30:41.998065   554   655 D RILMUXD : [gsm0710muxd] 1643:gsm0710_base_buffer_get_frame(): Get a complete frame. ch:2, ctrl:239, len:39
01-01 12:30:41.999331   554   655 D RILMUXD : [gsm0710muxd] 2383:extract_frames(): Writing 39 byte frame received on channel 2 to /dev/pts/2
01-01 12:30:41.999744   554   655 D RILMUXD : [gsm0710muxd] 2403:extract_frames(): write() returned. Written 39/39 bytes of frame to /dev/pts/2
01-01 12:30:42.000052   554   655 D RILMUXD : [gsm0710muxd] 2408:extract_frames(): fsync() failed (-1, 22 - Invalid argument)
01-01 12:30:42.002759   669   692 I AT      : AT read end: 39
01-01 12:30:42.003119   669   692 D AT      : AT< +ECSQ: 35,14,1,-344,-69,1,1,2,32767
01-01 12:30:42.003403   669   692 D AT      : RIL_URC_READER Enter processLine:+ECSQ: 35,14,1,-344,-69,1,1,2,32767
01-01 12:30:42.003687   669   692 D RIL     : Nw URC:+ECSQ: 35,14,1,-344,-69,1,1,2,32767
01-01 12:30:42.004028   669   692 D RIL     : convert3GRssiValue baseband=503 ,isFdd3G=1,isTdd3G=0 ,RSCP_in_qdbm=-344 ,EcN0_in_qdbm=-69
01-01 12:30:42.004350   669   692 D RILC    : callForRilVersion new vendor RIL, version: 10
01-01 12:30:42.004641   669   692 I RILC    : RIL_SOCKET_1 UNSOLICITED: UNSOL_SIGNAL_STRENGTH length:72
01-01 12:30:42.004904   669   692 E RILC    : Send Response to RIL_SOCKET_1
01-01 12:30:42.012274  1697  1697 D GsmSST  : [GsmSST0] handle EVENT_SIGNAL_STRENGTH_UPDATE
01-01 12:30:42.013149  1697  1697 D GsmSST  : [GsmSST0] onSignalStrengthResult():  LastSignalStrength=SignalStrength: 11 17 -120 -160 -2 0 -1 99 2147483647 -2147483647 2147483647 2147483647 2147483647 gsm|lte 1 -344 -63
01-01 12:30:42.013774  1697  1697 D GsmSST  : [GsmSST0] onSignalStrengthResult():new mSignalStrength=SignalStrength: 11 14 -120 -160 -2 0 -1 99 2147483647 -2147483647 2147483647 2147483647 2147483647 gsm|lte 1 -344 -69
01-01 12:30:42.014389  1697  1697 W SignalStrength: SignalStrength get plugin
01-01 12:30:42.014846  1697  1697 I use-Rlog/RLOG-GSM: getLTELevel - rsrp:2147483647 snr:2147483647 rsrpIconLevel:-1 snrIconLevel:-1
01-01 12:30:42.018014   669   692 I AT      : AT read start
01-01 12:30:42.019062  1697  1697 I use-Rlog/RLOG-GSM: getLTELevel - rssi:99 rssiIconLevel:0
01-01 12:30:42.019488  1697  1697 W SignalStrength: SignalStrength get plugin
01-01 12:30:42.019890  1697  1697 D use-Rlog/RLOG-GSM: mapGsmSignalDbm() gsmRscpQdbm=-344 asu=11
01-01 12:30:42.020222  1697  1697 W SignalStrength: SignalStrength get plugin
01-01 12:30:42.020608  1697  1697 D GsmSST  : [GsmSST0] notifySignalStrength: mSignalStrength.getLevel=4
01-01 12:30:42.021056  1697  1697 D SubscriptionController: [getSubId]- sSlotIdxToSubId.size == 0, return DummySubIds slotIdx=0
01-01 12:30:42.021440  1697  1697 D SubscriptionController: getDummySubIds: slotIdx=0 return 2 DummySubIds with each subId=-2
01-01 12:30:42.022136  1697  1697 D DefaultPhoneNotifier: notifySignalStrength: mRegistry=com.android.internal.telephony.ITelephonyRegistry$Stub$Proxy@48ef055 ss=SignalStrength: 11 14 -120 -160 -2 0 -1 99 2147483647 -2147483647 2147483647 2147483647 2147483647 gsm|lte 1 -344 -69 sender=Handler (com.android.internal.telephony.gsm.GSMPhone) {f2060a4}
01-01 12:30:42.027339   915  1989 D TelephonyRegistry: notifySignalStrengthForSubscriber: subId=-2 signalStrength=SignalStrength: 11 14 -120 -160 -2 0 -1 99 2147483647 -2147483647 2147483647 2147483647 2147483647 gsm|lte 1 -344 -69
01-01 12:30:42.027535   915  1989 D TelephonyRegistry: notifySignalStrengthForSubscriber: logSSC.length=5 next=1
01-01 12:30:42.029253   915  1989 D TelephonyRegistry: notifyServiceStateForSubscriber Time 20160101T122806America/New_York(5,0,-18000,0,1451669286) mSubId -2 mPhoneId 0  mState 1 1 voice home data home null null null null null null  Unknown Unknown CSS not supported -1 -1 RoamInd=-1 DefRoamInd=-1 EmergOnly=true Ril Voice Regist state: 10 Ril Data Regist state: 0 mProprietaryDataRadioTechnology: 0 VoiceRejectCause: -1 DataRejectCause: -1 mCdmaNetWorkMode: 0 IsDataRoamingFromRegistration=false
01-01 12:30:42.030834   915  1989 D TelephonyRegistry: notifyServiceStateForSubscriber Time 20160101T122813America/New_York(5,0,-18000,0,1451669293) mSubId -2 mPhoneId 0  mState 1 1 voice home data home null null null null null null  Unknown Unknown CSS not supported 0 0 RoamInd=-1 DefRoamInd=-1 EmergOnly=true Ril Voice Regist state: 10 Ril Data Regist state: 0 mProprietaryDataRadioTechnology: 0 VoiceRejectCause: -1 DataRejectCause: -1 mCdmaNetWorkMode: 0 IsDataRoamingFromRegistration=false
01-01 12:30:42.032387   915  1989 D TelephonyRegistry: notifyServiceStateForSubscriber Time 20160101T122834America/New_York(5,0,-18000,0,1451669314) mSubId -2 mPhoneId 0  mState 1 1 voice home data home null null null null null null  Unknown Unknown CSS not supported -1 -1 RoamInd=-1 DefRoamInd=-1 EmergOnly=true Ril Voice Regist state: 10 Ril Data Regist state: 0 mProprietaryDataRadioTechnology: 0 VoiceRejectCause: -1 DataRejectCause: -1 mCdmaNetWorkMode: 0 IsDataRoamingFromRegistration=false
01-01 12:30:42.033946   915  1989 D TelephonyRegistry: notifyServiceStateForSubscriber Time 20160101T122840America/New_York(5,0,-18000,0,1451669320) mSubId -2 mPhoneId 0  mState 1 1 voice home data home null null null null null null  Unknown Unknown CSS not supported 0 0 RoamInd=-1 DefRoamInd=-1 EmergOnly=true Ril Voice Regist state: 10 Ril Data Regist state: 0 mProprietaryDataRadioTechnology: 0 VoiceRejectCause: -1 DataRejectCause: -1 mCdmaNetWorkMode: 0 IsDataRoamingFromRegistration=false
01-01 12:30:42.036513   915  1989 D TelephonyRegistry: notifyServiceStateForSubscriber Time 20160101T123023America/New_York(5,0,-18000,0,1451669423) mSubId -2 mPhoneId 0  mState 1 1 voice home data home null null null null null null  Unknown Unknown CSS not supported -1 -1 RoamInd=-1 DefRoamInd=-1 EmergOnly=true Ril Voice Regist state: 10 Ril Data Regist state: 0 mProprietaryDataRadioTechnology: 0 VoiceRejectCause: -1 DataRejectCause: -1 mCdmaNetWorkMode: 0 IsDataRoamingFromRegistration=false
01-01 12:30:42.036674   915  1989 D TelephonyRegistry: notifySignalStrengthForSubscriber: ----------------
01-01 12:30:42.036979   915  1989 D SubscriptionManager: [getPhoneId]- return dummy value, subId = -2
01-01 12:30:42.037117   915  1989 D TelephonyRegistry: validatePhoneId: true
01-01 12:30:42.037228   915  1989 D TelephonyRegistry: notifySignalStrengthForSubscriber: valid phoneId=0
01-01 12:30:42.039049  1697  1697 D SubscriptionController: [getPhoneId] asked for default subId=-1
01-01 12:30:42.039377  1697  1697 D SubscriptionController: [getPhoneId]- invalid subId = -1 return = -1
01-01 12:30:42.040172   915  1989 D SubscriptionManager: [getPhoneId]- return dummy value, subId = -2
01-01 12:30:42.040318   915  1989 D TelephonyRegistry: idMatch: rlt=false
01-01 12:30:42.041828  1697  1697 D SubscriptionController: [getPhoneId] asked for default subId=-1
01-01 12:30:42.042098  1697  1697 D SubscriptionController: [getPhoneId]- invalid subId = -1 return = -1
01-01 12:30:42.042876   915  1989 D SubscriptionManager: [getPhoneId]- return dummy value, subId = -2
01-01 12:30:42.043016   915  1989 D TelephonyRegistry: idMatch: rlt=false
01-01 12:30:42.043204   915  1989 D TelephonyRegistry: handleRemoveListLocked: mRemoveList.size()=0
01-01 12:30:42.043509   915  1989 W SignalStrength: SignalStrength get plugin
01-01 12:30:42.043794   915  1989 I use-Rlog/RLOG-GSM: getLTELevel - rsrp:2147483647 snr:2147483647 rsrpIconLevel:-1 snrIconLevel:-1
01-01 12:30:42.043920   915  1989 I use-Rlog/RLOG-GSM: getLTELevel - rssi:99 rssiIconLevel:0
01-01 12:30:42.044043   915  1989 W SignalStrength: SignalStrength get plugin
01-01 12:30:42.044178   915  1989 D use-Rlog/RLOG-GSM: mapGsmSignalDbm() gsmRscpQdbm=-344 asu=11
01-01 12:30:42.044253   915  1989 W SignalStrength: SignalStrength get plugin
01-01 12:30:42.044839   915  1989 D SubscriptionManager: [getPhoneId]- return dummy value, subId = -2
01-01 12:30:42.046798  1697  1697 D SubscriptionController: [getSubId]- sSlotIdxToSubId.size == 0, return DummySubIds slotIdx=0
01-01 12:30:42.046946  1697  1697 D SubscriptionController: getDummySubIds: slotIdx=0 return 2 DummySubIds with each subId=-2
01-01 12:30:42.048743  1697  1697 D GsmSST  : [GsmSST0] handleMessage msg done
01-01 12:30:45.848436   554   554 D RILMUXD : [gsm0710muxd] 3897:main(): Frames received/dropped: 1657/0
01-01 12:30:46.113369  1697  1697 D FdManager: [GDCT][phoneId0]onReceive: action=android.intent.action.BATTERY_CHANGED
01-01 12:30:46.114879  1697  1697 D FdManager: [GDCT][phoneId1]onReceive: action=android.intent.action.BATTERY_CHANGED
01-01 12:30:47.110130   554   655 D RILMUXD : [gsm0710muxd] 1643:gsm0710_base_buffer_get_frame(): Get a complete frame. ch:2, ctrl:239, len:39
01-01 12:30:47.110557   554   655 D RILMUXD : [gsm0710muxd] 2383:extract_frames(): Writing 39 byte frame received on channel 2 to /dev/pts/2
01-01 12:30:47.111040   554   655 D RILMUXD : [gsm0710muxd] 2403:extract_frames(): write() returned. Written 39/39 bytes of frame to /dev/pts/2
01-01 12:30:47.111354   554   655 D RILMUXD : [gsm0710muxd] 2408:extract_frames(): fsync() failed (-1, 22 - Invalid argument)
01-01 12:30:47.113638   669   692 I AT      : AT read end: 39
01-01 12:30:47.114007   669   692 D AT      : AT< +ECSQ: 34,14,1,-345,-70,1,1,2,32767
01-01 12:30:47.114354   669   692 D AT      : RIL_URC_READER Enter processLine:+ECSQ: 34,14,1,-345,-70,1,1,2,32767
01-01 12:30:47.114643   669   692 D RIL     : Nw URC:+ECSQ: 34,14,1,-345,-70,1,1,2,32767
01-01 12:30:47.114987   669   692 D RIL     : convert3GRssiValue baseband=503 ,isFdd3G=1,isTdd3G=0 ,RSCP_in_qdbm=-345 ,EcN0_in_qdbm=-70
01-01 12:30:47.115731   669   692 D RILC    : callForRilVersion new vendor RIL, version: 10
01-01 12:30:47.116023   669   692 I RILC    : RIL_SOCKET_1 UNSOLICITED: UNSOL_SIGNAL_STRENGTH length:72
01-01 12:30:47.116284   669   692 E RILC    : Send Response to RIL_SOCKET_1
01-01 12:30:47.120720  1697  1697 D GsmSST  : [GsmSST0] handle EVENT_SIGNAL_STRENGTH_UPDATE
01-01 12:30:47.121586  1697  1697 D GsmSST  : [GsmSST0] onSignalStrengthResult():  LastSignalStrength=SignalStrength: 11 14 -120 -160 -2 0 -1 99 2147483647 -2147483647 2147483647 2147483647 2147483647 gsm|lte 1 -344 -69
01-01 12:30:47.122177  1697  1697 D GsmSST  : [GsmSST0] onSignalStrengthResult():new mSignalStrength=SignalStrength: 11 14 -120 -160 -2 0 -1 99 2147483647 -2147483647 2147483647 2147483647 2147483647 gsm|lte 1 -348 -70
01-01 12:30:47.122803  1697  1697 W SignalStrength: SignalStrength get plugin
01-01 12:30:47.126358   669   692 I AT      : AT read start
01-01 12:30:47.126623  1697  1697 I use-Rlog/RLOG-GSM: getLTELevel - rsrp:2147483647 snr:2147483647 rsrpIconLevel:-1 snrIconLevel:-1
01-01 12:30:47.126743  1697  1697 I use-Rlog/RLOG-GSM: getLTELevel - rssi:99 rssiIconLevel:0
01-01 12:30:47.126851  1697  1697 W SignalStrength: SignalStrength get plugin
01-01 12:30:47.126952  1697  1697 D use-Rlog/RLOG-GSM: mapGsmSignalDbm() gsmRscpQdbm=-348 asu=11
01-01 12:30:47.127030  1697  1697 W SignalStrength: SignalStrength get plugin
01-01 12:30:47.127126  1697  1697 D GsmSST  : [GsmSST0] notifySignalStrength: mSignalStrength.getLevel=4
01-01 12:30:47.127254  1697  1697 D SubscriptionController: [getSubId]- sSlotIdxToSubId.size == 0, return DummySubIds slotIdx=0
01-01 12:30:47.127354  1697  1697 D SubscriptionController: getDummySubIds: slotIdx=0 return 2 DummySubIds with each subId=-2
01-01 12:30:47.127539  1697  1697 D DefaultPhoneNotifier: notifySignalStrength: mRegistry=com.android.internal.telephony.ITelephonyRegistry$Stub$Proxy@48ef055 ss=SignalStrength: 11 14 -120 -160 -2 0 -1 99 2147483647 -2147483647 2147483647 2147483647 2147483647 gsm|lte 1 -348 -70 sender=Handler (com.android.internal.telephony.gsm.GSMPhone) {f2060a4}
01-01 12:30:47.129299   915  1489 D TelephonyRegistry: notifySignalStrengthForSubscriber: subId=-2 signalStrength=SignalStrength: 11 14 -120 -160 -2 0 -1 99 2147483647 -2147483647 2147483647 2147483647 2147483647 gsm|lte 1 -348 -70
01-01 12:30:47.129538   915  1489 D TelephonyRegistry: notifySignalStrengthForSubscriber: logSSC.length=5 next=1
01-01 12:30:47.131250   915  1489 D TelephonyRegistry: notifyServiceStateForSubscriber Time 20160101T122806America/New_York(5,0,-18000,0,1451669286) mSubId -2 mPhoneId 0  mState 1 1 voice home data home null null null null null null  Unknown Unknown CSS not supported -1 -1 RoamInd=-1 DefRoamInd=-1 EmergOnly=true Ril Voice Regist state: 10 Ril Data Regist state: 0 mProprietaryDataRadioTechnology: 0 VoiceRejectCause: -1 DataRejectCause: -1 mCdmaNetWorkMode: 0 IsDataRoamingFromRegistration=false
01-01 12:30:47.132865   915  1489 D TelephonyRegistry: notifyServiceStateForSubscriber Time 20160101T122813America/New_York(5,0,-18000,0,1451669293) mSubId -2 mPhoneId 0  mState 1 1 voice home data home null null null null null null  Unknown Unknown CSS not supported 0 0 RoamInd=-1 DefRoamInd=-1 EmergOnly=true Ril Voice Regist state: 10 Ril Data Regist state: 0 mProprietaryDataRadioTechnology: 0 VoiceRejectCause: -1 DataRejectCause: -1 mCdmaNetWorkMode: 0 IsDataRoamingFromRegistration=false
01-01 12:30:47.134425   915  1489 D TelephonyRegistry: notifyServiceStateForSubscriber Time 20160101T122834America/New_York(5,0,-18000,0,1451669314) mSubId -2 mPhoneId 0  mState 1 1 voice home data home null null null null null null  Unknown Unknown CSS not supported -1 -1 RoamInd=-1 DefRoamInd=-1 EmergOnly=true Ril Voice Regist state: 10 Ril Data Regist state: 0 mProprietaryDataRadioTechnology: 0 VoiceRejectCause: -1 DataRejectCause: -1 mCdmaNetWorkMode: 0 IsDataRoamingFromRegistration=false
01-01 12:30:47.142846   915  1489 D TelephonyRegistry: notifyServiceStateForSubscriber Time 20160101T122840America/New_York(5,0,-18000,0,1451669320) mSubId -2 mPhoneId 0  mState 1 1 voice home data home null null null null null null  Unknown Unknown CSS not supported 0 0 RoamInd=-1 DefRoamInd=-1 EmergOnly=true Ril Voice Regist state: 10 Ril Data Regist state: 0 mProprietaryDataRadioTechnology: 0 VoiceRejectCause: -1 DataRejectCause: -1 mCdmaNetWorkMode: 0 IsDataRoamingFromRegistration=false
01-01 12:30:47.144571   915  1489 D TelephonyRegistry: notifyServiceStateForSubscriber Time 20160101T123023America/New_York(5,0,-18000,0,1451669423) mSubId -2 mPhoneId 0  mState 1 1 voice home data home null null null null null null  Unknown Unknown CSS not supported -1 -1 RoamInd=-1 DefRoamInd=-1 EmergOnly=true Ril Voice Regist state: 10 Ril Data Regist state: 0 mProprietaryDataRadioTechnology: 0 VoiceRejectCause: -1 DataRejectCause: -1 mCdmaNetWorkMode: 0 IsDataRoamingFromRegistration=false
01-01 12:30:47.144689   915  1489 D TelephonyRegistry: notifySignalStrengthForSubscriber: ----------------
01-01 12:30:47.145639   915  1489 D SubscriptionManager: [getPhoneId]- return dummy value, subId = -2
01-01 12:30:47.145814   915  1489 D TelephonyRegistry: validatePhoneId: true
01-01 12:30:47.145926   915  1489 D TelephonyRegistry: notifySignalStrengthForSubscriber: valid phoneId=0
01-01 12:30:47.153481  1697  1697 D SubscriptionController: [getPhoneId] asked for default subId=-1
01-01 12:30:47.153795  1697  1697 D SubscriptionController: [getPhoneId]- invalid subId = -1 return = -1
01-01 12:30:47.154617   915  1489 D SubscriptionManager: [getPhoneId]- return dummy value, subId = -2
01-01 12:30:47.154760   915  1489 D TelephonyRegistry: idMatch: rlt=false
01-01 12:30:47.156438  1697  1697 D SubscriptionController: [getPhoneId] asked for default subId=-1
01-01 12:30:47.156711  1697  1697 D SubscriptionController: [getPhoneId]- invalid subId = -1 return = -1
01-01 12:30:47.157478   915  1489 D SubscriptionManager: [getPhoneId]- return dummy value, subId = -2
01-01 12:30:47.157622   915  1489 D TelephonyRegistry: idMatch: rlt=false
01-01 12:30:47.157803   915  1489 D TelephonyRegistry: handleRemoveListLocked: mRemoveList.size()=0
01-01 12:30:47.158111   915  1489 W SignalStrength: SignalStrength get plugin
01-01 12:30:47.158399   915  1489 I use-Rlog/RLOG-GSM: getLTELevel - rsrp:2147483647 snr:2147483647 rsrpIconLevel:-1 snrIconLevel:-1
01-01 12:30:47.158524   915  1489 I use-Rlog/RLOG-GSM: getLTELevel - rssi:99 rssiIconLevel:0
01-01 12:30:47.158612   915  1489 W SignalStrength: SignalStrength get plugin
01-01 12:30:47.158743   915  1489 D use-Rlog/RLOG-GSM: mapGsmSignalDbm() gsmRscpQdbm=-348 asu=11
01-01 12:30:47.158820   915  1489 W SignalStrength: SignalStrength get plugin
01-01 12:30:47.159380   915  1489 D SubscriptionManager: [getPhoneId]- return dummy value, subId = -2
01-01 12:30:47.161432  1697  1697 D SubscriptionController: [getSubId]- sSlotIdxToSubId.size == 0, return DummySubIds slotIdx=0
01-01 12:30:47.161584  1697  1697 D SubscriptionController: getDummySubIds: slotIdx=0 return 2 DummySubIds with each subId=-2
01-01 12:30:47.165854  1697  1697 D GsmSST  : [GsmSST0] handleMessage msg done
01-01 12:30:50.652734   669   688 I RILC    : NUMBER:1
01-01 12:30:50.653903   669   688 I RILC    : arg len:14
01-01 12:30:50.654983   669   688 I RILC    : ARGS[0]:THERMAL,0,-1
01-01 12:30:50.656229   669   688 D RILC    : C[locl]> QUERY_MODEM_THERMAL
01-01 12:30:50.656560   669   688 D RILC-MTK: QUERY_MODEM_THERMAL pRI=0x7f8318c150 p=0x7f83197180 dispatched to RIL_CMD_PROXY_1
01-01 12:30:50.659465   669   681 I RILC-MTK: RIL_ATCI_PROXY wakeup
01-01 12:30:50.659815   669   681 I RILC-MTK: RIL_ATCI_PROXY sleep
01-01 12:30:50.660254   669   685 I RILC-MTK: RIL_CMD2_PROXY_1 wakeup
01-01 12:30:50.660523   669   685 I RILC-MTK: RIL_CMD2_PROXY_1 sleep
01-01 12:30:50.660941   669   682 I RILC-MTK: RIL_URC2_PROXY wakeup
01-01 12:30:50.661207   669   682 I RILC-MTK: RIL_URC2_PROXY sleep
01-01 12:30:50.663786   669   678 I RILC-MTK: RIL_CMD_PROXY_2 wakeup
01-01 12:30:50.664065   669   678 I RILC-MTK: RIL_CMD_PROXY_2 sleep
01-01 12:30:50.664503   669   687 I RILC-MTK: RIL_ATCI2_PROXY wakeup
01-01 12:30:50.664770   669   687 I RILC-MTK: RIL_ATCI2_PROXY sleep
01-01 12:30:50.665468   669   684 I RILC-MTK: RIL_CMD2_PROXY_2 wakeup
01-01 12:30:50.665736   669   684 I RILC-MTK: RIL_CMD2_PROXY_2 sleep
01-01 12:30:50.666149   669   680 I RILC-MTK: RIL_CMD_PROXY_4 wakeup
01-01 12:30:50.666410   669   680 I RILC-MTK: RIL_CMD_PROXY_4 sleep
01-01 12:30:50.666849   669   676 I RILC-MTK: RIL_URC_PROXY wakeup
01-01 12:30:50.667109   669   676 I RILC-MTK: RIL_URC_PROXY sleep
01-01 12:30:50.667533   669   686 I RILC-MTK: RIL_CMD2_PROXY_4 wakeup
01-01 12:30:50.667802   669   686 I RILC-MTK: RIL_CMD2_PROXY_4 sleep
01-01 12:30:50.668220   669   677 I RILC-MTK: RIL_CMD_PROXY_3 wakeup
01-01 12:30:50.668486   669   677 I RILC-MTK: RIL_CMD_PROXY_3 sleep
01-01 12:30:50.668927   669   679 I RILC-MTK: RIL_CMD_PROXY_1 wakeup
01-01 12:30:50.669205   669   679 D RILC-MTK: proxy id:3, proxyName: RIL_CMD_PROXY_1
01-01 12:30:50.669490   669   679 D RILC-MTK: QUERY_MODEM_THERMAL pRI=0x7f8318c150 p=0x7f83197180 execute on RIL_CMD_PROXY_1 using channel 3
01-01 12:30:50.669768   669   679 D RILC    : callOnRequest for new vendor ril
01-01 12:30:50.670033   669   679 D RIL     : onRequest: QUERY_MODEM_THERMAL, datalen = 8
01-01 12:30:50.670289   669   679 D RIL     : radioState:10
01-01 12:30:50.670580   669   679 D RIL     : requestQueryThermal Enter,-1
01-01 12:30:50.670947   669   679 D AT      : getRILChannelCtx subsystem:1, rid:0 channelOffset:0
01-01 12:30:50.671228   669   679 D AT      : AT send on RIL_CMD_READER_3, tid:547650565184
01-01 12:30:50.671492   669   679 D AT      : AT> AT+ETHERMAL
01-01 12:30:50.671746   669   679 I AT      : AT write start
01-01 12:30:50.672379   669   683 I RILC-MTK: RIL_CMD2_PROXY_3 wakeup
01-01 12:30:50.672644   669   683 I RILC-MTK: RIL_CMD2_PROXY_3 sleep
01-01 12:30:50.676356   554   661 D RILMUXD : [gsm0710muxd] 3614:poll_thread(): poll_thread select found
01-01 12:30:50.676436   554   661 D RILMUXD : [gsm0710muxd] 1045:pseudo_device_read(): Enter, LackofAtciChannel=0
01-01 12:30:50.676520   554   661 D RILMUXD : [gsm0710muxd] 657:write_frame(): Sending frame to channel 5
01-01 12:30:50.676685   554   661 D RILMUXD : [gsm0710muxd] 766:write_frame(): Write a frame on channel 5 with length 12
01-01 12:30:50.684275   554   655 D RILMUXD : [gsm0710muxd] 1643:gsm0710_base_buffer_get_frame(): Get a complete frame. ch:5, ctrl:239, len:44
01-01 12:30:50.684563   554   655 D RILMUXD : [gsm0710muxd] 2383:extract_frames(): Writing 44 byte frame received on channel 5 to /dev/pts/5
01-01 12:30:50.684679   554   655 D RILMUXD : [gsm0710muxd] 2403:extract_frames(): write() returned. Written 44/44 bytes of frame to /dev/pts/5
01-01 12:30:50.684753   554   655 D RILMUXD : [gsm0710muxd] 2408:extract_frames(): fsync() failed (-1, 22 - Invalid argument)
01-01 12:30:50.684829   554   655 D RILMUXD : [gsm0710muxd] 1643:gsm0710_base_buffer_get_frame(): Get a complete frame. ch:5, ctrl:239, len:6
01-01 12:30:50.684905   554   655 D RILMUXD : [gsm0710muxd] 2383:extract_frames(): Writing 6 byte frame received on channel 5 to /dev/pts/5
01-01 12:30:50.684994   554   655 D RILMUXD : [gsm0710muxd] 2403:extract_frames(): write() returned. Written 6/6 bytes of frame to /dev/pts/5
01-01 12:30:50.685331   554   655 D RILMUXD : [gsm0710muxd] 2408:extract_frames(): fsync() failed (-1, 22 - Invalid argument)
01-01 12:30:50.685506   669   695 I AT      : AT read end: 50
01-01 12:30:50.685578   669   695 D AT      : AT< +ETHERMAL: 2, 32767, -127, -1, 32767, 18
01-01 12:30:50.685645   669   695 D AT      : RIL_CMD_READER_3 Enter processLine:+ETHERMAL: 2, 32767, -127, -1, 32767, 18
01-01 12:30:50.685713   669   695 D AT      : AT< OK
01-01 12:30:50.685775   669   695 D AT      : RIL_CMD_READER_3 Enter processLine:OK
01-01 12:30:50.685862   669   695 I AT      : AT read start
01-01 12:30:50.685972   669   679 D AT      : response received on RIL_CMD_READER_3, tid:547650565184
01-01 12:30:50.686041   669   679 D RIL     : requestQueryThermal success
01-01 12:30:50.686108   669   679 D RILC    : RequestComplete, RIL_SOCKET_1
01-01 12:30:50.686175   669   679 D RILC    : [THERMAL] local request for THERMAL returned 
01-01 12:30:50.686249   669   679 D RILC    : [THERMAL] s_THERMAL_fd is valid strResult is  2, 32767, -127, -1, 32767, 18
01-01 12:30:50.686370   669   679 D RILC-MTK: proxyLoop free  pRI=0x7f8318c150 p=0x7f83197180 
01-01 12:30:50.686443   669   679 D RILC-MTK: proxyLoop free  pRequest=0x7f82df2f00
01-01 12:30:50.686506   669   679 I RILC-MTK: RIL_CMD_PROXY_1 sleep
01-01 12:30:50.849048   554   554 D RILMUXD : [gsm0710muxd] 3897:main(): Frames received/dropped: 1660/0
01-01 12:30:52.231463   554   655 D RILMUXD : [gsm0710muxd] 1643:gsm0710_base_buffer_get_frame(): Get a complete frame. ch:2, ctrl:239, len:39
01-01 12:30:52.231886   554   655 D RILMUXD : [gsm0710muxd] 2383:extract_frames(): Writing 39 byte frame received on channel 2 to /dev/pts/2
01-01 12:30:52.232294   554   655 D RILMUXD : [gsm0710muxd] 2403:extract_frames(): write() returned. Written 39/39 bytes of frame to /dev/pts/2
01-01 12:30:52.232600   554   655 D RILMUXD : [gsm0710muxd] 2408:extract_frames(): fsync() failed (-1, 22 - Invalid argument)
01-01 12:30:52.236368   669   692 I AT      : AT read end: 39
01-01 12:30:52.236740   669   692 D AT      : AT< +ECSQ: 35,15,1,-342,-67,1,1,2,32767
01-01 12:30:52.237023   669   692 D AT      : RIL_URC_READER Enter processLine:+ECSQ: 35,15,1,-342,-67,1,1,2,32767
01-01 12:30:52.237312   669   692 D RIL     : Nw URC:+ECSQ: 35,15,1,-342,-67,1,1,2,32767
01-01 12:30:52.237653   669   692 D RIL     : convert3GRssiValue baseband=503 ,isFdd3G=1,isTdd3G=0 ,RSCP_in_qdbm=-342 ,EcN0_in_qdbm=-67
01-01 12:30:52.237977   669   692 D RILC    : callForRilVersion new vendor RIL, version: 10
01-01 12:30:52.238266   669   692 I RILC    : RIL_SOCKET_1 UNSOLICITED: UNSOL_SIGNAL_STRENGTH length:72
01-01 12:30:52.238527   669   692 E RILC    : Send Response to RIL_SOCKET_1
01-01 12:30:52.242799  1697  1697 D GsmSST  : [GsmSST0] handle EVENT_SIGNAL_STRENGTH_UPDATE
01-01 12:30:52.243675  1697  1697 D GsmSST  : [GsmSST0] onSignalStrengthResult():  LastSignalStrength=SignalStrength: 11 14 -120 -160 -2 0 -1 99 2147483647 -2147483647 2147483647 2147483647 2147483647 gsm|lte 1 -348 -70
01-01 12:30:52.244265  1697  1697 D GsmSST  : [GsmSST0] onSignalStrengthResult():new mSignalStrength=SignalStrength: 11 15 -120 -160 -2 0 -1 99 2147483647 -2147483647 2147483647 2147483647 2147483647 gsm|lte 1 -344 -67
01-01 12:30:52.244873  1697  1697 W SignalStrength: SignalStrength get plugin
01-01 12:30:52.246695  1697  1697 I use-Rlog/RLOG-GSM: getLTELevel - rsrp:2147483647 snr:2147483647 rsrpIconLevel:-1 snrIconLevel:-1
01-01 12:30:52.247776   669   692 I AT      : AT read start
01-01 12:30:52.249690  1697  1697 I use-Rlog/RLOG-GSM: getLTELevel - rssi:99 rssiIconLevel:0
01-01 12:30:52.250116  1697  1697 W SignalStrength: SignalStrength get plugin
01-01 12:30:52.250517  1697  1697 D use-Rlog/RLOG-GSM: mapGsmSignalDbm() gsmRscpQdbm=-344 asu=11
01-01 12:30:52.250846  1697  1697 W SignalStrength: SignalStrength get plugin
01-01 12:30:52.251230  1697  1697 D GsmSST  : [GsmSST0] notifySignalStrength: mSignalStrength.getLevel=4
01-01 12:30:52.251723  1697  1697 D SubscriptionController: [getSubId]- sSlotIdxToSubId.size == 0, return DummySubIds slotIdx=0
01-01 12:30:52.252105  1697  1697 D SubscriptionController: getDummySubIds: slotIdx=0 return 2 DummySubIds with each subId=-2
01-01 12:30:52.252800  1697  1697 D DefaultPhoneNotifier: notifySignalStrength: mRegistry=com.android.internal.telephony.ITelephonyRegistry$Stub$Proxy@48ef055 ss=SignalStrength: 11 15 -120 -160 -2 0 -1 99 2147483647 -2147483647 2147483647 2147483647 2147483647 gsm|lte 1 -344 -67 sender=Handler (com.android.internal.telephony.gsm.GSMPhone) {f2060a4}
01-01 12:30:52.257499   915  1418 D TelephonyRegistry: notifySignalStrengthForSubscriber: subId=-2 signalStrength=SignalStrength: 11 15 -120 -160 -2 0 -1 99 2147483647 -2147483647 2147483647 2147483647 2147483647 gsm|lte 1 -344 -67
01-01 12:30:52.257698   915  1418 D TelephonyRegistry: notifySignalStrengthForSubscriber: logSSC.length=5 next=1
01-01 12:30:52.259404   915  1418 D TelephonyRegistry: notifyServiceStateForSubscriber Time 20160101T122806America/New_York(5,0,-18000,0,1451669286) mSubId -2 mPhoneId 0  mState 1 1 voice home data home null null null null null null  Unknown Unknown CSS not supported -1 -1 RoamInd=-1 DefRoamInd=-1 EmergOnly=true Ril Voice Regist state: 10 Ril Data Regist state: 0 mProprietaryDataRadioTechnology: 0 VoiceRejectCause: -1 DataRejectCause: -1 mCdmaNetWorkMode: 0 IsDataRoamingFromRegistration=false
01-01 12:30:52.260985   915  1418 D TelephonyRegistry: notifyServiceStateForSubscriber Time 20160101T122813America/New_York(5,0,-18000,0,1451669293) mSubId -2 mPhoneId 0  mState 1 1 voice home data home null null null null null null  Unknown Unknown CSS not supported 0 0 RoamInd=-1 DefRoamInd=-1 EmergOnly=true Ril Voice Regist state: 10 Ril Data Regist state: 0 mProprietaryDataRadioTechnology: 0 VoiceRejectCause: -1 DataRejectCause: -1 mCdmaNetWorkMode: 0 IsDataRoamingFromRegistration=false
01-01 12:30:52.262539   915  1418 D TelephonyRegistry: notifyServiceStateForSubscriber Time 20160101T122834America/New_York(5,0,-18000,0,1451669314) mSubId -2 mPhoneId 0  mState 1 1 voice home data home null null null null null null  Unknown Unknown CSS not supported -1 -1 RoamInd=-1 DefRoamInd=-1 EmergOnly=true Ril Voice Regist state: 10 Ril Data Regist state: 0 mProprietaryDataRadioTechnology: 0 VoiceRejectCause: -1 DataRejectCause: -1 mCdmaNetWorkMode: 0 IsDataRoamingFromRegistration=false
01-01 12:30:52.264096   915  1418 D TelephonyRegistry: notifyServiceStateForSubscriber Time 20160101T122840America/New_York(5,0,-18000,0,1451669320) mSubId -2 mPhoneId 0  mState 1 1 voice home data home null null null null null null  Unknown Unknown CSS not supported 0 0 RoamInd=-1 DefRoamInd=-1 EmergOnly=true Ril Voice Regist state: 10 Ril Data Regist state: 0 mProprietaryDataRadioTechnology: 0 VoiceRejectCause: -1 DataRejectCause: -1 mCdmaNetWorkMode: 0 IsDataRoamingFromRegistration=false
01-01 12:30:52.266849   915  1418 D TelephonyRegistry: notifyServiceStateForSubscriber Time 20160101T123023America/New_York(5,0,-18000,0,1451669423) mSubId -2 mPhoneId 0  mState 1 1 voice home data home null null null null null null  Unknown Unknown CSS not supported -1 -1 RoamInd=-1 DefRoamInd=-1 EmergOnly=true Ril Voice Regist state: 10 Ril Data Regist state: 0 mProprietaryDataRadioTechnology: 0 VoiceRejectCause: -1 DataRejectCause: -1 mCdmaNetWorkMode: 0 IsDataRoamingFromRegistration=false
01-01 12:30:52.267014   915  1418 D TelephonyRegistry: notifySignalStrengthForSubscriber: ----------------
01-01 12:30:52.267198   915  1418 D SubscriptionManager: [getPhoneId]- return dummy value, subId = -2
01-01 12:30:52.267328   915  1418 D TelephonyRegistry: validatePhoneId: true
01-01 12:30:52.267434   915  1418 D TelephonyRegistry: notifySignalStrengthForSubscriber: valid phoneId=0
01-01 12:30:52.269148  1697  1697 D SubscriptionController: [getPhoneId] asked for default subId=-1
01-01 12:30:52.269471  1697  1697 D SubscriptionController: [getPhoneId]- invalid subId = -1 return = -1
01-01 12:30:52.270245   915  1418 D SubscriptionManager: [getPhoneId]- return dummy value, subId = -2
01-01 12:30:52.270386   915  1418 D TelephonyRegistry: idMatch: rlt=false
01-01 12:30:52.271889  1697  1697 D SubscriptionController: [getPhoneId] asked for default subId=-1
01-01 12:30:52.272168  1697  1697 D SubscriptionController: [getPhoneId]- invalid subId = -1 return = -1
01-01 12:30:52.272930   915  1418 D SubscriptionManager: [getPhoneId]- return dummy value, subId = -2
01-01 12:30:52.273071   915  1418 D TelephonyRegistry: idMatch: rlt=false
01-01 12:30:52.273254   915  1418 D TelephonyRegistry: handleRemoveListLocked: mRemoveList.size()=0
01-01 12:30:52.273442   915  1418 W SignalStrength: SignalStrength get plugin
01-01 12:30:52.273647   915  1418 I use-Rlog/RLOG-GSM: getLTELevel - rsrp:2147483647 snr:2147483647 rsrpIconLevel:-1 snrIconLevel:-1
01-01 12:30:52.273768   915  1418 I use-Rlog/RLOG-GSM: getLTELevel - rssi:99 rssiIconLevel:0
01-01 12:30:52.273855   915  1418 W SignalStrength: SignalStrength get plugin
01-01 12:30:52.273986   915  1418 D use-Rlog/RLOG-GSM: mapGsmSignalDbm() gsmRscpQdbm=-344 asu=11
01-01 12:30:52.274062   915  1418 W SignalStrength: SignalStrength get plugin
01-01 12:30:52.274640   915  1418 D SubscriptionManager: [getPhoneId]- return dummy value, subId = -2
01-01 12:30:52.276626  1697  1697 D SubscriptionController: [getSubId]- sSlotIdxToSubId.size == 0, return DummySubIds slotIdx=0
01-01 12:30:52.276775  1697  1697 D SubscriptionController: getDummySubIds: slotIdx=0 return 2 DummySubIds with each subId=-2
01-01 12:30:52.278597  1697  1697 D GsmSST  : [GsmSST0] handleMessage msg done
01-01 12:30:55.849820   554   554 D RILMUXD : [gsm0710muxd] 3897:main(): Frames received/dropped: 1661/0
01-01 12:30:57.352158   554   655 D RILMUXD : [gsm0710muxd] 1643:gsm0710_base_buffer_get_frame(): Get a complete frame. ch:2, ctrl:239, len:39
01-01 12:30:57.352597   554   655 D RILMUXD : [gsm0710muxd] 2383:extract_frames(): Writing 39 byte frame received on channel 2 to /dev/pts/2
01-01 12:30:57.353078   554   655 D RILMUXD : [gsm0710muxd] 2403:extract_frames(): write() returned. Written 39/39 bytes of frame to /dev/pts/2
01-01 12:30:57.353392   554   655 D RILMUXD : [gsm0710muxd] 2408:extract_frames(): fsync() failed (-1, 22 - Invalid argument)
01-01 12:30:57.359991   669   692 I AT      : AT read end: 39
01-01 12:30:57.360385   669   692 D AT      : AT< +ECSQ: 35,15,1,-341,-67,1,1,2,32767
01-01 12:30:57.360670   669   692 D AT      : RIL_URC_READER Enter processLine:+ECSQ: 35,15,1,-341,-67,1,1,2,32767
01-01 12:30:57.360955   669   692 D RIL     : Nw URC:+ECSQ: 35,15,1,-341,-67,1,1,2,32767
01-01 12:30:57.361301   669   692 D RIL     : convert3GRssiValue baseband=503 ,isFdd3G=1,isTdd3G=0 ,RSCP_in_qdbm=-341 ,EcN0_in_qdbm=-67
01-01 12:30:57.361624   669   692 D RILC    : callForRilVersion new vendor RIL, version: 10
01-01 12:30:57.362300   669   692 I RILC    : RIL_SOCKET_1 UNSOLICITED: UNSOL_SIGNAL_STRENGTH length:72
01-01 12:30:57.362570   669   692 E RILC    : Send Response to RIL_SOCKET_1
01-01 12:30:57.364976  1697  1697 D GsmSST  : [GsmSST0] handle EVENT_SIGNAL_STRENGTH_UPDATE
01-01 12:30:57.366713  1697  1697 D GsmSST  : [GsmSST0] onSignalStrengthResult():  LastSignalStrength=SignalStrength: 11 15 -120 -160 -2 0 -1 99 2147483647 -2147483647 2147483647 2147483647 2147483647 gsm|lte 1 -344 -67
01-01 12:30:57.367296  1697  1697 D GsmSST  : [GsmSST0] onSignalStrengthResult():new mSignalStrength=SignalStrength: 11 15 -120 -160 -2 0 -1 99 2147483647 -2147483647 2147483647 2147483647 2147483647 gsm|lte 1 -344 -67
01-01 12:30:57.367680  1697  1697 D GsmSST  : [GsmSST0] handleMessage msg done
01-01 12:30:57.371037   669   692 I AT      : AT read start
01-01 12:31:00.695961   669   688 I RILC    : NUMBER:1
01-01 12:31:00.696058   669   688 I RILC    : arg len:14
01-01 12:31:00.696165   669   688 I RILC    : ARGS[0]:THERMAL,0,-1
01-01 12:31:00.696337   669   688 D RILC    : C[locl]> QUERY_MODEM_THERMAL
01-01 12:31:00.696424   669   688 D RILC-MTK: QUERY_MODEM_THERMAL pRI=0x7f8318c270 p=0x7f831971f0 dispatched to RIL_CMD_PROXY_1
01-01 12:31:00.696652   669   681 I RILC-MTK: RIL_ATCI_PROXY wakeup
01-01 12:31:00.696701   669   685 I RILC-MTK: RIL_CMD2_PROXY_1 wakeup
01-01 12:31:00.696724   669   681 I RILC-MTK: RIL_ATCI_PROXY sleep
01-01 12:31:00.696812   669   682 I RILC-MTK: RIL_URC2_PROXY wakeup
01-01 12:31:00.696835   669   678 I RILC-MTK: RIL_CMD_PROXY_2 wakeup
01-01 12:31:00.696865   669   685 I RILC-MTK: RIL_CMD2_PROXY_1 sleep
01-01 12:31:00.696925   669   684 I RILC-MTK: RIL_CMD2_PROXY_2 wakeup
01-01 12:31:00.697003   669   684 I RILC-MTK: RIL_CMD2_PROXY_2 sleep
01-01 12:31:00.697075   669   686 I RILC-MTK: RIL_CMD2_PROXY_4 wakeup
01-01 12:31:00.697183   669   686 I RILC-MTK: RIL_CMD2_PROXY_4 sleep
01-01 12:31:00.697255   669   676 I RILC-MTK: RIL_URC_PROXY wakeup
01-01 12:31:00.697356   669   676 I RILC-MTK: RIL_URC_PROXY sleep
01-01 12:31:00.697431   669   679 I RILC-MTK: RIL_CMD_PROXY_1 wakeup
01-01 12:31:00.697549   669   682 I RILC-MTK: RIL_URC2_PROXY sleep
01-01 12:31:00.697670   669   687 I RILC-MTK: RIL_ATCI2_PROXY wakeup
01-01 12:31:00.697700   669   678 I RILC-MTK: RIL_CMD_PROXY_2 sleep
01-01 12:31:00.697812   669   680 I RILC-MTK: RIL_CMD_PROXY_4 wakeup
01-01 12:31:00.697858   669   679 D RILC-MTK: proxy id:3, proxyName: RIL_CMD_PROXY_1
01-01 12:31:00.697879   669   680 I RILC-MTK: RIL_CMD_PROXY_4 sleep
01-01 12:31:00.697920   669   679 D RILC-MTK: QUERY_MODEM_THERMAL pRI=0x7f8318c270 p=0x7f831971f0 execute on RIL_CMD_PROXY_1 using channel 3
01-01 12:31:00.697984   669   679 D RILC    : callOnRequest for new vendor ril
01-01 12:31:00.697990   669   677 I RILC-MTK: RIL_CMD_PROXY_3 wakeup
01-01 12:31:00.698014   669   687 I RILC-MTK: RIL_ATCI2_PROXY sleep
01-01 12:31:00.698045   669   679 D RIL     : onRequest: QUERY_MODEM_THERMAL, datalen = 8
01-01 12:31:00.698100   669   679 D RIL     : radioState:10
01-01 12:31:00.698136   669   683 I RILC-MTK: RIL_CMD2_PROXY_3 wakeup
01-01 12:31:00.698162   669   679 D RIL     : requestQueryThermal Enter,-1
01-01 12:31:00.698163   669   677 I RILC-MTK: RIL_CMD_PROXY_3 sleep
01-01 12:31:00.698227   669   679 D AT      : getRILChannelCtx subsystem:1, rid:0 channelOffset:0
01-01 12:31:00.698260   669   683 I RILC-MTK: RIL_CMD2_PROXY_3 sleep
01-01 12:31:00.698283   669   679 D AT      : AT send on RIL_CMD_READER_3, tid:547650565184
01-01 12:31:00.698338   669   679 D AT      : AT> AT+ETHERMAL
01-01 12:31:00.698393   669   679 I AT      : AT write start
01-01 12:31:00.698628   554   661 D RILMUXD : [gsm0710muxd] 3614:poll_thread(): poll_thread select found
01-01 12:31:00.698719   554   661 D RILMUXD : [gsm0710muxd] 1045:pseudo_device_read(): Enter, LackofAtciChannel=0
01-01 12:31:00.698798   554   661 D RILMUXD : [gsm0710muxd] 657:write_frame(): Sending frame to channel 5
01-01 12:31:00.698967   554   661 D RILMUXD : [gsm0710muxd] 766:write_frame(): Write a frame on channel 5 with length 12
01-01 12:31:00.706456   554   655 D RILMUXD : [gsm0710muxd] 1643:gsm0710_base_buffer_get_frame(): Get a complete frame. ch:5, ctrl:239, len:44
01-01 12:31:00.706542   554   655 D RILMUXD : [gsm0710muxd] 2383:extract_frames(): Writing 44 byte frame received on channel 5 to /dev/pts/5
01-01 12:31:00.706651   554   655 D RILMUXD : [gsm0710muxd] 2403:extract_frames(): write() returned. Written 44/44 bytes of frame to /dev/pts/5
01-01 12:31:00.706717   554   655 D RILMUXD : [gsm0710muxd] 2408:extract_frames(): fsync() failed (-1, 22 - Invalid argument)
01-01 12:31:00.706834   554   655 D RILMUXD : [gsm0710muxd] 1643:gsm0710_base_buffer_get_frame(): Get a complete frame. ch:5, ctrl:239, len:6
01-01 12:31:00.706900   554   655 D RILMUXD : [gsm0710muxd] 2383:extract_frames(): Writing 6 byte frame received on channel 5 to /dev/pts/5
01-01 12:31:00.707036   554   655 D RILMUXD : [gsm0710muxd] 2403:extract_frames(): write() returned. Written 6/6 bytes of frame to /dev/pts/5
01-01 12:31:00.707099   554   655 D RILMUXD : [gsm0710muxd] 2408:extract_frames(): fsync() failed (-1, 22 - Invalid argument)
01-01 12:31:00.707305   669   695 I AT      : AT read end: 50
01-01 12:31:00.707380   669   695 D AT      : AT< +ETHERMAL: 2, 32767, -127, -1, 32767, 18
01-01 12:31:00.707441   669   695 D AT      : RIL_CMD_READER_3 Enter processLine:+ETHERMAL: 2, 32767, -127, -1, 32767, 18
01-01 12:31:00.707503   669   695 D AT      : AT< OK
01-01 12:31:00.707573   669   695 D AT      : RIL_CMD_READER_3 Enter processLine:OK
01-01 12:31:00.707647   669   695 I AT      : AT read start
01-01 12:31:00.707698   669   679 D AT      : response received on RIL_CMD_READER_3, tid:547650565184
01-01 12:31:00.707760   669   679 D RIL     : requestQueryThermal success
01-01 12:31:00.707819   669   679 D RILC    : RequestComplete, RIL_SOCKET_1
01-01 12:31:00.707878   669   679 D RILC    : [THERMAL] local request for THERMAL returned 
01-01 12:31:00.707944   669   679 D RILC    : [THERMAL] s_THERMAL_fd is valid strResult is  2, 32767, -127, -1, 32767, 18
01-01 12:31:00.708052   669   679 D RILC-MTK: proxyLoop free  pRI=0x7f8318c270 p=0x7f831971f0 
01-01 12:31:00.708128   669   679 D RILC-MTK: proxyLoop free  pRequest=0x7f82df29c0
01-01 12:31:00.708199   669   679 I RILC-MTK: RIL_CMD_PROXY_1 sleep
01-01 12:31:00.850554   554   554 D RILMUXD : [gsm0710muxd] 3897:main(): Frames received/dropped: 1664/0
01-01 12:31:05.851179   554   554 D RILMUXD : [gsm0710muxd] 3897:main(): Frames received/dropped: 1664/0
01-01 12:31:07.594509   554   655 D RILMUXD : [gsm0710muxd] 1643:gsm0710_base_buffer_get_frame(): Get a complete frame. ch:2, ctrl:239, len:39
01-01 12:31:07.594636   554   655 D RILMUXD : [gsm0710muxd] 2383:extract_frames(): Writing 39 byte frame received on channel 2 to /dev/pts/2
01-01 12:31:07.594758   554   655 D RILMUXD : [gsm0710muxd] 2403:extract_frames(): write() returned. Written 39/39 bytes of frame to /dev/pts/2
01-01 12:31:07.594834   554   655 D RILMUXD : [gsm0710muxd] 2408:extract_frames(): fsync() failed (-1, 22 - Invalid argument)
01-01 12:31:07.595000   669   692 I AT      : AT read end: 39
01-01 12:31:07.595752   669   692 D AT      : AT< +ECSQ: 36,16,1,-340,-66,1,1,2,32767
01-01 12:31:07.595822   669   692 D AT      : RIL_URC_READER Enter processLine:+ECSQ: 36,16,1,-340,-66,1,1,2,32767
01-01 12:31:07.595897   669   692 D RIL     : Nw URC:+ECSQ: 36,16,1,-340,-66,1,1,2,32767
01-01 12:31:07.595981   669   692 D RIL     : convert3GRssiValue baseband=503 ,isFdd3G=1,isTdd3G=0 ,RSCP_in_qdbm=-340 ,EcN0_in_qdbm=-66
01-01 12:31:07.596066   669   692 D RILC    : callForRilVersion new vendor RIL, version: 10
01-01 12:31:07.596136   669   692 I RILC    : RIL_SOCKET_1 UNSOLICITED: UNSOL_SIGNAL_STRENGTH length:72
01-01 12:31:07.596203   669   692 E RILC    : Send Response to RIL_SOCKET_1
01-01 12:31:07.596351   669   692 I AT      : AT read start
01-01 12:31:07.596984  1697  1697 D GsmSST  : [GsmSST0] handle EVENT_SIGNAL_STRENGTH_UPDATE
01-01 12:31:07.597207  1697  1697 D GsmSST  : [GsmSST0] onSignalStrengthResult():  LastSignalStrength=SignalStrength: 11 15 -120 -160 -2 0 -1 99 2147483647 -2147483647 2147483647 2147483647 2147483647 gsm|lte 1 -344 -67
01-01 12:31:07.597354  1697  1697 D GsmSST  : [GsmSST0] onSignalStrengthResult():new mSignalStrength=SignalStrength: 11 16 -120 -160 -2 0 -1 99 2147483647 -2147483647 2147483647 2147483647 2147483647 gsm|lte 1 -340 -66
01-01 12:31:07.601781  1697  1697 W SignalStrength: SignalStrength get plugin
01-01 12:31:07.601933  1697  1697 I use-Rlog/RLOG-GSM: getLTELevel - rsrp:2147483647 snr:2147483647 rsrpIconLevel:-1 snrIconLevel:-1
01-01 12:31:07.602027  1697  1697 I use-Rlog/RLOG-GSM: getLTELevel - rssi:99 rssiIconLevel:0
01-01 12:31:07.602128  1697  1697 W SignalStrength: SignalStrength get plugin
01-01 12:31:07.602223  1697  1697 D use-Rlog/RLOG-GSM: mapGsmSignalDbm() gsmRscpQdbm=-340 asu=11
01-01 12:31:07.602301  1697  1697 W SignalStrength: SignalStrength get plugin
01-01 12:31:07.602396  1697  1697 D GsmSST  : [GsmSST0] notifySignalStrength: mSignalStrength.getLevel=4
01-01 12:31:07.602522  1697  1697 D SubscriptionController: [getSubId]- sSlotIdxToSubId.size == 0, return DummySubIds slotIdx=0
01-01 12:31:07.602618  1697  1697 D SubscriptionController: getDummySubIds: slotIdx=0 return 2 DummySubIds with each subId=-2
01-01 12:31:07.602802  1697  1697 D DefaultPhoneNotifier: notifySignalStrength: mRegistry=com.android.internal.telephony.ITelephonyRegistry$Stub$Proxy@48ef055 ss=SignalStrength: 11 16 -120 -160 -2 0 -1 99 2147483647 -2147483647 2147483647 2147483647 2147483647 gsm|lte 1 -340 -66 sender=Handler (com.android.internal.telephony.gsm.GSMPhone) {f2060a4}
01-01 12:31:07.606468   915  1773 D TelephonyRegistry: notifySignalStrengthForSubscriber: subId=-2 signalStrength=SignalStrength: 11 16 -120 -160 -2 0 -1 99 2147483647 -2147483647 2147483647 2147483647 2147483647 gsm|lte 1 -340 -66
01-01 12:31:07.606691   915  1773 D TelephonyRegistry: notifySignalStrengthForSubscriber: logSSC.length=5 next=1
01-01 12:31:07.609814   915  1773 D TelephonyRegistry: notifyServiceStateForSubscriber Time 20160101T122806America/New_York(5,0,-18000,0,1451669286) mSubId -2 mPhoneId 0  mState 1 1 voice home data home null null null null null null  Unknown Unknown CSS not supported -1 -1 RoamInd=-1 DefRoamInd=-1 EmergOnly=true Ril Voice Regist state: 10 Ril Data Regist state: 0 mProprietaryDataRadioTechnology: 0 VoiceRejectCause: -1 DataRejectCause: -1 mCdmaNetWorkMode: 0 IsDataRoamingFromRegistration=false
01-01 12:31:07.611511   915  1773 D TelephonyRegistry: notifyServiceStateForSubscriber Time 20160101T122813America/New_York(5,0,-18000,0,1451669293) mSubId -2 mPhoneId 0  mState 1 1 voice home data home null null null null null null  Unknown Unknown CSS not supported 0 0 RoamInd=-1 DefRoamInd=-1 EmergOnly=true Ril Voice Regist state: 10 Ril Data Regist state: 0 mProprietaryDataRadioTechnology: 0 VoiceRejectCause: -1 DataRejectCause: -1 mCdmaNetWorkMode: 0 IsDataRoamingFromRegistration=false
01-01 12:31:07.614321   915  1773 D TelephonyRegistry: notifyServiceStateForSubscriber Time 20160101T122834America/New_York(5,0,-18000,0,1451669314) mSubId -2 mPhoneId 0  mState 1 1 voice home data home null null null null null null  Unknown Unknown CSS not supported -1 -1 RoamInd=-1 DefRoamInd=-1 EmergOnly=true Ril Voice Regist state: 10 Ril Data Regist state: 0 mProprietaryDataRadioTechnology: 0 VoiceRejectCause: -1 DataRejectCause: -1 mCdmaNetWorkMode: 0 IsDataRoamingFromRegistration=false
01-01 12:31:07.626794   915  1773 D TelephonyRegistry: notifyServiceStateForSubscriber Time 20160101T122840America/New_York(5,0,-18000,0,1451669320) mSubId -2 mPhoneId 0  mState 1 1 voice home data home null null null null null null  Unknown Unknown CSS not supported 0 0 RoamInd=-1 DefRoamInd=-1 EmergOnly=true Ril Voice Regist state: 10 Ril Data Regist state: 0 mProprietaryDataRadioTechnology: 0 VoiceRejectCause: -1 DataRejectCause: -1 mCdmaNetWorkMode: 0 IsDataRoamingFromRegistration=false
01-01 12:31:07.630118   915  1773 D TelephonyRegistry: notifyServiceStateForSubscriber Time 20160101T123023America/New_York(5,0,-18000,0,1451669423) mSubId -2 mPhoneId 0  mState 1 1 voice home data home null null null null null null  Unknown Unknown CSS not supported -1 -1 RoamInd=-1 DefRoamInd=-1 EmergOnly=true Ril Voice Regist state: 10 Ril Data Regist state: 0 mProprietaryDataRadioTechnology: 0 VoiceRejectCause: -1 DataRejectCause: -1 mCdmaNetWorkMode: 0 IsDataRoamingFromRegistration=false
01-01 12:31:07.630267   915  1773 D TelephonyRegistry: notifySignalStrengthForSubscriber: ----------------
01-01 12:31:07.630548   915  1773 D SubscriptionManager: [getPhoneId]- return dummy value, subId = -2
01-01 12:31:07.630667   915  1773 D TelephonyRegistry: validatePhoneId: true
01-01 12:31:07.630763   915  1773 D TelephonyRegistry: notifySignalStrengthForSubscriber: valid phoneId=0
01-01 12:31:07.632511  1697  1697 D SubscriptionController: [getPhoneId] asked for default subId=-1
01-01 12:31:07.632817  1697  1697 D SubscriptionController: [getPhoneId]- invalid subId = -1 return = -1
01-01 12:31:07.633529   915  1773 D SubscriptionManager: [getPhoneId]- return dummy value, subId = -2
01-01 12:31:07.633667   915  1773 D TelephonyRegistry: idMatch: rlt=false
01-01 12:31:07.646959  1697  1697 D SubscriptionController: [getPhoneId] asked for default subId=-1
01-01 12:31:07.647235  1697  1697 D SubscriptionController: [getPhoneId]- invalid subId = -1 return = -1
01-01 12:31:07.648025   915  1773 D SubscriptionManager: [getPhoneId]- return dummy value, subId = -2
01-01 12:31:07.648186   915  1773 D TelephonyRegistry: idMatch: rlt=false
01-01 12:31:07.648359   915  1773 D TelephonyRegistry: handleRemoveListLocked: mRemoveList.size()=0
01-01 12:31:07.648693   915  1773 W SignalStrength: SignalStrength get plugin
01-01 12:31:07.648983   915  1773 I use-Rlog/RLOG-GSM: getLTELevel - rsrp:2147483647 snr:2147483647 rsrpIconLevel:-1 snrIconLevel:-1
01-01 12:31:07.649096   915  1773 I use-Rlog/RLOG-GSM: getLTELevel - rssi:99 rssiIconLevel:0
01-01 12:31:07.651147   915  1773 W SignalStrength: SignalStrength get plugin
01-01 12:31:07.651305   915  1773 D use-Rlog/RLOG-GSM: mapGsmSignalDbm() gsmRscpQdbm=-340 asu=11
01-01 12:31:07.651377   915  1773 W SignalStrength: SignalStrength get plugin
01-01 12:31:07.662882   915  1773 D SubscriptionManager: [getPhoneId]- return dummy value, subId = -2
01-01 12:31:07.664153  1697  1697 D SubscriptionController: [getSubId]- sSlotIdxToSubId.size == 0, return DummySubIds slotIdx=0
01-01 12:31:07.664289  1697  1697 D SubscriptionController: getDummySubIds: slotIdx=0 return 2 DummySubIds with each subId=-2
01-01 12:31:07.667392  1697  1697 D GsmSST  : [GsmSST0] handleMessage msg done
01-01 12:31:10.720551   669   688 I RILC    : NUMBER:1
01-01 12:31:10.721725   669   688 I RILC    : arg len:14
01-01 12:31:10.722804   669   688 I RILC    : ARGS[0]:THERMAL,0,-1
01-01 12:31:10.724656   669   688 D RILC    : C[locl]> QUERY_MODEM_THERMAL
01-01 12:31:10.725887   669   688 D RILC-MTK: QUERY_MODEM_THERMAL pRI=0x7f8318c2d0 p=0x7f831972d0 dispatched to RIL_CMD_PROXY_1
01-01 12:31:10.728462   669   681 I RILC-MTK: RIL_ATCI_PROXY wakeup
01-01 12:31:10.728794   669   681 I RILC-MTK: RIL_ATCI_PROXY sleep
01-01 12:31:10.729233   669   685 I RILC-MTK: RIL_CMD2_PROXY_1 wakeup
01-01 12:31:10.729503   669   685 I RILC-MTK: RIL_CMD2_PROXY_1 sleep
01-01 12:31:10.729936   669   684 I RILC-MTK: RIL_CMD2_PROXY_2 wakeup
01-01 12:31:10.730203   669   684 I RILC-MTK: RIL_CMD2_PROXY_2 sleep
01-01 12:31:10.730634   669   686 I RILC-MTK: RIL_CMD2_PROXY_4 wakeup
01-01 12:31:10.730898   669   686 I RILC-MTK: RIL_CMD2_PROXY_4 sleep
01-01 12:31:10.731334   669   676 I RILC-MTK: RIL_URC_PROXY wakeup
01-01 12:31:10.731593   669   676 I RILC-MTK: RIL_URC_PROXY sleep
01-01 12:31:10.732017   669   682 I RILC-MTK: RIL_URC2_PROXY wakeup
01-01 12:31:10.732289   669   682 I RILC-MTK: RIL_URC2_PROXY sleep
