01-01 12:31:37.487969   554   655 D RILMUXD : [gsm0710muxd] 1643:gsm0710_base_buffer_get_frame(): Get a complete frame. ch:3, ctrl:239, len:44
01-01 12:31:37.488141   554   655 D RILMUXD : [gsm0710muxd] 2383:extract_frames(): Writing 44 byte frame received on channel 3 to /dev/pts/3
01-01 12:31:37.488353   554   655 D RILMUXD : [gsm0710muxd] 2403:extract_frames(): write() returned. Written 44/44 bytes of frame to /dev/pts/3
01-01 12:31:37.488391   669   693 I AT      : AT read end: 44
01-01 12:31:37.488428   554   655 D RILMUXD : [gsm0710muxd] 2408:extract_frames(): fsync() failed (-1, 22 - Invalid argument)
01-01 12:31:37.488458   669   693 D AT      : AT< +CGREG: 3,0,"A80E","00CC279D",2,"0E",0,0
01-01 12:31:37.488502   554   655 D RILMUXD : [gsm0710muxd] 1643:gsm0710_base_buffer_get_frame(): Get a complete frame. ch:3, ctrl:239, len:6
01-01 12:31:37.488517   669   693 D AT      : RIL_CMD_READER_1 Enter processLine:+CGREG: 3,0,"A80E","00CC279D",2,"0E",0,0
01-01 12:31:37.488602   554   655 D RILMUXD : [gsm0710muxd] 2383:extract_frames(): Writing 6 byte frame received on channel 3 to /dev/pts/3
01-01 12:31:37.488640   669   693 I AT      : AT read start
01-01 12:31:37.488705   554   655 D RILMUXD : [gsm0710muxd] 2403:extract_frames(): write() returned. Written 6/6 bytes of frame to /dev/pts/3
01-01 12:31:37.488769   554   655 D RILMUXD : [gsm0710muxd] 2408:extract_frames(): fsync() failed (-1, 22 - Invalid argument)
01-01 12:31:37.488922   669   693 I AT      : AT read end: 6
01-01 12:31:37.488983   669   693 D AT      : AT< OK
01-01 12:31:37.489042   669   693 D AT      : RIL_CMD_READER_1 Enter processLine:OK
01-01 12:31:37.489120   669   693 I AT      : AT read start
01-01 12:31:37.489191   669   677 D AT      : response received on RIL_CMD_READER_1, tid:547652645952
01-01 12:31:37.489259   669   677 D RIL     : convertRegState() uiRegState=0 , uiRet=0 
01-01 12:31:37.489314   669   677 D RIL     : dontChangeCgregFormat=0
01-01 12:31:37.489409   669   677 E RIL     : it is short CREG CGREG
01-01 12:31:37.489477   669   677 E RIL     : rid: 0
01-01 12:31:37.489533   669   677 D RIL     : RestrictedStateChanged: 22
01-01 12:31:37.489590   669   677 D RIL     : isSimInserted(): rid: 0, sim_inserted_status: 0
01-01 12:31:37.489644   669   677 D RIL     : isSimInserted(): pivotSim = 1 ,0
01-01 12:31:37.489703   669   677 D RIL     : isSimInserted(): simInserted = 0
01-01 12:31:37.489762   669   677 D RILC    : RequestComplete, RIL_SOCKET_1
01-01 12:31:37.489839   669   677 E RILC    : Send Response to RIL_SOCKET_1
01-01 12:31:37.490376  1697  1904 D RILJ    : [4005]< DATA_REGISTRATION_STATE {0, -1, -1, 0} [SUB0]
01-01 12:31:37.490687   669   677 D RILC-MTK: proxyLoop free  pRI=0x7f8318c5a0 p=0x7f83197650 
01-01 12:31:37.490757   669   677 D RILC-MTK: proxyLoop free  pRequest=0x7f82df2b00
01-01 12:31:37.490818   669   677 D RILC-MTK: proxy id:1, proxyName: RIL_CMD_PROXY_3
01-01 12:31:37.490877   669   677 D RILC-MTK: VOICE_REGISTRATION_STATE pRI=0x7f8318c330 p=0x7f83196460 execute on RIL_CMD_PROXY_3 using channel 1
01-01 12:31:37.490936   669   677 D RILC    : callOnRequest for new vendor ril
01-01 12:31:37.490995   669   677 D RIL     : onRequest: VOICE_REGISTRATION_STATE, datalen = 0
01-01 12:31:37.491050   669   677 D RIL     : radioState:10
01-01 12:31:37.491118   669   677 D AT      : AT send on RIL_CMD_READER_1, tid:547652645952
01-01 12:31:37.491173   669   677 D AT      : AT> AT+CREG?
01-01 12:31:37.491225   669   677 I AT      : AT write start
01-01 12:31:37.491611   554   659 D RILMUXD : [gsm0710muxd] 3614:poll_thread(): poll_thread select found
01-01 12:31:37.491704   554   659 D RILMUXD : [gsm0710muxd] 1045:pseudo_device_read(): Enter, LackofAtciChannel=0
01-01 12:31:37.491787   554   659 D RILMUXD : [gsm0710muxd] 657:write_frame(): Sending frame to channel 3
01-01 12:31:37.491920   554   659 D RILMUXD : [gsm0710muxd] 766:write_frame(): Write a frame on channel 3 with length 9
01-01 12:31:37.491949  1697  1697 D GsmSST  : [GsmSST0] handle EVENT_POLL_STATE_GPRS
01-01 12:31:37.492064  1697  1697 D GsmSST  : [GsmSST0] set Lac to previous value
01-01 12:31:37.492148  1697  1697 D GsmSST  : [GsmSST0] set Cid to previous value
01-01 12:31:37.492363  1697  1697 D PHONE   : [ServiceState] setDataRegState=1
01-01 12:31:37.492490  1697  1697 D PHONE   : [ServiceState] setProprietaryDataRadioTechnology=0
01-01 12:31:37.492572  1697  1697 D PHONE   : [ServiceState] setDataRadioTechnology=0
01-01 12:31:37.492891  1697  1697 D GsmSST  : [GsmSST0] handlPollStateResultMessage: GsmSST setDataRegState=1 regState=0 dataRadioTechnology=0
01-01 12:31:37.492928   554   655 D RILMUXD : [gsm0710muxd] 1643:gsm0710_base_buffer_get_frame(): Get a complete frame. ch:3, ctrl:239, len:38
01-01 12:31:37.492975  1697  1697 D GsmSST  : [GsmSST0] handleMessage msg done
01-01 12:31:37.493003   554   655 D RILMUXD : [gsm0710muxd] 2383:extract_frames(): Writing 38 byte frame received on channel 3 to /dev/pts/3
01-01 12:31:37.493126   554   655 D RILMUXD : [gsm0710muxd] 2403:extract_frames(): write() returned. Written 38/38 bytes of frame to /dev/pts/3
01-01 12:31:37.493194   554   655 D RILMUXD : [gsm0710muxd] 2408:extract_frames(): fsync() failed (-1, 22 - Invalid argument)
01-01 12:31:37.493438   669   693 I AT      : AT read end: 38
01-01 12:31:37.493473   554   655 D RILMUXD : [gsm0710muxd] 1643:gsm0710_base_buffer_get_frame(): Get a complete frame. ch:3, ctrl:239, len:6
01-01 12:31:37.493506   669   693 D AT      : AT< +CREG: 3,0,"A80E","00CC279D",2,0,0
01-01 12:31:37.493539   554   655 D RILMUXD : [gsm0710muxd] 2383:extract_frames(): Writing 6 byte frame received on channel 3 to /dev/pts/3
01-01 12:31:37.493565   669   693 D AT      : RIL_CMD_READER_1 Enter processLine:+CREG: 3,0,"A80E","00CC279D",2,0,0
01-01 12:31:37.493625   669   693 I AT      : AT read start
01-01 12:31:37.493650   554   655 D RILMUXD : [gsm0710muxd] 2403:extract_frames(): write() returned. Written 6/6 bytes of frame to /dev/pts/3
01-01 12:31:37.493715   554   655 D RILMUXD : [gsm0710muxd] 2408:extract_frames(): fsync() failed (-1, 22 - Invalid argument)
01-01 12:31:37.493881   669   693 I AT      : AT read end: 6
01-01 12:31:37.493943   669   693 D AT      : AT< OK
01-01 12:31:37.493999   669   693 D AT      : RIL_CMD_READER_1 Enter processLine:OK
01-01 12:31:37.494078   669   693 I AT      : AT read start
01-01 12:31:37.494145   669   677 D AT      : response received on RIL_CMD_READER_1, tid:547652645952
01-01 12:31:37.494215   669   677 D RIL     : convertRegState() uiRegState=0 , uiRet=0 
01-01 12:31:37.494271   669   677 D RIL     : dontChangeFormat=0
01-01 12:31:37.494324   669   677 E RIL     : it is short CREG CGREG
01-01 12:31:37.494386   669   677 E RIL     : rid: 0
01-01 12:31:37.494441   669   677 D RIL     : RestrictedStateChanged: 22
01-01 12:31:37.494498   669   677 D RIL     : isSimInserted(): rid: 0, sim_inserted_status: 0
01-01 12:31:37.494552   669   677 D RIL     : isSimInserted(): pivotSim = 1 ,0
01-01 12:31:37.494607   669   677 D RIL     : isSimInserted(): simInserted = 0
01-01 12:31:37.494664   669   677 D RIL     : convertToRilRegState() uiRegState=0 , uiRet=10 
01-01 12:31:37.494726   669   677 D RILC    : RequestComplete, RIL_SOCKET_1
01-01 12:31:37.494802   669   677 E RILC    : Send Response to RIL_SOCKET_1
01-01 12:31:37.495592  1697  1904 D RILJ    : [4006]< VOICE_REGISTRATION_STATE {10, -1, -1, 0} [SUB0]
01-01 12:31:37.495943  1697  1697 D GsmSST  : [GsmSST0] handle EVENT_POLL_STATE_REGISTRATION
01-01 12:31:37.496067  1697  1697 D GsmSST  : [GsmSST0] set Lac to previous value
01-01 12:31:37.496156  1697  1697 D GsmSST  : [GsmSST0] set Cid to previous value
01-01 12:31:37.496282  1697  1697 D GsmSST  : [GsmSST0] EVENT_POLL_STATE_REGISTRATION mSS getRilVoiceRadioTechnology:0, regState:10, NewSS RilVoiceRadioTechnology:0, lac:43022, cid:13381687
01-01 12:31:37.496416  1697  1697 D PHONE   : [ServiceState] setVoiceRegState=1
01-01 12:31:37.496486  1697  1697 E PHONE   : [ServiceState] setState deprecated use setVoiceRegState()
01-01 12:31:37.496686  1697  1697 D GsmSST  : [GsmSST0] regState = 10isVoiceCapable = truemEmergencyOnly = true
01-01 12:31:37.496762  1697  1697 D GsmSST  : [GsmSST0] states.length > 3
01-01 12:31:37.496767   669   677 D RILC-MTK: proxyLoop free  pRI=0x7f8318c330 p=0x7f83196460 
01-01 12:31:37.496845  1697  1697 D GsmSST  : [GsmSST0] handleMessage msg done
01-01 12:31:37.496860   669   677 D RILC-MTK: proxyLoop free  pRequest=0x7f82df2ea0
01-01 12:31:37.496997   669   677 D RILC-MTK: proxy id:1, proxyName: RIL_CMD_PROXY_3
01-01 12:31:37.497081   669   677 D RILC-MTK: QUERY_NETWORK_SELECTION_MODE pRI=0x7f8318c360 p=0x7f83196690 execute on RIL_CMD_PROXY_3 using channel 1
01-01 12:31:37.497140   669   677 D RILC    : callOnRequest for new vendor ril
01-01 12:31:37.497202   669   677 D RIL     : onRequest: QUERY_NETWORK_SELECTION_MODE, datalen = 0
01-01 12:31:37.497257   669   677 D RIL     : radioState:10
01-01 12:31:37.497320   669   677 D AT      : AT send on RIL_CMD_READER_1, tid:547652645952
01-01 12:31:37.497378   669   677 D AT      : AT> AT+COPS?
01-01 12:31:37.497430   669   677 I AT      : AT write start
01-01 12:31:37.497644   554   659 D RILMUXD : [gsm0710muxd] 3614:poll_thread(): poll_thread select found
01-01 12:31:37.497716   554   659 D RILMUXD : [gsm0710muxd] 1045:pseudo_device_read(): Enter, LackofAtciChannel=0
01-01 12:31:37.497808   554   659 D RILMUXD : [gsm0710muxd] 657:write_frame(): Sending frame to channel 3
01-01 12:31:37.497933   554   659 D RILMUXD : [gsm0710muxd] 766:write_frame(): Write a frame on channel 3 with length 8
01-01 12:31:37.498132   554   659 D RILMUXD : [gsm0710muxd] 3614:poll_thread(): poll_thread select found
01-01 12:31:37.498196   554   659 D RILMUXD : [gsm0710muxd] 1045:pseudo_device_read(): Enter, LackofAtciChannel=0
01-01 12:31:37.498281   554   659 D RILMUXD : [gsm0710muxd] 657:write_frame(): Sending frame to channel 3
01-01 12:31:37.498403   554   659 D RILMUXD : [gsm0710muxd] 766:write_frame(): Write a frame on channel 3 with length 1
01-01 12:31:37.499562   554   655 D RILMUXD : [gsm0710muxd] 1643:gsm0710_base_buffer_get_frame(): Get a complete frame. ch:3, ctrl:239, len:12
01-01 12:31:37.499658   554   655 D RILMUXD : [gsm0710muxd] 2383:extract_frames(): Writing 12 byte frame received on channel 3 to /dev/pts/3
01-01 12:31:37.499775   554   655 D RILMUXD : [gsm0710muxd] 2403:extract_frames(): write() returned. Written 12/12 bytes of frame to /dev/pts/3
01-01 12:31:37.499931   554   655 D RILMUXD : [gsm0710muxd] 2408:extract_frames(): fsync() failed (-1, 22 - Invalid argument)
01-01 12:31:37.499975   669   693 I AT      : AT read end: 12
01-01 12:31:37.500009   554   655 D RILMUXD : [gsm0710muxd] 1643:gsm0710_base_buffer_get_frame(): Get a complete frame. ch:3, ctrl:239, len:6
01-01 12:31:37.500042   669   693 D AT      : AT< +COPS: 0
01-01 12:31:37.500073   554   655 D RILMUXD : [gsm0710muxd] 2383:extract_frames(): Writing 6 byte frame received on channel 3 to /dev/pts/3
01-01 12:31:37.500099   669   693 D AT      : RIL_CMD_READER_1 Enter processLine:+COPS: 0
01-01 12:31:37.500163   669   693 I AT      : AT read start
01-01 12:31:37.500171   554   655 D RILMUXD : [gsm0710muxd] 2403:extract_frames(): write() returned. Written 6/6 bytes of frame to /dev/pts/3
01-01 12:31:37.500250   669   693 I AT      : AT read end: 6
01-01 12:31:37.500284   554   655 D RILMUXD : [gsm0710muxd] 2408:extract_frames(): fsync() failed (-1, 22 - Invalid argument)
01-01 12:31:37.500304   669   693 D AT      : AT< OK
01-01 12:31:37.500359   669   693 D AT      : RIL_CMD_READER_1 Enter processLine:OK
01-01 12:31:37.500440   669   693 I AT      : AT read start
01-01 12:31:37.500620   669   677 D AT      : response received on RIL_CMD_READER_1, tid:547652645952
01-01 12:31:37.500686   669   677 D RILC    : RequestComplete, RIL_SOCKET_1
01-01 12:31:37.500755   669   677 E RILC    : Send Response to RIL_SOCKET_1
01-01 12:31:37.500885   669   677 D RILC-MTK: proxyLoop free  pRI=0x7f8318c360 p=0x7f83196690 
01-01 12:31:37.500943   669   677 D RILC-MTK: proxyLoop free  pRequest=0x7f82df2f20
01-01 12:31:37.500996   669   677 I RILC-MTK: RIL_CMD_PROXY_3 sleep
01-01 12:31:37.501128  1697  1904 D RILJ    : responseInts numInts=1 [SUB0]
01-01 12:31:37.501230  1697  1904 D RILJ    : responseInts response[0]=0 [SUB0]
01-01 12:31:37.501358  1697  1904 D RILJ    : [4007]< QUERY_NETWORK_SELECTION_MODE {0} [SUB0]
01-01 12:31:37.502351  1697  1697 D GsmSST  : [GsmSST0] handle EVENT_POLL_STATE_NETWORK_SELECTION_MODE
01-01 12:31:37.502483  1697  1697 D GsmSST  : [GsmSST0] set raoming=false,mGsmRoaming= false,mDataRoaming= false
01-01 12:31:37.503468  1697  1697 D SubscriptionController: [getSubId]- sSlotIdxToSubId.size == 0, return DummySubIds slotIdx=0
01-01 12:31:37.503587  1697  1697 D SubscriptionController: getDummySubIds: slotIdx=0 return 2 DummySubIds with each subId=-2
01-01 12:31:37.505713  1697  1697 D SubscriptionManager: [getPhoneId]- return dummy value, subId = -2
01-01 12:31:37.505987  1697  1697 D GsmSST  : [GsmSST0] mLastCsNetworkType=0, mLastPsNetworkType= 0, mNewSS VoiceRadioTechnology= 0, mSS VoiceRadioTechnology= 0, mNewSS DataRadioTechnology= 0, mSS DataRadioTechnology= 0
01-01 12:31:37.506092  1697  1697 D GsmSST  : [GsmSST0] pollStateDone(): don't change network type and wait for new event
01-01 12:31:37.506181  1697  1697 D PHONE   : [ServiceState] setDataRadioTechnology=0
01-01 12:31:37.506467  1697  1697 D GsmSST  : [GsmSST0] Poll ServiceState done:  oldSS=[1 1 voice home data home null null null null null null  Unknown Unknown CSS not supported -1 -1 RoamInd=-1 DefRoamInd=-1 EmergOnly=true Ril Voice Regist state: 10 Ril Data Regist state: 0 mProprietaryDataRadioTechnology: 0 VoiceRejectCause: -1 DataRejectCause: -1 mCdmaNetWorkMode: 0 IsDataRoamingFromRegistration=false] newSS=[1 1 voice home data home null null null null null null  Unknown Unknown CSS not supported 0 0 RoamInd=-1 DefRoamInd=-1 EmergOnly=true Ril Voice Regist state: 10 Ril Data Regist state: 0 mProprietaryDataRadioTechnology: 0 VoiceRejectCause: -1 DataRejectCause: -1 mCdmaNetWorkMode: 0 IsDataRoamingFromRegistration=false] oldMaxDataCalls=1 mNewMaxDataCalls=1 oldReasonDataDenied=-1 mNewReasonDataDenied=-1
01-01 12:31:37.506737  1697  1697 D GsmSST  : [GsmSST0] pollStateDone,hasRegistered:false,hasDeregistered:false,hasGprsAttached:false,hasRilVoiceRadioTechnologyChanged:false,hasRilDataRadioTechnologyChanged:false,hasVoiceRegStateChanged:false,hasDataRegStateChanged:false,hasChanged:true,hasVoiceRoamingOn:false,hasVoiceRoamingOff:false,hasDataRoamingOn:false,hasDataRoamingOff:false,hasLocationChanged:true,hasLacChanged:false,sReceiveNitz:false
01-01 12:31:37.506891  1697  1697 D GsmSST  : [GsmSST0] No matched EONS and No CPHS ONS
01-01 12:31:37.507148  1697  1697 D GsmSST  : [GsmSST0] updateSpnDisplay mVoiceCapable=true mEmergencyOnly=true mCi.getRadioState().isOn()=true getVoiceRegState()=1 getDataRegState()1
01-01 12:31:37.507251  1697  1697 D GsmSST  : [GsmSST0] updateSpnDisplay show mEmergencyOnly
01-01 12:31:37.508435  1697  1697 D SubscriptionController: [getSubId]- sSlotIdxToSubId.size == 0, return DummySubIds slotIdx=0
01-01 12:31:37.508571  1697  1697 D SubscriptionController: getDummySubIds: slotIdx=0 return 2 DummySubIds with each subId=-2
01-01 12:31:37.508688  1697  1697 D GsmSST  : [GsmSST0] updateAllOpertorInfo with realPlmn:null
01-01 12:31:37.510075  1697  1697 D TelephonyManager: getTelephonyProperty prop value= 
01-01 12:31:37.510284  1697  1697 D TelephonyManager: setTelephonyProperty: success phoneId=0 property=gsm.operator.numeric value:  propVal=
01-01 12:31:37.511137  1697  1697 D GsmSST  : [GsmSST0] operatorNumeric is null
01-01 12:31:37.511369  1697  1697 D TelephonyManager: setTelephonyProperty: success phoneId=0 property=gsm.operator.iso-country value:  propVal=
01-01 12:31:37.512280  1697  1697 D TelephonyManager: setTelephonyProperty: success phoneId=0 property=gsm.operator.isroaming value: false propVal=false,false
01-01 12:31:37.513256  1697  1697 D GsmSST  : [GsmSST0] Broadcasting ServiceState : 1 1 voice home data home null null null null null null  Unknown Unknown CSS not supported 0 0 RoamInd=-1 DefRoamInd=-1 EmergOnly=true Ril Voice Regist state: 10 Ril Data Regist state: 0 mProprietaryDataRadioTechnology: 0 VoiceRejectCause: -1 DataRejectCause: -1 mCdmaNetWorkMode: 0 IsDataRoamingFromRegistration=false
01-01 12:31:37.513773  1697  1697 D GSMPhone: [GSMPhone] getServiceState : getState() : 1 getDataRegState() : 1
01-01 12:31:37.513967  1697  1697 D PhoneBase: networkType=UNKNOWN
01-01 12:31:37.514069  1697  1697 D PhoneBase: isVideoEnabled: false
01-01 12:31:37.514837  1697  1697 D GSMPhone: [GSMPhone] getServiceState : getState() : 1 getDataRegState() : 1
01-01 12:31:37.515941  1697  1697 D SubscriptionController: [getSubId]- sSlotIdxToSubId.size == 0, return DummySubIds slotIdx=0
01-01 12:31:37.516115  1697  1697 D SubscriptionController: getDummySubIds: slotIdx=0 return 2 DummySubIds with each subId=-2
01-01 12:31:37.516352  1697  1697 D DefaultPhoneNotifier: nofityServiceState: mRegistry=com.android.internal.telephony.ITelephonyRegistry$Stub$Proxy@48ef055 ss=1 1 voice home data home null null null null null null  Unknown Unknown CSS not supported 0 0 RoamInd=-1 DefRoamInd=-1 EmergOnly=true Ril Voice Regist state: 10 Ril Data Regist state: 0 mProprietaryDataRadioTechnology: 0 VoiceRejectCause: -1 DataRejectCause: -1 mCdmaNetWorkMode: 0 IsDataRoamingFromRegistration=false sender=Handler (com.android.internal.telephony.gsm.GSMPhone) {f2060a4} phondId=0 subId=-2
01-01 12:31:37.517458   915  1489 D TelephonyRegistry: notifyServiceStateForSubscriber: subId=-2 phoneId=0 state=1 1 voice home data home null null null null null null  Unknown Unknown CSS not supported 0 0 RoamInd=-1 DefRoamInd=-1 EmergOnly=true Ril Voice Regist state: 10 Ril Data Regist state: 0 mProprietaryDataRadioTechnology: 0 VoiceRejectCause: -1 DataRejectCause: -1 mCdmaNetWorkMode: 0 IsDataRoamingFromRegistration=false
01-01 12:31:37.517600   915  1489 D TelephonyRegistry: validatePhoneId: true
01-01 12:31:37.518084   915  1489 D TelephonyRegistry: notifyServiceStateForSubscriber: logSSC.length=5 next=2
01-01 12:31:37.519730   915  1489 D TelephonyRegistry: notifyServiceStateForSubscriber Time 20160101T122813America/New_York(5,0,-18000,0,1451669293) mSubId -2 mPhoneId 0  mState 1 1 voice home data home null null null null null null  Unknown Unknown CSS not supported 0 0 RoamInd=-1 DefRoamInd=-1 EmergOnly=true Ril Voice Regist state: 10 Ril Data Regist state: 0 mProprietaryDataRadioTechnology: 0 VoiceRejectCause: -1 DataRejectCause: -1 mCdmaNetWorkMode: 0 IsDataRoamingFromRegistration=false
01-01 12:31:37.521320   915  1489 D TelephonyRegistry: notifyServiceStateForSubscriber Time 20160101T122834America/New_York(5,0,-18000,0,1451669314) mSubId -2 mPhoneId 0  mState 1 1 voice home data home null null null null null null  Unknown Unknown CSS not supported -1 -1 RoamInd=-1 DefRoamInd=-1 EmergOnly=true Ril Voice Regist state: 10 Ril Data Regist state: 0 mProprietaryDataRadioTechnology: 0 VoiceRejectCause: -1 DataRejectCause: -1 mCdmaNetWorkMode: 0 IsDataRoamingFromRegistration=false
01-01 12:31:37.522910   915  1489 D TelephonyRegistry: notifyServiceStateForSubscriber Time 20160101T122840America/New_York(5,0,-18000,0,1451669320) mSubId -2 mPhoneId 0  mState 1 1 voice home data home null null null null null null  Unknown Unknown CSS not supported 0 0 RoamInd=-1 DefRoamInd=-1 EmergOnly=true Ril Voice Regist state: 10 Ril Data Regist state: 0 mProprietaryDataRadioTechnology: 0 VoiceRejectCause: -1 DataRejectCause: -1 mCdmaNetWorkMode: 0 IsDataRoamingFromRegistration=false
01-01 12:31:37.524549   915  1489 D TelephonyRegistry: notifyServiceStateForSubscriber Time 20160101T123023America/New_York(5,0,-18000,0,1451669423) mSubId -2 mPhoneId 0  mState 1 1 voice home data home null null null null null null  Unknown Unknown CSS not supported -1 -1 RoamInd=-1 DefRoamInd=-1 EmergOnly=true Ril Voice Regist state: 10 Ril Data Regist state: 0 mProprietaryDataRadioTechnology: 0 VoiceRejectCause: -1 DataRejectCause: -1 mCdmaNetWorkMode: 0 IsDataRoamingFromRegistration=false
01-01 12:31:37.526345   915  1489 D TelephonyRegistry: notifyServiceStateForSubscriber Time 20160101T123137America/New_York(5,0,-18000,0,1451669497) mSubId -2 mPhoneId 0  mState 1 1 voice home data home null null null null null null  Unknown Unknown CSS not supported 0 0 RoamInd=-1 DefRoamInd=-1 EmergOnly=true Ril Voice Regist state: 10 Ril Data Regist state: 0 mProprietaryDataRadioTechnology: 0 VoiceRejectCause: -1 DataRejectCause: -1 mCdmaNetWorkMode: 0 IsDataRoamingFromRegistration=false
01-01 12:31:37.526471   915  1489 D TelephonyRegistry: notifyServiceStateForSubscriber: ----------------
01-01 12:31:37.527859  1697  1697 D SubscriptionController: [getPhoneId] asked for default subId=-1
01-01 12:31:37.528178  1697  1697 D SubscriptionController: [getPhoneId]- invalid subId = -1 return = -1
01-01 12:31:37.529016   915  1489 D SubscriptionManager: [getPhoneId]- return dummy value, subId = -2
01-01 12:31:37.529174   915  1489 D TelephonyRegistry: idMatch: rlt=false
01-01 12:31:37.531508  1697  1697 D SubscriptionController: [getPhoneId] asked for default subId=-1
01-01 12:31:37.531793  1697  1697 D SubscriptionController: [getPhoneId]- invalid subId = -1 return = -1
01-01 12:31:37.532513   915  1489 D SubscriptionManager: [getPhoneId]- return dummy value, subId = -2
01-01 12:31:37.532655   915  1489 D TelephonyRegistry: idMatch: rlt=false
01-01 12:31:37.534329  1697  1697 D SubscriptionController: [getPhoneId] asked for default subId=-1
01-01 12:31:37.534628  1697  1697 D SubscriptionController: [getPhoneId]- invalid subId = -1 return = -1
01-01 12:31:37.535445   915  1489 D SubscriptionManager: [getPhoneId]- return dummy value, subId = -2
01-01 12:31:37.535618   915  1489 D TelephonyRegistry: idMatch: rlt=false
01-01 12:31:37.537172  1697  1697 D SubscriptionController: [getPhoneId] asked for default subId=-1
01-01 12:31:37.537454  1697  1697 D SubscriptionController: [getPhoneId]- invalid subId = -1 return = -1
01-01 12:31:37.538117   915  1489 D SubscriptionManager: [getPhoneId]- return dummy value, subId = -2
01-01 12:31:37.538269   915  1489 D TelephonyRegistry: idMatch: rlt=false
01-01 12:31:37.539790  1697  1697 D SubscriptionController: [getPhoneId] asked for default subId=-1
01-01 12:31:37.540123  1697  1697 D SubscriptionController: [getPhoneId]- invalid subId = -1 return = -1
01-01 12:31:37.540736   915  1489 D SubscriptionManager: [getPhoneId]- return dummy value, subId = -2
01-01 12:31:37.540882   915  1489 D TelephonyRegistry: idMatch: rlt=false
01-01 12:31:37.541008   915  1489 D TelephonyRegistry: handleRemoveListLocked: mRemoveList.size()=0
01-01 12:31:37.542683   915  1489 D SubscriptionManager: [getSlotId]- fail, subId = -1
01-01 12:31:37.545703  1697  1697 D SubscriptionController: [getSlotId]- subId invalid
01-01 12:31:37.547812  1697  1697 D SubscriptionController: getSimStateForSlotIdx:  simState=ABSENT ordinal=1
01-01 12:31:37.548149   915  1489 D SubscriptionManager: getSimStateForSubscriber: simState=1 slotIdx=0
01-01 12:31:37.549166  1697  1697 D SubscriptionController: getSimStateForSlotIdx:  simState=ABSENT ordinal=1
01-01 12:31:37.549513   915  1489 D SubscriptionManager: getSimStateForSubscriber: simState=1 slotIdx=1
01-01 12:31:37.549842   915  1489 D TelephonyManager: getSimState: default sim:-1, all SIMs absent, return state as absent
01-01 12:31:37.550496   915  1489 D SubscriptionManager: [getPhoneId]- return dummy value, subId = -2
01-01 12:31:37.552860  1697  1697 D SubscriptionController: [getSubId]- sSlotIdxToSubId.size == 0, return DummySubIds slotIdx=0
01-01 12:31:37.553009  1697  1697 D SubscriptionController: getDummySubIds: slotIdx=0 return 2 DummySubIds with each subId=-2
01-01 12:31:37.567178  1697  1697 D GsmSST  : [GsmSST0] old:1 ,mPsRegState:1,new:1
01-01 12:31:37.567344  1697  1697 D SubscriptionController: [getSubId]- sSlotIdxToSubId.size == 0, return DummySubIds slotIdx=0
01-01 12:31:37.567433  1697  1697 D SubscriptionController: getDummySubIds: slotIdx=0 return 2 DummySubIds with each subId=-2
01-01 12:31:37.567591  1697  1697 D GsmSST  : [GsmSST0] getCellLocation(): X good mCellLoc=[43022,13379485,-1]
01-01 12:31:37.568873   915   940 D TelephonyRegistry: notifyCellLocationForSubscriber: subId=-2 cellLocation=Bundle[mParcelledData.dataSize=88]
01-01 12:31:37.569250   915   940 D TelephonyRegistry: notifyCellLocationForSubscriber: subId=-2 cellLocation=Bundle[mParcelledData.dataSize=88]
01-01 12:31:37.569431   915   940 D SubscriptionManager: [getPhoneId]- return dummy value, subId = -2
01-01 12:31:37.569554   915   940 D TelephonyRegistry: validatePhoneId: true
01-01 12:31:37.571640   915   940 D TelephonyRegistry: validateEventsAndUserLocked: valid=false r.callerUserId=0 foregroundUser=0 r.events=8192 events=16
01-01 12:31:37.571909   915   940 D TelephonyRegistry: validateEventsAndUserLocked: valid=false r.callerUserId=0 foregroundUser=0 r.events=449 events=16
01-01 12:31:37.572101   915   940 D TelephonyRegistry: validateEventsAndUserLocked: valid=false r.callerUserId=0 foregroundUser=0 r.events=32 events=16
01-01 12:31:37.572277   915   940 D TelephonyRegistry: validateEventsAndUserLocked: valid=false r.callerUserId=0 foregroundUser=0 r.events=32 events=16
01-01 12:31:37.572478   915   940 D TelephonyRegistry: validateEventsAndUserLocked: valid=false r.callerUserId=0 foregroundUser=0 r.events=0 events=16
01-01 12:31:37.572671   915   940 D TelephonyRegistry: validateEventsAndUserLocked: valid=false r.callerUserId=0 foregroundUser=0 r.events=0 events=16
01-01 12:31:37.572905   915   940 D TelephonyRegistry: validateEventsAndUserLocked: valid=false r.callerUserId=0 foregroundUser=0 r.events=32 events=16
01-01 12:31:37.573089   915   940 D TelephonyRegistry: validateEventsAndUserLocked: valid=false r.callerUserId=0 foregroundUser=0 r.events=0 events=16
01-01 12:31:37.573262   915   940 D TelephonyRegistry: validateEventsAndUserLocked: valid=false r.callerUserId=0 foregroundUser=0 r.events=0 events=16
01-01 12:31:37.573437   915   940 D TelephonyRegistry: validateEventsAndUserLocked: valid=false r.callerUserId=0 foregroundUser=0 r.events=0 events=16
01-01 12:31:37.573628   915   940 D TelephonyRegistry: validateEventsAndUserLocked: valid=false r.callerUserId=0 foregroundUser=0 r.events=65536 events=16
01-01 12:31:37.574432   915   940 D TelephonyRegistry: validateEventsAndUserLocked: valid=false r.callerUserId=0 foregroundUser=0 r.events=256 events=16
01-01 12:31:37.574687   915   940 D TelephonyRegistry: validateEventsAndUserLocked: valid=false r.callerUserId=0 foregroundUser=0 r.events=1 events=16
01-01 12:31:37.575227   915   940 D TelephonyRegistry: validateEventsAndUserLocked: valid=false r.callerUserId=0 foregroundUser=0 r.events=0 events=16
01-01 12:31:37.575466   915   940 D TelephonyRegistry: validateEventsAndUserLocked: valid=false r.callerUserId=0 foregroundUser=0 r.events=0 events=16
01-01 12:31:37.575687   915   940 D TelephonyRegistry: validateEventsAndUserLocked: valid=false r.callerUserId=0 foregroundUser=0 r.events=65536 events=16
01-01 12:31:37.575875   915   940 D TelephonyRegistry: validateEventsAndUserLocked: valid=false r.callerUserId=0 foregroundUser=0 r.events=0 events=16
01-01 12:31:37.576053   915   940 D TelephonyRegistry: validateEventsAndUserLocked: valid=false r.callerUserId=0 foregroundUser=0 r.events=0 events=16
01-01 12:31:37.576231   915   940 D TelephonyRegistry: validateEventsAndUserLocked: valid=false r.callerUserId=0 foregroundUser=0 r.events=0 events=16
01-01 12:31:37.576417   915   940 D TelephonyRegistry: validateEventsAndUserLocked: valid=false r.callerUserId=0 foregroundUser=0 r.events=0 events=16
01-01 12:31:37.584973   915   940 D TelephonyRegistry: validateEventsAndUserLocked: valid=true r.callerUserId=0 foregroundUser=0 r.events=1104 events=16
01-01 12:31:37.585331   915   940 D TelephonyRegistry: validateEventsAndUserLocked: valid=false r.callerUserId=0 foregroundUser=0 r.events=512 events=16
01-01 12:31:37.585524   915   940 D TelephonyRegistry: validateEventsAndUserLocked: valid=false r.callerUserId=0 foregroundUser=0 r.events=1 events=16
01-01 12:31:37.585784   915   940 D TelephonyRegistry: validateEventsAndUserLocked: valid=false r.callerUserId=0 foregroundUser=0 r.events=0 events=16
01-01 12:31:37.585959   915   940 D TelephonyRegistry: validateEventsAndUserLocked: valid=false r.callerUserId=0 foregroundUser=0 r.events=1 events=16
01-01 12:31:37.586299   915   940 D TelephonyRegistry: validateEventsAndUserLocked: valid=false r.callerUserId=0 foregroundUser=0 r.events=0 events=16
01-01 12:31:37.586469   915   940 D TelephonyRegistry: validateEventsAndUserLocked: valid=false r.callerUserId=0 foregroundUser=0 r.events=1 events=16
01-01 12:31:37.586573   915   940 D TelephonyRegistry: handleRemoveListLocked: mRemoveList.size()=0
01-01 12:31:37.587005  1697  1697 D GsmSST  : [GsmSST0] handleMessage msg done
01-01 12:31:37.587415  1697  1697 D CallManager:  handleMessage (EVENT_SERVICE_STATE_CHANGED)
01-01 12:31:37.588596  1697  1697 D SubscriptionController: [getSubId]- sSlotIdxToSubId.size == 0, return DummySubIds slotIdx=0
01-01 12:31:37.588748  1697  1697 D SubscriptionController: getDummySubIds: slotIdx=0 return 2 DummySubIds with each subId=-2
01-01 12:31:38.422646   669   688 D RILC    : s_last_wake_timeout_info: 0x7f810037e0 
01-01 12:31:38.422802   669   688 D RILC    : userTimerCallback free  p_info: 0x7f81003840
01-01 12:31:38.422907   669   688 D RILC    : userTimerCallback free  p_info->event: 0x7f81003850
01-01 12:31:38.423070   669   688 D RILC    : s_last_wake_timeout_info: 0x7f810037e0 reset to NULL
01-01 12:31:38.423214   669   688 D RILC    : userTimerCallback free  p_info: 0x7f810037e0
01-01 12:31:38.423309   669   688 D RILC    : userTimerCallback free  p_info->event: 0x7f810037f0
01-01 12:31:39.673253   554   655 D RILMUXD : [gsm0710muxd] 1643:gsm0710_base_buffer_get_frame(): Get a complete frame. ch:2, ctrl:239, len:39
01-01 12:31:39.673364   554   655 D RILMUXD : [gsm0710muxd] 2383:extract_frames(): Writing 39 byte frame received on channel 2 to /dev/pts/2
01-01 12:31:39.673476   554   655 D RILMUXD : [gsm0710muxd] 2403:extract_frames(): write() returned. Written 39/39 bytes of frame to /dev/pts/2
01-01 12:31:39.673543   554   655 D RILMUXD : [gsm0710muxd] 2408:extract_frames(): fsync() failed (-1, 22 - Invalid argument)
01-01 12:31:39.673754   669   692 I AT      : AT read end: 39
01-01 12:31:39.673820   669   692 D AT      : AT< +ECSQ: 32,13,1,-354,-71,1,1,2,32767
01-01 12:31:39.673879   669   692 D AT      : RIL_URC_READER Enter processLine:+ECSQ: 32,13,1,-354,-71,1,1,2,32767
01-01 12:31:39.673943   669   692 D RIL     : Nw URC:+ECSQ: 32,13,1,-354,-71,1,1,2,32767
01-01 12:31:39.674017   669   692 D RIL     : convert3GRssiValue baseband=503 ,isFdd3G=1,isTdd3G=0 ,RSCP_in_qdbm=-354 ,EcN0_in_qdbm=-71
01-01 12:31:39.674094   669   692 D RILC    : callForRilVersion new vendor RIL, version: 10
01-01 12:31:39.674156   669   692 I RILC    : RIL_SOCKET_1 UNSOLICITED: UNSOL_SIGNAL_STRENGTH length:72
01-01 12:31:39.674211   669   692 E RILC    : Send Response to RIL_SOCKET_1
01-01 12:31:39.674327   669   692 I AT      : AT read start
01-01 12:31:39.674794  1697  1697 D GsmSST  : [GsmSST0] handle EVENT_SIGNAL_STRENGTH_UPDATE
01-01 12:31:39.675008  1697  1697 D GsmSST  : [GsmSST0] onSignalStrengthResult():  LastSignalStrength=SignalStrength: 11 14 -120 -160 -2 0 -1 99 2147483647 -2147483647 2147483647 2147483647 2147483647 gsm|lte 1 -348 -70
01-01 12:31:39.675265  1697  1697 D GsmSST  : [GsmSST0] onSignalStrengthResult():new mSignalStrength=SignalStrength: 11 13 -120 -160 -2 0 -1 99 2147483647 -2147483647 2147483647 2147483647 2147483647 gsm|lte 1 -356 -71
01-01 12:31:39.675561  1697  1697 W SignalStrength: SignalStrength get plugin
01-01 12:31:39.675750  1697  1697 I use-Rlog/RLOG-GSM: getLTELevel - rsrp:2147483647 snr:2147483647 rsrpIconLevel:-1 snrIconLevel:-1
01-01 12:31:39.675834  1697  1697 I use-Rlog/RLOG-GSM: getLTELevel - rssi:99 rssiIconLevel:0
01-01 12:31:39.675925  1697  1697 W SignalStrength: SignalStrength get plugin
01-01 12:31:39.676027  1697  1697 D use-Rlog/RLOG-GSM: mapGsmSignalDbm() gsmRscpQdbm=-356 asu=11
01-01 12:31:39.676113  1697  1697 W SignalStrength: SignalStrength get plugin
01-01 12:31:39.676197  1697  1697 D GsmSST  : [GsmSST0] notifySignalStrength: mSignalStrength.getLevel=4
01-01 12:31:39.676323  1697  1697 D SubscriptionController: [getSubId]- sSlotIdxToSubId.size == 0, return DummySubIds slotIdx=0
01-01 12:31:39.676415  1697  1697 D SubscriptionController: getDummySubIds: slotIdx=0 return 2 DummySubIds with each subId=-2
01-01 12:31:39.676712  1697  1697 D DefaultPhoneNotifier: notifySignalStrength: mRegistry=com.android.internal.telephony.ITelephonyRegistry$Stub$Proxy@48ef055 ss=SignalStrength: 11 13 -120 -160 -2 0 -1 99 2147483647 -2147483647 2147483647 2147483647 2147483647 gsm|lte 1 -356 -71 sender=Handler (com.android.internal.telephony.gsm.GSMPhone) {f2060a4}
01-01 12:31:39.677925   915   940 D TelephonyRegistry: notifySignalStrengthForSubscriber: subId=-2 signalStrength=SignalStrength: 11 13 -120 -160 -2 0 -1 99 2147483647 -2147483647 2147483647 2147483647 2147483647 gsm|lte 1 -356 -71
01-01 12:31:39.678074   915   940 D TelephonyRegistry: notifySignalStrengthForSubscriber: logSSC.length=5 next=2
01-01 12:31:39.683483   915   940 D TelephonyRegistry: notifyServiceStateForSubscriber Time 20160101T122813America/New_York(5,0,-18000,0,1451669293) mSubId -2 mPhoneId 0  mState 1 1 voice home data home null null null null null null  Unknown Unknown CSS not supported 0 0 RoamInd=-1 DefRoamInd=-1 EmergOnly=true Ril Voice Regist state: 10 Ril Data Regist state: 0 mProprietaryDataRadioTechnology: 0 VoiceRejectCause: -1 DataRejectCause: -1 mCdmaNetWorkMode: 0 IsDataRoamingFromRegistration=false
01-01 12:31:39.685817   915   940 D TelephonyRegistry: notifyServiceStateForSubscriber Time 20160101T122834America/New_York(5,0,-18000,0,1451669314) mSubId -2 mPhoneId 0  mState 1 1 voice home data home null null null null null null  Unknown Unknown CSS not supported -1 -1 RoamInd=-1 DefRoamInd=-1 EmergOnly=true Ril Voice Regist state: 10 Ril Data Regist state: 0 mProprietaryDataRadioTechnology: 0 VoiceRejectCause: -1 DataRejectCause: -1 mCdmaNetWorkMode: 0 IsDataRoamingFromRegistration=false
01-01 12:31:39.688531   915   940 D TelephonyRegistry: notifyServiceStateForSubscriber Time 20160101T122840America/New_York(5,0,-18000,0,1451669320) mSubId -2 mPhoneId 0  mState 1 1 voice home data home null null null null null null  Unknown Unknown CSS not supported 0 0 RoamInd=-1 DefRoamInd=-1 EmergOnly=true Ril Voice Regist state: 10 Ril Data Regist state: 0 mProprietaryDataRadioTechnology: 0 VoiceRejectCause: -1 DataRejectCause: -1 mCdmaNetWorkMode: 0 IsDataRoamingFromRegistration=false
01-01 12:31:39.691238   915   940 D TelephonyRegistry: notifyServiceStateForSubscriber Time 20160101T123023America/New_York(5,0,-18000,0,1451669423) mSubId -2 mPhoneId 0  mState 1 1 voice home data home null null null null null null  Unknown Unknown CSS not supported -1 -1 RoamInd=-1 DefRoamInd=-1 EmergOnly=true Ril Voice Regist state: 10 Ril Data Regist state: 0 mProprietaryDataRadioTechnology: 0 VoiceRejectCause: -1 DataRejectCause: -1 mCdmaNetWorkMode: 0 IsDataRoamingFromRegistration=false
01-01 12:31:39.693325   915   940 D TelephonyRegistry: notifyServiceStateForSubscriber Time 20160101T123137America/New_York(5,0,-18000,0,1451669497) mSubId -2 mPhoneId 0  mState 1 1 voice home data home null null null null null null  Unknown Unknown CSS not supported 0 0 RoamInd=-1 DefRoamInd=-1 EmergOnly=true Ril Voice Regist state: 10 Ril Data Regist state: 0 mProprietaryDataRadioTechnology: 0 VoiceRejectCause: -1 DataRejectCause: -1 mCdmaNetWorkMode: 0 IsDataRoamingFromRegistration=false
01-01 12:31:39.693449   915   940 D TelephonyRegistry: notifySignalStrengthForSubscriber: ----------------
01-01 12:31:39.693737   915   940 D SubscriptionManager: [getPhoneId]- return dummy value, subId = -2
01-01 12:31:39.693885   915   940 D TelephonyRegistry: validatePhoneId: true
01-01 12:31:39.693985   915   940 D TelephonyRegistry: notifySignalStrengthForSubscriber: valid phoneId=0
01-01 12:31:39.695868  1697  1697 D SubscriptionController: [getPhoneId] asked for default subId=-1
01-01 12:31:39.696322  1697  1697 D SubscriptionController: [getPhoneId]- invalid subId = -1 return = -1
01-01 12:31:39.698078   915   940 D SubscriptionManager: [getPhoneId]- return dummy value, subId = -2
01-01 12:31:39.698244   915   940 D TelephonyRegistry: idMatch: rlt=false
01-01 12:31:39.701092  1697  1697 D SubscriptionController: [getPhoneId] asked for default subId=-1
01-01 12:31:39.701359  1697  1697 D SubscriptionController: [getPhoneId]- invalid subId = -1 return = -1
01-01 12:31:39.701965   915   940 D SubscriptionManager: [getPhoneId]- return dummy value, subId = -2
01-01 12:31:39.702125   915   940 D TelephonyRegistry: idMatch: rlt=false
01-01 12:31:39.702304   915   940 D TelephonyRegistry: handleRemoveListLocked: mRemoveList.size()=0
01-01 12:31:39.702634   915   940 W SignalStrength: SignalStrength get plugin
01-01 12:31:39.702958   915   940 I use-Rlog/RLOG-GSM: getLTELevel - rsrp:2147483647 snr:2147483647 rsrpIconLevel:-1 snrIconLevel:-1
01-01 12:31:39.703140   915   940 I use-Rlog/RLOG-GSM: getLTELevel - rssi:99 rssiIconLevel:0
01-01 12:31:39.703429   915   940 W SignalStrength: SignalStrength get plugin
01-01 12:31:39.704028   915   940 D use-Rlog/RLOG-GSM: mapGsmSignalDbm() gsmRscpQdbm=-356 asu=11
01-01 12:31:39.705149   915   940 W SignalStrength: SignalStrength get plugin
01-01 12:31:39.706155   915   940 D SubscriptionManager: [getPhoneId]- return dummy value, subId = -2
01-01 12:31:39.707371  1697  1697 D SubscriptionController: [getSubId]- sSlotIdxToSubId.size == 0, return DummySubIds slotIdx=0
01-01 12:31:39.707506  1697  1697 D SubscriptionController: getDummySubIds: slotIdx=0 return 2 DummySubIds with each subId=-2
01-01 12:31:39.709029  1697  1697 D GsmSST  : [GsmSST0] handleMessage msg done
01-01 12:31:40.854469   554   554 D RILMUXD : [gsm0710muxd] 3897:main(): Frames received/dropped: 1700/0
01-01 12:31:40.856889   669   688 I RILC    : NUMBER:1
01-01 12:31:40.856995   669   688 I RILC    : arg len:14
01-01 12:31:40.857100   669   688 I RILC    : ARGS[0]:THERMAL,0,-1
01-01 12:31:40.857286   669   688 D RILC    : C[locl]> QUERY_MODEM_THERMAL
01-01 12:31:40.857383   669   688 D RILC-MTK: QUERY_MODEM_THERMAL pRI=0x7f8318c780 p=0x7f83196850 dispatched to RIL_CMD_PROXY_1
01-01 12:31:40.857586   669   680 I RILC-MTK: RIL_CMD_PROXY_4 wakeup
01-01 12:31:40.857627   669   682 I RILC-MTK: RIL_URC2_PROXY wakeup
01-01 12:31:40.857673   669   680 I RILC-MTK: RIL_CMD_PROXY_4 sleep
01-01 12:31:40.857749   669   683 I RILC-MTK: RIL_CMD2_PROXY_3 wakeup
01-01 12:31:40.857783   669   682 I RILC-MTK: RIL_URC2_PROXY sleep
01-01 12:31:40.857851   669   684 I RILC-MTK: RIL_CMD2_PROXY_2 wakeup
01-01 12:31:40.857932   669   684 I RILC-MTK: RIL_CMD2_PROXY_2 sleep
01-01 12:31:40.858017   669   685 I RILC-MTK: RIL_CMD2_PROXY_1 wakeup
01-01 12:31:40.858078   669   685 I RILC-MTK: RIL_CMD2_PROXY_1 sleep
01-01 12:31:40.858160   669   678 I RILC-MTK: RIL_CMD_PROXY_2 wakeup
01-01 12:31:40.858312   669   681 I RILC-MTK: RIL_ATCI_PROXY wakeup
01-01 12:31:40.858326   669   678 I RILC-MTK: RIL_CMD_PROXY_2 sleep
01-01 12:31:40.858579   669   683 I RILC-MTK: RIL_CMD2_PROXY_3 sleep
01-01 12:31:40.858699   669   686 I RILC-MTK: RIL_CMD2_PROXY_4 wakeup
01-01 12:31:40.858739   669   679 I RILC-MTK: RIL_CMD_PROXY_1 wakeup
01-01 12:31:40.858777   669   686 I RILC-MTK: RIL_CMD2_PROXY_4 sleep
01-01 12:31:40.858897   669   676 I RILC-MTK: RIL_URC_PROXY wakeup
01-01 12:31:40.858941   669   687 I RILC-MTK: RIL_ATCI2_PROXY wakeup
01-01 12:31:40.858960   669   676 I RILC-MTK: RIL_URC_PROXY sleep
01-01 12:31:40.859092   669   677 I RILC-MTK: RIL_CMD_PROXY_3 wakeup
01-01 12:31:40.859128   669   681 I RILC-MTK: RIL_ATCI_PROXY sleep
01-01 12:31:40.859296   669   687 I RILC-MTK: RIL_ATCI2_PROXY sleep
01-01 12:31:40.859412   669   679 D RILC-MTK: proxy id:3, proxyName: RIL_CMD_PROXY_1
01-01 12:31:40.859433   669   677 I RILC-MTK: RIL_CMD_PROXY_3 sleep
01-01 12:31:40.859491   669   679 D RILC-MTK: QUERY_MODEM_THERMAL pRI=0x7f8318c780 p=0x7f83196850 execute on RIL_CMD_PROXY_1 using channel 3
01-01 12:31:40.859560   669   679 D RILC    : callOnRequest for new vendor ril
01-01 12:31:40.859624   669   679 D RIL     : onRequest: QUERY_MODEM_THERMAL, datalen = 8
01-01 12:31:40.859684   669   679 D RIL     : radioState:10
01-01 12:31:40.859754   669   679 D RIL     : requestQueryThermal Enter,-1
01-01 12:31:40.859838   669   679 D AT      : getRILChannelCtx subsystem:1, rid:0 channelOffset:0
01-01 12:31:40.859904   669   679 D AT      : AT send on RIL_CMD_READER_3, tid:547650565184
01-01 12:31:40.859979   669   679 D AT      : AT> AT+ETHERMAL
01-01 12:31:40.860040   669   679 I AT      : AT write start
01-01 12:31:40.860297   554   661 D RILMUXD : [gsm0710muxd] 3614:poll_thread(): poll_thread select found
01-01 12:31:40.860385   554   661 D RILMUXD : [gsm0710muxd] 1045:pseudo_device_read(): Enter, LackofAtciChannel=0
01-01 12:31:40.860473   554   661 D RILMUXD : [gsm0710muxd] 657:write_frame(): Sending frame to channel 5
01-01 12:31:40.860645   554   661 D RILMUXD : [gsm0710muxd] 766:write_frame(): Write a frame on channel 5 with length 12
01-01 12:31:40.869374   554   655 D RILMUXD : [gsm0710muxd] 1643:gsm0710_base_buffer_get_frame(): Get a complete frame. ch:5, ctrl:239, len:44
01-01 12:31:40.869511   554   655 D RILMUXD : [gsm0710muxd] 2383:extract_frames(): Writing 44 byte frame received on channel 5 to /dev/pts/5
01-01 12:31:40.869643   554   655 D RILMUXD : [gsm0710muxd] 2403:extract_frames(): write() returned. Written 44/44 bytes of frame to /dev/pts/5
01-01 12:31:40.869719   554   655 D RILMUXD : [gsm0710muxd] 2408:extract_frames(): fsync() failed (-1, 22 - Invalid argument)
01-01 12:31:40.869802   554   655 D RILMUXD : [gsm0710muxd] 1643:gsm0710_base_buffer_get_frame(): Get a complete frame. ch:5, ctrl:239, len:6
01-01 12:31:40.869877   554   655 D RILMUXD : [gsm0710muxd] 2383:extract_frames(): Writing 6 byte frame received on channel 5 to /dev/pts/5
01-01 12:31:40.870007   554   655 D RILMUXD : [gsm0710muxd] 2403:extract_frames(): write() returned. Written 6/6 bytes of frame to /dev/pts/5
01-01 12:31:40.870079   554   655 D RILMUXD : [gsm0710muxd] 2408:extract_frames(): fsync() failed (-1, 22 - Invalid argument)
01-01 12:31:40.870837   669   695 I AT      : AT read end: 50
01-01 12:31:40.870922   669   695 D AT      : AT< +ETHERMAL: 2, 32767, -127, -1, 32767, 18
01-01 12:31:40.871089   669   695 D AT      : RIL_CMD_READER_3 Enter processLine:+ETHERMAL: 2, 32767, -127, -1, 32767, 18
01-01 12:31:40.871191   669   695 D AT      : AT< OK
01-01 12:31:40.871254   669   695 D AT      : RIL_CMD_READER_3 Enter processLine:OK
01-01 12:31:40.871337   669   695 I AT      : AT read start
01-01 12:31:40.871615   669   679 D AT      : response received on RIL_CMD_READER_3, tid:547650565184
01-01 12:31:40.871689   669   679 D RIL     : requestQueryThermal success
01-01 12:31:40.871757   669   679 D RILC    : RequestComplete, RIL_SOCKET_1
01-01 12:31:40.871822   669   679 D RILC    : [THERMAL] local request for THERMAL returned 
01-01 12:31:40.871894   669   679 D RILC    : [THERMAL] s_THERMAL_fd is valid strResult is  2, 32767, -127, -1, 32767, 18
01-01 12:31:40.872005   669   679 D RILC-MTK: proxyLoop free  pRI=0x7f8318c780 p=0x7f83196850 
01-01 12:31:40.872081   669   679 D RILC-MTK: proxyLoop free  pRequest=0x7f82df2b60
01-01 12:31:40.872143   669   679 I RILC-MTK: RIL_CMD_PROXY_1 sleep
01-01 12:31:44.794684   554   655 D RILMUXD : [gsm0710muxd] 1643:gsm0710_base_buffer_get_frame(): Get a complete frame. ch:2, ctrl:239, len:39
01-01 12:31:44.794797   554   655 D RILMUXD : [gsm0710muxd] 2383:extract_frames(): Writing 39 byte frame received on channel 2 to /dev/pts/2
01-01 12:31:44.794917   554   655 D RILMUXD : [gsm0710muxd] 2403:extract_frames(): write() returned. Written 39/39 bytes of frame to /dev/pts/2
01-01 12:31:44.795155   554   655 D RILMUXD : [gsm0710muxd] 2408:extract_frames(): fsync() failed (-1, 22 - Invalid argument)
01-01 12:31:44.795424   669   692 I AT      : AT read end: 39
01-01 12:31:44.795568   669   692 D AT      : AT< +ECSQ: 32,14,1,-353,-69,1,1,2,32767
01-01 12:31:44.795633   669   692 D AT      : RIL_URC_READER Enter processLine:+ECSQ: 32,14,1,-353,-69,1,1,2,32767
01-01 12:31:44.795711   669   692 D RIL     : Nw URC:+ECSQ: 32,14,1,-353,-69,1,1,2,32767
01-01 12:31:44.795792   669   692 D RIL     : convert3GRssiValue baseband=503 ,isFdd3G=1,isTdd3G=0 ,RSCP_in_qdbm=-353 ,EcN0_in_qdbm=-69
01-01 12:31:44.795872   669   692 D RILC    : callForRilVersion new vendor RIL, version: 10
01-01 12:31:44.795936   669   692 I RILC    : RIL_SOCKET_1 UNSOLICITED: UNSOL_SIGNAL_STRENGTH length:72
01-01 12:31:44.795992   669   692 E RILC    : Send Response to RIL_SOCKET_1
01-01 12:31:44.796117   669   692 I AT      : AT read start
01-01 12:31:44.796779  1697  1697 D GsmSST  : [GsmSST0] handle EVENT_SIGNAL_STRENGTH_UPDATE
01-01 12:31:44.797113  1697  1697 D GsmSST  : [GsmSST0] onSignalStrengthResult():  LastSignalStrength=SignalStrength: 11 13 -120 -160 -2 0 -1 99 2147483647 -2147483647 2147483647 2147483647 2147483647 gsm|lte 1 -356 -71
01-01 12:31:44.797269  1697  1697 D GsmSST  : [GsmSST0] onSignalStrengthResult():new mSignalStrength=SignalStrength: 11 14 -120 -160 -2 0 -1 99 2147483647 -2147483647 2147483647 2147483647 2147483647 gsm|lte 1 -356 -69
01-01 12:31:44.797474  1697  1697 W SignalStrength: SignalStrength get plugin
01-01 12:31:44.797597  1697  1697 I use-Rlog/RLOG-GSM: getLTELevel - rsrp:2147483647 snr:2147483647 rsrpIconLevel:-1 snrIconLevel:-1
01-01 12:31:44.797715  1697  1697 I use-Rlog/RLOG-GSM: getLTELevel - rssi:99 rssiIconLevel:0
01-01 12:31:44.797860  1697  1697 W SignalStrength: SignalStrength get plugin
01-01 12:31:44.797989  1697  1697 D use-Rlog/RLOG-GSM: mapGsmSignalDbm() gsmRscpQdbm=-356 asu=11
01-01 12:31:44.798109  1697  1697 W SignalStrength: SignalStrength get plugin
01-01 12:31:44.798196  1697  1697 D GsmSST  : [GsmSST0] notifySignalStrength: mSignalStrength.getLevel=4
01-01 12:31:44.798340  1697  1697 D SubscriptionController: [getSubId]- sSlotIdxToSubId.size == 0, return DummySubIds slotIdx=0
01-01 12:31:44.798446  1697  1697 D SubscriptionController: getDummySubIds: slotIdx=0 return 2 DummySubIds with each subId=-2
01-01 12:31:44.798663  1697  1697 D DefaultPhoneNotifier: notifySignalStrength: mRegistry=com.android.internal.telephony.ITelephonyRegistry$Stub$Proxy@48ef055 ss=SignalStrength: 11 14 -120 -160 -2 0 -1 99 2147483647 -2147483647 2147483647 2147483647 2147483647 gsm|lte 1 -356 -69 sender=Handler (com.android.internal.telephony.gsm.GSMPhone) {f2060a4}
01-01 12:31:44.799782   915  1773 D TelephonyRegistry: notifySignalStrengthForSubscriber: subId=-2 signalStrength=SignalStrength: 11 14 -120 -160 -2 0 -1 99 2147483647 -2147483647 2147483647 2147483647 2147483647 gsm|lte 1 -356 -69
01-01 12:31:44.799960   915  1773 D TelephonyRegistry: notifySignalStrengthForSubscriber: logSSC.length=5 next=2
01-01 12:31:44.801567   915  1773 D TelephonyRegistry: notifyServiceStateForSubscriber Time 20160101T122813America/New_York(5,0,-18000,0,1451669293) mSubId -2 mPhoneId 0  mState 1 1 voice home data home null null null null null null  Unknown Unknown CSS not supported 0 0 RoamInd=-1 DefRoamInd=-1 EmergOnly=true Ril Voice Regist state: 10 Ril Data Regist state: 0 mProprietaryDataRadioTechnology: 0 VoiceRejectCause: -1 DataRejectCause: -1 mCdmaNetWorkMode: 0 IsDataRoamingFromRegistration=false
01-01 12:31:44.803423   915  1773 D TelephonyRegistry: notifyServiceStateForSubscriber Time 20160101T122834America/New_York(5,0,-18000,0,1451669314) mSubId -2 mPhoneId 0  mState 1 1 voice home data home null null null null null null  Unknown Unknown CSS not supported -1 -1 RoamInd=-1 DefRoamInd=-1 EmergOnly=true Ril Voice Regist state: 10 Ril Data Regist state: 0 mProprietaryDataRadioTechnology: 0 VoiceRejectCause: -1 DataRejectCause: -1 mCdmaNetWorkMode: 0 IsDataRoamingFromRegistration=false
01-01 12:31:44.806102   915  1773 D TelephonyRegistry: notifyServiceStateForSubscriber Time 20160101T122840America/New_York(5,0,-18000,0,1451669320) mSubId -2 mPhoneId 0  mState 1 1 voice home data home null null null null null null  Unknown Unknown CSS not supported 0 0 RoamInd=-1 DefRoamInd=-1 EmergOnly=true Ril Voice Regist state: 10 Ril Data Regist state: 0 mProprietaryDataRadioTechnology: 0 VoiceRejectCause: -1 DataRejectCause: -1 mCdmaNetWorkMode: 0 IsDataRoamingFromRegistration=false
01-01 12:31:44.809261   915  1773 D TelephonyRegistry: notifyServiceStateForSubscriber Time 20160101T123023America/New_York(5,0,-18000,0,1451669423) mSubId -2 mPhoneId 0  mState 1 1 voice home data home null null null null null null  Unknown Unknown CSS not supported -1 -1 RoamInd=-1 DefRoamInd=-1 EmergOnly=true Ril Voice Regist state: 10 Ril Data Regist state: 0 mProprietaryDataRadioTechnology: 0 VoiceRejectCause: -1 DataRejectCause: -1 mCdmaNetWorkMode: 0 IsDataRoamingFromRegistration=false
01-01 12:31:44.811337   915  1773 D TelephonyRegistry: notifyServiceStateForSubscriber Time 20160101T123137America/New_York(5,0,-18000,0,1451669497) mSubId -2 mPhoneId 0  mState 1 1 voice home data home null null null null null null  Unknown Unknown CSS not supported 0 0 RoamInd=-1 DefRoamInd=-1 EmergOnly=true Ril Voice Regist state: 10 Ril Data Regist state: 0 mProprietaryDataRadioTechnology: 0 VoiceRejectCause: -1 DataRejectCause: -1 mCdmaNetWorkMode: 0 IsDataRoamingFromRegistration=false
