01-01 12:31:37.681948   915  1990 V InputMethodManagerService: windowGainedFocus: android.os.BinderProxy@7bf2f30 controlFlags=#105 softInputMode=#110 windowFlags=#1810100
01-01 12:31:37.688941   915   991 V WindowManager: Looking for focus: 9 = Window{4ff8cb7 u0 StatusBar}, flags=-2122055608, canReceive=false
01-01 12:31:37.689179   915   991 V WindowManager: findFocusedWindow: Found new focus @ 6 = Window{b9957f2 u0 com.mediatek.mtklogger/com.mediatek.mtklogger.LogFolderListActivity}
01-01 12:31:37.689778   915   991 D WindowManager: notifyActivityDrawnForKeyguard: waiting=false Callers=com.android.server.wm.WindowManagerService.handleAppTransitionReadyLocked:10113 com.android.server.wm.WindowManagerService.performLayoutAndPlaceSurfacesLockedInner:10733 com.android.server.wm.WindowManagerService.performLayoutAndPlaceSurfacesLockedLoop:9477 com.android.server.wm.WindowManagerService.performLayoutAndPlaceSurfacesLocked:9424 com.android.server.wm.WindowManagerService.-wrap8:-1 
01-01 12:31:37.801383   915  1994 V WindowManager: Looking for focus: 9 = Window{4ff8cb7 u0 StatusBar}, flags=-2122055608, canReceive=false
01-01 12:31:37.801667   915  1994 V WindowManager: findFocusedWindow: Found new focus @ 6 = Window{b9957f2 u0 com.mediatek.mtklogger/com.mediatek.mtklogger.LogFolderListActivity}
01-01 12:31:37.814144   915  1489 D PowerManagerService: releaseWakeLockInternal: lock=114409920 [*launch*], flags=0x0, total_time=474ms
01-01 12:31:37.814735   915  1489 D PowerManagerNotifier: onWakeLockReleased: flags=1, tag="*launch*", packageName=android, ownerUid=1000, ownerPid=915, workSource=WorkSource{10092}
01-01 12:31:37.815529   915  1489 D PowerManagerService: updateWakeLockSummaryLocked: mWakefulness=Awake, mWakeLockSummary=0x0
01-01 12:31:37.815823   915  1489 D PowerManagerService: updateUserActivitySummaryLocked: mWakefulness=Awake, mUserActivitySummary=0x1, nextTimeout=1710677 (in 52427 ms)
01-01 12:31:37.816300   915  1489 D DisplayPowerController: requestPowerState: policy=BRIGHT, useProximitySensor=false, screenBrightness=102, screenAutoBrightnessAdjustment=1.0, brightnessSetByUser=true, useAutoBrightness=true, blockScreenOn=false, lowPowerMode=false, boostScreenBrightness=false, dozeScreenBrightness=-1, dozeScreenState=UNKNOWN, waitForNegativeProximity=false
01-01 12:31:37.816407   915  1489 I PowerManagerService: setBrightness mButtonLight 0.
01-01 12:31:37.816590   915  1489 D PowerManagerService: updateDisplayPowerStateLocked: mDisplayReady=true, policy=3, mWakefulness=1, mWakeLockSummary=0x0, mUserActivitySummary=0x1, mBootCompleted=true, mScreenBrightnessBoostInProgress=false
01-01 12:31:37.816782   915  1489 D PowerManagerService: Releasing suspend blocker "PowerManagerService.WakeLocks".
01-01 12:31:38.058780   915   991 D ActivityManager: ACT-windowsVisible(): ActivityRecord{40e27c1 u0 com.mediatek.mtklogger/.LogFolderListActivity t9}
01-01 12:31:38.059040   915   991 D ActivityManager: ACT-IDLE_NOW_MSG from windowsVisible() for idle: ActivityRecord{40e27c1 u0 com.mediatek.mtklogger/.LogFolderListActivity t9}
01-01 12:31:38.061214   915   991 V WindowManager: Looking for focus: 9 = Window{4ff8cb7 u0 StatusBar}, flags=-2122055608, canReceive=false
01-01 12:31:38.061446   915   991 V WindowManager: findFocusedWindow: Found new focus @ 6 = Window{b9957f2 u0 com.mediatek.mtklogger/com.mediatek.mtklogger.LogFolderListActivity}
01-01 12:31:38.069294   915   965 V WindowManager: setAppVisibility(Token{b3f6734 ActivityRecord{5f15846 u0 com.mediatek.mtklogger/.MainActivity t9}}, visible=false): mNextAppTransition=TRANSIT_UNSET hidden=true hiddenRequested=true Callers=com.android.server.am.ActivityStack.stopActivityLocked:3215 com.android.server.am.ActivityStackSupervisor.activityIdleInternalLocked:3018 com.android.server.am.ActivityStackSupervisor$ActivityStackSupervisorHandler.activityIdleInternal:4552 com.android.server.am.ActivityStackSupervisor$ActivityStackSupervisorHandler.handleMessage:4575 android.os.Handler.dispatchMessage:111 android.os.Looper.loop:207 
01-01 12:31:38.071588  3091  3091 V ActivityThread: Finishing stop of ActivityRecord{13e0b1 token=android.os.BinderProxy@d2c996 {com.mediatek.mtklogger/com.mediatek.mtklogger.MainActivity}}: show=false win=com.android.internal.policy.PhoneWindow@6593765
01-01 12:31:38.074645  3091  3091 D ActivityThread: ACT-STOP_ACTIVITY_HIDE handled : 0 / android.os.BinderProxy@d2c996
01-01 12:31:38.407936   915  1035 D PowerManagerService: userActivityFromNative
01-01 12:31:38.408607   915  1035 D PowerManagerService: userActivityNoUpdateLocked: eventTime=1658836, event=2, flags=0x0, uid=1000
01-01 12:31:38.408959   915  1035 D PowerManagerNotifier: onUserActivity: event=2, uid=1000
01-01 12:31:38.410115   915  1035 D PowerManagerService: updateUserActivitySummaryLocked: mWakefulness=Awake, mUserActivitySummary=0x1, nextTimeout=1711836 (in 52992 ms)
01-01 12:31:38.410695   915  1035 D DisplayPowerController: requestPowerState: policy=BRIGHT, useProximitySensor=false, screenBrightness=102, screenAutoBrightnessAdjustment=1.0, brightnessSetByUser=true, useAutoBrightness=true, blockScreenOn=false, lowPowerMode=false, boostScreenBrightness=false, dozeScreenBrightness=-1, dozeScreenState=UNKNOWN, waitForNegativeProximity=false
01-01 12:31:38.410858   915  1035 I PowerManagerService: setBrightness mButtonLight 0.
01-01 12:31:38.411244   915  1035 D PowerManagerService: updateDisplayPowerStateLocked: mDisplayReady=true, policy=3, mWakefulness=1, mWakeLockSummary=0x0, mUserActivitySummary=0x1, mBootCompleted=true, mScreenBrightnessBoostInProgress=false
01-01 12:31:38.491081   915  1489 D WindowManager: addWindowToListInOrderLocked: win=Window{de8216d u0 com.mediatek.mtklogger/com.mediatek.mtklogger.LogFolderListActivity} Callers=com.android.server.wm.WindowManagerService.addWindow:2782 com.android.server.wm.Session.addToDisplay:171 android.view.IWindowSession$Stub.onTransact:124 com.android.server.wm.Session.onTransact:133 
01-01 12:31:38.491339   915  1489 V WindowManager: not Base app: Adding window Window{de8216d u0 com.mediatek.mtklogger/com.mediatek.mtklogger.LogFolderListActivity} at 7 of 11
01-01 12:31:38.491593   915  1489 V WindowManager: Looking for focus: 10 = Window{4ff8cb7 u0 StatusBar}, flags=-2122055608, canReceive=false
01-01 12:31:38.491801   915  1489 V WindowManager: findFocusedWindow: Found new focus @ 7 = Window{de8216d u0 com.mediatek.mtklogger/com.mediatek.mtklogger.LogFolderListActivity}
01-01 12:31:38.492441   915  1489 V WindowManager: Changing focus from Window{b9957f2 u0 com.mediatek.mtklogger/com.mediatek.mtklogger.LogFolderListActivity} to Window{de8216d u0 com.mediatek.mtklogger/com.mediatek.mtklogger.LogFolderListActivity} Callers=com.android.server.wm.WindowManagerService.addWindow:2822 com.android.server.wm.Session.addToDisplay:171 android.view.IWindowSession$Stub.onTransact:124 com.android.server.wm.Session.onTransact:133 
01-01 12:31:38.492759   915  1489 D WindowManager: Input focus has changed to Window{de8216d u0 com.mediatek.mtklogger/com.mediatek.mtklogger.LogFolderListActivity}
01-01 12:31:38.494642   915   991 I WindowManager: Focus moving from Window{b9957f2 u0 com.mediatek.mtklogger/com.mediatek.mtklogger.LogFolderListActivity} to Window{de8216d u0 com.mediatek.mtklogger/com.mediatek.mtklogger.LogFolderListActivity}
01-01 12:31:38.494817   915   991 I WindowManager: Gaining focus: Window{de8216d u0 com.mediatek.mtklogger/com.mediatek.mtklogger.LogFolderListActivity}
01-01 12:31:38.510305   915  1989 I WindowStateAnimator:   CREATE SURFACE Surface(name=com.mediatek.mtklogger/com.mediatek.mtklogger.LogFolderListActivity) IN SESSION android.view.SurfaceSession@15d523a: pid=3091 format=-2 flags=0x4 / WindowStateAnimator{d53a1a2 com.mediatek.mtklogger/com.mediatek.mtklogger.LogFolderListActivity}
01-01 12:31:38.511497   915  1989 V WindowManager: Looking for focus: 10 = Window{4ff8cb7 u0 StatusBar}, flags=-2122055608, canReceive=false
01-01 12:31:38.511760   915  1989 V WindowManager: findFocusedWindow: Found new focus @ 7 = Window{de8216d u0 com.mediatek.mtklogger/com.mediatek.mtklogger.LogFolderListActivity}
01-01 12:31:38.602062   915  1815 V WindowStateAnimator: finishDrawingLocked: mDrawState=COMMIT_DRAW_PENDING WindowStateAnimator{d53a1a2 com.mediatek.mtklogger/com.mediatek.mtklogger.LogFolderListActivity} in Surface(name=com.mediatek.mtklogger/com.mediatek.mtklogger.LogFolderListActivity)
01-01 12:31:38.617989   915   991 I WindowManager: Losing delayed focus: Window{b9957f2 u0 com.mediatek.mtklogger/com.mediatek.mtklogger.LogFolderListActivity}
01-01 12:31:39.156196   915  1035 D PowerManagerService: userActivityFromNative
01-01 12:31:39.156639   915  1035 D PowerManagerService: userActivityNoUpdateLocked: eventTime=1659588, event=2, flags=0x0, uid=1000
01-01 12:31:39.157150   915  1035 D PowerManagerNotifier: onUserActivity: event=2, uid=1000
01-01 12:31:39.157788   915  1035 D PowerManagerService: updateUserActivitySummaryLocked: mWakefulness=Awake, mUserActivitySummary=0x1, nextTimeout=1712588 (in 52996 ms)
01-01 12:31:39.159285   915  1035 D DisplayPowerController: requestPowerState: policy=BRIGHT, useProximitySensor=false, screenBrightness=102, screenAutoBrightnessAdjustment=1.0, brightnessSetByUser=true, useAutoBrightness=true, blockScreenOn=false, lowPowerMode=false, boostScreenBrightness=false, dozeScreenBrightness=-1, dozeScreenState=UNKNOWN, waitForNegativeProximity=false
01-01 12:31:39.159484   915  1035 I PowerManagerService: setBrightness mButtonLight 0.
01-01 12:31:39.159822   915  1035 D PowerManagerService: updateDisplayPowerStateLocked: mDisplayReady=true, policy=3, mWakefulness=1, mWakeLockSummary=0x0, mUserActivitySummary=0x1, mBootCompleted=true, mScreenBrightnessBoostInProgress=false
01-01 12:31:39.258307   915  1418 D WindowManager: addWindowToListInOrderLocked: win=Window{bee35ee u0 } Callers=com.android.server.wm.WindowManagerService.addWindow:2782 com.android.server.wm.Session.addToDisplay:171 android.view.IWindowSession$Stub.onTransact:124 com.android.server.wm.Session.onTransact:133 
01-01 12:31:39.258610   915  1418 V WindowManager: not Base app: Adding window Window{bee35ee u0 } at 8 of 12
01-01 12:31:39.258913   915  1418 V WindowManager: Looking for focus: 11 = Window{4ff8cb7 u0 StatusBar}, flags=-2122055608, canReceive=false
01-01 12:31:39.259164   915  1418 V WindowManager: findFocusedWindow: Found new focus @ 8 = Window{bee35ee u0 }
01-01 12:31:39.259896   915  1418 V WindowManager: Changing focus from Window{de8216d u0 com.mediatek.mtklogger/com.mediatek.mtklogger.LogFolderListActivity} to Window{bee35ee u0 } Callers=com.android.server.wm.WindowManagerService.addWindow:2822 com.android.server.wm.Session.addToDisplay:171 android.view.IWindowSession$Stub.onTransact:124 com.android.server.wm.Session.onTransact:133 
01-01 12:31:39.260268   915  1418 D WindowManager: Input focus has changed to Window{bee35ee u0 }
01-01 12:31:39.262511   915   991 I WindowManager: Focus moving from Window{de8216d u0 com.mediatek.mtklogger/com.mediatek.mtklogger.LogFolderListActivity} to Window{bee35ee u0 }
01-01 12:31:39.262694   915   991 I WindowManager: Gaining focus: Window{bee35ee u0 }
01-01 12:31:39.285606   915  1815 V WindowManager: Looking for focus: 11 = Window{4ff8cb7 u0 StatusBar}, flags=-2122055608, canReceive=false
01-01 12:31:39.285922   915  1815 V WindowManager: findFocusedWindow: Found new focus @ 8 = Window{bee35ee u0 }
01-01 12:31:39.310646   915  1138 I WindowStateAnimator:   CREATE SURFACE Surface(name=) IN SESSION android.view.SurfaceSession@15d523a: pid=3091 format=-2 flags=0x4 / WindowStateAnimator{b411125 }
01-01 12:31:39.311823   915  1138 V WindowManager: Looking for focus: 11 = Window{4ff8cb7 u0 StatusBar}, flags=-2122055608, canReceive=false
01-01 12:31:39.312130   915  1138 V WindowManager: findFocusedWindow: Found new focus @ 8 = Window{bee35ee u0 }
01-01 12:31:39.394746   915  1992 V WindowStateAnimator: finishDrawingLocked: mDrawState=COMMIT_DRAW_PENDING WindowStateAnimator{b411125 } in Surface(name=)
01-01 12:31:39.411580   915   991 I WindowManager: Losing delayed focus: Window{de8216d u0 com.mediatek.mtklogger/com.mediatek.mtklogger.LogFolderListActivity EXITING}
01-01 12:31:39.708316   915   940 V ActivityManager: Broadcast sticky: Intent { act=android.intent.action.SIG_STR flg=0x20000010 (has extras) } ordered=false userid=-1 callerApp=ProcessRecord{b59114d 915:system/1000}
01-01 12:31:39.746730   915  1012 D AutomaticBrightnessController: calculateAmbientLux: [-10000, 100]: lux=400.0, weight=5.1005E7
01-01 12:31:39.746958   915  1012 D AutomaticBrightnessController: calculateAmbientLux: totalWeight=5.1005E7, newAmbientLux=400.0
01-01 12:31:39.747158   915  1012 D AutomaticBrightnessController: updateAmbientLux: Scheduling ambient lux update for 16641811664181 (in 3999 ms)
01-01 12:31:39.791530   915  1989 V WindowManager: Remove Window{bee35ee u0 } client=9f26769, surface=Surface(name=) Callers=com.android.server.wm.WindowManagerService.removeWindow:2911 com.android.server.wm.Session.remove:190 android.view.IWindowSession$Stub.onTransact:242 com.android.server.wm.Session.onTransact:133 
01-01 12:31:39.793880   915  1989 V WindowManager: Looking for focus: 10 = Window{4ff8cb7 u0 StatusBar}, flags=-2122055608, canReceive=false
01-01 12:31:39.794188   915  1989 V WindowManager: findFocusedWindow: Found new focus @ 6 = Window{b9957f2 u0 com.mediatek.mtklogger/com.mediatek.mtklogger.LogFolderListActivity}
01-01 12:31:39.795753   915  1989 V WindowManager: Changing focus from Window{bee35ee u0  EXITING} to Window{b9957f2 u0 com.mediatek.mtklogger/com.mediatek.mtklogger.LogFolderListActivity} Callers=com.android.server.wm.WindowManagerService.removeWindowLocked:2984 com.android.server.wm.WindowManagerService.removeWindow:2911 com.android.server.wm.Session.remove:190 android.view.IWindowSession$Stub.onTransact:242 
01-01 12:31:39.796108   915  1989 D WindowManager: Input focus has changed to Window{b9957f2 u0 com.mediatek.mtklogger/com.mediatek.mtklogger.LogFolderListActivity}
01-01 12:31:39.801711   915   991 I WindowManager: Focus moving from Window{bee35ee u0  EXITING} to Window{b9957f2 u0 com.mediatek.mtklogger/com.mediatek.mtklogger.LogFolderListActivity}
01-01 12:31:39.801914   915   991 I WindowManager: Gaining focus: Window{b9957f2 u0 com.mediatek.mtklogger/com.mediatek.mtklogger.LogFolderListActivity}
01-01 12:31:39.802267   915   991 I WindowManager: Losing focus: Window{bee35ee u0  EXITING}
01-01 12:31:39.806751   915  1815 D ActivityManager: ACT-Finishing activity token=Token{a69eb66 ActivityRecord{40e27c1 u0 com.mediatek.mtklogger/.LogFolderListActivity t9}}, result=0, data=null
01-01 12:31:39.807296   915  1815 D ActivityManager: ACT-AM_FINISH_ACTIVITY ActivityRecord{40e27c1 u0 com.mediatek.mtklogger/.LogFolderListActivity t9 f} task:TaskRecord{ccc1a07 #9 A=com.mediatek.mtklogger U=0 sz=2} app-request
01-01 12:31:39.815025   915  1815 V WindowManager: Looking for focus: 10 = Window{4ff8cb7 u0 StatusBar}, flags=-2122055608, canReceive=false
01-01 12:31:39.815472   915  1815 V WindowManager: findFocusedWindow: Found new focus @ 6 = Window{b9957f2 u0 com.mediatek.mtklogger/com.mediatek.mtklogger.LogFolderListActivity}
01-01 12:31:39.819930   915  1815 V WindowManager: Set focused app to: AppWindowToken{38545b8 token=Token{b3f6734 ActivityRecord{5f15846 u0 com.mediatek.mtklogger/.MainActivity t9}}} old focus=AppWindowToken{bb67ea7 token=Token{a69eb66 ActivityRecord{40e27c1 u0 com.mediatek.mtklogger/.LogFolderListActivity t9}}} moveFocusNow=true
01-01 12:31:39.821758   915  1815 V WindowManager: Looking for focus: 10 = Window{4ff8cb7 u0 StatusBar}, flags=-2122055608, canReceive=false
01-01 12:31:39.822023   915  1815 V WindowManager: findFocusedWindow: Found new focus @ 6 = Window{b9957f2 u0 com.mediatek.mtklogger/com.mediatek.mtklogger.LogFolderListActivity}
01-01 12:31:39.823405   915  1815 V WindowManager: setAppVisibility(Token{a69eb66 ActivityRecord{40e27c1 u0 com.mediatek.mtklogger/.LogFolderListActivity t9 f}}, visible=false): mNextAppTransition=TRANSIT_ACTIVITY_CLOSE hidden=false hiddenRequested=false Callers=com.android.server.am.ActivityStack.finishActivityLocked:3451 com.android.server.am.ActivityStack.requestFinishActivityLocked:3279 com.android.server.am.ActivityManagerService.finishActivity:4664 android.app.ActivityManagerNative.onTransact:356 com.android.server.am.ActivityManagerService.onTransact:2721 android.os.Binder.execTransact:458 
01-01 12:31:39.824003   915  1815 D ActivityManager: ACT-AM_PAUSE_ACTIVITY ActivityRecord{40e27c1 u0 com.mediatek.mtklogger/.LogFolderListActivity t9 f}
01-01 12:31:39.824943   915  1815 D PowerManagerService: acquireWakeLockInternal: lock=114409920, flags=0x1, tag="*launch*", ws=WorkSource{10092}, uid=1000, pid=915
01-01 12:31:39.825354   915  1815 D PowerManagerService: updateWakeLockSummaryLocked: mWakefulness=Awake, mWakeLockSummary=0x1
01-01 12:31:39.825676   915  1815 D PowerManagerService: updateUserActivitySummaryLocked: mWakefulness=Awake, mUserActivitySummary=0x1, nextTimeout=1712588 (in 52328 ms)
01-01 12:31:39.826210   915  1815 D DisplayPowerController: requestPowerState: policy=BRIGHT, useProximitySensor=false, screenBrightness=102, screenAutoBrightnessAdjustment=1.0, brightnessSetByUser=true, useAutoBrightness=true, blockScreenOn=false, lowPowerMode=false, boostScreenBrightness=false, dozeScreenBrightness=-1, dozeScreenState=UNKNOWN, waitForNegativeProximity=false
01-01 12:31:39.826330   915  1815 I PowerManagerService: setBrightness mButtonLight 0.
01-01 12:31:39.826558   915  1815 D PowerManagerService: updateDisplayPowerStateLocked: mDisplayReady=true, policy=3, mWakefulness=1, mWakeLockSummary=0x1, mUserActivitySummary=0x1, mBootCompleted=true, mScreenBrightnessBoostInProgress=false
01-01 12:31:39.827158   915  1815 D PowerManagerService: Acquiring suspend blocker "PowerManagerService.WakeLocks".
01-01 12:31:39.827661   915  1815 D PowerManagerNotifier: onWakeLockAcquired: flags=1, tag="*launch*", packageName=android, ownerUid=1000, ownerPid=915, workSource=WorkSource{10092}
01-01 12:31:39.842764   915  1489 V InputMethodManagerService: windowGainedFocus: android.os.BinderProxy@7bf2f30 controlFlags=#1 softInputMode=#10 windowFlags=#1810100
01-01 12:31:39.847698   915  1489 W InputMethodManagerService: Window already focused, ignoring focus gain of: com.android.internal.view.IInputMethodClient$Stub$Proxy@58bc2fa attribute=null, token = android.os.BinderProxy@d947efd
01-01 12:31:39.852508  3091  3091 D ActivityThread: ACT-AM_ON_PAUSE_CALLED ActivityRecord{9dc0288 token=android.os.BinderProxy@8a2b421 {com.mediatek.mtklogger/com.mediatek.mtklogger.LogFolderListActivity}}
01-01 12:31:39.853537   915   941 D ActivityManager: ACT-paused: token=Token{a69eb66 ActivityRecord{40e27c1 u0 com.mediatek.mtklogger/.LogFolderListActivity t9 f}}, timeout=false
01-01 12:31:39.856198   915   941 V WindowManager: setAppVisibility(Token{a69eb66 ActivityRecord{40e27c1 u0 com.mediatek.mtklogger/.LogFolderListActivity t9 f}}, visible=false): mNextAppTransition=TRANSIT_ACTIVITY_CLOSE hidden=false hiddenRequested=true Callers=com.android.server.am.ActivityStack.resumeTopActivityInnerLocked:2147 com.android.server.am.ActivityStack.resumeTopActivityLocked:1824 com.android.server.am.ActivityStackSupervisor.resumeTopActivitiesLocked:3157 com.android.server.am.ActivityStack.completePauseLocked:1203 com.android.server.am.ActivityStack.activityPausedLocked:1069 com.android.server.am.ActivityManagerService.activityPaused:7343 
01-01 12:31:39.857286   915   941 V WindowManager: setAppVisibility(Token{b3f6734 ActivityRecord{5f15846 u0 com.mediatek.mtklogger/.MainActivity t9}}, visible=true): mNextAppTransition=TRANSIT_ACTIVITY_CLOSE hidden=true hiddenRequested=true Callers=com.android.server.am.ActivityStack.resumeTopActivityInnerLocked:2203 com.android.server.am.ActivityStack.resumeTopActivityLocked:1824 com.android.server.am.ActivityStackSupervisor.resumeTopActivitiesLocked:3157 com.android.server.am.ActivityStack.completePauseLocked:1203 com.android.server.am.ActivityStack.activityPausedLocked:1069 com.android.server.am.ActivityManagerService.activityPaused:7343 
01-01 12:31:39.860639   915   941 W WindowManager:  SLCODE computeScreenConfigurationLocked, the hard device name is: silead-vinput-keypad
01-01 12:31:39.860847   915   941 W WindowManager:  SLCODE computeScreenConfigurationLocked, the hard device name is: himax-touchscreen
01-01 12:31:39.860968   915   941 W WindowManager:  SLCODE computeScreenConfigurationLocked, the hard device name is: mtk-tpd
01-01 12:31:39.861082   915   941 W WindowManager:  SLCODE computeScreenConfigurationLocked, the hard device name is: ACCDET
01-01 12:31:39.861193   915   941 W WindowManager:  SLCODE computeScreenConfigurationLocked, the hard device name is: otgid
01-01 12:31:39.861369   915   941 W WindowManager:  SLCODE computeScreenConfigurationLocked, the hard device name is: mtk-kpd
01-01 12:31:39.863322   915   941 D ActivityManager: ACT-AM_RESUME_ACTIVITY ActivityRecord{5f15846 u0 com.mediatek.mtklogger/.MainActivity t9} task:9
01-01 12:31:39.872129   915   941 D ActivityManager: Delay resumeKeyDispatchingLocked() to avoid deadlock.
01-01 12:31:39.873710  3091  3091 D ActivityThread: ACT-PAUSE_ACTIVITY_FINISHING handled : 0 / android.os.BinderProxy@8a2b421
01-01 12:31:39.875950   915   940 V ActivityManager: bindService: Intent { act=android.media.IMediaScannerService cmp=com.android.providers.media/.MediaScannerService } type=null conn=android.os.BinderProxy@94660ab flags=0x1 callerApp=ProcessRecord{f789235 3091:com.mediatek.mtklogger/u0a92}
01-01 12:31:39.877602   915   940 V ActivityManager: >>> EXECUTING create of ServiceRecord{a169aa1 u0 com.android.providers.media/.MediaScannerService} in app ProcessRecord{403c87e 3832:android.process.media/u0a25}
01-01 12:31:39.877926  3091  3091 V ActivityThread: Performing resume of ActivityRecord{13e0b1 token=android.os.BinderProxy@d2c996 {com.mediatek.mtklogger/com.mediatek.mtklogger.MainActivity}}
01-01 12:31:39.886508   915   940 V ActivityManager: AMS Creating service ServiceRecord{a169aa1 u0 com.android.providers.media/.MediaScannerService}
01-01 12:31:39.887530   915   940 V ActivityManager: >>> EXECUTING bind of ServiceRecord{a169aa1 u0 com.android.providers.media/.MediaScannerService} in app ProcessRecord{403c87e 3832:android.process.media/u0a25}
01-01 12:31:39.888526   915   940 D ActivityManager: SVC-Binding service: ServiceRecord{a169aa1 u0 com.android.providers.media/.MediaScannerService}, app=ProcessRecord{403c87e 3832:android.process.media/u0a25}, activity=null
01-01 12:31:39.888784  3832  3832 D ActivityThread: SVC-Creating service: CreateServiceData{token=android.os.BinderProxy@3f73d2b className=com.android.providers.media.MediaScannerService packageName=com.android.providers.media intent=null}
01-01 12:31:39.898570  3091  3091 D ActivityThread: ACT-AM_ON_RESUME_CALLED ActivityRecord{13e0b1 token=android.os.BinderProxy@d2c996 {com.mediatek.mtklogger/com.mediatek.mtklogger.MainActivity}}
01-01 12:31:39.898814  3091  3091 V ActivityThread: Resume ActivityRecord{13e0b1 token=android.os.BinderProxy@d2c996 {com.mediatek.mtklogger/com.mediatek.mtklogger.MainActivity}} started activity: false, hideForNow: false, finished: false
01-01 12:31:39.899003  3091  3091 V ActivityThread: Resuming ActivityRecord{13e0b1 token=android.os.BinderProxy@d2c996 {com.mediatek.mtklogger/com.mediatek.mtklogger.MainActivity}} with isForward=false
01-01 12:31:39.907068  3091  3091 V ActivityThread: Scheduling idle handler for ActivityRecord{13e0b1 token=android.os.BinderProxy@d2c996 {com.mediatek.mtklogger/com.mediatek.mtklogger.MainActivity}}
01-01 12:31:39.908411   915  1992 D ActivityManager: SVC-Executing service done: ServiceRecord{a169aa1 u0 com.android.providers.media/.MediaScannerService}, type=0, startId=0, res=0
01-01 12:31:39.908575  3832  3832 D ActivityThread: SVC-CREATE_SERVICE handled : 0 / CreateServiceData{token=android.os.BinderProxy@3f73d2b className=com.android.providers.media.MediaScannerService packageName=com.android.providers.media intent=null}
01-01 12:31:39.908746   915  1992 V ActivityManager: <<< DONE EXECUTING ServiceRecord{a169aa1 u0 com.android.providers.media/.MediaScannerService}: nesting=2, inDestroying=false, app=ProcessRecord{403c87e 3832:android.process.media/u0a25}
01-01 12:31:39.909041  3832  3832 V ActivityThread: handleBindService s=com.android.providers.media.MediaScannerService@f2a5588 rebind=false
01-01 12:31:39.911142   915   941 V ActivityManager: <<< DONE EXECUTING ServiceRecord{a169aa1 u0 com.android.providers.media/.MediaScannerService}: nesting=1, inDestroying=false, app=ProcessRecord{403c87e 3832:android.process.media/u0a25}
01-01 12:31:39.912147  3832  3832 D ActivityThread: SVC-BIND_SERVICE handled : 0 / BindServiceData{token=android.os.BinderProxy@3f73d2b intent=Intent { act=android.media.IMediaScannerService cmp=com.android.providers.media/.MediaScannerService }}
01-01 12:31:39.912358  3091  3091 D ActivityThread: ACT-RESUME_ACTIVITY handled : 0 / android.os.BinderProxy@d2c996
01-01 12:31:39.915760   915  1418 I WindowManager: Relayout Window{34f27e7 u0 com.mediatek.mtklogger/com.mediatek.mtklogger.MainActivity}: oldVis=8 newVis=0
01-01 12:31:39.921989   915  1418 I WindowStateAnimator:   CREATE SURFACE Surface(name=com.mediatek.mtklogger/com.mediatek.mtklogger.MainActivity) IN SESSION android.view.SurfaceSession@15d523a: pid=3091 format=-1 flags=0x404 / WindowStateAnimator{a868f94 com.mediatek.mtklogger/com.mediatek.mtklogger.MainActivity}
01-01 12:31:39.924033   915  1418 V WindowManager: Looking for focus: 10 = Window{4ff8cb7 u0 StatusBar}, flags=-2122055608, canReceive=false
01-01 12:31:39.924394   915  1418 V WindowManager: findFocusedWindow: Found new focus @ 5 = Window{34f27e7 u0 com.mediatek.mtklogger/com.mediatek.mtklogger.MainActivity}
01-01 12:31:39.925450   915  1418 V WindowManager: Changing focus from Window{b9957f2 u0 com.mediatek.mtklogger/com.mediatek.mtklogger.LogFolderListActivity} to Window{34f27e7 u0 com.mediatek.mtklogger/com.mediatek.mtklogger.MainActivity} Callers=com.android.server.wm.WindowManagerService.relayoutWindow:3599 com.android.server.wm.Session.relayout:201 android.view.IWindowSession$Stub.onTransact:284 com.android.server.wm.Session.onTransact:133 
01-01 12:31:39.927366   915  1418 D WindowManager: Input focus has changed to Window{34f27e7 u0 com.mediatek.mtklogger/com.mediatek.mtklogger.MainActivity}
01-01 12:31:39.942997   915   991 I WindowManager: Focus moving from Window{b9957f2 u0 com.mediatek.mtklogger/com.mediatek.mtklogger.LogFolderListActivity} to Window{34f27e7 u0 com.mediatek.mtklogger/com.mediatek.mtklogger.MainActivity}
01-01 12:31:39.943228   915   991 I WindowManager: Gaining focus: Window{34f27e7 u0 com.mediatek.mtklogger/com.mediatek.mtklogger.MainActivity}
01-01 12:31:39.986987   915  1990 V ActivityManager: startService: Intent { cmp=com.android.providers.media/.MediaScannerService (has extras) } callerApp=ProcessRecord{403c87e 3832:android.process.media/u0a25}
01-01 12:31:39.988979   915  1990 V ActivityManager: Sending arguments to: ServiceRecord{a169aa1 u0 com.android.providers.media/.MediaScannerService} android.content.Intent$FilterComparison@3bd44ba0 args=Intent { cmp=com.android.providers.media/.MediaScannerService (has extras) }
01-01 12:31:39.989218   915  1990 V ActivityManager: >>> EXECUTING start of ServiceRecord{a169aa1 u0 com.android.providers.media/.MediaScannerService} in app ProcessRecord{403c87e 3832:android.process.media/u0a25}
01-01 12:31:39.991191   915  1990 D ActivityManager: SVC-Sent arguments: ServiceRecord{a169aa1 u0 com.android.providers.media/.MediaScannerService}, app=ProcessRecord{403c87e 3832:android.process.media/u0a25}, args=Intent { cmp=com.android.providers.media/.MediaScannerService (has extras) }, flags=0
01-01 12:31:39.991593  3832  3832 D ActivityThread: SVC-Calling onStartCommand: com.android.providers.media.MediaScannerService@f2a5588, flags=0, startId=1
01-01 12:31:39.999086  3832  3832 D ActivityThread: SVC-SERVICE_ARGS handled : 0 / ServiceArgsData{token=android.os.BinderProxy@3f73d2b startId=1 args=Intent { cmp=com.android.providers.media/.MediaScannerService (has extras) }}
01-01 12:31:39.999258   915  1992 D ActivityManager: SVC-Executing service done: ServiceRecord{a169aa1 u0 com.android.providers.media/.MediaScannerService}, type=1, startId=1, res=3
01-01 12:31:39.999451   915  1992 V ActivityManager: <<< DONE EXECUTING ServiceRecord{a169aa1 u0 com.android.providers.media/.MediaScannerService}: nesting=1, inDestroying=false, app=ProcessRecord{403c87e 3832:android.process.media/u0a25}
01-01 12:31:40.012881   915  1418 V InputMethodManagerService: windowGainedFocus: android.os.BinderProxy@7bf2f30 controlFlags=#104 softInputMode=#20 windowFlags=#1810100
01-01 12:31:40.076183   915  1822 V WindowStateAnimator: finishDrawingLocked: mDrawState=COMMIT_DRAW_PENDING WindowStateAnimator{a868f94 com.mediatek.mtklogger/com.mediatek.mtklogger.MainActivity} in Surface(name=com.mediatek.mtklogger/com.mediatek.mtklogger.MainActivity)
01-01 12:31:40.078834   915   991 V WindowManager: **** GOOD TO GO
01-01 12:31:40.087702   915   991 V WindowManager: Looking for focus: 9 = Window{4ff8cb7 u0 StatusBar}, flags=-2122055608, canReceive=false
01-01 12:31:40.087980   915   991 V WindowManager: findFocusedWindow: Found new focus @ 5 = Window{34f27e7 u0 com.mediatek.mtklogger/com.mediatek.mtklogger.MainActivity}
01-01 12:31:40.088624   915   991 D WindowManager: notifyActivityDrawnForKeyguard: waiting=false Callers=com.android.server.wm.WindowManagerService.handleAppTransitionReadyLocked:10113 com.android.server.wm.WindowManagerService.performLayoutAndPlaceSurfacesLockedInner:10733 com.android.server.wm.WindowManagerService.performLayoutAndPlaceSurfacesLockedLoop:9477 com.android.server.wm.WindowManagerService.performLayoutAndPlaceSurfacesLocked:9424 com.android.server.wm.WindowManagerService.-wrap8:-1 
01-01 12:31:40.095912   915   991 I WindowManager: Losing delayed focus: Window{b9957f2 u0 com.mediatek.mtklogger/com.mediatek.mtklogger.LogFolderListActivity}
01-01 12:31:40.125688   915   941 V ActivityManager: startService: Intent { cmp=com.android.providers.media/.MediaScannerService (has extras) } callerApp=ProcessRecord{403c87e 3832:android.process.media/u0a25}
01-01 12:31:40.127338   915   941 V ActivityManager: Sending arguments to: ServiceRecord{a169aa1 u0 com.android.providers.media/.MediaScannerService} android.content.Intent$FilterComparison@3bd44ba0 args=Intent { cmp=com.android.providers.media/.MediaScannerService (has extras) }
01-01 12:31:40.127562   915   941 V ActivityManager: >>> EXECUTING start of ServiceRecord{a169aa1 u0 com.android.providers.media/.MediaScannerService} in app ProcessRecord{403c87e 3832:android.process.media/u0a25}
01-01 12:31:40.128839   915   941 D ActivityManager: SVC-Sent arguments: ServiceRecord{a169aa1 u0 com.android.providers.media/.MediaScannerService}, app=ProcessRecord{403c87e 3832:android.process.media/u0a25}, args=Intent { cmp=com.android.providers.media/.MediaScannerService (has extras) }, flags=0
01-01 12:31:40.130021  3832  3832 D ActivityThread: SVC-Calling onStartCommand: com.android.providers.media.MediaScannerService@f2a5588, flags=0, startId=2
01-01 12:31:40.141012  3832  3832 D ActivityThread: SVC-SERVICE_ARGS handled : 0 / ServiceArgsData{token=android.os.BinderProxy@3f73d2b startId=2 args=Intent { cmp=com.android.providers.media/.MediaScannerService (has extras) }}
01-01 12:31:40.141984   915  1418 D ActivityManager: SVC-Executing service done: ServiceRecord{a169aa1 u0 com.android.providers.media/.MediaScannerService}, type=1, startId=2, res=3
01-01 12:31:40.142160   915  1418 V ActivityManager: <<< DONE EXECUTING ServiceRecord{a169aa1 u0 com.android.providers.media/.MediaScannerService}: nesting=1, inDestroying=false, app=ProcessRecord{403c87e 3832:android.process.media/u0a25}
01-01 12:31:40.150667   915   940 V WindowManager: Looking for focus: 9 = Window{4ff8cb7 u0 StatusBar}, flags=-2122055608, canReceive=false
01-01 12:31:40.150923   915   940 V WindowManager: findFocusedWindow: Found new focus @ 5 = Window{34f27e7 u0 com.mediatek.mtklogger/com.mediatek.mtklogger.MainActivity}
01-01 12:31:40.164632   915  1994 D PowerManagerService: releaseWakeLockInternal: lock=114409920 [*launch*], flags=0x0, total_time=339ms
01-01 12:31:40.164995   915  1994 D PowerManagerNotifier: onWakeLockReleased: flags=1, tag="*launch*", packageName=android, ownerUid=1000, ownerPid=915, workSource=WorkSource{10092}
01-01 12:31:40.165545   915  1994 D PowerManagerService: updateWakeLockSummaryLocked: mWakefulness=Awake, mWakeLockSummary=0x0
01-01 12:31:40.165827   915  1994 D PowerManagerService: updateUserActivitySummaryLocked: mWakefulness=Awake, mUserActivitySummary=0x1, nextTimeout=1712588 (in 51988 ms)
01-01 12:31:40.166424   915  1994 D DisplayPowerController: requestPowerState: policy=BRIGHT, useProximitySensor=false, screenBrightness=102, screenAutoBrightnessAdjustment=1.0, brightnessSetByUser=true, useAutoBrightness=true, blockScreenOn=false, lowPowerMode=false, boostScreenBrightness=false, dozeScreenBrightness=-1, dozeScreenState=UNKNOWN, waitForNegativeProximity=false
01-01 12:31:40.166552   915  1994 I PowerManagerService: setBrightness mButtonLight 0.
01-01 12:31:40.166788   915  1994 D PowerManagerService: updateDisplayPowerStateLocked: mDisplayReady=true, policy=3, mWakefulness=1, mWakeLockSummary=0x0, mUserActivitySummary=0x1, mBootCompleted=true, mScreenBrightnessBoostInProgress=false
01-01 12:31:40.166997   915  1994 D PowerManagerService: Releasing suspend blocker "PowerManagerService.WakeLocks".
01-01 12:31:40.273467   915  1489 V ActivityManager: startService: Intent { cmp=com.android.providers.media/.MediaScannerService (has extras) } callerApp=ProcessRecord{403c87e 3832:android.process.media/u0a25}
01-01 12:31:40.275023   915  1489 V ActivityManager: Sending arguments to: ServiceRecord{a169aa1 u0 com.android.providers.media/.MediaScannerService} android.content.Intent$FilterComparison@3bd44ba0 args=Intent { cmp=com.android.providers.media/.MediaScannerService (has extras) }
01-01 12:31:40.275593   915  1489 V ActivityManager: >>> EXECUTING start of ServiceRecord{a169aa1 u0 com.android.providers.media/.MediaScannerService} in app ProcessRecord{403c87e 3832:android.process.media/u0a25}
01-01 12:31:40.276712   915  1489 D ActivityManager: SVC-Sent arguments: ServiceRecord{a169aa1 u0 com.android.providers.media/.MediaScannerService}, app=ProcessRecord{403c87e 3832:android.process.media/u0a25}, args=Intent { cmp=com.android.providers.media/.MediaScannerService (has extras) }, flags=0
01-01 12:31:40.277309  3832  3832 D ActivityThread: SVC-Calling onStartCommand: com.android.providers.media.MediaScannerService@f2a5588, flags=0, startId=3
01-01 12:31:40.284592  3832  3832 D ActivityThread: SVC-SERVICE_ARGS handled : 0 / ServiceArgsData{token=android.os.BinderProxy@3f73d2b startId=3 args=Intent { cmp=com.android.providers.media/.MediaScannerService (has extras) }}
01-01 12:31:40.284911   915  2047 D ActivityManager: SVC-Executing service done: ServiceRecord{a169aa1 u0 com.android.providers.media/.MediaScannerService}, type=1, startId=3, res=3
01-01 12:31:40.285335   915  2047 V ActivityManager: <<< DONE EXECUTING ServiceRecord{a169aa1 u0 com.android.providers.media/.MediaScannerService}: nesting=1, inDestroying=false, app=ProcessRecord{403c87e 3832:android.process.media/u0a25}
01-01 12:31:40.338896   915   991 D ActivityManager: ACT-windowsVisible(): ActivityRecord{5f15846 u0 com.mediatek.mtklogger/.MainActivity t9}
01-01 12:31:40.339179   915   991 D ActivityManager: ACT-IDLE_NOW_MSG from windowsVisible() for idle: ActivityRecord{5f15846 u0 com.mediatek.mtklogger/.MainActivity t9}
01-01 12:31:40.340061   915   965 D ActivityManager: ACT-Removing activity from finish-imm: token=ActivityRecord{40e27c1 u0 com.mediatek.mtklogger/.LogFolderListActivity t9 f}, app=com.mediatek.mtklogger
01-01 12:31:40.341667   915   991 V WindowManager: Looking for focus: 9 = Window{4ff8cb7 u0 StatusBar}, flags=-2122055608, canReceive=false
01-01 12:31:40.341938   915   991 V WindowManager: findFocusedWindow: Found new focus @ 5 = Window{34f27e7 u0 com.mediatek.mtklogger/com.mediatek.mtklogger.MainActivity}
01-01 12:31:40.397552   915  1990 V ActivityManager: startService: Intent { cmp=com.android.providers.media/.MediaScannerService (has extras) } callerApp=ProcessRecord{403c87e 3832:android.process.media/u0a25}
01-01 12:31:40.399047   915  1990 V ActivityManager: Sending arguments to: ServiceRecord{a169aa1 u0 com.android.providers.media/.MediaScannerService} android.content.Intent$FilterComparison@3bd44ba0 args=Intent { cmp=com.android.providers.media/.MediaScannerService (has extras) }
01-01 12:31:40.399242   915  1990 V ActivityManager: >>> EXECUTING start of ServiceRecord{a169aa1 u0 com.android.providers.media/.MediaScannerService} in app ProcessRecord{403c87e 3832:android.process.media/u0a25}
01-01 12:31:40.400287   915  1990 D ActivityManager: SVC-Sent arguments: ServiceRecord{a169aa1 u0 com.android.providers.media/.MediaScannerService}, app=ProcessRecord{403c87e 3832:android.process.media/u0a25}, args=Intent { cmp=com.android.providers.media/.MediaScannerService (has extras) }, flags=0
01-01 12:31:40.400852  3832  3832 D ActivityThread: SVC-Calling onStartCommand: com.android.providers.media.MediaScannerService@f2a5588, flags=0, startId=4
01-01 12:31:40.408386  3832  3832 D ActivityThread: SVC-SERVICE_ARGS handled : 0 / ServiceArgsData{token=android.os.BinderProxy@3f73d2b startId=4 args=Intent { cmp=com.android.providers.media/.MediaScannerService (has extras) }}
01-01 12:31:40.408391   915  1418 D ActivityManager: SVC-Executing service done: ServiceRecord{a169aa1 u0 com.android.providers.media/.MediaScannerService}, type=1, startId=4, res=3
01-01 12:31:40.408659   915  1418 V ActivityManager: <<< DONE EXECUTING ServiceRecord{a169aa1 u0 com.android.providers.media/.MediaScannerService}: nesting=1, inDestroying=false, app=ProcessRecord{403c87e 3832:android.process.media/u0a25}
01-01 12:31:40.485696   915  1773 V WindowManager: Looking for focus: 8 = Window{4ff8cb7 u0 StatusBar}, flags=-2122055608, canReceive=false
01-01 12:31:40.485940   915  1773 V WindowManager: findFocusedWindow: Found new focus @ 5 = Window{34f27e7 u0 com.mediatek.mtklogger/com.mediatek.mtklogger.MainActivity}
01-01 12:31:40.487385  3091  3091 D ActivityThread: ACT-DESTROY_ACTIVITY handled : 1 / android.os.BinderProxy@8a2b421
01-01 12:31:40.488637  3091  3091 E ActivityThread: Activity com.mediatek.mtklogger.LogFolderListActivity has leaked ServiceConnection android.media.MediaScannerConnection@79d0857 that was originally bound here
01-01 12:31:40.488637  3091  3091 E ActivityThread: android.app.ServiceConnectionLeaked: Activity com.mediatek.mtklogger.LogFolderListActivity has leaked ServiceConnection android.media.MediaScannerConnection@79d0857 that was originally bound here
01-01 12:31:40.488637  3091  3091 E ActivityThread: 	at android.app.LoadedApk$ServiceDispatcher.<init>(LoadedApk.java:1145)
01-01 12:31:40.488637  3091  3091 E ActivityThread: 	at android.app.LoadedApk.getServiceDispatcher(LoadedApk.java:1039)
01-01 12:31:40.488637  3091  3091 E ActivityThread: 	at android.app.ContextImpl.bindServiceCommon(ContextImpl.java:1320)
01-01 12:31:40.488637  3091  3091 E ActivityThread: 	at android.app.ContextImpl.bindService(ContextImpl.java:1303)
01-01 12:31:40.488637  3091  3091 E ActivityThread: 	at android.content.ContextWrapper.bindService(ContextWrapper.java:612)
01-01 12:31:40.488637  3091  3091 E ActivityThread: 	at android.media.MediaScannerConnection.connect(MediaScannerConnection.java:125)
01-01 12:31:40.488637  3091  3091 E ActivityThread: 	at android.media.MediaScannerConnection.scanFile(MediaScannerConnection.java:244)
01-01 12:31:40.488637  3091  3091 E ActivityThread: 	at com.mediatek.mtklogger.utils.Utils.updateLogFilesInMediaProviderSync(Utils.java:1715)
01-01 12:31:40.488637  3091  3091 E ActivityThread: 	at com.mediatek.mtklogger.utils.Utils.updateLogFilesInMediaProviderSync(Utils.java:1684)
01-01 12:31:40.488637  3091  3091 E ActivityThread: 	at com.mediatek.mtklogger.utils.Utils.-wrap0(Utils.java)
01-01 12:31:40.488637  3091  3091 E ActivityThread: 	at com.mediatek.mtklogger.utils.Utils$1.run(Utils.java:1651)
01-01 12:31:40.491636   915  1138 D ActivityManager: SVC-Unbinding service: ServiceRecord{a169aa1 u0 com.android.providers.media/.MediaScannerService}, app=ProcessRecord{403c87e 3832:android.process.media/u0a25}
01-01 12:31:40.492016   915  1138 V ActivityManager: >>> EXECUTING unbind of ServiceRecord{a169aa1 u0 com.android.providers.media/.MediaScannerService} in app ProcessRecord{403c87e 3832:android.process.media/u0a25}
01-01 12:31:40.496878  3832  3832 D ActivityThread: SVC-UNBIND_SERVICE handled : 0 / BindServiceData{token=android.os.BinderProxy@3f73d2b intent=Intent { act=android.media.IMediaScannerService cmp=com.android.providers.media/.MediaScannerService }}
01-01 12:31:40.497023   915  1990 D ActivityManager: SVC-Executing service done: ServiceRecord{a169aa1 u0 com.android.providers.media/.MediaScannerService}, type=0, startId=0, res=0
01-01 12:31:40.497214   915  1990 V ActivityManager: <<< DONE EXECUTING ServiceRecord{a169aa1 u0 com.android.providers.media/.MediaScannerService}: nesting=1, inDestroying=false, app=ProcessRecord{403c87e 3832:android.process.media/u0a25}
01-01 12:31:40.503162   915  1137 V ActivityManager: >>> EXECUTING destroy of ServiceRecord{a169aa1 u0 com.android.providers.media/.MediaScannerService} in app ProcessRecord{403c87e 3832:android.process.media/u0a25}
01-01 12:31:40.504403   915  1994 V ActivityManager: startService: Intent { cmp=com.android.providers.media/.MediaScannerService (has extras) } callerApp=ProcessRecord{403c87e 3832:android.process.media/u0a25}
01-01 12:31:40.504414  3832  3832 D ActivityThread: SVC-Destroying service: com.android.providers.media.MediaScannerService@f2a5588
01-01 12:31:40.506857   915  1994 V ActivityManager: >>> EXECUTING create of ServiceRecord{85b7577 u0 com.android.providers.media/.MediaScannerService} in app ProcessRecord{403c87e 3832:android.process.media/u0a25}
01-01 12:31:40.509622   915  1994 V ActivityManager: AMS Creating service ServiceRecord{85b7577 u0 com.android.providers.media/.MediaScannerService}
01-01 12:31:40.510530   915  1994 V ActivityManager: Sending arguments to: ServiceRecord{85b7577 u0 com.android.providers.media/.MediaScannerService} android.content.Intent$FilterComparison@5e49f425 args=Intent { cmp=com.android.providers.media/.MediaScannerService (has extras) }
01-01 12:31:40.510725   915  1994 V ActivityManager: >>> EXECUTING start of ServiceRecord{85b7577 u0 com.android.providers.media/.MediaScannerService} in app ProcessRecord{403c87e 3832:android.process.media/u0a25}
01-01 12:31:40.511303   915  1994 D ActivityManager: SVC-Sent arguments: ServiceRecord{85b7577 u0 com.android.providers.media/.MediaScannerService}, app=ProcessRecord{403c87e 3832:android.process.media/u0a25}, args=Intent { cmp=com.android.providers.media/.MediaScannerService (has extras) }, flags=0
01-01 12:31:40.512439  3832  3832 D ActivityThread: SVC-STOP_SERVICE handled : 0 / android.os.BinderProxy@3f73d2b
01-01 12:31:40.512627   915  1989 D ActivityManager: SVC-Executing service done: ServiceRecord{a169aa1 u0 com.android.providers.media/.MediaScannerService}, type=2, startId=0, res=0
01-01 12:31:40.512818   915  1989 V ActivityManager: <<< DONE EXECUTING ServiceRecord{a169aa1 u0 com.android.providers.media/.MediaScannerService}: nesting=1, inDestroying=true, app=ProcessRecord{403c87e 3832:android.process.media/u0a25}
01-01 12:31:40.513053  3832  3832 D ActivityThread: SVC-Creating service: CreateServiceData{token=android.os.BinderProxy@7c4da0 className=com.android.providers.media.MediaScannerService packageName=com.android.providers.media intent=null}
01-01 12:31:40.525292  3832  3832 D ActivityThread: SVC-CREATE_SERVICE handled : 0 / CreateServiceData{token=android.os.BinderProxy@7c4da0 className=com.android.providers.media.MediaScannerService packageName=com.android.providers.media intent=null}
01-01 12:31:40.525723   915   940 D ActivityManager: SVC-Executing service done: ServiceRecord{85b7577 u0 com.android.providers.media/.MediaScannerService}, type=0, startId=0, res=0
01-01 12:31:40.525929   915   940 V ActivityManager: <<< DONE EXECUTING ServiceRecord{85b7577 u0 com.android.providers.media/.MediaScannerService}: nesting=2, inDestroying=false, app=ProcessRecord{403c87e 3832:android.process.media/u0a25}
01-01 12:31:40.526169  3832  3832 D ActivityThread: SVC-Calling onStartCommand: com.android.providers.media.MediaScannerService@e53fd59, flags=0, startId=1
01-01 12:31:40.632782  3832  3832 D ActivityThread: SVC-SERVICE_ARGS handled : 0 / ServiceArgsData{token=android.os.BinderProxy@7c4da0 startId=1 args=Intent { cmp=com.android.providers.media/.MediaScannerService (has extras) }}
01-01 12:31:40.632965   915  1994 D ActivityManager: SVC-Executing service done: ServiceRecord{85b7577 u0 com.android.providers.media/.MediaScannerService}, type=1, startId=1, res=3
01-01 12:31:40.633149   915  1994 V ActivityManager: <<< DONE EXECUTING ServiceRecord{85b7577 u0 com.android.providers.media/.MediaScannerService}: nesting=1, inDestroying=false, app=ProcessRecord{403c87e 3832:android.process.media/u0a25}
01-01 12:31:40.729105   915   940 V ActivityManager: >>> EXECUTING destroy of ServiceRecord{85b7577 u0 com.android.providers.media/.MediaScannerService} in app ProcessRecord{403c87e 3832:android.process.media/u0a25}
01-01 12:31:40.730741  3832  3832 D ActivityThread: SVC-Destroying service: com.android.providers.media.MediaScannerService@e53fd59
01-01 12:31:40.730743   915  1138 V ActivityManager: startService: Intent { cmp=com.android.providers.media/.MediaScannerService (has extras) } callerApp=ProcessRecord{403c87e 3832:android.process.media/u0a25}
01-01 12:31:40.733623   915  1138 V ActivityManager: >>> EXECUTING create of ServiceRecord{687f213 u0 com.android.providers.media/.MediaScannerService} in app ProcessRecord{403c87e 3832:android.process.media/u0a25}
01-01 12:31:40.737408   915  1138 V ActivityManager: AMS Creating service ServiceRecord{687f213 u0 com.android.providers.media/.MediaScannerService}
01-01 12:31:40.738630   915  1138 V ActivityManager: Sending arguments to: ServiceRecord{687f213 u0 com.android.providers.media/.MediaScannerService} android.content.Intent$FilterComparison@5e49f425 args=Intent { cmp=com.android.providers.media/.MediaScannerService (has extras) }
01-01 12:31:40.738896   915  1138 V ActivityManager: >>> EXECUTING start of ServiceRecord{687f213 u0 com.android.providers.media/.MediaScannerService} in app ProcessRecord{403c87e 3832:android.process.media/u0a25}
01-01 12:31:40.739669   915  1138 D ActivityManager: SVC-Sent arguments: ServiceRecord{687f213 u0 com.android.providers.media/.MediaScannerService}, app=ProcessRecord{403c87e 3832:android.process.media/u0a25}, args=Intent { cmp=com.android.providers.media/.MediaScannerService (has extras) }, flags=0
01-01 12:31:40.740946  3832  3832 D ActivityThread: SVC-STOP_SERVICE handled : 0 / android.os.BinderProxy@7c4da0
01-01 12:31:40.741181   915  2047 D ActivityManager: SVC-Executing service done: ServiceRecord{85b7577 u0 com.android.providers.media/.MediaScannerService}, type=2, startId=0, res=0
01-01 12:31:40.741432   915  2047 V ActivityManager: <<< DONE EXECUTING ServiceRecord{85b7577 u0 com.android.providers.media/.MediaScannerService}: nesting=1, inDestroying=true, app=ProcessRecord{403c87e 3832:android.process.media/u0a25}
01-01 12:31:40.741724  3832  3832 D ActivityThread: SVC-Creating service: CreateServiceData{token=android.os.BinderProxy@ee7fd2a className=com.android.providers.media.MediaScannerService packageName=com.android.providers.media intent=null}
01-01 12:31:40.759768  3832  3832 D ActivityThread: SVC-CREATE_SERVICE handled : 0 / CreateServiceData{token=android.os.BinderProxy@ee7fd2a className=com.android.providers.media.MediaScannerService packageName=com.android.providers.media intent=null}
01-01 12:31:40.760516  3832  3832 D ActivityThread: SVC-Calling onStartCommand: com.android.providers.media.MediaScannerService@65c71b, flags=0, startId=1
01-01 12:31:40.762781   915  1994 D ActivityManager: SVC-Executing service done: ServiceRecord{687f213 u0 com.android.providers.media/.MediaScannerService}, type=0, startId=0, res=0
01-01 12:31:40.763147   915  1994 V ActivityManager: <<< DONE EXECUTING ServiceRecord{687f213 u0 com.android.providers.media/.MediaScannerService}: nesting=2, inDestroying=false, app=ProcessRecord{403c87e 3832:android.process.media/u0a25}
01-01 12:31:40.868185  3832  3832 D ActivityThread: SVC-SERVICE_ARGS handled : 0 / ServiceArgsData{token=android.os.BinderProxy@ee7fd2a startId=1 args=Intent { cmp=com.android.providers.media/.MediaScannerService (has extras) }}
01-01 12:31:40.868306   915  1773 D ActivityManager: SVC-Executing service done: ServiceRecord{687f213 u0 com.android.providers.media/.MediaScannerService}, type=1, startId=1, res=3
01-01 12:31:40.868541   915  1773 V ActivityManager: <<< DONE EXECUTING ServiceRecord{687f213 u0 com.android.providers.media/.MediaScannerService}: nesting=1, inDestroying=false, app=ProcessRecord{403c87e 3832:android.process.media/u0a25}
01-01 12:31:40.976929   915  1138 V ActivityManager: >>> EXECUTING destroy of ServiceRecord{687f213 u0 com.android.providers.media/.MediaScannerService} in app ProcessRecord{403c87e 3832:android.process.media/u0a25}
01-01 12:31:40.978688  3832  3832 D ActivityThread: SVC-Destroying service: com.android.providers.media.MediaScannerService@65c71b
