01-01 12:31:16.083794   915  1012 D ActivityThread: BDC-Calling onReceive: intent=Intent { act=android.intent.action.BATTERY_CHANGED flg=0x60000010 (has extras) }, ordered=true, receiver=com.android.server.power.PowerManagerService$BatteryReceiver@92665a4, IIntentReceiver=9296f0d
01-01 12:31:16.084073   915  1012 D PowerManagerService: updateIsPoweredLocked: wasPowered=true, mIsPowered=true, oldPlugType=2, mPlugType=2, mBatteryLevel=3
01-01 12:31:16.084367   915  1012 I PowerManagerService: canDreamLocked mWakefulness = 2, mDreamsSupportedConfig = true, mDreamsEnabledSetting = true, mDisplayPowerRequest.isBrightOrDim() = true, mUserActivitySummary = 4, mBootCompleted = true
01-01 12:31:16.086495   915   915 D ActivityThread: BDC-Calling onReceive: intent=Intent { act=android.intent.action.BATTERY_CHANGED flg=0x60000010 (has extras) }, ordered=true, receiver=com.android.server.policy.PhoneWindowManager$14@9433516, IIntentReceiver=ce7e97
01-01 12:31:16.089289  1176  1176 D ActivityThread: BDC-Calling onReceive: intent=Intent { act=android.intent.action.BATTERY_CHANGED flg=0x60000010 (has extras) }, ordered=true, receiver=com.android.keyguard.KeyguardUpdateMonitor$5@d01f47b, IIntentReceiver=cc3e890
01-01 12:31:16.090594   915   965 D BroadcastQueue: BroadcastRecord{91d83d7 u-1 android.intent.action.BATTERY_CHANGED}, #6 BroadcastFilter{5a151b5 u0 ReceiverList{ceb09ec 1176 com.android.systemui/10016/u0 remote:ada349f}}
01-01 12:31:16.090969   915   965 D BroadcastQueue: BDC-Delivering broadcast: Intent { act=android.intent.action.BATTERY_CHANGED flg=0x60000010 (has extras) }, queue=background, ordered=false, filter=BroadcastFilter{5a151b5 u0 ReceiverList{ceb09ec 1176 com.android.systemui/10016/u0 remote:ada349f}}, receiver=null
01-01 12:31:16.096252  1176  1176 D ActivityThread: BDC-Calling onReceive: intent=Intent { act=android.intent.action.BATTERY_CHANGED flg=0x60000010 (has extras) }, ordered=true, receiver=com.android.systemui.power.PowerUI$Receiver@1c3c630, IIntentReceiver=c75409a
01-01 12:31:16.096715  1176  1176 D PowerUI : oldTemp=310, mTemp=310
01-01 12:31:16.099143  1176  1176 D PowerUI : show_hot_plug_dialog: true
01-01 12:31:16.099298  1176  1176 D PowerUI : show_otg_cable_dialog: true
01-01 12:31:16.123829   915   965 D BroadcastQueue: BroadcastRecord{91d83d7 u-1 android.intent.action.BATTERY_CHANGED}, #7 BroadcastFilter{96021d2 u0 ReceiverList{b32c45d 1176 com.android.systemui/10016/u0 remote:ef57e34}}
01-01 12:31:16.124231   915   965 D BroadcastQueue: BDC-Delivering broadcast: Intent { act=android.intent.action.BATTERY_CHANGED flg=0x60000010 (has extras) }, queue=background, ordered=false, filter=BroadcastFilter{96021d2 u0 ReceiverList{b32c45d 1176 com.android.systemui/10016/u0 remote:ef57e34}}, receiver=null
01-01 12:31:16.125549   915   965 D BroadcastQueue: BroadcastRecord{91d83d7 u-1 android.intent.action.BATTERY_CHANGED}, #8 BroadcastFilter{760b100 u0 ReceiverList{1187b83 1697 com.android.phone/1001/u0 remote:2ca232}}
01-01 12:31:16.125956   915   965 D BroadcastQueue: BDC-Delivering broadcast: Intent { act=android.intent.action.BATTERY_CHANGED flg=0x60000010 (has extras) }, queue=background, ordered=false, filter=BroadcastFilter{760b100 u0 ReceiverList{1187b83 1697 com.android.phone/1001/u0 remote:2ca232}}, receiver=null
01-01 12:31:16.126066  1176  1176 D ActivityThread: BDC-Calling onReceive: intent=Intent { act=android.intent.action.BATTERY_CHANGED flg=0x60000010 (has extras) }, ordered=true, receiver=com.android.systemui.statusbar.policy.BatteryController@2db2c3e, IIntentReceiver=c8decc1
01-01 12:31:16.126788   915   965 D BroadcastQueue: BroadcastRecord{91d83d7 u-1 android.intent.action.BATTERY_CHANGED}, #9 BroadcastFilter{354639c u0 ReceiverList{7ef270f 1697 com.android.phone/1001/u0 remote:283d46e}}
01-01 12:31:16.127153   915   965 D BroadcastQueue: BDC-Delivering broadcast: Intent { act=android.intent.action.BATTERY_CHANGED flg=0x60000010 (has extras) }, queue=background, ordered=false, filter=BroadcastFilter{354639c u0 ReceiverList{7ef270f 1697 com.android.phone/1001/u0 remote:283d46e}}, receiver=null
01-01 12:31:16.127323  1697  1697 D ActivityThread: BDC-Calling onReceive: intent=Intent { act=android.intent.action.BATTERY_CHANGED flg=0x60000010 (has extras) }, ordered=true, receiver=com.mediatek.internal.telephony.dataconnection.FdManager$1@ff4ebd3, IIntentReceiver=6c0fa72
01-01 12:31:16.127941   915   965 D BroadcastQueue: BroadcastRecord{91d83d7 u-1 android.intent.action.BATTERY_CHANGED}, #10 BroadcastFilter{de73080 u0 ReceiverList{eb34903 2190 com.android.bluetooth/1002/u0 remote:a6435b2}}
01-01 12:31:16.128290   915   965 D BroadcastQueue: BDC-Delivering broadcast: Intent { act=android.intent.action.BATTERY_CHANGED flg=0x60000010 (has extras) }, queue=background, ordered=false, filter=BroadcastFilter{de73080 u0 ReceiverList{eb34903 2190 com.android.bluetooth/1002/u0 remote:a6435b2}}, receiver=null
01-01 12:31:16.128682  1697  1697 D ActivityThread: BDC-Calling onReceive: intent=Intent { act=android.intent.action.BATTERY_CHANGED flg=0x60000010 (has extras) }, ordered=true, receiver=com.mediatek.internal.telephony.dataconnection.FdManager$1@d3e5065, IIntentReceiver=32568a6
01-01 12:31:16.129095   915   965 D BroadcastQueue: BroadcastRecord{91d83d7 u-1 android.intent.action.BATTERY_CHANGED}, #11 BroadcastFilter{b684f74 u0 ReceiverList{627b47 1176 com.android.systemui/10016/u0 remote:2cb7686}}
01-01 12:31:16.129458   915   965 D BroadcastQueue: BDC-Delivering broadcast: Intent { act=android.intent.action.BATTERY_CHANGED flg=0x60000010 (has extras) }, queue=background, ordered=false, filter=BroadcastFilter{b684f74 u0 ReceiverList{627b47 1176 com.android.systemui/10016/u0 remote:2cb7686}}, receiver=null
01-01 12:31:16.129792  2190  2190 D ActivityThread: BDC-Calling onReceive: intent=Intent { act=android.intent.action.BATTERY_CHANGED flg=0x60000010 (has extras) }, ordered=true, receiver=com.android.bluetooth.hfp.HeadsetService$1@6dbf25e, IIntentReceiver=679d3b1
01-01 12:31:16.130457   915   915 D ActivityThread: BDC-Calling onReceive: intent=Intent { act=android.intent.action.BATTERY_CHANGED flg=0x60000010 (has extras) }, ordered=true, receiver=com.android.server.UiModeManagerService$3@569a81a, IIntentReceiver=d50af4b
01-01 12:31:16.131246   915   915 D ActivityThread: BDC-Calling onReceive: intent=Intent { act=android.intent.action.BATTERY_CHANGED flg=0x60000010 (has extras) }, ordered=true, receiver=com.android.server.DeviceIdleController$1@eccab8d, IIntentReceiver=5783142
01-01 12:31:16.131997   915   915 D ActivityThread: BDC-Calling onReceive: intent=Intent { act=android.intent.action.BATTERY_CHANGED flg=0x60000010 (has extras) }, ordered=true, receiver=com.android.server.wifi.WifiServiceImpl$1@87ea69a, IIntentReceiver=9cc0bcb
01-01 12:31:16.132252   915   915 D WifiService: onReceive, action:android.intent.action.BATTERY_CHANGED
01-01 12:31:16.132317  1176  1176 D ActivityThread: BDC-Calling onReceive: intent=Intent { act=android.intent.action.BATTERY_CHANGED flg=0x60000010 (has extras) }, ordered=true, receiver=com.android.systemui.statusbar.phone.BatteryClusterView$BatteryTracker@9910cbe, IIntentReceiver=75cc55b
01-01 12:31:16.132849   915  1063 D WifiController: DeviceActiveState{ when=0 what=155652 arg1=2 target=com.android.internal.util.StateMachine$SmHandler }
01-01 12:31:16.133110   915  1063 D WifiController: StaEnabledState{ when=0 what=155652 arg1=2 target=com.android.internal.util.StateMachine$SmHandler }
01-01 12:31:16.133345   915  1063 D WifiController: DefaultState{ when=-1ms what=155652 arg1=2 target=com.android.internal.util.StateMachine$SmHandler }
01-01 12:31:16.133454   915  1063 D WifiController: battery changed pluggedType: 2
01-01 12:31:16.134467   915   965 D BroadcastQueue: BroadcastRecord{91d83d7 u-1 android.intent.action.BATTERY_CHANGED}, #12 BroadcastFilter{cc897d4 u0 ReceiverList{b2f2927 1176 com.android.systemui/10016/u0 remote:8afe6}}
01-01 12:31:16.134864   915   965 D BroadcastQueue: BDC-Delivering broadcast: Intent { act=android.intent.action.BATTERY_CHANGED flg=0x60000010 (has extras) }, queue=background, ordered=false, filter=BroadcastFilter{cc897d4 u0 ReceiverList{b2f2927 1176 com.android.systemui/10016/u0 remote:8afe6}}, receiver=null
01-01 12:31:16.135880   915   965 D BroadcastQueue: BroadcastRecord{91d83d7 u-1 android.intent.action.BATTERY_CHANGED}, #13 BroadcastFilter{6638e2f u0 ReceiverList{73ae40e 2014 com.asus.services/1000/u0 remote:82a7a09}}
01-01 12:31:16.136336   915   965 D BroadcastQueue: BDC-Delivering broadcast: Intent { act=android.intent.action.BATTERY_CHANGED flg=0x60000010 (has extras) }, queue=background, ordered=false, filter=BroadcastFilter{6638e2f u0 ReceiverList{73ae40e 2014 com.asus.services/1000/u0 remote:82a7a09}}, receiver=null
01-01 12:31:16.137239   915   965 D BroadcastQueue: BroadcastRecord{91d83d7 u-1 android.intent.action.BATTERY_CHANGED}, #14 BroadcastFilter{4120e0 u0 ReceiverList{1373ee3 2014 com.asus.services/1000/u0 remote:a08d712}}
01-01 12:31:16.137691   915   965 D BroadcastQueue: BDC-Delivering broadcast: Intent { act=android.intent.action.BATTERY_CHANGED flg=0x60000010 (has extras) }, queue=background, ordered=false, filter=BroadcastFilter{4120e0 u0 ReceiverList{1373ee3 2014 com.asus.services/1000/u0 remote:a08d712}}, receiver=null
01-01 12:31:16.137972  2014  2014 D ActivityThread: BDC-Calling onReceive: intent=Intent { act=android.intent.action.BATTERY_CHANGED flg=0x60000010 (has extras) }, ordered=true, receiver=com.asus.boostdozemodeservice.b@c3842ce, IIntentReceiver=a70ab85
01-01 12:31:16.138587   915   965 D BroadcastQueue: BroadcastRecord{91d83d7 u-1 android.intent.action.BATTERY_CHANGED}, #15 BroadcastFilter{b254cb5 u0 ReceiverList{46610ec 2014 com.asus.services/1000/u0 remote:cd0f79f}}
01-01 12:31:16.139001   915   965 D BroadcastQueue: BDC-Delivering broadcast: Intent { act=android.intent.action.BATTERY_CHANGED flg=0x60000010 (has extras) }, queue=background, ordered=false, filter=BroadcastFilter{b254cb5 u0 ReceiverList{46610ec 2014 com.asus.services/1000/u0 remote:cd0f79f}}, receiver=null
01-01 12:31:16.139059  2014  2014 D ActivityThread: BDC-Calling onReceive: intent=Intent { act=android.intent.action.BATTERY_CHANGED flg=0x60000010 (has extras) }, ordered=true, receiver=com.asus.powersaver.PowerSaverService$2@a9fa8df, IIntentReceiver=325313a
01-01 12:31:16.139896   915   965 D BroadcastQueue: BroadcastRecord{91d83d7 u-1 android.intent.action.BATTERY_CHANGED}, #16 BroadcastFilter{4d7ec35 u0 ReceiverList{3c97e6c 3832 android.process.media/10025/u0 remote:60fab1f}}
01-01 12:31:16.140457  2014  2014 D ActivityThread: BDC-Calling onReceive: intent=Intent { act=android.intent.action.BATTERY_CHANGED flg=0x60000010 (has extras) }, ordered=true, receiver=com.asus.hardwarestub.dock.a@78b5db6, IIntentReceiver=cd46d8e
01-01 12:31:16.141273   915   965 D BroadcastQueue: BDC-Delivering broadcast: Intent { act=android.intent.action.BATTERY_CHANGED flg=0x60000010 (has extras) }, queue=background, ordered=false, filter=BroadcastFilter{4d7ec35 u0 ReceiverList{3c97e6c 3832 android.process.media/10025/u0 remote:60fab1f}}, receiver=null
01-01 12:31:16.142224   915   965 D BroadcastQueue: Non-ordered [background] BroadcastRecord{91d83d7 u-1 android.intent.action.BATTERY_CHANGED}, 17 receivers, Total: 63, Waiting: 0, Processing: 63
01-01 12:31:16.143831  3832  3832 D ActivityThread: BDC-Calling onReceive: intent=Intent { act=android.intent.action.BATTERY_CHANGED flg=0x60000010 (has extras) }, ordered=true, receiver=android.mtp.MtpDatabase$1@6bdfdf7, IIntentReceiver=fca8293
01-01 12:31:16.152005  1176  1176 D ActivityThread: BDC-Calling onReceive: intent=Intent { act=android.intent.action.BATTERY_CHANGED flg=0x60000010 (has extras) }, ordered=true, receiver=com.android.systemui.statusbar.phone.BatteryClusterView$BatteryTracker@8d11358, IIntentReceiver=aedcdbe
01-01 12:31:16.188811   915  1061 V ActivityManager: Broadcast: Intent { act=android.net.wifi.SCAN_RESULTS flg=0x4000010 (has extras) } ordered=false userid=-1 callerApp=ProcessRecord{b59114d 915:system/1000}
01-01 12:31:16.189711   915   965 V BroadcastQueue: Processing parallel broadcast [background] BroadcastRecord{989f85c u-1 android.net.wifi.SCAN_RESULTS}, 2 receivers
01-01 12:31:16.190009   915   965 D BroadcastQueue: BroadcastRecord{989f85c u-1 android.net.wifi.SCAN_RESULTS}, #0 BroadcastFilter{2947dc8 u0 ReceiverList{60bde6b 915 system/1000/u0 local:9a59fba}}
01-01 12:31:16.190345   915   965 D BroadcastQueue: BDC-Delivering broadcast: Intent { act=android.net.wifi.SCAN_RESULTS flg=0x4000010 (has extras) }, queue=background, ordered=false, filter=BroadcastFilter{2947dc8 u0 ReceiverList{60bde6b 915 system/1000/u0 local:9a59fba}}, receiver=null
01-01 12:31:16.190731   915   965 D BroadcastQueue: BroadcastRecord{989f85c u-1 android.net.wifi.SCAN_RESULTS}, #1 BroadcastFilter{a1b328b u0 ReceiverList{10b305a 2178 com.google.android.gms.persistent/10029/u0 remote:84e5805}}
01-01 12:31:16.191049   915   965 D BroadcastQueue: BDC-Delivering broadcast: Intent { act=android.net.wifi.SCAN_RESULTS flg=0x4000010 (has extras) }, queue=background, ordered=false, filter=BroadcastFilter{a1b328b u0 ReceiverList{10b305a 2178 com.google.android.gms.persistent/10029/u0 remote:84e5805}}, receiver=null
01-01 12:31:16.191108   915   915 D ActivityThread: BDC-Calling onReceive: intent=Intent { act=android.net.wifi.SCAN_RESULTS flg=0x4000010 (has extras) }, ordered=true, receiver=com.android.server.wifi.WifiNotificationController$1@dd968e5, IIntentReceiver=9a59fba
01-01 12:31:16.191702   915   965 D BroadcastQueue: Non-ordered [background] BroadcastRecord{989f85c u-1 android.net.wifi.SCAN_RESULTS}, 2 receivers, Total: 2, Waiting: 0, Processing: 2
01-01 12:31:16.191807   915   915 I WifiNotificationController: checkAndSetNotification, state:DISCONNECTED
01-01 12:31:16.192164  2178  2373 D ActivityThread: BDC-Calling onReceive: intent=Intent { act=android.net.wifi.SCAN_RESULTS flg=0x4000010 (has extras) }, ordered=true, receiver=com.google.android.location.os.real.z@b66a1cb, IIntentReceiver=74322f0
01-01 12:31:16.230450   915   915 D WifiNotificationController: Connecting networkId:-1, isConnecting:false
01-01 12:31:16.230558   915   915 I WifiNotificationController: Open network num:15
01-01 12:31:16.230693   915   915 D WifiNotificationController: Supplicant state is SCANNING when interpret scan results.
01-01 12:31:16.230806   915   915 D WifiNotificationController: Not enough time has passed to show the notification again.
01-01 12:31:17.953546   915   941 V ActivityManager: Broadcast sticky: Intent { act=android.intent.action.SIG_STR flg=0x20000010 (has extras) } ordered=false userid=-1 callerApp=ProcessRecord{b59114d 915:system/1000}
01-01 12:31:18.516066   915  1418 D ActivityManager: getContentProviderImpl: from caller=android.app.ApplicationThreadProxy@f124c3a (pid=6786, userId=0) to get content provider media cpr=ContentProviderRecord{6d33245 u0 com.android.providers.media/.MediaProvider}
01-01 12:31:18.518054   915  1418 D ActivityManager: getContentProviderImpl: updateLruProcessLocked cpr.proc=ProcessRecord{403c87e 3832:android.process.media/u0a25}
01-01 12:31:18.532386  6786  6991 D ActivityThread: holder:android.app.IActivityManager$ContentProviderHolder@1c02303, holder.provider:android.content.ContentProviderProxy@cc0280
01-01 12:31:19.735969   915  1012 D AutomaticBrightnessController: calculateAmbientLux: [-10000, 100]: lux=400.0, weight=5.1005E7
01-01 12:31:19.736930   915  1012 D AutomaticBrightnessController: calculateAmbientLux: totalWeight=5.1005E7, newAmbientLux=400.0
01-01 12:31:19.737761   915  1012 D AutomaticBrightnessController: updateAmbientLux: Scheduling ambient lux update for 16441691644169 (in 3997 ms)
01-01 12:31:23.007925   915  1992 V ActivityManager: Broadcast sticky: Intent { act=android.intent.action.SIG_STR flg=0x20000010 (has extras) } ordered=false userid=-1 callerApp=ProcessRecord{b59114d 915:system/1000}
01-01 12:31:23.736392   915  1012 D AutomaticBrightnessController: calculateAmbientLux: [-10000, 100]: lux=400.0, weight=5.1005E7
01-01 12:31:23.737372   915  1012 D AutomaticBrightnessController: calculateAmbientLux: totalWeight=5.1005E7, newAmbientLux=400.0
01-01 12:31:23.738193   915  1012 D AutomaticBrightnessController: updateAmbientLux: Scheduling ambient lux update for 16481701648170 (in 3998 ms)
01-01 12:31:27.740549   915  1012 D AutomaticBrightnessController: calculateAmbientLux: [-10000, 100]: lux=400.0, weight=5.1005E7
01-01 12:31:27.740834   915  1012 D AutomaticBrightnessController: calculateAmbientLux: totalWeight=5.1005E7, newAmbientLux=400.0
01-01 12:31:27.741038   915  1012 D AutomaticBrightnessController: updateAmbientLux: Scheduling ambient lux update for 16521751652175 (in 4000 ms)
01-01 12:31:28.112758   915  1773 V ActivityManager: Broadcast sticky: Intent { act=android.intent.action.SIG_STR flg=0x20000010 (has extras) } ordered=false userid=-1 callerApp=ProcessRecord{b59114d 915:system/1000}
01-01 12:31:28.530570   915  1815 D ActivityManager: getContentProviderImpl: from caller=android.app.ApplicationThreadProxy@4ec3e48 (pid=6786, userId=0) to get content provider media cpr=ContentProviderRecord{6d33245 u0 com.android.providers.media/.MediaProvider}
01-01 12:31:28.531401   915  1815 D ActivityManager: getContentProviderImpl: updateLruProcessLocked cpr.proc=ProcessRecord{403c87e 3832:android.process.media/u0a25}
01-01 12:31:28.544290  6786  7132 D ActivityThread: holder:android.app.IActivityManager$ContentProviderHolder@3670b0a, holder.provider:android.content.ContentProviderProxy@bf8ef7b
01-01 12:31:30.928016   353  1004 D NetlinkEvent: clear RA flag done
01-01 12:31:30.928291   353  1004 D SocketClient: SocketClient sendData done: 600 Iface linkstate wlan0 down
01-01 12:31:30.928821   915  1042 D NetdConnector: RCV <- {600 Iface linkstate wlan0 down}
01-01 12:31:30.930267   915   971 D NetworkManagement: onEvent:600 Iface linkstate wlan0 down:5
01-01 12:31:31.084411   915  1061 V ActivityManager: Broadcast: Intent { act=android.net.wifi.SCAN_RESULTS flg=0x4000010 (has extras) } ordered=false userid=-1 callerApp=ProcessRecord{b59114d 915:system/1000}
01-01 12:31:31.085636   915   965 V BroadcastQueue: Processing parallel broadcast [background] BroadcastRecord{740a4e1 u-1 android.net.wifi.SCAN_RESULTS}, 2 receivers
01-01 12:31:31.085960   915   965 D BroadcastQueue: BroadcastRecord{740a4e1 u-1 android.net.wifi.SCAN_RESULTS}, #0 BroadcastFilter{2947dc8 u0 ReceiverList{60bde6b 915 system/1000/u0 local:9a59fba}}
01-01 12:31:31.086283   915   965 D BroadcastQueue: BDC-Delivering broadcast: Intent { act=android.net.wifi.SCAN_RESULTS flg=0x4000010 (has extras) }, queue=background, ordered=false, filter=BroadcastFilter{2947dc8 u0 ReceiverList{60bde6b 915 system/1000/u0 local:9a59fba}}, receiver=null
01-01 12:31:31.086689   915   965 D BroadcastQueue: BroadcastRecord{740a4e1 u-1 android.net.wifi.SCAN_RESULTS}, #1 BroadcastFilter{a1b328b u0 ReceiverList{10b305a 2178 com.google.android.gms.persistent/10029/u0 remote:84e5805}}
01-01 12:31:31.087015   915   965 D BroadcastQueue: BDC-Delivering broadcast: Intent { act=android.net.wifi.SCAN_RESULTS flg=0x4000010 (has extras) }, queue=background, ordered=false, filter=BroadcastFilter{a1b328b u0 ReceiverList{10b305a 2178 com.google.android.gms.persistent/10029/u0 remote:84e5805}}, receiver=null
01-01 12:31:31.087085   915   915 D ActivityThread: BDC-Calling onReceive: intent=Intent { act=android.net.wifi.SCAN_RESULTS flg=0x4000010 (has extras) }, ordered=true, receiver=com.android.server.wifi.WifiNotificationController$1@dd968e5, IIntentReceiver=9a59fba
01-01 12:31:31.087629   915   965 D BroadcastQueue: Non-ordered [background] BroadcastRecord{740a4e1 u-1 android.net.wifi.SCAN_RESULTS}, 2 receivers, Total: 3, Waiting: 1, Processing: 2
01-01 12:31:31.087709   915   915 I WifiNotificationController: checkAndSetNotification, state:DISCONNECTED
01-01 12:31:31.088579  2178  2373 D ActivityThread: BDC-Calling onReceive: intent=Intent { act=android.net.wifi.SCAN_RESULTS flg=0x4000010 (has extras) }, ordered=true, receiver=com.google.android.location.os.real.z@b66a1cb, IIntentReceiver=74322f0
01-01 12:31:31.138319   915   915 D WifiNotificationController: Connecting networkId:-1, isConnecting:false
01-01 12:31:31.138427   915   915 I WifiNotificationController: Open network num:15
01-01 12:31:31.138564   915   915 D WifiNotificationController: Supplicant state is SCANNING when interpret scan results.
01-01 12:31:31.138665   915   915 D WifiNotificationController: Not enough time has passed to show the notification again.
01-01 12:31:31.746124   915  1012 D AutomaticBrightnessController: calculateAmbientLux: [-10000, 100]: lux=400.0, weight=5.1005E7
01-01 12:31:31.747047   915  1012 D AutomaticBrightnessController: calculateAmbientLux: totalWeight=5.1005E7, newAmbientLux=400.0
01-01 12:31:31.747945   915  1012 D AutomaticBrightnessController: updateAmbientLux: Scheduling ambient lux update for 16561791656179 (in 3997 ms)
01-01 12:31:33.239594   915  1994 V ActivityManager: Broadcast sticky: Intent { act=android.intent.action.SIG_STR flg=0x20000010 (has extras) } ordered=false userid=-1 callerApp=ProcessRecord{b59114d 915:system/1000}
01-01 12:31:34.528700   915  1035 D PowerManagerService: userActivityFromNative
01-01 12:31:34.528933   915  1035 D PowerManagerService: userActivityNoUpdateLocked: eventTime=1654959, event=2, flags=0x0, uid=1000
01-01 12:31:34.529149   915  1035 D PowerManagerNotifier: onUserActivity: event=2, uid=1000
01-01 12:31:34.529511   915  1035 D PowerManagerService: updateUserActivitySummaryLocked: mWakefulness=Dreaming, mUserActivitySummary=0x1, nextTimeout=1707959 (in 52995 ms)
01-01 12:31:34.529915   915  1035 D DisplayPowerController: requestPowerState: policy=BRIGHT, useProximitySensor=false, screenBrightness=102, screenAutoBrightnessAdjustment=1.0, brightnessSetByUser=true, useAutoBrightness=true, blockScreenOn=false, lowPowerMode=false, boostScreenBrightness=false, dozeScreenBrightness=-1, dozeScreenState=UNKNOWN, waitForNegativeProximity=false
01-01 12:31:34.530000   915  1035 I PowerManagerService: setBrightness mButtonLight 0.
01-01 12:31:34.530174   915  1035 D PowerManagerService: updateDisplayPowerStateLocked: mDisplayReady=true, policy=3, mWakefulness=2, mWakeLockSummary=0x3, mUserActivitySummary=0x1, mBootCompleted=true, mScreenBrightnessBoostInProgress=false
01-01 12:31:34.534067   915  1012 I PowerManagerService: canDreamLocked mWakefulness = 2, mDreamsSupportedConfig = true, mDreamsEnabledSetting = true, mDisplayPowerRequest.isBrightOrDim() = true, mUserActivitySummary = 1, mBootCompleted = true
01-01 12:31:34.534607   915  1773 I DreamManagerService: Leaving dreamland.
01-01 12:31:34.535635   915   971 I DreamController: Stopping dream: name=ComponentInfo{com.android.dreams.phototable/com.android.dreams.phototable.FlipperDream}, isTest=false, canDoze=false, userId=0
01-01 12:31:34.536208   915   971 V ActivityManager: Broadcast: Intent { act=android.intent.action.DREAMING_STOPPED flg=0x40000010 } ordered=false userid=-1 callerApp=ProcessRecord{b59114d 915:system/1000}
01-01 12:31:34.537236   915   965 V BroadcastQueue: Processing parallel broadcast [background] BroadcastRecord{8f110c7 u-1 android.intent.action.DREAMING_STOPPED}, 4 receivers
01-01 12:31:34.537501   915   965 D BroadcastQueue: BroadcastRecord{8f110c7 u-1 android.intent.action.DREAMING_STOPPED}, #0 BroadcastFilter{51de3d9 u0 ReceiverList{73bbe20 915 system/1000/u0 local:3b10923}}
01-01 12:31:34.537803   915   965 D BroadcastQueue: BDC-Delivering broadcast: Intent { act=android.intent.action.DREAMING_STOPPED flg=0x40000010 }, queue=background, ordered=false, filter=BroadcastFilter{51de3d9 u0 ReceiverList{73bbe20 915 system/1000/u0 local:3b10923}}, receiver=null
01-01 12:31:34.538151   915   965 D BroadcastQueue: BroadcastRecord{8f110c7 u-1 android.intent.action.DREAMING_STOPPED}, #1 BroadcastFilter{dd8aee4 u0 ReceiverList{643f277 915 system/1000/u0 local:ed88c76}}
01-01 12:31:34.538436   915   965 D BroadcastQueue: BDC-Delivering broadcast: Intent { act=android.intent.action.DREAMING_STOPPED flg=0x40000010 }, queue=background, ordered=false, filter=BroadcastFilter{dd8aee4 u0 ReceiverList{643f277 915 system/1000/u0 local:ed88c76}}, receiver=null
01-01 12:31:34.538735   915   965 D BroadcastQueue: BroadcastRecord{8f110c7 u-1 android.intent.action.DREAMING_STOPPED}, #2 BroadcastFilter{6558b2f u0 ReceiverList{9f2b50e 915 system/1000/u0 local:8aef09}}
01-01 12:31:34.539013   915   965 D BroadcastQueue: BDC-Delivering broadcast: Intent { act=android.intent.action.DREAMING_STOPPED flg=0x40000010 }, queue=background, ordered=false, filter=BroadcastFilter{6558b2f u0 ReceiverList{9f2b50e 915 system/1000/u0 local:8aef09}}, receiver=null
01-01 12:31:34.539582   915  1012 D ActivityThread: BDC-Calling onReceive: intent=Intent { act=android.intent.action.DREAMING_STOPPED flg=0x40000010 }, ordered=true, receiver=com.android.server.power.PowerManagerService$DreamReceiver@8363810, IIntentReceiver=8aef09
01-01 12:31:34.539757   915  1012 I PowerManagerService: handleSandman: time to wakeUpNoUpdateLocked
01-01 12:31:34.540031   915  1012 D PowerManagerService:    |----com.android.server.power.PowerManagerService.wakeUpNoUpdateLocked(PowerManagerService.java:1336)
01-01 12:31:34.540174   915  1012 D PowerManagerService:    |----com.android.server.power.PowerManagerService.handleSandman(PowerManagerService.java:2151)
01-01 12:31:34.540290   915  1012 D PowerManagerService:    |----com.android.server.power.PowerManagerService.-wrap16(PowerManagerService.java)
01-01 12:31:34.540432   915  1012 D PowerManagerService:    |----com.android.server.power.PowerManagerService$PowerManagerHandler.handleMessage(PowerManagerService.java:3264)
01-01 12:31:34.540570   915  1012 D PowerManagerService:    |----android.os.Handler.dispatchMessage(Handler.java:111)
01-01 12:31:34.540715   915  1012 D PowerManagerService:    |----android.os.Looper.loop(Looper.java:207)
01-01 12:31:34.540839   915  1012 D PowerManagerService:    |----android.os.HandlerThread.run(HandlerThread.java:61)
01-01 12:31:34.540962   915  1012 D PowerManagerService:    |----com.android.server.ServiceThread.run(ServiceThread.java:46)
01-01 12:31:34.541100   915  1012 D PowerManagerService: wakeUpNoUpdateLocked: eventTime=1654974, uid=1000
01-01 12:31:34.541217   915  1012 I PowerManagerService: Waking up from dream (uid 1000)...
01-01 12:31:34.541342   915  1012 D PowerManagerNotifier: onWakefulnessChangeStarted: wakefulness=1, reason=0, interactive=true
01-01 12:31:34.541516   915  1012 D PowerManagerNotifier: onWakeUp: event=android.server.power:DREAM, reasonUid=1000 opPackageName=android opUid=1000
01-01 12:31:34.545769   915   915 D ActivityThread: BDC-Calling onReceive: intent=Intent { act=android.intent.action.DREAMING_STOPPED flg=0x40000010 }, ordered=true, receiver=com.android.server.policy.PhoneWindowManager$16@8fe6252, IIntentReceiver=3b10923
01-01 12:31:34.546650   915   915 D ActivityThread: BDC-Calling onReceive: intent=Intent { act=android.intent.action.DREAMING_STOPPED flg=0x40000010 }, ordered=true, receiver=com.android.server.job.controllers.IdleController$IdlenessTracker@61d6311, IIntentReceiver=ed88c76
01-01 12:31:34.546920   915   915 D AlarmManager: manual remove option = PendingIntent{7a20ae5: PendingIntentRecord{16e99ba android broadcastIntent}}
01-01 12:31:34.547624   915   915 D AlarmManager: remove(operation) changed bounds; rebatching operation = PendingIntent{7a20ae5: PendingIntentRecord{16e99ba android broadcastIntent}}
01-01 12:31:34.547759   915   915 D AlarmManager: rebatchAllAlarmsLocked begin oldBatches count = 62
01-01 12:31:34.547860   915   915 D AlarmManager: rebatchAllAlarmsLocked  batch.size() = 1
01-01 12:31:34.547974   915   915 D AlarmManager:  whichBatch = -1
01-01 12:31:34.548103   915   915 D AlarmManager: rebatchAllAlarmsLocked  batch.size() = 1
01-01 12:31:34.548212   915   915 D AlarmManager:  whichBatch = -1
01-01 12:31:34.548330   915   915 D AlarmManager: rebatchAllAlarmsLocked  batch.size() = 1
01-01 12:31:34.548434   915   915 D AlarmManager:  whichBatch = -1
01-01 12:31:34.548557   915   915 D AlarmManager: rebatchAllAlarmsLocked  batch.size() = 1
01-01 12:31:34.548664   915   915 D AlarmManager:  whichBatch = -1
01-01 12:31:34.548790   915   915 D AlarmManager: rebatchAllAlarmsLocked  batch.size() = 1
01-01 12:31:34.548899   915   915 D AlarmManager:  whichBatch = -1
01-01 12:31:34.549028   915   915 D AlarmManager: rebatchAllAlarmsLocked  batch.size() = 1
01-01 12:31:34.549135   915   915 D AlarmManager:  whichBatch = -1
01-01 12:31:34.549258   915   915 D AlarmManager: rebatchAllAlarmsLocked  batch.size() = 1
01-01 12:31:34.549375   915   915 D AlarmManager:  whichBatch = -1
01-01 12:31:34.549499   915   915 D AlarmManager: rebatchAllAlarmsLocked  batch.size() = 1
01-01 12:31:34.549606   915   915 D AlarmManager:  whichBatch = -1
01-01 12:31:34.549732   915   915 D AlarmManager: rebatchAllAlarmsLocked  batch.size() = 1
01-01 12:31:34.549845   915   915 D AlarmManager:  whichBatch = -1
01-01 12:31:34.549974   915   915 D AlarmManager: rebatchAllAlarmsLocked  batch.size() = 1
01-01 12:31:34.550085   915   915 D AlarmManager:  whichBatch = -1
01-01 12:31:34.550211   915   915 D AlarmManager: rebatchAllAlarmsLocked  batch.size() = 1
01-01 12:31:34.550316   915   915 D AlarmManager:  whichBatch = -1
01-01 12:31:34.550444   915   915 D AlarmManager: rebatchAllAlarmsLocked  batch.size() = 1
01-01 12:31:34.550548   915   915 D AlarmManager:  whichBatch = -1
01-01 12:31:34.550674   915   915 D AlarmManager: rebatchAllAlarmsLocked  batch.size() = 1
01-01 12:31:34.550780   915   915 D AlarmManager:  whichBatch = -1
01-01 12:31:34.550907   915   915 D AlarmManager: rebatchAllAlarmsLocked  batch.size() = 1
01-01 12:31:34.551012   915   915 D AlarmManager:  whichBatch = -1
01-01 12:31:34.551135   915   915 D AlarmManager: rebatchAllAlarmsLocked  batch.size() = 1
01-01 12:31:34.551246   915   915 D AlarmManager:  whichBatch = -1
01-01 12:31:34.551372   915   915 D AlarmManager: rebatchAllAlarmsLocked  batch.size() = 1
01-01 12:31:34.551489   915   915 D AlarmManager:  whichBatch = -1
01-01 12:31:34.551648   915   915 D AlarmManager: rebatchAllAlarmsLocked  batch.size() = 1
01-01 12:31:34.551760   915   915 D AlarmManager:  whichBatch = -1
01-01 12:31:34.551886   915   915 D AlarmManager: rebatchAllAlarmsLocked  batch.size() = 1
01-01 12:31:34.551998   915   915 D AlarmManager:  whichBatch = -1
01-01 12:31:34.552129   915   915 D AlarmManager: rebatchAllAlarmsLocked  batch.size() = 1
01-01 12:31:34.552242   915   915 D AlarmManager:  whichBatch = -1
01-01 12:31:34.552369   915   915 D AlarmManager: rebatchAllAlarmsLocked  batch.size() = 1
01-01 12:31:34.552486   915   915 D AlarmManager:  whichBatch = -1
01-01 12:31:34.552618   915   915 D AlarmManager: rebatchAllAlarmsLocked  batch.size() = 1
01-01 12:31:34.552732   915   915 D AlarmManager:  whichBatch = -1
01-01 12:31:34.552859   915   915 D AlarmManager: rebatchAllAlarmsLocked  batch.size() = 1
01-01 12:31:34.552973   915   915 D AlarmManager:  whichBatch = -1
01-01 12:31:34.553106   915   915 D AlarmManager: rebatchAllAlarmsLocked  batch.size() = 1
01-01 12:31:34.553220   915   915 D AlarmManager:  whichBatch = -1
01-01 12:31:34.553351   915   915 D AlarmManager: rebatchAllAlarmsLocked  batch.size() = 1
01-01 12:31:34.553455   915   915 D AlarmManager:  whichBatch = -1
01-01 12:31:34.553579   915   915 D AlarmManager: rebatchAllAlarmsLocked  batch.size() = 1
01-01 12:31:34.553690   915   915 D AlarmManager:  whichBatch = -1
01-01 12:31:34.553818   915   915 D AlarmManager: rebatchAllAlarmsLocked  batch.size() = 1
01-01 12:31:34.553931   915   915 D AlarmManager:  whichBatch = -1
01-01 12:31:34.554059   915   915 D AlarmManager: rebatchAllAlarmsLocked  batch.size() = 1
01-01 12:31:34.554175   915   915 D AlarmManager:  whichBatch = -1
01-01 12:31:34.554302   915   915 D AlarmManager: rebatchAllAlarmsLocked  batch.size() = 1
01-01 12:31:34.554415   915   915 D AlarmManager:  whichBatch = -1
01-01 12:31:34.554543   915   915 D AlarmManager: rebatchAllAlarmsLocked  batch.size() = 1
01-01 12:31:34.554655   915   915 D AlarmManager:  whichBatch = -1
01-01 12:31:34.554780   915   915 D AlarmManager: rebatchAllAlarmsLocked  batch.size() = 1
01-01 12:31:34.554898   915   915 D AlarmManager:  whichBatch = -1
01-01 12:31:34.555029   915   915 D AlarmManager: rebatchAllAlarmsLocked  batch.size() = 1
01-01 12:31:34.560372   915  1012 D PowerManagerService: userActivityNoUpdateLocked: eventTime=1654974, event=0, flags=0x0, uid=1000
01-01 12:31:34.560684   915  1012 D PowerManagerNotifier: onUserActivity: event=0, uid=1000
01-01 12:31:34.560937   915  1012 D PowerManagerService: updateWakeLockSummaryLocked: mWakefulness=Awake, mWakeLockSummary=0x23
01-01 12:31:34.561192   915  1012 D PowerManagerService: updateUserActivitySummaryLocked: mWakefulness=Awake, mUserActivitySummary=0x1, nextTimeout=1707974 (in 52978 ms)
01-01 12:31:34.561534   915  1012 D DisplayPowerController: requestPowerState: policy=BRIGHT, useProximitySensor=false, screenBrightness=102, screenAutoBrightnessAdjustment=1.0, brightnessSetByUser=true, useAutoBrightness=true, blockScreenOn=false, lowPowerMode=false, boostScreenBrightness=false, dozeScreenBrightness=-1, dozeScreenState=UNKNOWN, waitForNegativeProximity=false
01-01 12:31:34.561627   915  1012 I PowerManagerService: setBrightness mButtonLight 0.
01-01 12:31:34.561799   915   965 D BroadcastQueue: BroadcastRecord{8f110c7 u-1 android.intent.action.DREAMING_STOPPED}, #3 BroadcastFilter{163841 u0 ReceiverList{fd88328 2178 com.google.android.gms.persistent/10029/u0 remote:5311d4b}}
01-01 12:31:34.561804   915  1012 D PowerManagerService: updateDisplayPowerStateLocked: mDisplayReady=true, policy=3, mWakefulness=1, mWakeLockSummary=0x23, mUserActivitySummary=0x1, mBootCompleted=true, mScreenBrightnessBoostInProgress=false
01-01 12:31:34.561926   915  1012 D PowerManagerNotifier: onWakefulnessChangeFinished
01-01 12:31:34.562436   915   915 D AlarmManager:  whichBatch = -1
01-01 12:31:34.562595   915   965 D BroadcastQueue: BDC-Delivering broadcast: Intent { act=android.intent.action.DREAMING_STOPPED flg=0x40000010 }, queue=background, ordered=false, filter=BroadcastFilter{163841 u0 ReceiverList{fd88328 2178 com.google.android.gms.persistent/10029/u0 remote:5311d4b}}, receiver=null
01-01 12:31:34.562602   915   915 D AlarmManager: rebatchAllAlarmsLocked  batch.size() = 1
01-01 12:31:34.562718   915   915 D AlarmManager:  whichBatch = -1
01-01 12:31:34.563417   915   965 D BroadcastQueue: Non-ordered [background] BroadcastRecord{8f110c7 u-1 android.intent.action.DREAMING_STOPPED}, 4 receivers, Total: 27, Waiting: 0, Processing: 27
01-01 12:31:34.564021   915   915 D AlarmManager: rebatchAllAlarmsLocked  batch.size() = 1
01-01 12:31:34.564196   915   915 D AlarmManager:  whichBatch = -1
01-01 12:31:34.564395   915   915 D AlarmManager: rebatchAllAlarmsLocked  batch.size() = 1
01-01 12:31:34.564483   915   971 D ActivityManager: SVC-Unbinding service: ServiceRecord{84766dc u0 com.android.dreams.phototable/.FlipperDream}, app=ProcessRecord{b061558 6786:com.android.dreams.phototable/u0a105}
01-01 12:31:34.564528   915   915 D AlarmManager:  whichBatch = -1
01-01 12:31:34.564686   915   915 D AlarmManager: rebatchAllAlarmsLocked  batch.size() = 2
01-01 12:31:34.564736   915   971 V ActivityManager: >>> EXECUTING unbind of ServiceRecord{84766dc u0 com.android.dreams.phototable/.FlipperDream} in app ProcessRecord{b061558 6786:com.android.dreams.phototable/u0a105}
01-01 12:31:34.564860   915   915 D AlarmManager:  whichBatch = 28
01-01 12:31:34.565479   915   915 D AlarmManager:  alarm = Alarm{327b4c8 type 2 when 86521041 com.google.android.gms} add to Batch{2f22892 num=1 start=86160545 end=150960545 flgs=0x8}
01-01 12:31:34.565686   915   915 D AlarmManager:  whichBatch = -1
01-01 12:31:34.565844   915   915 D AlarmManager: rebatchAllAlarmsLocked  batch.size() = 1
01-01 12:31:34.565975   915   915 D AlarmManager:  whichBatch = -1
01-01 12:31:34.566123   915   915 D AlarmManager: rebatchAllAlarmsLocked  batch.size() = 1
01-01 12:31:34.566253   915   915 D AlarmManager:  whichBatch = -1
01-01 12:31:34.566393   915   915 D AlarmManager: rebatchAllAlarmsLocked  batch.size() = 1
01-01 12:31:34.566516   915   915 D AlarmManager:  whichBatch = -1
01-01 12:31:34.566660   915   915 D AlarmManager: rebatchAllAlarmsLocked  batch.size() = 1
01-01 12:31:34.566775   915   915 D AlarmManager:  whichBatch = -1
01-01 12:31:34.566916   915   915 D AlarmManager: rebatchAllAlarmsLocked  batch.size() = 1
01-01 12:31:34.567032   915   915 D AlarmManager:  whichBatch = -1
01-01 12:31:34.567174   915   915 D AlarmManager: rebatchAllAlarmsLocked  batch.size() = 1
01-01 12:31:34.567287   915   915 D AlarmManager:  whichBatch = -1
01-01 12:31:34.567430   915   915 D AlarmManager: rebatchAllAlarmsLocked  batch.size() = 1
01-01 12:31:34.567563   915   915 D AlarmManager:  whichBatch = -1
01-01 12:31:34.567707   915   915 D AlarmManager: rebatchAllAlarmsLocked  batch.size() = 1
01-01 12:31:34.567836   915   915 D AlarmManager:  whichBatch = -1
01-01 12:31:34.567977   915   915 D AlarmManager: rebatchAllAlarmsLocked  batch.size() = 1
01-01 12:31:34.568105   915   915 D AlarmManager:  whichBatch = -1
01-01 12:31:34.568157   915   971 V ActivityManager: >>> EXECUTING destroy of ServiceRecord{84766dc u0 com.android.dreams.phototable/.FlipperDream} in app ProcessRecord{b061558 6786:com.android.dreams.phototable/u0a105}
01-01 12:31:34.568245   915   915 D AlarmManager: rebatchAllAlarmsLocked  batch.size() = 1
01-01 12:31:34.568371   915   915 D AlarmManager:  whichBatch = -1
01-01 12:31:34.564182  2178  2178 D ActivityThread: BDC-Calling onReceive: intent=Intent { act=android.intent.action.DREAMING_STOPPED flg=0x40000010 }, ordered=true, receiver=com.google.android.gms.gcm.j@a9a4c45, IIntentReceiver=3d4e4ed
01-01 12:31:34.568514   915   915 D AlarmManager: rebatchAllAlarmsLocked  batch.size() = 1
01-01 12:31:34.568639   915   915 D AlarmManager:  whichBatch = -1
01-01 12:31:34.568784   915   915 D AlarmManager: rebatchAllAlarmsLocked  batch.size() = 1
01-01 12:31:34.568907   915   915 D AlarmManager:  whichBatch = -1
01-01 12:31:34.569051   915   915 D AlarmManager: rebatchAllAlarmsLocked  batch.size() = 1
01-01 12:31:34.569175   915   915 D AlarmManager:  whichBatch = -1
01-01 12:31:34.569319   915   915 D AlarmManager: rebatchAllAlarmsLocked  batch.size() = 1
01-01 12:31:34.569440   915   915 D AlarmManager:  whichBatch = -1
01-01 12:31:34.569577   915   915 D AlarmManager: rebatchAllAlarmsLocked  batch.size() = 1
01-01 12:31:34.569696   915   915 D AlarmManager:  whichBatch = -1
01-01 12:31:34.569880   915   915 D AlarmManager: rebatchAllAlarmsLocked  batch.size() = 1
01-01 12:31:34.570003   915   915 D AlarmManager:  whichBatch = -1
01-01 12:31:34.570136   915   915 D AlarmManager: rebatchAllAlarmsLocked  batch.size() = 1
01-01 12:31:34.570249   915   915 D AlarmManager:  whichBatch = -1
01-01 12:31:34.570380   915   915 D AlarmManager: rebatchAllAlarmsLocked  batch.size() = 1
01-01 12:31:34.570493   915   915 D AlarmManager:  whichBatch = -1
01-01 12:31:34.570626   915   915 D AlarmManager: rebatchAllAlarmsLocked  batch.size() = 1
01-01 12:31:34.570732   915   915 D AlarmManager:  whichBatch = -1
01-01 12:31:34.570859   915   915 D AlarmManager: rebatchAllAlarmsLocked  batch.size() = 1
01-01 12:31:34.570965   915   915 D AlarmManager:  whichBatch = -1
01-01 12:31:34.571093   915   915 D AlarmManager: rebatchAllAlarmsLocked  batch.size() = 1
01-01 12:31:34.571197   915   915 D AlarmManager:  whichBatch = -1
01-01 12:31:34.571326   915   915 D AlarmManager: rebatchAllAlarmsLocked  batch.size() = 1
01-01 12:31:34.571432   915   915 D AlarmManager:  whichBatch = -1
01-01 12:31:34.571562   915   915 D AlarmManager: rebatchAllAlarmsLocked  batch.size() = 1
01-01 12:31:34.571666   915   915 D AlarmManager:  whichBatch = -1
01-01 12:31:34.571806   915   915 D AlarmManager: rebatchAllAlarmsLocked  batch.size() = 1
01-01 12:31:34.571911   915   915 D AlarmManager:  whichBatch = -1
01-01 12:31:34.572055   915   915 D AlarmManager: rebatchAllAlarmsLocked  batch.size() = 1
01-01 12:31:34.572159   915   915 D AlarmManager:  whichBatch = -1
01-01 12:31:34.572289   915   915 D AlarmManager: rebatchAllAlarmsLocked  batch.size() = 1
01-01 12:31:34.572395   915   915 D AlarmManager:  whichBatch = -1
01-01 12:31:34.572524   915   915 D AlarmManager: rebatchAllAlarmsLocked  batch.size() = 1
01-01 12:31:34.572629   915   915 D AlarmManager:  whichBatch = -1
01-01 12:31:34.576857   915   915 I ActivityManager: onWakefulnessChanged: 1
01-01 12:31:34.598291   915  1489 V WindowManager: Remove Window{d9ca9d u0 dream} client=d7b574, surface=Surface(name=dream) Callers=com.android.server.wm.WindowManagerService.removeWindow:2911 com.android.server.wm.Session.remove:190 android.view.IWindowSession$Stub.onTransact:242 com.android.server.wm.Session.onTransact:133 
01-01 12:31:34.599873   915  1489 V WindowManager: Looking for focus: 9 = Window{4ff8cb7 u0 StatusBar}, flags=-2122055608, canReceive=false
01-01 12:31:34.600116   915  1489 V WindowManager: findFocusedWindow: Found new focus @ 5 = Window{34f27e7 u0 com.mediatek.mtklogger/com.mediatek.mtklogger.MainActivity}
01-01 12:31:34.600814   915  1489 V WindowManager: Changing focus from Window{d9ca9d u0 dream EXITING} to Window{34f27e7 u0 com.mediatek.mtklogger/com.mediatek.mtklogger.MainActivity} Callers=com.android.server.wm.WindowManagerService.removeWindowLocked:2984 com.android.server.wm.WindowManagerService.removeWindow:2911 com.android.server.wm.Session.remove:190 android.view.IWindowSession$Stub.onTransact:242 
01-01 12:31:34.601094   915  1489 D WindowManager: Input focus has changed to Window{34f27e7 u0 com.mediatek.mtklogger/com.mediatek.mtklogger.MainActivity}
01-01 12:31:34.612115   915   991 I WindowManager: Focus moving from Window{d9ca9d u0 dream EXITING} to Window{34f27e7 u0 com.mediatek.mtklogger/com.mediatek.mtklogger.MainActivity}
01-01 12:31:34.612352   915   991 I WindowManager: Gaining focus: Window{34f27e7 u0 com.mediatek.mtklogger/com.mediatek.mtklogger.MainActivity}
01-01 12:31:34.613351   915   967 V WindowManager: setAppVisibility(Token{b3f6734 ActivityRecord{5f15846 u0 com.mediatek.mtklogger/.MainActivity t9}}, visible=true): mNextAppTransition=TRANSIT_ACTIVITY_OPEN hidden=false hiddenRequested=false Callers=com.android.server.am.ActivityStack.resumeTopActivityInnerLocked:2203 com.android.server.am.ActivityStack.resumeTopActivityLocked:1824 com.android.server.am.ActivityStackSupervisor.resumeTopActivitiesLocked:3157 com.android.server.am.ActivityStackSupervisor.resumeTopActivitiesLocked:3141 com.android.server.am.ActivityStackSupervisor.comeOutOfSleepIfNeededLocked:3593 com.android.server.am.ActivityManagerService.updateSleepIfNeededLocked:11337 
01-01 12:31:34.614824  6786  6786 D ActivityThread: SVC-UNBIND_SERVICE handled : 0 / BindServiceData{token=android.os.BinderProxy@1314af7 intent=Intent { act=android.service.dreams.DreamService flg=0x800000 cmp=com.android.dreams.phototable/.FlipperDream }}
01-01 12:31:34.615402  6786  6786 D ActivityThread: SVC-Destroying service: com.android.dreams.phototable.FlipperDream@8de5d64
01-01 12:31:34.615960   915   991 I WindowManager: Losing focus: Window{d9ca9d u0 dream EXITING}
01-01 12:31:34.616308   915  1418 D ActivityManager: SVC-Executing service done: ServiceRecord{84766dc u0 com.android.dreams.phototable/.FlipperDream}, type=0, startId=0, res=0
01-01 12:31:34.617808  6786  6786 D ActivityThread: SVC-STOP_SERVICE handled : 0 / android.os.BinderProxy@1314af7
01-01 12:31:34.630410   915   967 W WindowManager:  SLCODE computeScreenConfigurationLocked, the hard device name is: silead-vinput-keypad
01-01 12:31:34.630623   915   967 W WindowManager:  SLCODE computeScreenConfigurationLocked, the hard device name is: himax-touchscreen
01-01 12:31:34.630733   915   967 W WindowManager:  SLCODE computeScreenConfigurationLocked, the hard device name is: mtk-tpd
01-01 12:31:34.630835   915   967 W WindowManager:  SLCODE computeScreenConfigurationLocked, the hard device name is: ACCDET
01-01 12:31:34.630931   915   967 W WindowManager:  SLCODE computeScreenConfigurationLocked, the hard device name is: otgid
01-01 12:31:34.631176   915   967 W WindowManager:  SLCODE computeScreenConfigurationLocked, the hard device name is: mtk-kpd
01-01 12:31:34.633220   915   967 D ActivityManager: ACT-AM_RESUME_ACTIVITY ActivityRecord{5f15846 u0 com.mediatek.mtklogger/.MainActivity t9} task:9
01-01 12:31:34.634533   915   967 D WindowManager: notifyActivityDrawnForKeyguard: waiting=false Callers=com.android.server.am.ActivityStackSupervisor.notifyActivityDrawnForKeyguard:452 com.android.server.am.ActivityStack.completeResumeLocked:1270 com.android.server.am.ActivityStack.resumeTopActivityInnerLocked:2355 com.android.server.am.ActivityStack.resumeTopActivityLocked:1824 com.android.server.am.ActivityStackSupervisor.resumeTopActivitiesLocked:3157 
01-01 12:31:34.637028   915   967 V WindowManager: **** GOOD TO GO
01-01 12:31:34.637801   915   967 V WindowManager: Looking for focus: 9 = Window{4ff8cb7 u0 StatusBar}, flags=-2122055608, canReceive=false
01-01 12:31:34.638022   915   967 V WindowManager: findFocusedWindow: Found new focus @ 5 = Window{34f27e7 u0 com.mediatek.mtklogger/com.mediatek.mtklogger.MainActivity}
01-01 12:31:34.638965   915   967 D WindowManager: notifyActivityDrawnForKeyguard: waiting=false Callers=com.android.server.wm.WindowManagerService.handleAppTransitionReadyLocked:10113 com.android.server.wm.WindowManagerService.performLayoutAndPlaceSurfacesLockedInner:10733 com.android.server.wm.WindowManagerService.performLayoutAndPlaceSurfacesLockedLoop:9477 com.android.server.wm.WindowManagerService.performLayoutAndPlaceSurfacesLocked:9424 com.android.server.wm.WindowManagerService.executeAppTransition:4596 
01-01 12:31:34.639569   915   967 V WindowManager: Looking for focus: 9 = Window{4ff8cb7 u0 StatusBar}, flags=-2122055608, canReceive=false
01-01 12:31:34.639827   915   967 V WindowManager: findFocusedWindow: Found new focus @ 5 = Window{34f27e7 u0 com.mediatek.mtklogger/com.mediatek.mtklogger.MainActivity}
01-01 12:31:34.653371   915  1418 V ActivityManager: <<< DONE EXECUTING ServiceRecord{84766dc u0 com.android.dreams.phototable/.FlipperDream}: nesting=2, inDestroying=true, app=ProcessRecord{b061558 6786:com.android.dreams.phototable/u0a105}
01-01 12:31:34.653939   915  1418 D ActivityManager: SVC-Executing service done: ServiceRecord{84766dc u0 com.android.dreams.phototable/.FlipperDream}, type=2, startId=0, res=0
01-01 12:31:34.654177   915  1418 V ActivityManager: <<< DONE EXECUTING ServiceRecord{84766dc u0 com.android.dreams.phototable/.FlipperDream}: nesting=1, inDestroying=true, app=ProcessRecord{b061558 6786:com.android.dreams.phototable/u0a105}
01-01 12:31:34.657975   915  1815 V InputMethodManagerService: windowGainedFocus: android.os.BinderProxy@7bf2f30 controlFlags=#100 softInputMode=#20 windowFlags=#1810100
01-01 12:31:34.662607   915   967 V NetworkStats: setKernelCounterSet uid=10092 set=1
01-01 12:31:34.673468  3091  3091 V ActivityThread: Performing resume of ActivityRecord{13e0b1 token=android.os.BinderProxy@d2c996 {com.mediatek.mtklogger/com.mediatek.mtklogger.MainActivity}}
01-01 12:31:34.691925  3091  3091 D ActivityThread: ACT-AM_ON_RESUME_CALLED ActivityRecord{13e0b1 token=android.os.BinderProxy@d2c996 {com.mediatek.mtklogger/com.mediatek.mtklogger.MainActivity}}
01-01 12:31:34.692100  3091  3091 V ActivityThread: Resume ActivityRecord{13e0b1 token=android.os.BinderProxy@d2c996 {com.mediatek.mtklogger/com.mediatek.mtklogger.MainActivity}} started activity: false, hideForNow: false, finished: false
01-01 12:31:34.692320  3091  3091 V ActivityThread: Resuming ActivityRecord{13e0b1 token=android.os.BinderProxy@d2c996 {com.mediatek.mtklogger/com.mediatek.mtklogger.MainActivity}} with isForward=true
01-01 12:31:34.693019  3091  3091 V ActivityThread: Scheduling idle handler for ActivityRecord{13e0b1 token=android.os.BinderProxy@d2c996 {com.mediatek.mtklogger/com.mediatek.mtklogger.MainActivity}}
01-01 12:31:34.694183  3091  3091 D ActivityThread: ACT-RESUME_ACTIVITY handled : 1 / android.os.BinderProxy@d2c996
01-01 12:31:34.811354   915   991 D PowerManagerService: releaseWakeLockInternal: lock=231731960 [WindowManager], flags=0x0, total_time=117860ms
01-01 12:31:34.811799   915   991 D PowerManagerNotifier: onWakeLockReleased: flags=536870922, tag="WindowManager", packageName=android, ownerUid=1000, ownerPid=915, workSource=WorkSource{10105}
01-01 12:31:34.812457   915   991 D PowerManagerService: userActivityNoUpdateLocked: eventTime=1655247, event=0, flags=0x1, uid=1000
01-01 12:31:34.812713   915   991 D PowerManagerNotifier: onUserActivity: event=0, uid=1000
01-01 12:31:34.813040   915   991 D PowerManagerService: updateWakeLockSummaryLocked: mWakefulness=Awake, mWakeLockSummary=0x0
01-01 12:31:34.813335   915   991 D PowerManagerService: updateUserActivitySummaryLocked: mWakefulness=Awake, mUserActivitySummary=0x1, nextTimeout=1707974 (in 52726 ms)
01-01 12:31:34.813999   915   991 D DisplayPowerController: requestPowerState: policy=BRIGHT, useProximitySensor=false, screenBrightness=102, screenAutoBrightnessAdjustment=1.0, brightnessSetByUser=true, useAutoBrightness=true, blockScreenOn=false, lowPowerMode=false, boostScreenBrightness=false, dozeScreenBrightness=-1, dozeScreenState=UNKNOWN, waitForNegativeProximity=false
01-01 12:31:34.814189   915   991 I PowerManagerService: setBrightness mButtonLight 0.
