01-01 12:31:40.978745   915  1552 V ActivityManager: startService: Intent { cmp=com.android.providers.media/.MediaScannerService (has extras) } callerApp=ProcessRecord{403c87e 3832:android.process.media/u0a25}
01-01 12:31:40.981165   915  1552 V ActivityManager: >>> EXECUTING create of ServiceRecord{cf59c6f u0 com.android.providers.media/.MediaScannerService} in app ProcessRecord{403c87e 3832:android.process.media/u0a25}
01-01 12:31:40.984072   915  1552 V ActivityManager: AMS Creating service ServiceRecord{cf59c6f u0 com.android.providers.media/.MediaScannerService}
01-01 12:31:40.985178   915  1552 V ActivityManager: Sending arguments to: ServiceRecord{cf59c6f u0 com.android.providers.media/.MediaScannerService} android.content.Intent$FilterComparison@5e49f425 args=Intent { cmp=com.android.providers.media/.MediaScannerService (has extras) }
01-01 12:31:40.985406   915  1552 V ActivityManager: >>> EXECUTING start of ServiceRecord{cf59c6f u0 com.android.providers.media/.MediaScannerService} in app ProcessRecord{403c87e 3832:android.process.media/u0a25}
01-01 12:31:40.986052   915  1552 D ActivityManager: SVC-Sent arguments: ServiceRecord{cf59c6f u0 com.android.providers.media/.MediaScannerService}, app=ProcessRecord{403c87e 3832:android.process.media/u0a25}, args=Intent { cmp=com.android.providers.media/.MediaScannerService (has extras) }, flags=0
01-01 12:31:40.987422  3832  3832 D ActivityThread: SVC-STOP_SERVICE handled : 0 / android.os.BinderProxy@ee7fd2a
01-01 12:31:40.987628   915  1489 D ActivityManager: SVC-Executing service done: ServiceRecord{687f213 u0 com.android.providers.media/.MediaScannerService}, type=2, startId=0, res=0
01-01 12:31:40.987838   915  1489 V ActivityManager: <<< DONE EXECUTING ServiceRecord{687f213 u0 com.android.providers.media/.MediaScannerService}: nesting=1, inDestroying=true, app=ProcessRecord{403c87e 3832:android.process.media/u0a25}
01-01 12:31:40.988054  3832  3832 D ActivityThread: SVC-Creating service: CreateServiceData{token=android.os.BinderProxy@6e5a064 className=com.android.providers.media.MediaScannerService packageName=com.android.providers.media intent=null}
01-01 12:31:41.003924  3832  3832 D ActivityThread: SVC-CREATE_SERVICE handled : 0 / CreateServiceData{token=android.os.BinderProxy@6e5a064 className=com.android.providers.media.MediaScannerService packageName=com.android.providers.media intent=null}
01-01 12:31:41.004354   915  1137 D ActivityManager: SVC-Executing service done: ServiceRecord{cf59c6f u0 com.android.providers.media/.MediaScannerService}, type=0, startId=0, res=0
01-01 12:31:41.004474  3832  3832 D ActivityThread: SVC-Calling onStartCommand: com.android.providers.media.MediaScannerService@7fbf2cd, flags=0, startId=1
01-01 12:31:41.004563   915  1137 V ActivityManager: <<< DONE EXECUTING ServiceRecord{cf59c6f u0 com.android.providers.media/.MediaScannerService}: nesting=2, inDestroying=false, app=ProcessRecord{403c87e 3832:android.process.media/u0a25}
01-01 12:31:41.111374  3832  3832 D ActivityThread: SVC-SERVICE_ARGS handled : 0 / ServiceArgsData{token=android.os.BinderProxy@6e5a064 startId=1 args=Intent { cmp=com.android.providers.media/.MediaScannerService (has extras) }}
01-01 12:31:41.111556   915  1773 D ActivityManager: SVC-Executing service done: ServiceRecord{cf59c6f u0 com.android.providers.media/.MediaScannerService}, type=1, startId=1, res=3
01-01 12:31:41.111732   915  1773 V ActivityManager: <<< DONE EXECUTING ServiceRecord{cf59c6f u0 com.android.providers.media/.MediaScannerService}: nesting=1, inDestroying=false, app=ProcessRecord{403c87e 3832:android.process.media/u0a25}
01-01 12:31:41.211360   915  2047 V ActivityManager: >>> EXECUTING destroy of ServiceRecord{cf59c6f u0 com.android.providers.media/.MediaScannerService} in app ProcessRecord{403c87e 3832:android.process.media/u0a25}
01-01 12:31:41.213250   915  1822 V ActivityManager: startService: Intent { cmp=com.android.providers.media/.MediaScannerService (has extras) } callerApp=ProcessRecord{403c87e 3832:android.process.media/u0a25}
01-01 12:31:41.213271  3832  3832 D ActivityThread: SVC-Destroying service: com.android.providers.media.MediaScannerService@7fbf2cd
01-01 12:31:41.216461   915  1822 V ActivityManager: >>> EXECUTING create of ServiceRecord{7e9908b u0 com.android.providers.media/.MediaScannerService} in app ProcessRecord{403c87e 3832:android.process.media/u0a25}
01-01 12:31:41.220275   915  1822 V ActivityManager: AMS Creating service ServiceRecord{7e9908b u0 com.android.providers.media/.MediaScannerService}
01-01 12:31:41.221506   915  1822 V ActivityManager: Sending arguments to: ServiceRecord{7e9908b u0 com.android.providers.media/.MediaScannerService} android.content.Intent$FilterComparison@5e49f425 args=Intent { cmp=com.android.providers.media/.MediaScannerService (has extras) }
01-01 12:31:41.221770   915  1822 V ActivityManager: >>> EXECUTING start of ServiceRecord{7e9908b u0 com.android.providers.media/.MediaScannerService} in app ProcessRecord{403c87e 3832:android.process.media/u0a25}
01-01 12:31:41.222546   915  1822 D ActivityManager: SVC-Sent arguments: ServiceRecord{7e9908b u0 com.android.providers.media/.MediaScannerService}, app=ProcessRecord{403c87e 3832:android.process.media/u0a25}, args=Intent { cmp=com.android.providers.media/.MediaScannerService (has extras) }, flags=0
01-01 12:31:41.224077  3832  3832 D ActivityThread: SVC-STOP_SERVICE handled : 0 / android.os.BinderProxy@6e5a064
01-01 12:31:41.224317   915  1137 D ActivityManager: SVC-Executing service done: ServiceRecord{cf59c6f u0 com.android.providers.media/.MediaScannerService}, type=2, startId=0, res=0
01-01 12:31:41.224569   915  1137 V ActivityManager: <<< DONE EXECUTING ServiceRecord{cf59c6f u0 com.android.providers.media/.MediaScannerService}: nesting=1, inDestroying=true, app=ProcessRecord{403c87e 3832:android.process.media/u0a25}
01-01 12:31:41.224790  3832  3832 D ActivityThread: SVC-Creating service: CreateServiceData{token=android.os.BinderProxy@2ea19ce className=com.android.providers.media.MediaScannerService packageName=com.android.providers.media intent=null}
01-01 12:31:41.240241  3832  3832 D ActivityThread: SVC-CREATE_SERVICE handled : 0 / CreateServiceData{token=android.os.BinderProxy@2ea19ce className=com.android.providers.media.MediaScannerService packageName=com.android.providers.media intent=null}
01-01 12:31:41.240521   915  1994 D ActivityManager: SVC-Executing service done: ServiceRecord{7e9908b u0 com.android.providers.media/.MediaScannerService}, type=0, startId=0, res=0
01-01 12:31:41.240754   915  1994 V ActivityManager: <<< DONE EXECUTING ServiceRecord{7e9908b u0 com.android.providers.media/.MediaScannerService}: nesting=2, inDestroying=false, app=ProcessRecord{403c87e 3832:android.process.media/u0a25}
01-01 12:31:41.240873  3832  3832 D ActivityThread: SVC-Calling onStartCommand: com.android.providers.media.MediaScannerService@4ddf0ef, flags=0, startId=1
01-01 12:31:41.357810  3832  3832 D ActivityThread: SVC-SERVICE_ARGS handled : 0 / ServiceArgsData{token=android.os.BinderProxy@2ea19ce startId=1 args=Intent { cmp=com.android.providers.media/.MediaScannerService (has extras) }}
01-01 12:31:41.358348   915  1418 D ActivityManager: SVC-Executing service done: ServiceRecord{7e9908b u0 com.android.providers.media/.MediaScannerService}, type=1, startId=1, res=3
01-01 12:31:41.359091   915  1418 V ActivityManager: <<< DONE EXECUTING ServiceRecord{7e9908b u0 com.android.providers.media/.MediaScannerService}: nesting=1, inDestroying=false, app=ProcessRecord{403c87e 3832:android.process.media/u0a25}
01-01 12:31:41.623750   915  1815 V ActivityManager: >>> EXECUTING destroy of ServiceRecord{7e9908b u0 com.android.providers.media/.MediaScannerService} in app ProcessRecord{403c87e 3832:android.process.media/u0a25}
01-01 12:31:41.628894  3832  3832 D ActivityThread: SVC-Destroying service: com.android.providers.media.MediaScannerService@4ddf0ef
01-01 12:31:41.631425   915   941 V ActivityManager: startService: Intent { cmp=com.android.providers.media/.MediaScannerService (has extras) } callerApp=ProcessRecord{403c87e 3832:android.process.media/u0a25}
01-01 12:31:41.638230   915   941 V ActivityManager: >>> EXECUTING create of ServiceRecord{8deaa67 u0 com.android.providers.media/.MediaScannerService} in app ProcessRecord{403c87e 3832:android.process.media/u0a25}
01-01 12:31:41.644231   915   941 V ActivityManager: AMS Creating service ServiceRecord{8deaa67 u0 com.android.providers.media/.MediaScannerService}
01-01 12:31:41.646238   915   941 V ActivityManager: Sending arguments to: ServiceRecord{8deaa67 u0 com.android.providers.media/.MediaScannerService} android.content.Intent$FilterComparison@5e49f425 args=Intent { cmp=com.android.providers.media/.MediaScannerService (has extras) }
01-01 12:31:41.646697   915   941 V ActivityManager: >>> EXECUTING start of ServiceRecord{8deaa67 u0 com.android.providers.media/.MediaScannerService} in app ProcessRecord{403c87e 3832:android.process.media/u0a25}
01-01 12:31:41.647902   915   941 D ActivityManager: SVC-Sent arguments: ServiceRecord{8deaa67 u0 com.android.providers.media/.MediaScannerService}, app=ProcessRecord{403c87e 3832:android.process.media/u0a25}, args=Intent { cmp=com.android.providers.media/.MediaScannerService (has extras) }, flags=0
01-01 12:31:41.650686  3832  3832 D ActivityThread: SVC-STOP_SERVICE handled : 0 / android.os.BinderProxy@2ea19ce
01-01 12:31:41.651220   915  1992 D ActivityManager: SVC-Executing service done: ServiceRecord{7e9908b u0 com.android.providers.media/.MediaScannerService}, type=2, startId=0, res=0
01-01 12:31:41.651608   915  1992 V ActivityManager: <<< DONE EXECUTING ServiceRecord{7e9908b u0 com.android.providers.media/.MediaScannerService}: nesting=1, inDestroying=true, app=ProcessRecord{403c87e 3832:android.process.media/u0a25}
01-01 12:31:41.651776  3832  3832 D ActivityThread: SVC-Creating service: CreateServiceData{token=android.os.BinderProxy@d9f37e8 className=com.android.providers.media.MediaScannerService packageName=com.android.providers.media intent=null}
01-01 12:31:41.674464  3832  3832 D ActivityThread: SVC-CREATE_SERVICE handled : 0 / CreateServiceData{token=android.os.BinderProxy@d9f37e8 className=com.android.providers.media.MediaScannerService packageName=com.android.providers.media intent=null}
01-01 12:31:41.674790   915  1994 D ActivityManager: SVC-Executing service done: ServiceRecord{8deaa67 u0 com.android.providers.media/.MediaScannerService}, type=0, startId=0, res=0
01-01 12:31:41.675260   915  1994 V ActivityManager: <<< DONE EXECUTING ServiceRecord{8deaa67 u0 com.android.providers.media/.MediaScannerService}: nesting=2, inDestroying=false, app=ProcessRecord{403c87e 3832:android.process.media/u0a25}
01-01 12:31:41.676093  3832  3832 D ActivityThread: SVC-Calling onStartCommand: com.android.providers.media.MediaScannerService@543ae01, flags=0, startId=1
01-01 12:31:41.783916   915  1489 D ActivityManager: SVC-Executing service done: ServiceRecord{8deaa67 u0 com.android.providers.media/.MediaScannerService}, type=1, startId=1, res=3
01-01 12:31:41.784107   915  1489 V ActivityManager: <<< DONE EXECUTING ServiceRecord{8deaa67 u0 com.android.providers.media/.MediaScannerService}: nesting=1, inDestroying=false, app=ProcessRecord{403c87e 3832:android.process.media/u0a25}
01-01 12:31:41.785483  3832  3832 D ActivityThread: SVC-SERVICE_ARGS handled : 0 / ServiceArgsData{token=android.os.BinderProxy@d9f37e8 startId=1 args=Intent { cmp=com.android.providers.media/.MediaScannerService (has extras) }}
01-01 12:31:41.873733   915  1773 V ActivityManager: >>> EXECUTING destroy of ServiceRecord{8deaa67 u0 com.android.providers.media/.MediaScannerService} in app ProcessRecord{403c87e 3832:android.process.media/u0a25}
01-01 12:31:41.876183   915  1138 V ActivityManager: startService: Intent { cmp=com.android.providers.media/.MediaScannerService (has extras) } callerApp=ProcessRecord{403c87e 3832:android.process.media/u0a25}
01-01 12:31:41.876358  3832  3832 D ActivityThread: SVC-Destroying service: com.android.providers.media.MediaScannerService@543ae01
01-01 12:31:41.878596   915  1138 V ActivityManager: >>> EXECUTING create of ServiceRecord{4218603 u0 com.android.providers.media/.MediaScannerService} in app ProcessRecord{403c87e 3832:android.process.media/u0a25}
01-01 12:31:41.881295   915  1138 V ActivityManager: AMS Creating service ServiceRecord{4218603 u0 com.android.providers.media/.MediaScannerService}
01-01 12:31:41.882180   915  1138 V ActivityManager: Sending arguments to: ServiceRecord{4218603 u0 com.android.providers.media/.MediaScannerService} android.content.Intent$FilterComparison@5e49f425 args=Intent { cmp=com.android.providers.media/.MediaScannerService (has extras) }
01-01 12:31:41.882376   915  1138 V ActivityManager: >>> EXECUTING start of ServiceRecord{4218603 u0 com.android.providers.media/.MediaScannerService} in app ProcessRecord{403c87e 3832:android.process.media/u0a25}
01-01 12:31:41.882949   915  1138 D ActivityManager: SVC-Sent arguments: ServiceRecord{4218603 u0 com.android.providers.media/.MediaScannerService}, app=ProcessRecord{403c87e 3832:android.process.media/u0a25}, args=Intent { cmp=com.android.providers.media/.MediaScannerService (has extras) }, flags=0
01-01 12:31:41.884499  3832  3832 D ActivityThread: SVC-STOP_SERVICE handled : 0 / android.os.BinderProxy@d9f37e8
01-01 12:31:41.884701   915   940 D ActivityManager: SVC-Executing service done: ServiceRecord{8deaa67 u0 com.android.providers.media/.MediaScannerService}, type=2, startId=0, res=0
01-01 12:31:41.884876   915   940 V ActivityManager: <<< DONE EXECUTING ServiceRecord{8deaa67 u0 com.android.providers.media/.MediaScannerService}: nesting=1, inDestroying=true, app=ProcessRecord{403c87e 3832:android.process.media/u0a25}
01-01 12:31:41.885735  3832  3832 D ActivityThread: SVC-Creating service: CreateServiceData{token=android.os.BinderProxy@15c5532 className=com.android.providers.media.MediaScannerService packageName=com.android.providers.media intent=null}
01-01 12:31:41.898400  3832  3832 D ActivityThread: SVC-CREATE_SERVICE handled : 0 / CreateServiceData{token=android.os.BinderProxy@15c5532 className=com.android.providers.media.MediaScannerService packageName=com.android.providers.media intent=null}
01-01 12:31:41.898633   915  2047 D ActivityManager: SVC-Executing service done: ServiceRecord{4218603 u0 com.android.providers.media/.MediaScannerService}, type=0, startId=0, res=0
01-01 12:31:41.898803   915  2047 V ActivityManager: <<< DONE EXECUTING ServiceRecord{4218603 u0 com.android.providers.media/.MediaScannerService}: nesting=2, inDestroying=false, app=ProcessRecord{403c87e 3832:android.process.media/u0a25}
01-01 12:31:41.898862  3832  3832 D ActivityThread: SVC-Calling onStartCommand: com.android.providers.media.MediaScannerService@cf1b283, flags=0, startId=1
01-01 12:31:42.007345  3832  3832 D ActivityThread: SVC-SERVICE_ARGS handled : 0 / ServiceArgsData{token=android.os.BinderProxy@15c5532 startId=1 args=Intent { cmp=com.android.providers.media/.MediaScannerService (has extras) }}
01-01 12:31:42.008035   915  1815 D ActivityManager: SVC-Executing service done: ServiceRecord{4218603 u0 com.android.providers.media/.MediaScannerService}, type=1, startId=1, res=3
01-01 12:31:42.008770   915  1815 V ActivityManager: <<< DONE EXECUTING ServiceRecord{4218603 u0 com.android.providers.media/.MediaScannerService}: nesting=1, inDestroying=false, app=ProcessRecord{403c87e 3832:android.process.media/u0a25}
01-01 12:31:42.134190   915   940 V ActivityManager: >>> EXECUTING destroy of ServiceRecord{4218603 u0 com.android.providers.media/.MediaScannerService} in app ProcessRecord{403c87e 3832:android.process.media/u0a25}
01-01 12:31:42.137828   915  1994 V ActivityManager: startService: Intent { cmp=com.android.providers.media/.MediaScannerService (has extras) } callerApp=ProcessRecord{403c87e 3832:android.process.media/u0a25}
01-01 12:31:42.139982   915  1994 V ActivityManager: >>> EXECUTING create of ServiceRecord{c2c7f5f u0 com.android.providers.media/.MediaScannerService} in app ProcessRecord{403c87e 3832:android.process.media/u0a25}
01-01 12:31:42.142476   915  1994 V ActivityManager: AMS Creating service ServiceRecord{c2c7f5f u0 com.android.providers.media/.MediaScannerService}
01-01 12:31:42.144405   915  1994 V ActivityManager: Sending arguments to: ServiceRecord{c2c7f5f u0 com.android.providers.media/.MediaScannerService} android.content.Intent$FilterComparison@5e49f425 args=Intent { cmp=com.android.providers.media/.MediaScannerService (has extras) }
01-01 12:31:42.144621   915  1994 V ActivityManager: >>> EXECUTING start of ServiceRecord{c2c7f5f u0 com.android.providers.media/.MediaScannerService} in app ProcessRecord{403c87e 3832:android.process.media/u0a25}
01-01 12:31:42.145640  3832  3832 D ActivityThread: SVC-Destroying service: com.android.providers.media.MediaScannerService@cf1b283
01-01 12:31:42.146389   915  1994 D ActivityManager: SVC-Sent arguments: ServiceRecord{c2c7f5f u0 com.android.providers.media/.MediaScannerService}, app=ProcessRecord{403c87e 3832:android.process.media/u0a25}, args=Intent { cmp=com.android.providers.media/.MediaScannerService (has extras) }, flags=0
01-01 12:31:42.148491  3832  3832 D ActivityThread: SVC-STOP_SERVICE handled : 0 / android.os.BinderProxy@15c5532
01-01 12:31:42.148723   915  1489 D ActivityManager: SVC-Executing service done: ServiceRecord{4218603 u0 com.android.providers.media/.MediaScannerService}, type=2, startId=0, res=0
01-01 12:31:42.148897   915  1489 V ActivityManager: <<< DONE EXECUTING ServiceRecord{4218603 u0 com.android.providers.media/.MediaScannerService}: nesting=1, inDestroying=true, app=ProcessRecord{403c87e 3832:android.process.media/u0a25}
01-01 12:31:42.149060  3832  3832 D ActivityThread: SVC-Creating service: CreateServiceData{token=android.os.BinderProxy@2d9f82c className=com.android.providers.media.MediaScannerService packageName=com.android.providers.media intent=null}
01-01 12:31:42.162011   915  1822 D ActivityManager: SVC-Executing service done: ServiceRecord{c2c7f5f u0 com.android.providers.media/.MediaScannerService}, type=0, startId=0, res=0
01-01 12:31:42.162224   915  1822 V ActivityManager: <<< DONE EXECUTING ServiceRecord{c2c7f5f u0 com.android.providers.media/.MediaScannerService}: nesting=2, inDestroying=false, app=ProcessRecord{403c87e 3832:android.process.media/u0a25}
01-01 12:31:42.162801  3832  3832 D ActivityThread: SVC-CREATE_SERVICE handled : 0 / CreateServiceData{token=android.os.BinderProxy@2d9f82c className=com.android.providers.media.MediaScannerService packageName=com.android.providers.media intent=null}
01-01 12:31:42.163300  3832  3832 D ActivityThread: SVC-Calling onStartCommand: com.android.providers.media.MediaScannerService@e7442f5, flags=0, startId=1
01-01 12:31:42.270585   915  1992 D ActivityManager: SVC-Executing service done: ServiceRecord{c2c7f5f u0 com.android.providers.media/.MediaScannerService}, type=1, startId=1, res=3
01-01 12:31:42.270789   915  1992 V ActivityManager: <<< DONE EXECUTING ServiceRecord{c2c7f5f u0 com.android.providers.media/.MediaScannerService}: nesting=1, inDestroying=false, app=ProcessRecord{403c87e 3832:android.process.media/u0a25}
01-01 12:31:42.275459  3832  3832 D ActivityThread: SVC-SERVICE_ARGS handled : 0 / ServiceArgsData{token=android.os.BinderProxy@2d9f82c startId=1 args=Intent { cmp=com.android.providers.media/.MediaScannerService (has extras) }}
01-01 12:31:42.371548   915  1552 V ActivityManager: >>> EXECUTING destroy of ServiceRecord{c2c7f5f u0 com.android.providers.media/.MediaScannerService} in app ProcessRecord{403c87e 3832:android.process.media/u0a25}
01-01 12:31:42.373234   915  1489 V ActivityManager: startService: Intent { cmp=com.android.providers.media/.MediaScannerService (has extras) } callerApp=ProcessRecord{403c87e 3832:android.process.media/u0a25}
01-01 12:31:42.373739  3832  3832 D ActivityThread: SVC-Destroying service: com.android.providers.media.MediaScannerService@e7442f5
01-01 12:31:42.376679   915  1489 V ActivityManager: >>> EXECUTING create of ServiceRecord{6c3b27b u0 com.android.providers.media/.MediaScannerService} in app ProcessRecord{403c87e 3832:android.process.media/u0a25}
01-01 12:31:42.379984   915  1489 V ActivityManager: AMS Creating service ServiceRecord{6c3b27b u0 com.android.providers.media/.MediaScannerService}
01-01 12:31:42.381056   915  1489 V ActivityManager: Sending arguments to: ServiceRecord{6c3b27b u0 com.android.providers.media/.MediaScannerService} android.content.Intent$FilterComparison@5e49f425 args=Intent { cmp=com.android.providers.media/.MediaScannerService (has extras) }
01-01 12:31:42.381289   915  1489 V ActivityManager: >>> EXECUTING start of ServiceRecord{6c3b27b u0 com.android.providers.media/.MediaScannerService} in app ProcessRecord{403c87e 3832:android.process.media/u0a25}
01-01 12:31:42.381962   915  1489 D ActivityManager: SVC-Sent arguments: ServiceRecord{6c3b27b u0 com.android.providers.media/.MediaScannerService}, app=ProcessRecord{403c87e 3832:android.process.media/u0a25}, args=Intent { cmp=com.android.providers.media/.MediaScannerService (has extras) }, flags=0
01-01 12:31:42.383506  3832  3832 D ActivityThread: SVC-STOP_SERVICE handled : 0 / android.os.BinderProxy@2d9f82c
01-01 12:31:42.383950   915  1990 D ActivityManager: SVC-Executing service done: ServiceRecord{c2c7f5f u0 com.android.providers.media/.MediaScannerService}, type=2, startId=0, res=0
01-01 12:31:42.384172   915  1990 V ActivityManager: <<< DONE EXECUTING ServiceRecord{c2c7f5f u0 com.android.providers.media/.MediaScannerService}: nesting=1, inDestroying=true, app=ProcessRecord{403c87e 3832:android.process.media/u0a25}
01-01 12:31:42.384177  3832  3832 D ActivityThread: SVC-Creating service: CreateServiceData{token=android.os.BinderProxy@5487356 className=com.android.providers.media.MediaScannerService packageName=com.android.providers.media intent=null}
01-01 12:31:42.404831   915  1822 D ActivityManager: SVC-Executing service done: ServiceRecord{6c3b27b u0 com.android.providers.media/.MediaScannerService}, type=0, startId=0, res=0
01-01 12:31:42.405255   915  1822 V ActivityManager: <<< DONE EXECUTING ServiceRecord{6c3b27b u0 com.android.providers.media/.MediaScannerService}: nesting=2, inDestroying=false, app=ProcessRecord{403c87e 3832:android.process.media/u0a25}
01-01 12:31:42.405987  3832  3832 D ActivityThread: SVC-CREATE_SERVICE handled : 0 / CreateServiceData{token=android.os.BinderProxy@5487356 className=com.android.providers.media.MediaScannerService packageName=com.android.providers.media intent=null}
01-01 12:31:42.406546  3832  3832 D ActivityThread: SVC-Calling onStartCommand: com.android.providers.media.MediaScannerService@d817fd7, flags=0, startId=1
01-01 12:31:42.514862   915  1138 D ActivityManager: SVC-Executing service done: ServiceRecord{6c3b27b u0 com.android.providers.media/.MediaScannerService}, type=1, startId=1, res=3
01-01 12:31:42.515366   915  1138 V ActivityManager: <<< DONE EXECUTING ServiceRecord{6c3b27b u0 com.android.providers.media/.MediaScannerService}: nesting=1, inDestroying=false, app=ProcessRecord{403c87e 3832:android.process.media/u0a25}
01-01 12:31:42.516711  3832  3832 D ActivityThread: SVC-SERVICE_ARGS handled : 0 / ServiceArgsData{token=android.os.BinderProxy@5487356 startId=1 args=Intent { cmp=com.android.providers.media/.MediaScannerService (has extras) }}
01-01 12:31:42.619324   915  1815 V ActivityManager: >>> EXECUTING destroy of ServiceRecord{6c3b27b u0 com.android.providers.media/.MediaScannerService} in app ProcessRecord{403c87e 3832:android.process.media/u0a25}
01-01 12:31:42.621278  3832  3832 D ActivityThread: SVC-Destroying service: com.android.providers.media.MediaScannerService@d817fd7
01-01 12:31:42.621392   915  1137 V ActivityManager: startService: Intent { cmp=com.android.providers.media/.MediaScannerService (has extras) } callerApp=ProcessRecord{403c87e 3832:android.process.media/u0a25}
01-01 12:31:42.624345   915  1137 V ActivityManager: >>> EXECUTING create of ServiceRecord{7d0fb57 u0 com.android.providers.media/.MediaScannerService} in app ProcessRecord{403c87e 3832:android.process.media/u0a25}
01-01 12:31:42.627799   915  1137 V ActivityManager: AMS Creating service ServiceRecord{7d0fb57 u0 com.android.providers.media/.MediaScannerService}
01-01 12:31:42.628897   915  1137 V ActivityManager: Sending arguments to: ServiceRecord{7d0fb57 u0 com.android.providers.media/.MediaScannerService} android.content.Intent$FilterComparison@5e49f425 args=Intent { cmp=com.android.providers.media/.MediaScannerService (has extras) }
01-01 12:31:42.629131   915  1137 V ActivityManager: >>> EXECUTING start of ServiceRecord{7d0fb57 u0 com.android.providers.media/.MediaScannerService} in app ProcessRecord{403c87e 3832:android.process.media/u0a25}
01-01 12:31:42.629816   915  1137 D ActivityManager: SVC-Sent arguments: ServiceRecord{7d0fb57 u0 com.android.providers.media/.MediaScannerService}, app=ProcessRecord{403c87e 3832:android.process.media/u0a25}, args=Intent { cmp=com.android.providers.media/.MediaScannerService (has extras) }, flags=0
01-01 12:31:42.631564   915   941 D ActivityManager: SVC-Executing service done: ServiceRecord{6c3b27b u0 com.android.providers.media/.MediaScannerService}, type=2, startId=0, res=0
01-01 12:31:42.631817   915   941 V ActivityManager: <<< DONE EXECUTING ServiceRecord{6c3b27b u0 com.android.providers.media/.MediaScannerService}: nesting=1, inDestroying=true, app=ProcessRecord{403c87e 3832:android.process.media/u0a25}
01-01 12:31:42.632117  3832  3832 D ActivityThread: SVC-STOP_SERVICE handled : 0 / android.os.BinderProxy@5487356
01-01 12:31:42.632763  3832  3832 D ActivityThread: SVC-Creating service: CreateServiceData{token=android.os.BinderProxy@4b18530 className=com.android.providers.media.MediaScannerService packageName=com.android.providers.media intent=null}
01-01 12:31:42.648706  3832  3832 D ActivityThread: SVC-CREATE_SERVICE handled : 0 / CreateServiceData{token=android.os.BinderProxy@4b18530 className=com.android.providers.media.MediaScannerService packageName=com.android.providers.media intent=null}
01-01 12:31:42.648971   915  1773 D ActivityManager: SVC-Executing service done: ServiceRecord{7d0fb57 u0 com.android.providers.media/.MediaScannerService}, type=0, startId=0, res=0
01-01 12:31:42.649175   915  1773 V ActivityManager: <<< DONE EXECUTING ServiceRecord{7d0fb57 u0 com.android.providers.media/.MediaScannerService}: nesting=2, inDestroying=false, app=ProcessRecord{403c87e 3832:android.process.media/u0a25}
01-01 12:31:42.649245  3832  3832 D ActivityThread: SVC-Calling onStartCommand: com.android.providers.media.MediaScannerService@94a85a9, flags=0, startId=1
01-01 12:31:42.775778  3832  3832 D ActivityThread: SVC-SERVICE_ARGS handled : 0 / ServiceArgsData{token=android.os.BinderProxy@4b18530 startId=1 args=Intent { cmp=com.android.providers.media/.MediaScannerService (has extras) }}
01-01 12:31:42.776156   915  1552 D ActivityManager: SVC-Executing service done: ServiceRecord{7d0fb57 u0 com.android.providers.media/.MediaScannerService}, type=1, startId=1, res=3
01-01 12:31:42.776884   915  1552 V ActivityManager: <<< DONE EXECUTING ServiceRecord{7d0fb57 u0 com.android.providers.media/.MediaScannerService}: nesting=1, inDestroying=false, app=ProcessRecord{403c87e 3832:android.process.media/u0a25}
01-01 12:31:43.007725   915  1138 V ActivityManager: >>> EXECUTING destroy of ServiceRecord{7d0fb57 u0 com.android.providers.media/.MediaScannerService} in app ProcessRecord{403c87e 3832:android.process.media/u0a25}
01-01 12:31:43.010471   915  1418 V ActivityManager: startService: Intent { cmp=com.android.providers.media/.MediaScannerService (has extras) } callerApp=ProcessRecord{403c87e 3832:android.process.media/u0a25}
01-01 12:31:43.011367  3832  3832 D ActivityThread: SVC-Destroying service: com.android.providers.media.MediaScannerService@94a85a9
01-01 12:31:43.016071   915  1418 V ActivityManager: >>> EXECUTING create of ServiceRecord{dfff5f3 u0 com.android.providers.media/.MediaScannerService} in app ProcessRecord{403c87e 3832:android.process.media/u0a25}
01-01 12:31:43.022148   915  1418 V ActivityManager: AMS Creating service ServiceRecord{dfff5f3 u0 com.android.providers.media/.MediaScannerService}
01-01 12:31:43.026840   915  1418 V ActivityManager: Sending arguments to: ServiceRecord{dfff5f3 u0 com.android.providers.media/.MediaScannerService} android.content.Intent$FilterComparison@5e49f425 args=Intent { cmp=com.android.providers.media/.MediaScannerService (has extras) }
01-01 12:31:43.027060   915  1418 V ActivityManager: >>> EXECUTING start of ServiceRecord{dfff5f3 u0 com.android.providers.media/.MediaScannerService} in app ProcessRecord{403c87e 3832:android.process.media/u0a25}
01-01 12:31:43.027699   915  1418 D ActivityManager: SVC-Sent arguments: ServiceRecord{dfff5f3 u0 com.android.providers.media/.MediaScannerService}, app=ProcessRecord{403c87e 3832:android.process.media/u0a25}, args=Intent { cmp=com.android.providers.media/.MediaScannerService (has extras) }, flags=0
01-01 12:31:43.029652  3832  3832 D ActivityThread: SVC-STOP_SERVICE handled : 0 / android.os.BinderProxy@4b18530
01-01 12:31:43.029884   915  1552 D ActivityManager: SVC-Executing service done: ServiceRecord{7d0fb57 u0 com.android.providers.media/.MediaScannerService}, type=2, startId=0, res=0
01-01 12:31:43.030075   915  1552 V ActivityManager: <<< DONE EXECUTING ServiceRecord{7d0fb57 u0 com.android.providers.media/.MediaScannerService}: nesting=1, inDestroying=true, app=ProcessRecord{403c87e 3832:android.process.media/u0a25}
01-01 12:31:43.030282  3832  3832 D ActivityThread: SVC-Creating service: CreateServiceData{token=android.os.BinderProxy@c4cf83a className=com.android.providers.media.MediaScannerService packageName=com.android.providers.media intent=null}
01-01 12:31:43.043853   915  1815 D ActivityManager: SVC-Executing service done: ServiceRecord{dfff5f3 u0 com.android.providers.media/.MediaScannerService}, type=0, startId=0, res=0
01-01 12:31:43.044054   915  1815 V ActivityManager: <<< DONE EXECUTING ServiceRecord{dfff5f3 u0 com.android.providers.media/.MediaScannerService}: nesting=2, inDestroying=false, app=ProcessRecord{403c87e 3832:android.process.media/u0a25}
01-01 12:31:43.044456  3832  3832 D ActivityThread: SVC-CREATE_SERVICE handled : 0 / CreateServiceData{token=android.os.BinderProxy@c4cf83a className=com.android.providers.media.MediaScannerService packageName=com.android.providers.media intent=null}
01-01 12:31:43.044949  3832  3832 D ActivityThread: SVC-Calling onStartCommand: com.android.providers.media.MediaScannerService@7438ceb, flags=0, startId=1
01-01 12:31:43.153825  3832  3832 D ActivityThread: SVC-SERVICE_ARGS handled : 0 / ServiceArgsData{token=android.os.BinderProxy@c4cf83a startId=1 args=Intent { cmp=com.android.providers.media/.MediaScannerService (has extras) }}
01-01 12:31:43.154937   915  1137 D ActivityManager: SVC-Executing service done: ServiceRecord{dfff5f3 u0 com.android.providers.media/.MediaScannerService}, type=1, startId=1, res=3
01-01 12:31:43.155486   915  1137 V ActivityManager: <<< DONE EXECUTING ServiceRecord{dfff5f3 u0 com.android.providers.media/.MediaScannerService}: nesting=1, inDestroying=false, app=ProcessRecord{403c87e 3832:android.process.media/u0a25}
01-01 12:31:43.238993   915  1815 V ActivityManager: >>> EXECUTING destroy of ServiceRecord{dfff5f3 u0 com.android.providers.media/.MediaScannerService} in app ProcessRecord{403c87e 3832:android.process.media/u0a25}
01-01 12:31:43.240807   915  1992 V ActivityManager: startService: Intent { cmp=com.android.providers.media/.MediaScannerService (has extras) } callerApp=ProcessRecord{403c87e 3832:android.process.media/u0a25}
01-01 12:31:43.240976  3832  3832 D ActivityThread: SVC-Destroying service: com.android.providers.media.MediaScannerService@7438ceb
01-01 12:31:43.243195   915  1992 V ActivityManager: >>> EXECUTING create of ServiceRecord{d19fe4f u0 com.android.providers.media/.MediaScannerService} in app ProcessRecord{403c87e 3832:android.process.media/u0a25}
01-01 12:31:43.246643   915  1992 V ActivityManager: AMS Creating service ServiceRecord{d19fe4f u0 com.android.providers.media/.MediaScannerService}
01-01 12:31:43.247540   915  1992 V ActivityManager: Sending arguments to: ServiceRecord{d19fe4f u0 com.android.providers.media/.MediaScannerService} android.content.Intent$FilterComparison@5e49f425 args=Intent { cmp=com.android.providers.media/.MediaScannerService (has extras) }
01-01 12:31:43.247739   915  1992 V ActivityManager: >>> EXECUTING start of ServiceRecord{d19fe4f u0 com.android.providers.media/.MediaScannerService} in app ProcessRecord{403c87e 3832:android.process.media/u0a25}
01-01 12:31:43.248321   915  1992 D ActivityManager: SVC-Sent arguments: ServiceRecord{d19fe4f u0 com.android.providers.media/.MediaScannerService}, app=ProcessRecord{403c87e 3832:android.process.media/u0a25}, args=Intent { cmp=com.android.providers.media/.MediaScannerService (has extras) }, flags=0
01-01 12:31:43.249952  3832  3832 D ActivityThread: SVC-STOP_SERVICE handled : 0 / android.os.BinderProxy@c4cf83a
01-01 12:31:43.250181   915  1138 D ActivityManager: SVC-Executing service done: ServiceRecord{dfff5f3 u0 com.android.providers.media/.MediaScannerService}, type=2, startId=0, res=0
01-01 12:31:43.250358   915  1138 V ActivityManager: <<< DONE EXECUTING ServiceRecord{dfff5f3 u0 com.android.providers.media/.MediaScannerService}: nesting=1, inDestroying=true, app=ProcessRecord{403c87e 3832:android.process.media/u0a25}
01-01 12:31:43.250531  3832  3832 D ActivityThread: SVC-Creating service: CreateServiceData{token=android.os.BinderProxy@13042f4 className=com.android.providers.media.MediaScannerService packageName=com.android.providers.media intent=null}
01-01 12:31:43.263849   915  1552 D ActivityManager: SVC-Executing service done: ServiceRecord{d19fe4f u0 com.android.providers.media/.MediaScannerService}, type=0, startId=0, res=0
01-01 12:31:43.264063   915  1552 V ActivityManager: <<< DONE EXECUTING ServiceRecord{d19fe4f u0 com.android.providers.media/.MediaScannerService}: nesting=2, inDestroying=false, app=ProcessRecord{403c87e 3832:android.process.media/u0a25}
01-01 12:31:43.264796  3832  3832 D ActivityThread: SVC-CREATE_SERVICE handled : 0 / CreateServiceData{token=android.os.BinderProxy@13042f4 className=com.android.providers.media.MediaScannerService packageName=com.android.providers.media intent=null}
01-01 12:31:43.265636  3832  3832 D ActivityThread: SVC-Calling onStartCommand: com.android.providers.media.MediaScannerService@2ab0a1d, flags=0, startId=1
01-01 12:31:43.372763   915  2047 D ActivityManager: SVC-Executing service done: ServiceRecord{d19fe4f u0 com.android.providers.media/.MediaScannerService}, type=1, startId=1, res=3
01-01 12:31:43.372969   915  2047 V ActivityManager: <<< DONE EXECUTING ServiceRecord{d19fe4f u0 com.android.providers.media/.MediaScannerService}: nesting=1, inDestroying=false, app=ProcessRecord{403c87e 3832:android.process.media/u0a25}
01-01 12:31:43.374048  3832  3832 D ActivityThread: SVC-SERVICE_ARGS handled : 0 / ServiceArgsData{token=android.os.BinderProxy@13042f4 startId=1 args=Intent { cmp=com.android.providers.media/.MediaScannerService (has extras) }}
01-01 12:31:43.444708   915  2047 V ActivityManager: >>> EXECUTING destroy of ServiceRecord{d19fe4f u0 com.android.providers.media/.MediaScannerService} in app ProcessRecord{403c87e 3832:android.process.media/u0a25}
01-01 12:31:43.447505   915   941 V ActivityManager: startService: Intent { cmp=com.android.providers.media/.MediaScannerService (has extras) } callerApp=ProcessRecord{403c87e 3832:android.process.media/u0a25}
01-01 12:31:43.447656  3832  3832 D ActivityThread: SVC-Destroying service: com.android.providers.media.MediaScannerService@2ab0a1d
01-01 12:31:43.449916   915   941 V ActivityManager: >>> EXECUTING create of ServiceRecord{222306b u0 com.android.providers.media/.MediaScannerService} in app ProcessRecord{403c87e 3832:android.process.media/u0a25}
01-01 12:31:43.452877   915   941 V ActivityManager: AMS Creating service ServiceRecord{222306b u0 com.android.providers.media/.MediaScannerService}
01-01 12:31:43.453836   915   941 V ActivityManager: Sending arguments to: ServiceRecord{222306b u0 com.android.providers.media/.MediaScannerService} android.content.Intent$FilterComparison@5e49f425 args=Intent { cmp=com.android.providers.media/.MediaScannerService (has extras) }
01-01 12:31:43.454052   915   941 V ActivityManager: >>> EXECUTING start of ServiceRecord{222306b u0 com.android.providers.media/.MediaScannerService} in app ProcessRecord{403c87e 3832:android.process.media/u0a25}
01-01 12:31:43.454672   915   941 D ActivityManager: SVC-Sent arguments: ServiceRecord{222306b u0 com.android.providers.media/.MediaScannerService}, app=ProcessRecord{403c87e 3832:android.process.media/u0a25}, args=Intent { cmp=com.android.providers.media/.MediaScannerService (has extras) }, flags=0
01-01 12:31:43.456561  3832  3832 D ActivityThread: SVC-STOP_SERVICE handled : 0 / android.os.BinderProxy@13042f4
01-01 12:31:43.456798   915  1137 D ActivityManager: SVC-Executing service done: ServiceRecord{d19fe4f u0 com.android.providers.media/.MediaScannerService}, type=2, startId=0, res=0
01-01 12:31:43.456989   915  1137 V ActivityManager: <<< DONE EXECUTING ServiceRecord{d19fe4f u0 com.android.providers.media/.MediaScannerService}: nesting=1, inDestroying=true, app=ProcessRecord{403c87e 3832:android.process.media/u0a25}
01-01 12:31:43.457173  3832  3832 D ActivityThread: SVC-Creating service: CreateServiceData{token=android.os.BinderProxy@68127de className=com.android.providers.media.MediaScannerService packageName=com.android.providers.media intent=null}
01-01 12:31:43.471575   915  1138 D ActivityManager: SVC-Executing service done: ServiceRecord{222306b u0 com.android.providers.media/.MediaScannerService}, type=0, startId=0, res=0
01-01 12:31:43.471801   915  1138 V ActivityManager: <<< DONE EXECUTING ServiceRecord{222306b u0 com.android.providers.media/.MediaScannerService}: nesting=2, inDestroying=false, app=ProcessRecord{403c87e 3832:android.process.media/u0a25}
01-01 12:31:43.472427  3832  3832 D ActivityThread: SVC-CREATE_SERVICE handled : 0 / CreateServiceData{token=android.os.BinderProxy@68127de className=com.android.providers.media.MediaScannerService packageName=com.android.providers.media intent=null}
01-01 12:31:43.472967  3832  3832 D ActivityThread: SVC-Calling onStartCommand: com.android.providers.media.MediaScannerService@2d7cdbf, flags=0, startId=1
01-01 12:31:43.598279   915  1489 D ActivityManager: SVC-Executing service done: ServiceRecord{222306b u0 com.android.providers.media/.MediaScannerService}, type=1, startId=1, res=3
01-01 12:31:43.598561   915  1489 V ActivityManager: <<< DONE EXECUTING ServiceRecord{222306b u0 com.android.providers.media/.MediaScannerService}: nesting=1, inDestroying=false, app=ProcessRecord{403c87e 3832:android.process.media/u0a25}
01-01 12:31:43.599301  3832  3832 D ActivityThread: SVC-SERVICE_ARGS handled : 0 / ServiceArgsData{token=android.os.BinderProxy@68127de startId=1 args=Intent { cmp=com.android.providers.media/.MediaScannerService (has extras) }}
01-01 12:31:43.681122   915  1552 V ActivityManager: >>> EXECUTING destroy of ServiceRecord{222306b u0 com.android.providers.media/.MediaScannerService} in app ProcessRecord{403c87e 3832:android.process.media/u0a25}
01-01 12:31:43.682898  3832  3832 D ActivityThread: SVC-Destroying service: com.android.providers.media.MediaScannerService@2d7cdbf
01-01 12:31:43.683089   915  1552 V ActivityManager: startService: Intent { cmp=com.android.providers.media/.MediaScannerService (has extras) } callerApp=ProcessRecord{403c87e 3832:android.process.media/u0a25}
01-01 12:31:43.685368   915  1552 V ActivityManager: >>> EXECUTING create of ServiceRecord{d316847 u0 com.android.providers.media/.MediaScannerService} in app ProcessRecord{403c87e 3832:android.process.media/u0a25}
01-01 12:31:43.688097   915  1552 V ActivityManager: AMS Creating service ServiceRecord{d316847 u0 com.android.providers.media/.MediaScannerService}
01-01 12:31:43.689025   915  1552 V ActivityManager: Sending arguments to: ServiceRecord{d316847 u0 com.android.providers.media/.MediaScannerService} android.content.Intent$FilterComparison@5e49f425 args=Intent { cmp=com.android.providers.media/.MediaScannerService (has extras) }
01-01 12:31:43.689230   915  1552 V ActivityManager: >>> EXECUTING start of ServiceRecord{d316847 u0 com.android.providers.media/.MediaScannerService} in app ProcessRecord{403c87e 3832:android.process.media/u0a25}
01-01 12:31:43.689805   915  1552 D ActivityManager: SVC-Sent arguments: ServiceRecord{d316847 u0 com.android.providers.media/.MediaScannerService}, app=ProcessRecord{403c87e 3832:android.process.media/u0a25}, args=Intent { cmp=com.android.providers.media/.MediaScannerService (has extras) }, flags=0
01-01 12:31:43.691237  3832  3832 D ActivityThread: SVC-STOP_SERVICE handled : 0 / android.os.BinderProxy@68127de
01-01 12:31:43.691464   915   941 D ActivityManager: SVC-Executing service done: ServiceRecord{222306b u0 com.android.providers.media/.MediaScannerService}, type=2, startId=0, res=0
01-01 12:31:43.691640   915   941 V ActivityManager: <<< DONE EXECUTING ServiceRecord{222306b u0 com.android.providers.media/.MediaScannerService}: nesting=1, inDestroying=true, app=ProcessRecord{403c87e 3832:android.process.media/u0a25}
01-01 12:31:43.691816  3832  3832 D ActivityThread: SVC-Creating service: CreateServiceData{token=android.os.BinderProxy@7135578 className=com.android.providers.media.MediaScannerService packageName=com.android.providers.media intent=null}
01-01 12:31:43.704829   915  1992 D ActivityManager: SVC-Executing service done: ServiceRecord{d316847 u0 com.android.providers.media/.MediaScannerService}, type=0, startId=0, res=0
01-01 12:31:43.705011   915  1992 V ActivityManager: <<< DONE EXECUTING ServiceRecord{d316847 u0 com.android.providers.media/.MediaScannerService}: nesting=2, inDestroying=false, app=ProcessRecord{403c87e 3832:android.process.media/u0a25}
01-01 12:31:43.705650  3832  3832 D ActivityThread: SVC-CREATE_SERVICE handled : 0 / CreateServiceData{token=android.os.BinderProxy@7135578 className=com.android.providers.media.MediaScannerService packageName=com.android.providers.media intent=null}
01-01 12:31:43.706120  3832  3832 D ActivityThread: SVC-Calling onStartCommand: com.android.providers.media.MediaScannerService@a162451, flags=0, startId=1
01-01 12:31:43.750350   915  1012 D AutomaticBrightnessController: calculateAmbientLux: [-10000, 100]: lux=400.0, weight=5.1005E7
01-01 12:31:43.750575   915  1012 D AutomaticBrightnessController: calculateAmbientLux: totalWeight=5.1005E7, newAmbientLux=400.0
01-01 12:31:43.750776   915  1012 D AutomaticBrightnessController: updateAmbientLux: Scheduling ambient lux update for 16681841668184 (in 3999 ms)
01-01 12:31:43.833406   915  1418 D ActivityManager: SVC-Executing service done: ServiceRecord{d316847 u0 com.android.providers.media/.MediaScannerService}, type=1, startId=1, res=3
01-01 12:31:43.834147   915  1418 V ActivityManager: <<< DONE EXECUTING ServiceRecord{d316847 u0 com.android.providers.media/.MediaScannerService}: nesting=1, inDestroying=false, app=ProcessRecord{403c87e 3832:android.process.media/u0a25}
01-01 12:31:43.839064  3832  3832 D ActivityThread: SVC-SERVICE_ARGS handled : 0 / ServiceArgsData{token=android.os.BinderProxy@7135578 startId=1 args=Intent { cmp=com.android.providers.media/.MediaScannerService (has extras) }}
01-01 12:31:43.988668   915  1418 V ActivityManager: >>> EXECUTING destroy of ServiceRecord{d316847 u0 com.android.providers.media/.MediaScannerService} in app ProcessRecord{403c87e 3832:android.process.media/u0a25}
01-01 12:31:43.991163  3832  3832 D ActivityThread: SVC-Destroying service: com.android.providers.media.MediaScannerService@a162451
01-01 12:31:43.991845   915  1489 V ActivityManager: startService: Intent { cmp=com.android.providers.media/.MediaScannerService (has extras) } callerApp=ProcessRecord{403c87e 3832:android.process.media/u0a25}
01-01 12:31:43.995755   915  1489 V ActivityManager: >>> EXECUTING create of ServiceRecord{d1241e3 u0 com.android.providers.media/.MediaScannerService} in app ProcessRecord{403c87e 3832:android.process.media/u0a25}
01-01 12:31:44.000365   915  1489 V ActivityManager: AMS Creating service ServiceRecord{d1241e3 u0 com.android.providers.media/.MediaScannerService}
01-01 12:31:44.001788   915  1489 V ActivityManager: Sending arguments to: ServiceRecord{d1241e3 u0 com.android.providers.media/.MediaScannerService} android.content.Intent$FilterComparison@5e49f425 args=Intent { cmp=com.android.providers.media/.MediaScannerService (has extras) }
01-01 12:31:44.002100   915  1489 V ActivityManager: >>> EXECUTING start of ServiceRecord{d1241e3 u0 com.android.providers.media/.MediaScannerService} in app ProcessRecord{403c87e 3832:android.process.media/u0a25}
01-01 12:31:44.003009   915  1489 D ActivityManager: SVC-Sent arguments: ServiceRecord{d1241e3 u0 com.android.providers.media/.MediaScannerService}, app=ProcessRecord{403c87e 3832:android.process.media/u0a25}, args=Intent { cmp=com.android.providers.media/.MediaScannerService (has extras) }, flags=0
01-01 12:31:44.006301   915  2047 D ActivityManager: SVC-Executing service done: ServiceRecord{d316847 u0 com.android.providers.media/.MediaScannerService}, type=2, startId=0, res=0
01-01 12:31:44.006650   915  2047 V ActivityManager: <<< DONE EXECUTING ServiceRecord{d316847 u0 com.android.providers.media/.MediaScannerService}: nesting=1, inDestroying=true, app=ProcessRecord{403c87e 3832:android.process.media/u0a25}
01-01 12:31:44.007635  3832  3832 D ActivityThread: SVC-STOP_SERVICE handled : 0 / android.os.BinderProxy@7135578
01-01 12:31:44.008701  3832  3832 D ActivityThread: SVC-Creating service: CreateServiceData{token=android.os.BinderProxy@1190642 className=com.android.providers.media.MediaScannerService packageName=com.android.providers.media intent=null}
01-01 12:31:44.031812   915  1137 D ActivityManager: SVC-Executing service done: ServiceRecord{d1241e3 u0 com.android.providers.media/.MediaScannerService}, type=0, startId=0, res=0
01-01 12:31:44.032155   915  1137 V ActivityManager: <<< DONE EXECUTING ServiceRecord{d1241e3 u0 com.android.providers.media/.MediaScannerService}: nesting=2, inDestroying=false, app=ProcessRecord{403c87e 3832:android.process.media/u0a25}
01-01 12:31:44.033222  3832  3832 D ActivityThread: SVC-CREATE_SERVICE handled : 0 / CreateServiceData{token=android.os.BinderProxy@1190642 className=com.android.providers.media.MediaScannerService packageName=com.android.providers.media intent=null}
01-01 12:31:44.033985  3832  3832 D ActivityThread: SVC-Calling onStartCommand: com.android.providers.media.MediaScannerService@9bf653, flags=0, startId=1
01-01 12:31:44.157604   915  1994 D ActivityManager: SVC-Executing service done: ServiceRecord{d1241e3 u0 com.android.providers.media/.MediaScannerService}, type=1, startId=1, res=3
01-01 12:31:44.157799   915  1994 V ActivityManager: <<< DONE EXECUTING ServiceRecord{d1241e3 u0 com.android.providers.media/.MediaScannerService}: nesting=1, inDestroying=false, app=ProcessRecord{403c87e 3832:android.process.media/u0a25}
01-01 12:31:44.158964  3832  3832 D ActivityThread: SVC-SERVICE_ARGS handled : 0 / ServiceArgsData{token=android.os.BinderProxy@1190642 startId=1 args=Intent { cmp=com.android.providers.media/.MediaScannerService (has extras) }}
01-01 12:31:44.238340   915   940 V ActivityManager: >>> EXECUTING destroy of ServiceRecord{d1241e3 u0 com.android.providers.media/.MediaScannerService} in app ProcessRecord{403c87e 3832:android.process.media/u0a25}
01-01 12:31:44.240394  3832  3832 D ActivityThread: SVC-Destroying service: com.android.providers.media.MediaScannerService@9bf653
01-01 12:31:44.245785   915  1992 V ActivityManager: startService: Intent { cmp=com.android.providers.media/.MediaScannerService (has extras) } callerApp=ProcessRecord{403c87e 3832:android.process.media/u0a25}
01-01 12:31:44.247902   915  1992 V ActivityManager: >>> EXECUTING create of ServiceRecord{89d193f u0 com.android.providers.media/.MediaScannerService} in app ProcessRecord{403c87e 3832:android.process.media/u0a25}
01-01 12:31:44.250464   915  1992 V ActivityManager: AMS Creating service ServiceRecord{89d193f u0 com.android.providers.media/.MediaScannerService}
01-01 12:31:44.252172   915  1992 V ActivityManager: Sending arguments to: ServiceRecord{89d193f u0 com.android.providers.media/.MediaScannerService} android.content.Intent$FilterComparison@5e49f425 args=Intent { cmp=com.android.providers.media/.MediaScannerService (has extras) }
01-01 12:31:44.252361   915  1992 V ActivityManager: >>> EXECUTING start of ServiceRecord{89d193f u0 com.android.providers.media/.MediaScannerService} in app ProcessRecord{403c87e 3832:android.process.media/u0a25}
01-01 12:31:44.253710   915  1992 D ActivityManager: SVC-Sent arguments: ServiceRecord{89d193f u0 com.android.providers.media/.MediaScannerService}, app=ProcessRecord{403c87e 3832:android.process.media/u0a25}, args=Intent { cmp=com.android.providers.media/.MediaScannerService (has extras) }, flags=0
01-01 12:31:44.257113   915  1418 D ActivityManager: SVC-Executing service done: ServiceRecord{d1241e3 u0 com.android.providers.media/.MediaScannerService}, type=2, startId=0, res=0
01-01 12:31:44.257343   915  1418 V ActivityManager: <<< DONE EXECUTING ServiceRecord{d1241e3 u0 com.android.providers.media/.MediaScannerService}: nesting=1, inDestroying=true, app=ProcessRecord{403c87e 3832:android.process.media/u0a25}
01-01 12:31:44.258127  3832  3832 D ActivityThread: SVC-STOP_SERVICE handled : 0 / android.os.BinderProxy@1190642
