01-01 12:30:46.050920   915   965 V BroadcastQueue: Processing parallel broadcast [background] BroadcastRecord{9c0cbfc u-1 android.net.wifi.SCAN_RESULTS}, 2 receivers
01-01 12:30:46.051254   915   965 D BroadcastQueue: BroadcastRecord{9c0cbfc u-1 android.net.wifi.SCAN_RESULTS}, #0 BroadcastFilter{2947dc8 u0 ReceiverList{60bde6b 915 system/1000/u0 local:9a59fba}}
01-01 12:30:46.051595   915   965 D BroadcastQueue: BDC-Delivering broadcast: Intent { act=android.net.wifi.SCAN_RESULTS flg=0x4000010 (has extras) }, queue=background, ordered=false, filter=BroadcastFilter{2947dc8 u0 ReceiverList{60bde6b 915 system/1000/u0 local:9a59fba}}, receiver=null
01-01 12:30:46.051994   915   965 D BroadcastQueue: BroadcastRecord{9c0cbfc u-1 android.net.wifi.SCAN_RESULTS}, #1 BroadcastFilter{a1b328b u0 ReceiverList{10b305a 2178 com.google.android.gms.persistent/10029/u0 remote:84e5805}}
01-01 12:30:46.052324   915   965 D BroadcastQueue: BDC-Delivering broadcast: Intent { act=android.net.wifi.SCAN_RESULTS flg=0x4000010 (has extras) }, queue=background, ordered=false, filter=BroadcastFilter{a1b328b u0 ReceiverList{10b305a 2178 com.google.android.gms.persistent/10029/u0 remote:84e5805}}, receiver=null
01-01 12:30:46.052403   915   915 D ActivityThread: BDC-Calling onReceive: intent=Intent { act=android.net.wifi.SCAN_RESULTS flg=0x4000010 (has extras) }, ordered=true, receiver=com.android.server.wifi.WifiNotificationController$1@dd968e5, IIntentReceiver=9a59fba
01-01 12:30:46.052974   915   965 D BroadcastQueue: Non-ordered [background] BroadcastRecord{9c0cbfc u-1 android.net.wifi.SCAN_RESULTS}, 2 receivers, Total: 2, Waiting: 0, Processing: 2
01-01 12:30:46.053050   915   915 I WifiNotificationController: checkAndSetNotification, state:DISCONNECTED
01-01 12:30:46.054020  2178  2373 D ActivityThread: BDC-Calling onReceive: intent=Intent { act=android.net.wifi.SCAN_RESULTS flg=0x4000010 (has extras) }, ordered=true, receiver=com.google.android.location.os.real.z@b66a1cb, IIntentReceiver=74322f0
01-01 12:30:46.097936   915   915 D WifiNotificationController: Connecting networkId:-1, isConnecting:false
01-01 12:30:46.098053   915   915 I WifiNotificationController: Open network num:18
01-01 12:30:46.098202   915   915 D WifiNotificationController: Supplicant state is SCANNING when interpret scan results.
01-01 12:30:46.098307   915   915 D WifiNotificationController: Not enough time has passed to show the notification again.
01-01 12:30:46.099036   915   915 V ActivityManager: Broadcast sticky: Intent { act=android.intent.action.BATTERY_CHANGED flg=0x60000010 (has extras) } ordered=false userid=-1 callerApp=null
01-01 12:30:46.101192   915   965 V BroadcastQueue: Processing parallel broadcast [background] BroadcastRecord{c2d710b u-1 android.intent.action.BATTERY_CHANGED}, 17 receivers
01-01 12:30:46.101492   915   965 D BroadcastQueue: BroadcastRecord{c2d710b u-1 android.intent.action.BATTERY_CHANGED}, #0 BroadcastFilter{2e274d3 u0 ReceiverList{7886ec2 915 system/1000/u0 local:9296f0d}}
01-01 12:30:46.101897   915   965 D BroadcastQueue: BDC-Delivering broadcast: Intent { act=android.intent.action.BATTERY_CHANGED flg=0x60000010 (has extras) }, queue=background, ordered=false, filter=BroadcastFilter{2e274d3 u0 ReceiverList{7886ec2 915 system/1000/u0 local:9296f0d}}, receiver=null
01-01 12:30:46.102342   915   965 D BroadcastQueue: BroadcastRecord{c2d710b u-1 android.intent.action.BATTERY_CHANGED}, #1 BroadcastFilter{a42d86d u0 ReceiverList{2481884 915 system/1000/u0 local:ce7e97}}
01-01 12:30:46.102445   915  1012 D ActivityThread: BDC-Calling onReceive: intent=Intent { act=android.intent.action.BATTERY_CHANGED flg=0x60000010 (has extras) }, ordered=true, receiver=com.android.server.power.PowerManagerService$BatteryReceiver@92665a4, IIntentReceiver=9296f0d
01-01 12:30:46.102668   915   965 D BroadcastQueue: BDC-Delivering broadcast: Intent { act=android.intent.action.BATTERY_CHANGED flg=0x60000010 (has extras) }, queue=background, ordered=false, filter=BroadcastFilter{a42d86d u0 ReceiverList{2481884 915 system/1000/u0 local:ce7e97}}, receiver=null
01-01 12:30:46.102761   915  1012 D PowerManagerService: updateIsPoweredLocked: wasPowered=true, mIsPowered=true, oldPlugType=2, mPlugType=2, mBatteryLevel=3
01-01 12:30:46.103054   915   965 D BroadcastQueue: BroadcastRecord{c2d710b u-1 android.intent.action.BATTERY_CHANGED}, #2 BroadcastFilter{6dd1a41 u0 ReceiverList{fc5ad28 915 system/1000/u0 local:d50af4b}}
01-01 12:30:46.103067   915  1012 I PowerManagerService: canDreamLocked mWakefulness = 2, mDreamsSupportedConfig = true, mDreamsEnabledSetting = true, mDisplayPowerRequest.isBrightOrDim() = true, mUserActivitySummary = 4, mBootCompleted = true
01-01 12:30:46.103350   915   915 D ActivityThread: BDC-Calling onReceive: intent=Intent { act=android.intent.action.BATTERY_CHANGED flg=0x60000010 (has extras) }, ordered=true, receiver=com.android.server.policy.PhoneWindowManager$14@9433516, IIntentReceiver=ce7e97
01-01 12:30:46.103485   915   965 D BroadcastQueue: BDC-Delivering broadcast: Intent { act=android.intent.action.BATTERY_CHANGED flg=0x60000010 (has extras) }, queue=background, ordered=false, filter=BroadcastFilter{6dd1a41 u0 ReceiverList{fc5ad28 915 system/1000/u0 local:d50af4b}}, receiver=null
01-01 12:30:46.103844   915   965 D BroadcastQueue: BroadcastRecord{c2d710b u-1 android.intent.action.BATTERY_CHANGED}, #3 BroadcastFilter{f8dfe90 u0 ReceiverList{e3b4553 915 system/1000/u0 local:5783142}}
01-01 12:30:46.104171   915   965 D BroadcastQueue: BDC-Delivering broadcast: Intent { act=android.intent.action.BATTERY_CHANGED flg=0x60000010 (has extras) }, queue=background, ordered=false, filter=BroadcastFilter{f8dfe90 u0 ReceiverList{e3b4553 915 system/1000/u0 local:5783142}}, receiver=null
01-01 12:30:46.104545   915   965 D BroadcastQueue: BroadcastRecord{c2d710b u-1 android.intent.action.BATTERY_CHANGED}, #4 BroadcastFilter{41b0ac1 u0 ReceiverList{17b0fa8 915 system/1000/u0 local:9cc0bcb}}
01-01 12:30:46.104861   915   965 D BroadcastQueue: BDC-Delivering broadcast: Intent { act=android.intent.action.BATTERY_CHANGED flg=0x60000010 (has extras) }, queue=background, ordered=false, filter=BroadcastFilter{41b0ac1 u0 ReceiverList{17b0fa8 915 system/1000/u0 local:9cc0bcb}}, receiver=null
01-01 12:30:46.105331   915   965 D BroadcastQueue: BroadcastRecord{c2d710b u-1 android.intent.action.BATTERY_CHANGED}, #5 BroadcastFilter{a3f840 u0 ReceiverList{84b57c3 1176 com.android.systemui/10016/u0 remote:1ac4772}}
01-01 12:30:46.105665   915   965 D BroadcastQueue: BDC-Delivering broadcast: Intent { act=android.intent.action.BATTERY_CHANGED flg=0x60000010 (has extras) }, queue=background, ordered=false, filter=BroadcastFilter{a3f840 u0 ReceiverList{84b57c3 1176 com.android.systemui/10016/u0 remote:1ac4772}}, receiver=null
01-01 12:30:46.106518   915   965 D BroadcastQueue: BroadcastRecord{c2d710b u-1 android.intent.action.BATTERY_CHANGED}, #6 BroadcastFilter{5a151b5 u0 ReceiverList{ceb09ec 1176 com.android.systemui/10016/u0 remote:ada349f}}
01-01 12:30:46.106886   915   965 D BroadcastQueue: BDC-Delivering broadcast: Intent { act=android.intent.action.BATTERY_CHANGED flg=0x60000010 (has extras) }, queue=background, ordered=false, filter=BroadcastFilter{5a151b5 u0 ReceiverList{ceb09ec 1176 com.android.systemui/10016/u0 remote:ada349f}}, receiver=null
01-01 12:30:46.106927  1176  1176 D ActivityThread: BDC-Calling onReceive: intent=Intent { act=android.intent.action.BATTERY_CHANGED flg=0x60000010 (has extras) }, ordered=true, receiver=com.android.keyguard.KeyguardUpdateMonitor$5@d01f47b, IIntentReceiver=cc3e890
01-01 12:30:46.108121  1176  1176 D ActivityThread: BDC-Calling onReceive: intent=Intent { act=android.intent.action.BATTERY_CHANGED flg=0x60000010 (has extras) }, ordered=true, receiver=com.android.systemui.power.PowerUI$Receiver@1c3c630, IIntentReceiver=c75409a
01-01 12:30:46.108258   915   965 D BroadcastQueue: BroadcastRecord{c2d710b u-1 android.intent.action.BATTERY_CHANGED}, #7 BroadcastFilter{96021d2 u0 ReceiverList{b32c45d 1176 com.android.systemui/10016/u0 remote:ef57e34}}
01-01 12:30:46.108492  1176  1176 D PowerUI : oldTemp=310, mTemp=310
01-01 12:30:46.108603   915   965 D BroadcastQueue: BDC-Delivering broadcast: Intent { act=android.intent.action.BATTERY_CHANGED flg=0x60000010 (has extras) }, queue=background, ordered=false, filter=BroadcastFilter{96021d2 u0 ReceiverList{b32c45d 1176 com.android.systemui/10016/u0 remote:ef57e34}}, receiver=null
01-01 12:30:46.110621  1176  1176 D PowerUI : show_hot_plug_dialog: true
01-01 12:30:46.110798  1176  1176 D PowerUI : show_otg_cable_dialog: true
01-01 12:30:46.111492  1176  1176 D ActivityThread: BDC-Calling onReceive: intent=Intent { act=android.intent.action.BATTERY_CHANGED flg=0x60000010 (has extras) }, ordered=true, receiver=com.android.systemui.statusbar.policy.BatteryController@2db2c3e, IIntentReceiver=c8decc1
01-01 12:30:46.111517   915   965 D BroadcastQueue: BroadcastRecord{c2d710b u-1 android.intent.action.BATTERY_CHANGED}, #8 BroadcastFilter{760b100 u0 ReceiverList{1187b83 1697 com.android.phone/1001/u0 remote:2ca232}}
01-01 12:30:46.111905   915   965 D BroadcastQueue: BDC-Delivering broadcast: Intent { act=android.intent.action.BATTERY_CHANGED flg=0x60000010 (has extras) }, queue=background, ordered=false, filter=BroadcastFilter{760b100 u0 ReceiverList{1187b83 1697 com.android.phone/1001/u0 remote:2ca232}}, receiver=null
01-01 12:30:46.112705   915   965 D BroadcastQueue: BroadcastRecord{c2d710b u-1 android.intent.action.BATTERY_CHANGED}, #9 BroadcastFilter{354639c u0 ReceiverList{7ef270f 1697 com.android.phone/1001/u0 remote:283d46e}}
01-01 12:30:46.113197  1697  1697 D ActivityThread: BDC-Calling onReceive: intent=Intent { act=android.intent.action.BATTERY_CHANGED flg=0x60000010 (has extras) }, ordered=true, receiver=com.mediatek.internal.telephony.dataconnection.FdManager$1@ff4ebd3, IIntentReceiver=6c0fa72
01-01 12:30:46.113445   915   965 D BroadcastQueue: BDC-Delivering broadcast: Intent { act=android.intent.action.BATTERY_CHANGED flg=0x60000010 (has extras) }, queue=background, ordered=false, filter=BroadcastFilter{354639c u0 ReceiverList{7ef270f 1697 com.android.phone/1001/u0 remote:283d46e}}, receiver=null
01-01 12:30:46.114251   915   965 D BroadcastQueue: BroadcastRecord{c2d710b u-1 android.intent.action.BATTERY_CHANGED}, #10 BroadcastFilter{de73080 u0 ReceiverList{eb34903 2190 com.android.bluetooth/1002/u0 remote:a6435b2}}
01-01 12:30:46.114603   915   965 D BroadcastQueue: BDC-Delivering broadcast: Intent { act=android.intent.action.BATTERY_CHANGED flg=0x60000010 (has extras) }, queue=background, ordered=false, filter=BroadcastFilter{de73080 u0 ReceiverList{eb34903 2190 com.android.bluetooth/1002/u0 remote:a6435b2}}, receiver=null
01-01 12:30:46.114742  1697  1697 D ActivityThread: BDC-Calling onReceive: intent=Intent { act=android.intent.action.BATTERY_CHANGED flg=0x60000010 (has extras) }, ordered=true, receiver=com.mediatek.internal.telephony.dataconnection.FdManager$1@d3e5065, IIntentReceiver=32568a6
01-01 12:30:46.115505   915   965 D BroadcastQueue: BroadcastRecord{c2d710b u-1 android.intent.action.BATTERY_CHANGED}, #11 BroadcastFilter{b684f74 u0 ReceiverList{627b47 1176 com.android.systemui/10016/u0 remote:2cb7686}}
01-01 12:30:46.115862   915   965 D BroadcastQueue: BDC-Delivering broadcast: Intent { act=android.intent.action.BATTERY_CHANGED flg=0x60000010 (has extras) }, queue=background, ordered=false, filter=BroadcastFilter{b684f74 u0 ReceiverList{627b47 1176 com.android.systemui/10016/u0 remote:2cb7686}}, receiver=null
01-01 12:30:46.116666   915   965 D BroadcastQueue: BroadcastRecord{c2d710b u-1 android.intent.action.BATTERY_CHANGED}, #12 BroadcastFilter{cc897d4 u0 ReceiverList{b2f2927 1176 com.android.systemui/10016/u0 remote:8afe6}}
01-01 12:30:46.116703  2190  2190 D ActivityThread: BDC-Calling onReceive: intent=Intent { act=android.intent.action.BATTERY_CHANGED flg=0x60000010 (has extras) }, ordered=true, receiver=com.android.bluetooth.hfp.HeadsetService$1@6dbf25e, IIntentReceiver=679d3b1
01-01 12:30:46.117016   915   965 D BroadcastQueue: BDC-Delivering broadcast: Intent { act=android.intent.action.BATTERY_CHANGED flg=0x60000010 (has extras) }, queue=background, ordered=false, filter=BroadcastFilter{cc897d4 u0 ReceiverList{b2f2927 1176 com.android.systemui/10016/u0 remote:8afe6}}, receiver=null
01-01 12:30:46.117595   915   915 D ActivityThread: BDC-Calling onReceive: intent=Intent { act=android.intent.action.BATTERY_CHANGED flg=0x60000010 (has extras) }, ordered=true, receiver=com.android.server.UiModeManagerService$3@569a81a, IIntentReceiver=d50af4b
01-01 12:30:46.117788   915   965 D BroadcastQueue: BroadcastRecord{c2d710b u-1 android.intent.action.BATTERY_CHANGED}, #13 BroadcastFilter{6638e2f u0 ReceiverList{73ae40e 2014 com.asus.services/1000/u0 remote:82a7a09}}
01-01 12:30:46.118105   915   965 D BroadcastQueue: BDC-Delivering broadcast: Intent { act=android.intent.action.BATTERY_CHANGED flg=0x60000010 (has extras) }, queue=background, ordered=false, filter=BroadcastFilter{6638e2f u0 ReceiverList{73ae40e 2014 com.asus.services/1000/u0 remote:82a7a09}}, receiver=null
01-01 12:30:46.118263   915   915 D ActivityThread: BDC-Calling onReceive: intent=Intent { act=android.intent.action.BATTERY_CHANGED flg=0x60000010 (has extras) }, ordered=true, receiver=com.android.server.DeviceIdleController$1@eccab8d, IIntentReceiver=5783142
01-01 12:30:46.118882   915   965 D BroadcastQueue: BroadcastRecord{c2d710b u-1 android.intent.action.BATTERY_CHANGED}, #14 BroadcastFilter{4120e0 u0 ReceiverList{1373ee3 2014 com.asus.services/1000/u0 remote:a08d712}}
01-01 12:30:46.118920   915   915 D ActivityThread: BDC-Calling onReceive: intent=Intent { act=android.intent.action.BATTERY_CHANGED flg=0x60000010 (has extras) }, ordered=true, receiver=com.android.server.wifi.WifiServiceImpl$1@87ea69a, IIntentReceiver=9cc0bcb
01-01 12:30:46.119146   915   915 D WifiService: onReceive, action:android.intent.action.BATTERY_CHANGED
01-01 12:30:46.119211   915   965 D BroadcastQueue: BDC-Delivering broadcast: Intent { act=android.intent.action.BATTERY_CHANGED flg=0x60000010 (has extras) }, queue=background, ordered=false, filter=BroadcastFilter{4120e0 u0 ReceiverList{1373ee3 2014 com.asus.services/1000/u0 remote:a08d712}}, receiver=null
01-01 12:30:46.119751   915  1063 D WifiController: DeviceActiveState{ when=0 what=155652 arg1=2 target=com.android.internal.util.StateMachine$SmHandler }
01-01 12:30:46.119955   915   965 D BroadcastQueue: BroadcastRecord{c2d710b u-1 android.intent.action.BATTERY_CHANGED}, #15 BroadcastFilter{b254cb5 u0 ReceiverList{46610ec 2014 com.asus.services/1000/u0 remote:cd0f79f}}
01-01 12:30:46.119999   915  1063 D WifiController: StaEnabledState{ when=0 what=155652 arg1=2 target=com.android.internal.util.StateMachine$SmHandler }
01-01 12:30:46.120358   915   965 D BroadcastQueue: BDC-Delivering broadcast: Intent { act=android.intent.action.BATTERY_CHANGED flg=0x60000010 (has extras) }, queue=background, ordered=false, filter=BroadcastFilter{b254cb5 u0 ReceiverList{46610ec 2014 com.asus.services/1000/u0 remote:cd0f79f}}, receiver=null
01-01 12:30:46.120811  1176  1176 D ActivityThread: BDC-Calling onReceive: intent=Intent { act=android.intent.action.BATTERY_CHANGED flg=0x60000010 (has extras) }, ordered=true, receiver=com.android.systemui.statusbar.phone.BatteryClusterView$BatteryTracker@9910cbe, IIntentReceiver=75cc55b
01-01 12:30:46.121225   915  1063 D WifiController: DefaultState{ when=-2ms what=155652 arg1=2 target=com.android.internal.util.StateMachine$SmHandler }
01-01 12:30:46.121343   915  1063 D WifiController: battery changed pluggedType: 2
01-01 12:30:46.122023   915   965 D BroadcastQueue: BroadcastRecord{c2d710b u-1 android.intent.action.BATTERY_CHANGED}, #16 BroadcastFilter{4d7ec35 u0 ReceiverList{3c97e6c 3832 android.process.media/10025/u0 remote:60fab1f}}
01-01 12:30:46.122396   915   965 D BroadcastQueue: BDC-Delivering broadcast: Intent { act=android.intent.action.BATTERY_CHANGED flg=0x60000010 (has extras) }, queue=background, ordered=false, filter=BroadcastFilter{4d7ec35 u0 ReceiverList{3c97e6c 3832 android.process.media/10025/u0 remote:60fab1f}}, receiver=null
01-01 12:30:46.122648  2014  2014 D ActivityThread: BDC-Calling onReceive: intent=Intent { act=android.intent.action.BATTERY_CHANGED flg=0x60000010 (has extras) }, ordered=true, receiver=com.asus.boostdozemodeservice.b@c3842ce, IIntentReceiver=a70ab85
01-01 12:30:46.123242   915   965 D BroadcastQueue: Non-ordered [background] BroadcastRecord{c2d710b u-1 android.intent.action.BATTERY_CHANGED}, 17 receivers, Total: 22, Waiting: 0, Processing: 22
01-01 12:30:46.123287  2014  2014 D ActivityThread: BDC-Calling onReceive: intent=Intent { act=android.intent.action.BATTERY_CHANGED flg=0x60000010 (has extras) }, ordered=true, receiver=com.asus.powersaver.PowerSaverService$2@a9fa8df, IIntentReceiver=325313a
01-01 12:30:46.124257  2014  2014 D ActivityThread: BDC-Calling onReceive: intent=Intent { act=android.intent.action.BATTERY_CHANGED flg=0x60000010 (has extras) }, ordered=true, receiver=com.asus.hardwarestub.dock.a@78b5db6, IIntentReceiver=cd46d8e
01-01 12:30:46.128540  3832  3832 D ActivityThread: BDC-Calling onReceive: intent=Intent { act=android.intent.action.BATTERY_CHANGED flg=0x60000010 (has extras) }, ordered=true, receiver=android.mtp.MtpDatabase$1@6bdfdf7, IIntentReceiver=fca8293
01-01 12:30:46.132961  1176  1176 D ActivityThread: BDC-Calling onReceive: intent=Intent { act=android.intent.action.BATTERY_CHANGED flg=0x60000010 (has extras) }, ordered=true, receiver=com.android.systemui.statusbar.phone.BatteryClusterView$BatteryTracker@8d11358, IIntentReceiver=aedcdbe
01-01 12:30:47.162607   915  1489 V ActivityManager: Broadcast sticky: Intent { act=android.intent.action.SIG_STR flg=0x20000010 (has extras) } ordered=false userid=-1 callerApp=ProcessRecord{b59114d 915:system/1000}
01-01 12:30:47.706619   915  1012 D AutomaticBrightnessController: calculateAmbientLux: [-10000, 100]: lux=400.0, weight=5.1005E7
01-01 12:30:47.708123   915  1012 D AutomaticBrightnessController: calculateAmbientLux: totalWeight=5.1005E7, newAmbientLux=400.0
01-01 12:30:47.708753   915  1012 D AutomaticBrightnessController: updateAmbientLux: Scheduling ambient lux update for 16121401612140 (in 3997 ms)
01-01 12:30:48.496225   915  1994 D ActivityManager: getContentProviderImpl: from caller=android.app.ApplicationThreadProxy@1071000 (pid=6786, userId=0) to get content provider media cpr=ContentProviderRecord{6d33245 u0 com.android.providers.media/.MediaProvider}
01-01 12:30:48.496783   915  1994 D ActivityManager: getContentProviderImpl: updateLruProcessLocked cpr.proc=ProcessRecord{403c87e 3832:android.process.media/u0a25}
01-01 12:30:48.507689  6786  6865 D ActivityThread: holder:android.app.IActivityManager$ContentProviderHolder@66bdc76, holder.provider:android.content.ContentProviderProxy@25d0277
01-01 12:30:51.710440   915  1012 D AutomaticBrightnessController: calculateAmbientLux: [-10000, 100]: lux=400.0, weight=5.1005E7
01-01 12:30:51.711366   915  1012 D AutomaticBrightnessController: calculateAmbientLux: totalWeight=5.1005E7, newAmbientLux=400.0
01-01 12:30:51.712191   915  1012 D AutomaticBrightnessController: updateAmbientLux: Scheduling ambient lux update for 16161441616144 (in 3998 ms)
01-01 12:30:52.277691   915  1418 V ActivityManager: Broadcast sticky: Intent { act=android.intent.action.SIG_STR flg=0x20000010 (has extras) } ordered=false userid=-1 callerApp=ProcessRecord{b59114d 915:system/1000}
01-01 12:30:55.715473   915  1012 D AutomaticBrightnessController: calculateAmbientLux: [-10000, 100]: lux=400.0, weight=5.1005E7
01-01 12:30:55.716376   915  1012 D AutomaticBrightnessController: calculateAmbientLux: totalWeight=5.1005E7, newAmbientLux=400.0
01-01 12:30:55.717215   915  1012 D AutomaticBrightnessController: updateAmbientLux: Scheduling ambient lux update for 16201491620149 (in 3998 ms)
01-01 12:30:58.523079   915  1815 D ActivityManager: getContentProviderImpl: from caller=android.app.ApplicationThreadProxy@f61a67e (pid=6786, userId=0) to get content provider media cpr=ContentProviderRecord{6d33245 u0 com.android.providers.media/.MediaProvider}
01-01 12:30:58.523759   915  1815 D ActivityManager: getContentProviderImpl: updateLruProcessLocked cpr.proc=ProcessRecord{403c87e 3832:android.process.media/u0a25}
01-01 12:30:58.533985  6786  6863 D ActivityThread: holder:android.app.IActivityManager$ContentProviderHolder@db0f349, holder.provider:android.content.ContentProviderProxy@1ee044e
01-01 12:30:59.716593   915  1012 D AutomaticBrightnessController: calculateAmbientLux: [-10000, 100]: lux=400.0, weight=5.1005E7
01-01 12:30:59.717597   915  1012 D AutomaticBrightnessController: calculateAmbientLux: totalWeight=5.1005E7, newAmbientLux=400.0
01-01 12:30:59.718426   915  1012 D AutomaticBrightnessController: updateAmbientLux: Scheduling ambient lux update for 16241501624150 (in 3997 ms)
01-01 12:31:00.001432   915  1030 D AlarmManager: set alarm to RTC 1892559
01-01 12:31:00.003298   915  1030 D DataShapingService: Alarm manager openLteDataUpLinkGate: false
01-01 12:31:00.003721   915  1030 V AlarmManager: openLteGateSuccess = false
01-01 12:31:00.007408   915  1030 V ActivityManager: Broadcast: Intent { act=android.intent.action.TIME_TICK flg=0x50000114 (has extras) } ordered=true userid=-1 callerApp=null
01-01 12:31:00.016241   915   965 V BroadcastQueue: Processing ordered broadcast [foreground] BroadcastRecord{c277df u-1 android.intent.action.TIME_TICK}, 11 receivers
01-01 12:31:00.020408   915   965 D BroadcastQueue: BroadcastRecord{c277df u-1 android.intent.action.TIME_TICK}, #0 BroadcastFilter{6e13df5 u0 ReceiverList{341ff2c 915 system/1000/u0 local:98ab6df}}
01-01 12:31:00.026914   915   965 D BroadcastQueue: BDC-Delivering broadcast: Intent { act=android.intent.action.TIME_TICK flg=0x50000114 (has extras) }, queue=foreground, ordered=true, filter=BroadcastFilter{6e13df5 u0 ReceiverList{341ff2c 915 system/1000/u0 local:98ab6df}}, receiver=android.app.LoadedApk$ReceiverDispatcher$InnerReceiver@98ab6df
01-01 12:31:00.027974   915   915 D ActivityThread: BDC-Calling onReceive: intent=Intent { act=android.intent.action.TIME_TICK flg=0x50000114 (has extras) }, ordered=true, receiver=com.android.server.AlarmManagerService$ClockReceiver@94a6739, IIntentReceiver=98ab6df
01-01 12:31:00.028541   915  1030 V AlarmManager: sending alarm Alarm{8d966f5 type 3 when 1620435 android} success
01-01 12:31:00.029024   915  1030 D PowerManagerService: acquireWakeLockInternal: lock=200012042, flags=0x40000001, tag="*alarm*", ws=WorkSource{1000}, uid=1000, pid=915
01-01 12:31:00.029237   915  1030 D PowerManagerService: updateWakeLockSummaryLocked: mWakefulness=Dreaming, mWakeLockSummary=0x3
01-01 12:31:00.029467   915  1030 D PowerManagerService: updateUserActivitySummaryLocked: mWakefulness=Dreaming, mUserActivitySummary=0x4, nextTimeout=-1 (1620465 ms ago)
01-01 12:31:00.029900   915  1030 D DisplayPowerController: requestPowerState: policy=BRIGHT, useProximitySensor=false, screenBrightness=102, screenAutoBrightnessAdjustment=1.0, brightnessSetByUser=true, useAutoBrightness=true, blockScreenOn=false, lowPowerMode=false, boostScreenBrightness=false, dozeScreenBrightness=-1, dozeScreenState=UNKNOWN, waitForNegativeProximity=false
01-01 12:31:00.029995   915  1030 I PowerManagerService: setBrightness mButtonLight 0.
01-01 12:31:00.030189   915  1030 D PowerManagerService: updateDisplayPowerStateLocked: mDisplayReady=true, policy=3, mWakefulness=2, mWakeLockSummary=0x3, mUserActivitySummary=0x4, mBootCompleted=true, mScreenBrightnessBoostInProgress=false
01-01 12:31:00.031244   915  1030 D PowerManagerNotifier: onWakeLockAcquired: flags=1073741825, tag="*alarm*", packageName=android, ownerUid=1000, ownerPid=915, workSource=WorkSource{1000}
01-01 12:31:00.031774   915  1012 I PowerManagerService: canDreamLocked mWakefulness = 2, mDreamsSupportedConfig = true, mDreamsEnabledSetting = true, mDisplayPowerRequest.isBrightOrDim() = true, mUserActivitySummary = 4, mBootCompleted = true
01-01 12:31:00.032448   915   915 V AlarmManager: APP set(PendingIntent{f46378a: PendingIntentRecord{48de1fb android broadcastIntent}}) : type=3 triggerAtTime=1680435 win=0 tElapsed=1680435 maxElapsed=1680435 interval=0 flags=0x1
01-01 12:31:00.033209   915   915 D AlarmManager:  whichBatch = -1
01-01 12:31:00.033392   915   915 D AlarmManager: set alarm to RTC 1680435
01-01 12:31:00.033559   915   915 D ActivityThread: BDC-Calling finishReceiver: IIntentReceiver=98ab6df
01-01 12:31:00.033718   915   915 D ActivityManager: BDC-Finishing receiver: android.app.LoadedApk$ReceiverDispatcher$InnerReceiver@98ab6df
01-01 12:31:00.034110   915   915 D ActivityManager: BroadcastRecord{c277df u-1 android.intent.action.TIME_TICK}, spend: 19, android.app.LoadedApk$ReceiverDispatcher$InnerReceiver@98ab6df, BroadcastFilter{6e13df5 u0 ReceiverList{341ff2c 915 system/1000/u0 local:98ab6df}}
01-01 12:31:00.034422   915   915 D BroadcastQueue: BroadcastRecord{c277df u-1 android.intent.action.TIME_TICK}, #1 BroadcastFilter{a3f840 u0 ReceiverList{84b57c3 1176 com.android.systemui/10016/u0 remote:1ac4772}}
01-01 12:31:00.034862   915   915 D BroadcastQueue: BDC-Delivering broadcast: Intent { act=android.intent.action.TIME_TICK flg=0x50000114 (has extras) }, queue=foreground, ordered=true, filter=BroadcastFilter{a3f840 u0 ReceiverList{84b57c3 1176 com.android.systemui/10016/u0 remote:1ac4772}}, receiver=android.os.BinderProxy@1ac4772
01-01 12:31:00.037051  1176  1176 D ActivityThread: BDC-Calling onReceive: intent=Intent { act=android.intent.action.TIME_TICK flg=0x50000114 (has extras) }, ordered=true, receiver=com.android.keyguard.KeyguardUpdateMonitor$5@d01f47b, IIntentReceiver=cc3e890
01-01 12:31:00.037422  1176  1176 D ActivityThread: BDC-Calling finishReceiver: IIntentReceiver=cc3e890
01-01 12:31:00.038507   915  1989 D ActivityManager: BDC-Finishing receiver: android.os.BinderProxy@1ac4772
01-01 12:31:00.054745   915  1989 D ActivityManager: BroadcastRecord{c277df u-1 android.intent.action.TIME_TICK}, spend: 20, android.os.BinderProxy@1ac4772, BroadcastFilter{a3f840 u0 ReceiverList{84b57c3 1176 com.android.systemui/10016/u0 remote:1ac4772}}
01-01 12:31:00.055304   915  1989 D BroadcastQueue: BroadcastRecord{c277df u-1 android.intent.action.TIME_TICK}, #2 BroadcastFilter{160d188 u0 ReceiverList{34a292b 1176 com.android.systemui/10016/u0 remote:6975d7a}}
01-01 12:31:00.055782   915  1989 D BroadcastQueue: BDC-Delivering broadcast: Intent { act=android.intent.action.TIME_TICK flg=0x50000114 (has extras) }, queue=foreground, ordered=true, filter=BroadcastFilter{160d188 u0 ReceiverList{34a292b 1176 com.android.systemui/10016/u0 remote:6975d7a}}, receiver=android.os.BinderProxy@6975d7a
01-01 12:31:00.073888  1176  1176 D ActivityThread: BDC-Calling onReceive: intent=Intent { act=android.intent.action.TIME_TICK flg=0x50000114 (has extras) }, ordered=true, receiver=com.android.systemui.statusbar.KeyguardIndicationController$2@b6d2f2, IIntentReceiver=ecd8ce0
01-01 12:31:00.074265  1176  1176 D ActivityThread: BDC-Calling finishReceiver: IIntentReceiver=ecd8ce0
01-01 12:31:00.075295   915  1990 D ActivityManager: BDC-Finishing receiver: android.os.BinderProxy@6975d7a
01-01 12:31:00.075695   915  1990 D ActivityManager: BroadcastRecord{c277df u-1 android.intent.action.TIME_TICK}, spend: 21, android.os.BinderProxy@6975d7a, BroadcastFilter{160d188 u0 ReceiverList{34a292b 1176 com.android.systemui/10016/u0 remote:6975d7a}}
01-01 12:31:00.075993   915  1990 D BroadcastQueue: BroadcastRecord{c277df u-1 android.intent.action.TIME_TICK}, #3 BroadcastFilter{144d05e u-1 ReceiverList{fd22599 1176 com.android.systemui/10016/u-1 remote:c74eee0}}
01-01 12:31:00.076412   915  1990 D BroadcastQueue: BDC-Delivering broadcast: Intent { act=android.intent.action.TIME_TICK flg=0x50000114 (has extras) }, queue=foreground, ordered=true, filter=BroadcastFilter{144d05e u-1 ReceiverList{fd22599 1176 com.android.systemui/10016/u-1 remote:c74eee0}}, receiver=android.os.BinderProxy@c74eee0
01-01 12:31:00.080353  1176  1176 D ActivityThread: BDC-Calling onReceive: intent=Intent { act=android.intent.action.TIME_TICK flg=0x50000114 (has extras) }, ordered=true, receiver=com.android.systemui.statusbar.policy.Clock$2@d98811f, IIntentReceiver=1691f27
01-01 12:31:00.085723  1176  1176 D ActivityThread: BDC-Calling finishReceiver: IIntentReceiver=1691f27
01-01 12:31:00.086499   915  1822 D ActivityManager: BDC-Finishing receiver: android.os.BinderProxy@c74eee0
01-01 12:31:00.086901   915  1822 D ActivityManager: BroadcastRecord{c277df u-1 android.intent.action.TIME_TICK}, spend: 11, android.os.BinderProxy@c74eee0, BroadcastFilter{144d05e u-1 ReceiverList{fd22599 1176 com.android.systemui/10016/u-1 remote:c74eee0}}
01-01 12:31:00.087201   915  1822 D BroadcastQueue: BroadcastRecord{c277df u-1 android.intent.action.TIME_TICK}, #4 BroadcastFilter{daa709 u-1 ReceiverList{d91d010 1176 com.android.systemui/10016/u-1 remote:c8d6cd3}}
01-01 12:31:00.087624   915  1822 D BroadcastQueue: BDC-Delivering broadcast: Intent { act=android.intent.action.TIME_TICK flg=0x50000114 (has extras) }, queue=foreground, ordered=true, filter=BroadcastFilter{daa709 u-1 ReceiverList{d91d010 1176 com.android.systemui/10016/u-1 remote:c8d6cd3}}, receiver=android.os.BinderProxy@c8d6cd3
01-01 12:31:00.112310  1176  1176 D ActivityThread: BDC-Calling onReceive: intent=Intent { act=android.intent.action.TIME_TICK flg=0x50000114 (has extras) }, ordered=true, receiver=com.android.systemui.statusbar.policy.Clock$2@e4e103b, IIntentReceiver=43ea6b3
01-01 12:31:00.114320  1176  1176 D ActivityThread: BDC-Calling finishReceiver: IIntentReceiver=43ea6b3
01-01 12:31:00.115395   915  1552 D ActivityManager: BDC-Finishing receiver: android.os.BinderProxy@c8d6cd3
01-01 12:31:00.115804   915  1552 D ActivityManager: BroadcastRecord{c277df u-1 android.intent.action.TIME_TICK}, spend: 29, android.os.BinderProxy@c8d6cd3, BroadcastFilter{daa709 u-1 ReceiverList{d91d010 1176 com.android.systemui/10016/u-1 remote:c8d6cd3}}
01-01 12:31:00.116111   915  1552 D BroadcastQueue: BroadcastRecord{c277df u-1 android.intent.action.TIME_TICK}, #5 BroadcastFilter{d9eaa17 u0 ReceiverList{ed2de96 1176 com.android.systemui/10016/u0 remote:66329b1}}
01-01 12:31:00.116535   915  1552 D BroadcastQueue: BDC-Delivering broadcast: Intent { act=android.intent.action.TIME_TICK flg=0x50000114 (has extras) }, queue=foreground, ordered=true, filter=BroadcastFilter{d9eaa17 u0 ReceiverList{ed2de96 1176 com.android.systemui/10016/u0 remote:66329b1}}, receiver=android.os.BinderProxy@66329b1
01-01 12:31:00.123237  1176  1176 D ActivityThread: BDC-Calling onReceive: intent=Intent { act=android.intent.action.TIME_TICK flg=0x50000114 (has extras) }, ordered=true, receiver=com.android.systemui.statusbar.policy.DateView$1@8f00d04, IIntentReceiver=51c23e9
01-01 12:31:00.125420  1176  1176 D ActivityThread: BDC-Calling finishReceiver: IIntentReceiver=51c23e9
01-01 12:31:00.126434   915  1552 D ActivityManager: BDC-Finishing receiver: android.os.BinderProxy@66329b1
01-01 12:31:00.126855   915  1552 D ActivityManager: BroadcastRecord{c277df u-1 android.intent.action.TIME_TICK}, spend: 11, android.os.BinderProxy@66329b1, BroadcastFilter{d9eaa17 u0 ReceiverList{ed2de96 1176 com.android.systemui/10016/u0 remote:66329b1}}
01-01 12:31:00.127396   915  1552 D BroadcastQueue: BroadcastRecord{c277df u-1 android.intent.action.TIME_TICK}, #6 BroadcastFilter{5349034 u0 ReceiverList{8284707 1176 com.android.systemui/10016/u0 remote:39e1946}}
01-01 12:31:00.127924   915  1552 D BroadcastQueue: BDC-Delivering broadcast: Intent { act=android.intent.action.TIME_TICK flg=0x50000114 (has extras) }, queue=foreground, ordered=true, filter=BroadcastFilter{5349034 u0 ReceiverList{8284707 1176 com.android.systemui/10016/u0 remote:39e1946}}, receiver=android.os.BinderProxy@39e1946
01-01 12:31:00.129137  1176  1176 D ActivityThread: BDC-Calling onReceive: intent=Intent { act=android.intent.action.TIME_TICK flg=0x50000114 (has extras) }, ordered=true, receiver=android.widget.TextClock$2@aadd522, IIntentReceiver=572fb0f
01-01 12:31:00.129691  1176  1176 D ActivityThread: BDC-Calling finishReceiver: IIntentReceiver=572fb0f
01-01 12:31:00.131913   915  1552 D ActivityManager: BDC-Finishing receiver: android.os.BinderProxy@39e1946
01-01 12:31:00.132338   915  1552 D ActivityManager: BroadcastRecord{c277df u-1 android.intent.action.TIME_TICK}, spend: 5, android.os.BinderProxy@39e1946, BroadcastFilter{5349034 u0 ReceiverList{8284707 1176 com.android.systemui/10016/u0 remote:39e1946}}
01-01 12:31:00.132659   915  1552 D BroadcastQueue: BroadcastRecord{c277df u-1 android.intent.action.TIME_TICK}, #7 BroadcastFilter{8784ca3 u0 ReceiverList{e1283d2 1176 com.android.systemui/10016/u0 remote:7896e5d}}
01-01 12:31:00.133101   915  1552 D BroadcastQueue: BDC-Delivering broadcast: Intent { act=android.intent.action.TIME_TICK flg=0x50000114 (has extras) }, queue=foreground, ordered=true, filter=BroadcastFilter{8784ca3 u0 ReceiverList{e1283d2 1176 com.android.systemui/10016/u0 remote:7896e5d}}, receiver=android.os.BinderProxy@7896e5d
01-01 12:31:00.134089  1176  1176 D ActivityThread: BDC-Calling onReceive: intent=Intent { act=android.intent.action.TIME_TICK flg=0x50000114 (has extras) }, ordered=true, receiver=android.widget.TextClock$2@ae2f570, IIntentReceiver=88a15a5
01-01 12:31:00.134442  1176  1176 D ActivityThread: BDC-Calling finishReceiver: IIntentReceiver=88a15a5
01-01 12:31:00.136436   915  1552 D ActivityManager: BDC-Finishing receiver: android.os.BinderProxy@7896e5d
01-01 12:31:00.136872   915  1552 D ActivityManager: BroadcastRecord{c277df u-1 android.intent.action.TIME_TICK}, spend: 4, android.os.BinderProxy@7896e5d, BroadcastFilter{8784ca3 u0 ReceiverList{e1283d2 1176 com.android.systemui/10016/u0 remote:7896e5d}}
01-01 12:31:00.137226   915  1552 D BroadcastQueue: BroadcastRecord{c277df u-1 android.intent.action.TIME_TICK}, #8 BroadcastFilter{22b8db9 u0 ReceiverList{b706380 1176 com.android.systemui/10016/u0 remote:2a56803}}
01-01 12:31:00.137687   915  1552 D BroadcastQueue: BDC-Delivering broadcast: Intent { act=android.intent.action.TIME_TICK flg=0x50000114 (has extras) }, queue=foreground, ordered=true, filter=BroadcastFilter{22b8db9 u0 ReceiverList{b706380 1176 com.android.systemui/10016/u0 remote:2a56803}}, receiver=android.os.BinderProxy@2a56803
01-01 12:31:00.138695  1176  1176 D ActivityThread: BDC-Calling onReceive: intent=Intent { act=android.intent.action.TIME_TICK flg=0x50000114 (has extras) }, ordered=true, receiver=android.widget.DateTimeView$ReceiverInfo$1@71df2a4, IIntentReceiver=1ee392b
01-01 12:31:00.140530  1176  1176 D ActivityThread: BDC-Calling finishReceiver: IIntentReceiver=1ee392b
01-01 12:31:00.141194   915   940 D ActivityManager: BDC-Finishing receiver: android.os.BinderProxy@2a56803
01-01 12:31:00.141617   915   940 D ActivityManager: BroadcastRecord{c277df u-1 android.intent.action.TIME_TICK}, spend: 5, android.os.BinderProxy@2a56803, BroadcastFilter{22b8db9 u0 ReceiverList{b706380 1176 com.android.systemui/10016/u0 remote:2a56803}}
01-01 12:31:00.141936   915   940 D BroadcastQueue: BroadcastRecord{c277df u-1 android.intent.action.TIME_TICK}, #9 BroadcastFilter{42cdce u0 ReceiverList{79cf2c9 1505 com.asus.launcher/10013/u0 remote:182f2d0}}
01-01 12:31:00.146493   915   940 D BroadcastQueue: BDC-Delivering broadcast: Intent { act=android.intent.action.TIME_TICK flg=0x50000114 (has extras) }, queue=foreground, ordered=true, filter=BroadcastFilter{42cdce u0 ReceiverList{79cf2c9 1505 com.asus.launcher/10013/u0 remote:182f2d0}}, receiver=android.os.BinderProxy@182f2d0
01-01 12:31:00.147952  1505  1505 D ActivityThread: BDC-Calling onReceive: intent=Intent { act=android.intent.action.TIME_TICK flg=0x50000114 (has extras) }, ordered=true, receiver=android.widget.TextClock$2@fb07b26, IIntentReceiver=52ba96b
01-01 12:31:00.149391  1505  1505 D ActivityThread: BDC-Calling finishReceiver: IIntentReceiver=52ba96b
01-01 12:31:00.150759   915   940 D ActivityManager: BDC-Finishing receiver: android.os.BinderProxy@182f2d0
01-01 12:31:00.151223   915   940 D ActivityManager: BroadcastRecord{c277df u-1 android.intent.action.TIME_TICK}, spend: 9, android.os.BinderProxy@182f2d0, BroadcastFilter{42cdce u0 ReceiverList{79cf2c9 1505 com.asus.launcher/10013/u0 remote:182f2d0}}
01-01 12:31:00.151602   915   940 D BroadcastQueue: BroadcastRecord{c277df u-1 android.intent.action.TIME_TICK}, #10 BroadcastFilter{701410d u0 ReceiverList{f123fa4 1176 com.android.systemui/10016/u0 remote:49a4e37}}
01-01 12:31:00.152064   915   940 D BroadcastQueue: BDC-Delivering broadcast: Intent { act=android.intent.action.TIME_TICK flg=0x50000114 (has extras) }, queue=foreground, ordered=true, filter=BroadcastFilter{701410d u0 ReceiverList{f123fa4 1176 com.android.systemui/10016/u0 remote:49a4e37}}, receiver=android.os.BinderProxy@49a4e37
01-01 12:31:00.153062  1176  1176 D ActivityThread: BDC-Calling onReceive: intent=Intent { act=android.intent.action.TIME_TICK flg=0x50000114 (has extras) }, ordered=true, receiver=android.widget.TextClock$2@430053b, IIntentReceiver=2125fc3
01-01 12:31:00.153549  1176  1176 D ActivityThread: BDC-Calling finishReceiver: IIntentReceiver=2125fc3
01-01 12:31:00.160304   915   940 D ActivityManager: BDC-Finishing receiver: android.os.BinderProxy@49a4e37
01-01 12:31:00.160702   915   940 D ActivityManager: BroadcastRecord{c277df u-1 android.intent.action.TIME_TICK}, spend: 9, android.os.BinderProxy@49a4e37, BroadcastFilter{701410d u0 ReceiverList{f123fa4 1176 com.android.systemui/10016/u0 remote:49a4e37}}
01-01 12:31:00.161141   915   940 D BroadcastQueue: Ordered [foreground] BroadcastRecord{c277df u-1 android.intent.action.TIME_TICK}, 11 receivers, Total: 148, Waiting: 2, Processing: 146
01-01 12:31:00.161175   915   915 D AlarmManager: onSendFinished begin
01-01 12:31:00.161482   915   915 D PowerManagerService: releaseWakeLockInternal: lock=200012042 [*alarm*], flags=0x0, total_time=132ms
01-01 12:31:00.161739   915   915 D PowerManagerNotifier: onWakeLockReleased: flags=1073741825, tag="*alarm*", packageName=android, ownerUid=1000, ownerPid=915, workSource=WorkSource{1000}
01-01 12:31:00.162017   915   915 D PowerManagerService: updateWakeLockSummaryLocked: mWakefulness=Dreaming, mWakeLockSummary=0x3
01-01 12:31:00.162233   915   915 D PowerManagerService: updateUserActivitySummaryLocked: mWakefulness=Dreaming, mUserActivitySummary=0x4, nextTimeout=-1 (1620598 ms ago)
01-01 12:31:00.162560   915   915 D DisplayPowerController: requestPowerState: policy=BRIGHT, useProximitySensor=false, screenBrightness=102, screenAutoBrightnessAdjustment=1.0, brightnessSetByUser=true, useAutoBrightness=true, blockScreenOn=false, lowPowerMode=false, boostScreenBrightness=false, dozeScreenBrightness=-1, dozeScreenState=UNKNOWN, waitForNegativeProximity=false
01-01 12:31:00.162662   915   915 I PowerManagerService: setBrightness mButtonLight 0.
01-01 12:31:00.162849   915   915 D PowerManagerService: updateDisplayPowerStateLocked: mDisplayReady=true, policy=3, mWakefulness=2, mWakeLockSummary=0x3, mUserActivitySummary=0x4, mBootCompleted=true, mScreenBrightnessBoostInProgress=false
01-01 12:31:00.163189   915  1012 I PowerManagerService: canDreamLocked mWakefulness = 2, mDreamsSupportedConfig = true, mDreamsEnabledSetting = true, mDisplayPowerRequest.isBrightOrDim() = true, mUserActivitySummary = 4, mBootCompleted = true
01-01 12:31:00.882559   353  1004 D NetlinkEvent: clear RA flag done
01-01 12:31:00.883697   353  1004 D SocketClient: SocketClient sendData done: 600 Iface linkstate wlan0 down
01-01 12:31:00.885458   915  1042 D NetdConnector: RCV <- {600 Iface linkstate wlan0 down}
01-01 12:31:00.891185   915   971 D NetworkManagement: onEvent:600 Iface linkstate wlan0 down:5
01-01 12:31:01.129186   915  1061 V ActivityManager: Broadcast: Intent { act=android.net.wifi.SCAN_RESULTS flg=0x4000010 (has extras) } ordered=false userid=-1 callerApp=ProcessRecord{b59114d 915:system/1000}
01-01 12:31:01.130135   915   965 V BroadcastQueue: Processing parallel broadcast [background] BroadcastRecord{e00b2fb u-1 android.net.wifi.SCAN_RESULTS}, 2 receivers
01-01 12:31:01.130478   915   965 D BroadcastQueue: BroadcastRecord{e00b2fb u-1 android.net.wifi.SCAN_RESULTS}, #0 BroadcastFilter{2947dc8 u0 ReceiverList{60bde6b 915 system/1000/u0 local:9a59fba}}
01-01 12:31:01.130802   915   965 D BroadcastQueue: BDC-Delivering broadcast: Intent { act=android.net.wifi.SCAN_RESULTS flg=0x4000010 (has extras) }, queue=background, ordered=false, filter=BroadcastFilter{2947dc8 u0 ReceiverList{60bde6b 915 system/1000/u0 local:9a59fba}}, receiver=null
01-01 12:31:01.131189   915   965 D BroadcastQueue: BroadcastRecord{e00b2fb u-1 android.net.wifi.SCAN_RESULTS}, #1 BroadcastFilter{a1b328b u0 ReceiverList{10b305a 2178 com.google.android.gms.persistent/10029/u0 remote:84e5805}}
01-01 12:31:01.131525   915   965 D BroadcastQueue: BDC-Delivering broadcast: Intent { act=android.net.wifi.SCAN_RESULTS flg=0x4000010 (has extras) }, queue=background, ordered=false, filter=BroadcastFilter{a1b328b u0 ReceiverList{10b305a 2178 com.google.android.gms.persistent/10029/u0 remote:84e5805}}, receiver=null
01-01 12:31:01.131584   915   915 D ActivityThread: BDC-Calling onReceive: intent=Intent { act=android.net.wifi.SCAN_RESULTS flg=0x4000010 (has extras) }, ordered=true, receiver=com.android.server.wifi.WifiNotificationController$1@dd968e5, IIntentReceiver=9a59fba
01-01 12:31:01.132173   915   965 D BroadcastQueue: Non-ordered [background] BroadcastRecord{e00b2fb u-1 android.net.wifi.SCAN_RESULTS}, 2 receivers, Total: 2, Waiting: 0, Processing: 2
01-01 12:31:01.132213   915   915 I WifiNotificationController: checkAndSetNotification, state:DISCONNECTED
01-01 12:31:01.132693  2178  2373 D ActivityThread: BDC-Calling onReceive: intent=Intent { act=android.net.wifi.SCAN_RESULTS flg=0x4000010 (has extras) }, ordered=true, receiver=com.google.android.location.os.real.z@b66a1cb, IIntentReceiver=74322f0
01-01 12:31:01.171567   915   915 D WifiNotificationController: Connecting networkId:-1, isConnecting:false
01-01 12:31:01.171676   915   915 I WifiNotificationController: Open network num:16
01-01 12:31:01.171811   915   915 D WifiNotificationController: Supplicant state is SCANNING when interpret scan results.
01-01 12:31:01.171913   915   915 D WifiNotificationController: Not enough time has passed to show the notification again.
01-01 12:31:03.719385   915  1012 D AutomaticBrightnessController: calculateAmbientLux: [-10000, 100]: lux=400.0, weight=5.1005E7
01-01 12:31:03.719627   915  1012 D AutomaticBrightnessController: calculateAmbientLux: totalWeight=5.1005E7, newAmbientLux=400.0
01-01 12:31:03.719809   915  1012 D AutomaticBrightnessController: updateAmbientLux: Scheduling ambient lux update for 16281531628153 (in 3999 ms)
01-01 12:31:05.743157   915  1616 W Watchdog: SWT Watchdog after wait current time:1626177
01-01 12:31:05.746546   915  1616 W Watchdog: **Get SF Time **1
01-01 12:31:05.747985   915  1616 W Watchdog: SWT Watchdog before synchronized:1626182
01-01 12:31:05.748512   915  1616 W Watchdog: SWT Watchdog after synchronized:1626183
01-01 12:31:05.751557   915  1616 W Watchdog: SWT Watchdog before wait timeout:30000
01-01 12:31:05.752171   915  1616 W Watchdog: SWT Watchdog before wait current time:1626186
01-01 12:31:05.752678   915  1616 W Watchdog: SWT Watchdog before wait start:1626186
01-01 12:31:05.752995   915  1616 W Watchdog: SWT Watchdog before wait CHECK_INTERVAL:30000
01-01 12:31:06.361336   915  1989 D ConnectivityService: getActiveNetworkInfo networkInfo = null
01-01 12:31:07.665678   915  1773 V ActivityManager: Broadcast sticky: Intent { act=android.intent.action.SIG_STR flg=0x20000010 (has extras) } ordered=false userid=-1 callerApp=ProcessRecord{b59114d 915:system/1000}
01-01 12:31:07.722793   915  1012 D AutomaticBrightnessController: calculateAmbientLux: [-10000, 100]: lux=400.0, weight=5.1005E7
01-01 12:31:07.723033   915  1012 D AutomaticBrightnessController: calculateAmbientLux: totalWeight=5.1005E7, newAmbientLux=400.0
01-01 12:31:07.723217   915  1012 D AutomaticBrightnessController: updateAmbientLux: Scheduling ambient lux update for 16321571632157 (in 3999 ms)
01-01 12:31:08.522794   915  1992 D ActivityManager: getContentProviderImpl: from caller=android.app.ApplicationThreadProxy@6a67d71 (pid=6786, userId=0) to get content provider media cpr=ContentProviderRecord{6d33245 u0 com.android.providers.media/.MediaProvider}
01-01 12:31:08.523812   915  1992 D ActivityManager: getContentProviderImpl: updateLruProcessLocked cpr.proc=ProcessRecord{403c87e 3832:android.process.media/u0a25}
01-01 12:31:08.536885  6786  6931 D ActivityThread: holder:android.app.IActivityManager$ContentProviderHolder@31fce68, holder.provider:android.content.ContentProviderProxy@1dec281
01-01 12:31:11.727568   915  1012 D AutomaticBrightnessController: calculateAmbientLux: [-10000, 100]: lux=400.0, weight=5.1005E7
01-01 12:31:11.728498   915  1012 D AutomaticBrightnessController: calculateAmbientLux: totalWeight=5.1005E7, newAmbientLux=400.0
01-01 12:31:11.729328   915  1012 D AutomaticBrightnessController: updateAmbientLux: Scheduling ambient lux update for 16361601636160 (in 3997 ms)
01-01 12:31:12.756031   915  1990 V ActivityManager: Broadcast sticky: Intent { act=android.intent.action.SIG_STR flg=0x20000010 (has extras) } ordered=false userid=-1 callerApp=ProcessRecord{b59114d 915:system/1000}
01-01 12:31:15.731090   915  1012 D AutomaticBrightnessController: calculateAmbientLux: [-10000, 100]: lux=400.0, weight=5.1005E7
01-01 12:31:15.732030   915  1012 D AutomaticBrightnessController: calculateAmbientLux: totalWeight=5.1005E7, newAmbientLux=400.0
01-01 12:31:15.732851   915  1012 D AutomaticBrightnessController: updateAmbientLux: Scheduling ambient lux update for 16401651640165 (in 3998 ms)
01-01 12:31:15.945239   353  1004 D NetlinkEvent: clear RA flag done
01-01 12:31:15.945489   353  1004 D SocketClient: SocketClient sendData done: 600 Iface linkstate wlan0 down
01-01 12:31:15.945999   915  1042 D NetdConnector: RCV <- {600 Iface linkstate wlan0 down}
01-01 12:31:15.947335   915   971 D NetworkManagement: onEvent:600 Iface linkstate wlan0 down:5
01-01 12:31:16.076590   915   915 V ActivityManager: Broadcast sticky: Intent { act=android.intent.action.BATTERY_CHANGED flg=0x60000010 (has extras) } ordered=false userid=-1 callerApp=null
01-01 12:31:16.079161   915   965 V BroadcastQueue: Processing parallel broadcast [background] BroadcastRecord{91d83d7 u-1 android.intent.action.BATTERY_CHANGED}, 17 receivers
01-01 12:31:16.079458   915   965 D BroadcastQueue: BroadcastRecord{91d83d7 u-1 android.intent.action.BATTERY_CHANGED}, #0 BroadcastFilter{2e274d3 u0 ReceiverList{7886ec2 915 system/1000/u0 local:9296f0d}}
01-01 12:31:16.079782   915   965 D BroadcastQueue: BDC-Delivering broadcast: Intent { act=android.intent.action.BATTERY_CHANGED flg=0x60000010 (has extras) }, queue=background, ordered=false, filter=BroadcastFilter{2e274d3 u0 ReceiverList{7886ec2 915 system/1000/u0 local:9296f0d}}, receiver=null
01-01 12:31:16.080167   915   965 D BroadcastQueue: BroadcastRecord{91d83d7 u-1 android.intent.action.BATTERY_CHANGED}, #1 BroadcastFilter{a42d86d u0 ReceiverList{2481884 915 system/1000/u0 local:ce7e97}}
01-01 12:31:16.080463   915   965 D BroadcastQueue: BDC-Delivering broadcast: Intent { act=android.intent.action.BATTERY_CHANGED flg=0x60000010 (has extras) }, queue=background, ordered=false, filter=BroadcastFilter{a42d86d u0 ReceiverList{2481884 915 system/1000/u0 local:ce7e97}}, receiver=null
01-01 12:31:16.080777   915   965 D BroadcastQueue: BroadcastRecord{91d83d7 u-1 android.intent.action.BATTERY_CHANGED}, #2 BroadcastFilter{6dd1a41 u0 ReceiverList{fc5ad28 915 system/1000/u0 local:d50af4b}}
01-01 12:31:16.081064   915   965 D BroadcastQueue: BDC-Delivering broadcast: Intent { act=android.intent.action.BATTERY_CHANGED flg=0x60000010 (has extras) }, queue=background, ordered=false, filter=BroadcastFilter{6dd1a41 u0 ReceiverList{fc5ad28 915 system/1000/u0 local:d50af4b}}, receiver=null
01-01 12:31:16.081374   915   965 D BroadcastQueue: BroadcastRecord{91d83d7 u-1 android.intent.action.BATTERY_CHANGED}, #3 BroadcastFilter{f8dfe90 u0 ReceiverList{e3b4553 915 system/1000/u0 local:5783142}}
01-01 12:31:16.081656   915   965 D BroadcastQueue: BDC-Delivering broadcast: Intent { act=android.intent.action.BATTERY_CHANGED flg=0x60000010 (has extras) }, queue=background, ordered=false, filter=BroadcastFilter{f8dfe90 u0 ReceiverList{e3b4553 915 system/1000/u0 local:5783142}}, receiver=null
01-01 12:31:16.081964   915   965 D BroadcastQueue: BroadcastRecord{91d83d7 u-1 android.intent.action.BATTERY_CHANGED}, #4 BroadcastFilter{41b0ac1 u0 ReceiverList{17b0fa8 915 system/1000/u0 local:9cc0bcb}}
01-01 12:31:16.082248   915   965 D BroadcastQueue: BDC-Delivering broadcast: Intent { act=android.intent.action.BATTERY_CHANGED flg=0x60000010 (has extras) }, queue=background, ordered=false, filter=BroadcastFilter{41b0ac1 u0 ReceiverList{17b0fa8 915 system/1000/u0 local:9cc0bcb}}, receiver=null
01-01 12:31:16.082555   915   965 D BroadcastQueue: BroadcastRecord{91d83d7 u-1 android.intent.action.BATTERY_CHANGED}, #5 BroadcastFilter{a3f840 u0 ReceiverList{84b57c3 1176 com.android.systemui/10016/u0 remote:1ac4772}}
01-01 12:31:16.082835   915   965 D BroadcastQueue: BDC-Delivering broadcast: Intent { act=android.intent.action.BATTERY_CHANGED flg=0x60000010 (has extras) }, queue=background, ordered=false, filter=BroadcastFilter{a3f840 u0 ReceiverList{84b57c3 1176 com.android.systemui/10016/u0 remote:1ac4772}}, receiver=null
