01-01 08:00:15.784187  1456  1759 I am_proc_died: [0,3161,com.android.email]
01-01 08:00:15.804282  1456  1760 I am_proc_start: [0,3475,10053,com.android.browser,broadcast,com.android.browser/.ChangeSearchEngineReceiver]
01-01 08:00:15.829407  1456  1456 I power_screen_state: [0,3,0,0]
01-01 08:00:15.829540  1456  1456 I screen_toggled: 0
01-01 08:00:15.830112  1456  1456 I sysui_histogram: [screen_timeout,60]
01-01 08:00:15.830397  1456  1456 I power_screen_broadcast_send: 1
01-01 08:00:15.831148  1456  1489 I notification_visibility: [0|com.mediatek.security|1200|null|1000,0,-57126,-57126,0,0]
01-01 08:00:15.831553  1456  1756 I notification_panel_hidden: []
01-01 08:00:15.891416  1456  1456 I power_screen_broadcast_done: [1,61,1]
01-01 08:00:15.891545  1456  1456 I power_screen_broadcast_send: 1
01-01 08:00:15.903613  1456  1489 I am_proc_bound: [0,3475,com.android.browser]
01-01 08:00:16.154083  1456  2302 I am_proc_start: [0,3493,10038,com.android.email,broadcast,com.android.email/.provider.WidgetProvider]
01-01 08:00:16.193396  1456  1456 I power_screen_broadcast_done: [0,302,1]
01-01 08:00:16.194652  1456  2301 I am_kill : [0,3174,com.android.exchange,15,empty #17]
01-01 08:00:16.255012  1456  1489 I am_proc_died: [0,3174,com.android.exchange]
01-01 08:00:16.262811  1456  1756 I am_proc_bound: [0,3493,com.android.email]
01-01 08:00:16.301180  1456  1456 I notification_enqueue: [10000,3385,com.qihoo.antivirus,100000000,NULL,0,Notification(pri=2 contentView=com.qihoo.antivirus/0x7f030052 vibrate=null sound=null tick defaults=0x0 flags=0x22 color=0x00000000 vis=PRIVATE),0]
01-01 08:00:16.331681  1456  2268 I am_proc_start: [0,3508,10039,com.android.exchange,service,com.android.exchange/.service.EasService]
01-01 08:00:16.437744  1456  1757 I am_proc_bound: [0,3508,com.android.exchange]
01-01 08:00:16.497028  1456  1759 I am_kill : [0,3221,com.mediatek.hetcomm,15,empty #17]
01-01 08:00:16.539894  1456  2268 I am_proc_died: [0,3221,com.mediatek.hetcomm]
01-01 08:00:16.580044  1456  1757 I am_kill : [0,2551,android.process.media,15,empty #17]
01-01 08:00:16.632569  1456  1758 I am_proc_died: [0,2551,android.process.media]
01-01 08:00:19.025241  1456  1456 I notification_enqueue: [10000,3385,com.qihoo.antivirus,100000000,NULL,0,Notification(pri=2 contentView=com.qihoo.antivirus/0x7f030052 vibrate=null sound=null tick defaults=0x0 flags=0x22 color=0x00000000 vis=PRIVATE),1]
01-01 08:00:52.013372  1456  1456 I power_screen_state: [1,0,0,0]
01-01 08:00:52.013556  1456  1456 I screen_toggled: 1
01-01 08:00:52.013802  1456  1456 I power_screen_broadcast_send: 1
01-01 08:00:52.014551  1790  1790 I sysui_histogram: [note_load,2]
01-01 08:00:52.014923  1456  2275 I notification_panel_revealed: 2
01-01 08:00:52.018859  1456  1759 I notification_visibility: [0|com.mediatek.security|1200|null|1000,1,-20939,-20939,0,1]
01-01 08:00:52.018938  1456  1759 I notification_visibility: [0|com.qihoo.antivirus|100000000|null|10000,1,35717,32993,0,0]
01-01 08:00:52.384473   270   270 I sf_frame_dur: [ColorFade,23,0,0,0,1,0,0]
01-01 08:00:52.436450  1456  1496 I am_meminfo: [525877248,543260672,4096,246964224,203878400]
01-01 08:00:52.458696  1456  1496 I am_pss  : [2150,10047,com.android.inputmethod.latin,10694656,7774208]
01-01 08:00:52.480313  1456  1456 I power_screen_broadcast_done: [1,467,1]
01-01 08:00:54.748554  1456  1456 I free_storage_changed: 11733536768
01-01 08:00:54.800625  1790  1790 I sysui_lockscreen_gesture: [1,199,2841]
01-01 08:00:54.929876  1456  1757 I notification_visibility: [0|com.mediatek.security|1200|null|1000,0,-18028,-18028,0,1]
01-01 08:00:54.929979  1456  1757 I notification_visibility: [0|com.qihoo.antivirus|100000000|null|10000,0,38628,35904,0,0]
01-01 08:00:54.930277  1456  1755 I notification_panel_hidden: []
01-01 08:00:54.931706  1790  1790 I screen_toggled: 2
01-01 08:00:54.932384  1790  1790 I screen_toggled: 2
01-01 08:00:54.936098  1456  2302 I am_resume_activity: [0,174986998,3,com.android.launcher3/.Launcher]
01-01 08:00:54.954088  2363  2363 I am_on_resume_called: [0,com.android.launcher3.Launcher]
01-01 08:00:54.968195  1456  1757 I notification_expansion: [0|com.qihoo.antivirus|100000000|null|10000,0,1,38667,35943,2950]
01-01 08:00:54.968594  1456  1755 I notification_expansion: [0|com.mediatek.security|1200|null|1000,0,1,-17989,-17989,2950]
01-01 08:00:54.968902  1456  1760 I notification_expansion: [0|com.mediatek.security|1200|null|1000,0,0,-17989,-17989,2950]
01-01 08:00:54.972320  1790  1790 I sysui_status_bar_state: [0,0,0,0,0,1]
01-01 08:01:00.075666  1456  1496 I am_pss  : [2699,10015,com.android.mms,8805376,6144000]
01-01 08:01:02.027567  1456  1456 I notification_cancel: [10023,1790,com.android.systemui,2131755032,low_battery,-1,0,64,8,NULL]
01-01 08:01:02.808916  1456  1759 I wm_stack_created: [1,0,0,0,0]
01-01 08:01:02.813449  1456  1759 I am_home_stack_moved: [0,0,1,1,startingNewTask]
01-01 08:01:02.813753  1456  1759 I am_create_task: [0,4]
01-01 08:01:02.813817  1456  1759 I am_create_activity: [0,80598014,4,com.oasisfeng.greenify/.GreenifyActivity,android.intent.action.MAIN,NULL,NULL,270532608]
01-01 08:01:02.814302  1456  1759 I wm_task_created: [4,1]
01-01 08:01:02.814388  1456  1759 I wm_task_moved: [4,1,0]
01-01 08:01:02.815644  1456  1759 I am_pause_activity: [0,174986998,com.android.launcher3/.Launcher]
01-01 08:01:02.817911  1456  1759 I am_home_stack_moved: [0,0,1,1,startedActivity setFocusedActivity]
01-01 08:01:02.818003  1456  1759 I wm_task_moved: [4,1,0]
01-01 08:01:02.821512  1456  1759 I am_focused_activity: [0,com.oasisfeng.greenify/.GreenifyActivity]
01-01 08:01:02.823313  2363  2363 I am_on_paused_called: [0,com.android.launcher3.Launcher]
01-01 08:01:02.835948  1456  2302 I am_proc_start: [0,3565,10012,com.oasisfeng.greenify,activity,com.oasisfeng.greenify/.GreenifyActivity]
01-01 08:01:02.867205  1456  1496 I am_pss  : [3245,10054,com.android.calendar,5749760,3584000]
01-01 08:01:02.888302  1456  1496 I am_pss  : [3107,1000,com.mediatek.atci.service,4218880,2187264]
01-01 08:01:02.996374  1456  1755 I am_proc_bound: [0,3565,com.oasisfeng.greenify]
01-01 08:01:02.998149  1456  1755 I am_restart_activity: [0,80598014,4,com.oasisfeng.greenify/.GreenifyActivity]
01-01 08:01:03.209989  1456  1760 I am_proc_start: [0,3585,10012,com.oasisfeng.greenify:service,service,com.oasisfeng.greenify/.engine.WakeupMonitor]
01-01 08:01:03.286718  3565  3565 I am_on_resume_called: [0,com.oasisfeng.greenify.GreenifyActivity]
01-01 08:01:03.348442  1456  1756 I am_proc_bound: [0,3585,com.oasisfeng.greenify:service]
01-01 08:01:03.378814  1456  1496 I am_pss  : [3316,10066,org.simalliance.openmobileapi.service:remote,3994624,2060288]
01-01 08:01:03.386692   270   270 I sf_frame_dur: [com.android.launcher3/com.android.launcher3.Launcher,107,5,2,2,1,4,5]
01-01 08:01:03.440000  3623  3623 I auditd  : type=1400 audit(0.0:327): avc: denied { getattr } for comm="Thread-319" path="/proc/1" dev="proc" ino=8762 scontext=u:r:untrusted_app:s0:c512,c768 tcontext=u:r:init:s0 tclass=dir permissive=0
01-01 08:01:03.440000  3623  3623 I auditd  : type=1400 audit(0.0:328): avc: denied { getattr } for comm="Thread-319" path="/proc/2" dev="proc" ino=12131 scontext=u:r:untrusted_app:s0:c512,c768 tcontext=u:r:kernel:s0 tclass=dir permissive=0
01-01 08:01:03.440000  3623  3623 I auditd  : type=1400 audit(0.0:329): avc: denied { getattr } for comm="Thread-319" path="/proc/3" dev="proc" ino=12132 scontext=u:r:untrusted_app:s0:c512,c768 tcontext=u:r:kernel:s0 tclass=dir permissive=0
01-01 08:01:03.440000  3623  3623 I auditd  : type=1400 audit(0.0:330): avc: denied { getattr } for comm="Thread-319" path="/proc/4" dev="proc" ino=12133 scontext=u:r:untrusted_app:s0:c512,c768 tcontext=u:r:kernel:s0 tclass=dir permissive=0
01-01 08:01:03.440000  3623  3623 I auditd  : type=1400 audit(0.0:331): avc: denied { getattr } for comm="Thread-319" path="/proc/5" dev="proc" ino=12134 scontext=u:r:untrusted_app:s0:c512,c768 tcontext=u:r:kernel:s0 tclass=dir permissive=0
01-01 08:01:03.440000  3623  3623 I auditd  : type=1400 audit(0.0:332): avc: denied { getattr } for comm="Thread-319" path="/proc/6" dev="proc" ino=12135 scontext=u:r:untrusted_app:s0:c512,c768 tcontext=u:r:kernel:s0 tclass=dir permissive=0
01-01 08:01:03.440000  3623  3623 I auditd  : type=1400 audit(0.0:333): avc: denied { getattr } for comm="Thread-319" path="/proc/7" dev="proc" ino=12136 scontext=u:r:untrusted_app:s0:c512,c768 tcontext=u:r:kernel:s0 tclass=dir permissive=0
01-01 08:01:03.440000  3623  3623 I auditd  : type=1400 audit(0.0:334): avc: denied { getattr } for comm="Thread-319" path="/proc/8" dev="proc" ino=12137 scontext=u:r:untrusted_app:s0:c512,c768 tcontext=u:r:kernel:s0 tclass=dir permissive=0
01-01 08:01:03.440000  3623  3623 I auditd  : type=1400 audit(0.0:335): avc: denied { getattr } for comm="Thread-319" path="/proc/9" dev="proc" ino=12138 scontext=u:r:untrusted_app:s0:c512,c768 tcontext=u:r:kernel:s0 tclass=dir permissive=0
01-01 08:01:03.440000  3623  3623 I auditd  : type=1400 audit(0.0:336): avc: denied { getattr } for comm="Thread-319" path="/proc/10" dev="proc" ino=12139 scontext=u:r:untrusted_app:s0:c512,c768 tcontext=u:r:kernel:s0 tclass=dir permissive=0
01-01 08:01:03.440000  3623  3623 I auditd  : type=1400 audit(0.0:337): avc: denied { getattr } for comm="Thread-319" path="/proc/11" dev="proc" ino=12140 scontext=u:r:untrusted_app:s0:c512,c768 tcontext=u:r:kernel:s0 tclass=dir permissive=0
01-01 08:01:03.440000  3623  3623 I auditd  : type=1400 audit(0.0:338): avc: denied { getattr } for comm="Thread-319" path="/proc/12" dev="proc" ino=12141 scontext=u:r:untrusted_app:s0:c512,c768 tcontext=u:r:kernel:s0 tclass=dir permissive=0
01-01 08:01:03.440000  3623  3623 I auditd  : type=1400 audit(0.0:339): avc: denied { getattr } for comm="Thread-319" path="/proc/13" dev="proc" ino=12142 scontext=u:r:untrusted_app:s0:c512,c768 tcontext=u:r:kernel:s0 tclass=dir permissive=0
01-01 08:01:03.440000  3623  3623 I auditd  : type=1400 audit(0.0:340): avc: denied { getattr } for comm="Thread-319" path="/proc/14" dev="proc" ino=12143 scontext=u:r:untrusted_app:s0:c512,c768 tcontext=u:r:kernel:s0 tclass=dir permissive=0
01-01 08:01:03.440000  3623  3623 I auditd  : type=1400 audit(0.0:341): avc: denied { getattr } for comm="Thread-319" path="/proc/15" dev="proc" ino=12144 scontext=u:r:untrusted_app:s0:c512,c768 tcontext=u:r:kernel:s0 tclass=dir permissive=0
01-01 08:01:03.440000  3623  3623 I auditd  : type=1400 audit(0.0:342): avc: denied { getattr } for comm="Thread-319" path="/proc/16" dev="proc" ino=12145 scontext=u:r:untrusted_app:s0:c512,c768 tcontext=u:r:kernel:s0 tclass=dir permissive=0
01-01 08:01:03.440000  3623  3623 I auditd  : type=1400 audit(0.0:343): avc: denied { getattr } for comm="Thread-319" path="/proc/17" dev="proc" ino=12146 scontext=u:r:untrusted_app:s0:c512,c768 tcontext=u:r:kernel:s0 tclass=dir permissive=0
01-01 08:01:03.440000  3623  3623 I auditd  : type=1400 audit(0.0:344): avc: denied { getattr } for comm="Thread-319" path="/proc/18" dev="proc" ino=12147 scontext=u:r:untrusted_app:s0:c512,c768 tcontext=u:r:kernel:s0 tclass=dir permissive=0
01-01 08:01:03.440000  3623  3623 I auditd  : type=1400 audit(0.0:345): avc: denied { getattr } for comm="Thread-319" path="/proc/19" dev="proc" ino=12148 scontext=u:r:untrusted_app:s0:c512,c768 tcontext=u:r:kernel:s0 tclass=dir permissive=0
01-01 08:01:03.440000  3623  3623 I auditd  : type=1400 audit(0.0:346): avc: denied { getattr } for comm="Thread-319" path="/proc/20" dev="proc" ino=12149 scontext=u:r:untrusted_app:s0:c512,c768 tcontext=u:r:kernel:s0 tclass=dir permissive=0
01-01 08:01:03.446434  1456  1489 I am_kill : [0,3233,com.mediatek.thermalmanager,15,empty #17]
01-01 08:01:03.504692  1456  2275 I am_proc_died: [0,3233,com.mediatek.thermalmanager]
01-01 08:01:03.505703  1456  1512 I am_activity_launch_time: [0,80598014,com.oasisfeng.greenify/.GreenifyActivity,680,680]
01-01 08:01:03.525455  1456  1496 I am_pss  : [3341,10068,org.simalliance.openmobileapi.uicc1terminal,3981312,2048000]
01-01 08:01:03.545986  1456  1496 I am_pss  : [3351,10070,org.simalliance.openmobileapi.eseterminal,3945472,2019328]
01-01 08:01:03.566665  1456  1496 I am_pss  : [3346,10069,org.simalliance.openmobileapi.uicc2terminal,3974144,2043904]
01-01 08:01:12.666756  1456  1456 I notification_cancel: [10054,3245,com.android.calendar,0,NULL,0,0,64,8,NULL]
01-01 08:01:12.667139  1456  1456 I notification_cancel: [10054,3245,com.android.calendar,1,NULL,0,0,64,8,NULL]
01-01 08:01:12.667431  1456  1456 I notification_cancel: [10054,3245,com.android.calendar,2,NULL,0,0,64,8,NULL]
01-01 08:01:12.667716  1456  1456 I notification_cancel: [10054,3245,com.android.calendar,3,NULL,0,0,64,8,NULL]
01-01 08:01:12.667994  1456  1456 I notification_cancel: [10054,3245,com.android.calendar,4,NULL,0,0,64,8,NULL]
01-01 08:01:12.668276  1456  1456 I notification_cancel: [10054,3245,com.android.calendar,5,NULL,0,0,64,8,NULL]
01-01 08:01:12.668550  1456  1456 I notification_cancel: [10054,3245,com.android.calendar,6,NULL,0,0,64,8,NULL]
01-01 08:01:12.669015  1456  1456 I notification_cancel: [10054,3245,com.android.calendar,7,NULL,0,0,64,8,NULL]
01-01 08:01:12.669500  1456  1456 I notification_cancel: [10054,3245,com.android.calendar,8,NULL,0,0,64,8,NULL]
01-01 08:01:12.670238  1456  1456 I notification_cancel: [10054,3245,com.android.calendar,9,NULL,0,0,64,8,NULL]
01-01 08:01:12.670364  1456  1456 I notification_cancel: [10054,3245,com.android.calendar,10,NULL,0,0,64,8,NULL]
01-01 08:01:12.671050  1456  1456 I notification_cancel: [10054,3245,com.android.calendar,11,NULL,0,0,64,8,NULL]
01-01 08:01:12.671543  1456  1456 I notification_cancel: [10054,3245,com.android.calendar,12,NULL,0,0,64,8,NULL]
01-01 08:01:12.671877  1456  1456 I notification_cancel: [10054,3245,com.android.calendar,13,NULL,0,0,64,8,NULL]
01-01 08:01:12.672220  1456  1456 I notification_cancel: [10054,3245,com.android.calendar,14,NULL,0,0,64,8,NULL]
01-01 08:01:12.672671  1456  1456 I notification_cancel: [10054,3245,com.android.calendar,15,NULL,0,0,64,8,NULL]
01-01 08:01:12.673624  1456  1456 I notification_cancel: [10054,3245,com.android.calendar,16,NULL,0,0,64,8,NULL]
01-01 08:01:12.674232  1456  1456 I notification_cancel: [10054,3245,com.android.calendar,17,NULL,0,0,64,8,NULL]
01-01 08:01:12.674841  1456  1456 I notification_cancel: [10054,3245,com.android.calendar,18,NULL,0,0,64,8,NULL]
01-01 08:01:12.699700  1456  1496 I am_pss  : [3146,10035,com.android.deskclock,5895168,3801088]
01-01 08:01:12.714929  1456  1476 I am_kill : [0,3262,com.mediatek.omacp,15,empty #17]
01-01 08:01:12.777884  1456  1496 I am_pss  : [3087,1000,com.android.settings,5530624,3354624]
01-01 08:01:12.778093  1456  1477 I am_proc_died: [0,3262,com.mediatek.omacp]
01-01 08:01:13.440540  1456  1496 I am_pss  : [3565,10012,com.oasisfeng.greenify,42604544,36888576]
01-01 08:01:13.461913  1456  1496 I am_pss  : [3322,1000,com.wind.windruntimetest,4028416,2068480]
01-01 08:01:13.483121  1456  1496 I am_pss  : [3304,10066,org.simalliance.openmobileapi.service,3798016,1810432]
01-01 08:01:15.009860  1456  1489 I am_home_stack_moved: [0,0,1,1,startingNewTask]
01-01 08:01:15.009959  1456  1489 I wm_task_moved: [4,1,0]
01-01 08:01:15.011186  1456  1489 I am_create_task: [0,5]
01-01 08:01:15.011273  1456  1489 I am_create_activity: [0,212030022,5,com.android.settings/.Settings$AccessibilitySettingsActivity,android.settings.ACCESSIBILITY_SETTINGS,NULL,NULL,268435456]
01-01 08:01:15.011454  1456  1489 I wm_task_created: [5,1]
01-01 08:01:15.011545  1456  1489 I wm_task_moved: [5,1,1]
01-01 08:01:15.027825  1456  1489 I am_pause_activity: [0,80598014,com.oasisfeng.greenify/.GreenifyActivity]
01-01 08:01:15.029271  1456  1489 I am_home_stack_moved: [0,0,1,1,startedActivity setFocusedActivity]
01-01 08:01:15.029370  1456  1489 I wm_task_moved: [5,1,1]
01-01 08:01:15.035747  1456  1489 I am_focused_activity: [0,com.android.settings/.Settings$AccessibilitySettingsActivity]
01-01 08:01:15.050350  3565  3565 I am_on_paused_called: [0,com.oasisfeng.greenify.GreenifyActivity]
01-01 08:01:15.055996  1456  1477 I am_restart_activity: [0,212030022,5,com.android.settings/.Settings$AccessibilitySettingsActivity]
01-01 08:01:15.090118  1456  1496 I am_pss  : [3408,10004,android.process.acore,11461632,8499200]
01-01 08:01:15.126654  1456  1496 I am_pss  : [3385,10000,com.qihoo.antivirus:server,28564480,14315520]
01-01 08:01:15.151713  1456  1496 I am_pss  : [3282,1000,com.mediatek.schpwronoff,4480000,2342912]
01-01 08:01:15.229590  3087  3087 I sysui_view_visibility: [2,100]
01-01 08:01:15.249098  3087  3087 I am_on_resume_called: [0,com.android.settings.Settings$AccessibilitySettingsActivity]
01-01 08:01:15.436867  1456  1512 I am_activity_launch_time: [0,212030022,com.android.settings/.Settings$AccessibilitySettingsActivity,385,385]
01-01 08:01:15.481164  1456  1496 I am_pss  : [3462,10056,com.android.quicksearchbox,4836352,2662400]
01-01 08:01:15.630000  2627  2627 I auditd  : type=1400 audit(0.0:640): avc: denied { search } for comm="GpuAppSpectator" name="3087" dev="proc" ino=17284 scontext=u:r:gas_srv:s0 tcontext=u:r:system_app:s0 tclass=dir permissive=0
01-01 08:01:15.789101   270   270 I sf_frame_dur: [com.oasisfeng.greenify/com.oasisfeng.greenify.GreenifyActivity,109,2,2,0,1,1,2]
01-01 08:01:15.836168  1456  1496 I am_pss  : [3475,10053,com.android.browser,13400064,11071488]
01-01 08:01:16.630000  2627  2627 I auditd  : type=1400 audit(0.0:641): avc: denied { search } for comm="GpuAppSpectator" name="3087" dev="proc" ino=17284 scontext=u:r:gas_srv:s0 tcontext=u:r:system_app:s0 tclass=dir permissive=0
01-01 08:01:17.630000  2627  2627 I auditd  : type=1400 audit(0.0:642): avc: denied { search } for comm="GpuAppSpectator" name="3087" dev="proc" ino=17284 scontext=u:r:gas_srv:s0 tcontext=u:r:system_app:s0 tclass=dir permissive=0
01-01 08:01:17.784364  1456  1496 I am_pss  : [3037,10018,com.android.vending,14443520,11145216]
01-01 08:01:17.806567  1456  1496 I am_pss  : [3508,10039,com.android.exchange,5731328,3661824]
01-01 08:01:17.830778  1456  1496 I am_pss  : [3493,10038,com.android.email,10622976,8155136]
01-01 08:01:18.640000  2627  2627 I auditd  : type=1400 audit(0.0:643): avc: denied { search } for comm="GpuAppSpectator" name="3087" dev="proc" ino=17284 scontext=u:r:gas_srv:s0 tcontext=u:r:system_app:s0 tclass=dir permissive=0
01-01 08:01:18.872279  1456  1489 I am_home_stack_moved: [0,0,1,1,sourceStackToFront]
01-01 08:01:18.872404  1456  1489 I wm_task_moved: [5,1,1]
01-01 08:01:18.873781  1456  1489 I am_create_activity: [0,96958633,5,com.android.settings/.SubSettings,android.intent.action.MAIN,NULL,NULL,0]
01-01 08:01:18.874180  1456  1489 I am_pause_activity: [0,212030022,com.android.settings/.Settings$AccessibilitySettingsActivity]
01-01 08:01:18.876029  1456  1489 I am_home_stack_moved: [0,0,1,1,startedActivity setFocusedActivity]
01-01 08:01:18.876116  1456  1489 I wm_task_moved: [5,1,1]
01-01 08:01:18.879511  1456  1489 I am_focused_activity: [0,com.android.settings/.SubSettings]
01-01 08:01:18.884945  3087  3087 I sysui_view_visibility: [2,0]
01-01 08:01:18.886077  3087  3087 I am_on_paused_called: [0,com.android.settings.Settings$AccessibilitySettingsActivity]
01-01 08:01:18.887487  1456  2275 I am_restart_activity: [0,96958633,5,com.android.settings/.SubSettings]
01-01 08:01:18.947187  3087  3087 I sysui_view_visibility: [4,100]
01-01 08:01:18.947312  3087  3087 I am_on_resume_called: [0,com.android.settings.SubSettings]
01-01 08:01:19.055090  1456  1512 I am_activity_launch_time: [0,96958633,com.android.settings/.SubSettings,169,169]
01-01 08:01:19.290426   270   270 I sf_frame_dur: [com.android.settings/com.android.settings.Settings$AccessibilitySettingsActivity,58,2,0,0,0,1,1]
01-01 08:01:19.640000  2627  2627 I auditd  : type=1400 audit(0.0:644): avc: denied { search } for comm="GpuAppSpectator" name="3087" dev="proc" ino=17284 scontext=u:r:gas_srv:s0 tcontext=u:r:system_app:s0 tclass=dir permissive=0
01-01 08:01:20.640000  2627  2627 I auditd  : type=1400 audit(0.0:645): avc: denied { search } for comm="GpuAppSpectator" name="3087" dev="proc" ino=17284 scontext=u:r:gas_srv:s0 tcontext=u:r:system_app:s0 tclass=dir permissive=0
01-01 08:01:21.107104  1456  1756 I am_finish_activity: [0,96958633,5,com.android.settings/.SubSettings,app-request]
01-01 08:01:21.107684  1456  1756 I am_home_stack_moved: [0,0,1,1,finishActivity adjustFocus setFocusedActivity]
01-01 08:01:21.107765  1456  1756 I wm_task_moved: [5,1,1]
01-01 08:01:21.109664  1456  1756 I am_focused_activity: [0,com.android.settings/.Settings$AccessibilitySettingsActivity]
01-01 08:01:21.109854  1456  1756 I am_pause_activity: [0,96958633,com.android.settings/.SubSettings]
01-01 08:01:21.111391  3087  3087 I sysui_view_visibility: [4,0]
01-01 08:01:21.112461  3087  3087 I am_on_paused_called: [0,com.android.settings.SubSettings]
01-01 08:01:21.113981  1456  2302 I am_resume_activity: [0,212030022,5,com.android.settings/.Settings$AccessibilitySettingsActivity]
01-01 08:01:21.123546  3087  3087 I sysui_view_visibility: [2,100]
01-01 08:01:21.129302  3087  3087 I am_on_resume_called: [0,com.android.settings.Settings$AccessibilitySettingsActivity]
01-01 08:01:21.425586  1456  1497 I am_destroy_activity: [0,96958633,5,com.android.settings/.SubSettings,finish-imm]
01-01 08:01:21.442417   270   270 I sf_frame_dur: [com.android.settings/com.android.settings.SubSettings,13,0,0,0,1,0,1]
01-01 08:01:21.640000  2627  2627 I auditd  : type=1400 audit(0.0:646): avc: denied { search } for comm="GpuAppSpectator" name="3087" dev="proc" ino=17284 scontext=u:r:gas_srv:s0 tcontext=u:r:system_app:s0 tclass=dir permissive=0
01-01 08:01:22.027060  1456  1456 I notification_cancel: [10023,1790,com.android.systemui,2131755032,low_battery,-1,0,64,8,NULL]
01-01 08:01:22.152535  1456  2302 I am_home_stack_moved: [0,0,1,1,sourceStackToFront]
01-01 08:01:22.152662  1456  2302 I wm_task_moved: [5,1,1]
01-01 08:01:22.154375  1456  2302 I am_create_activity: [0,133839758,5,com.android.settings/.SubSettings,android.intent.action.MAIN,NULL,NULL,0]
01-01 08:01:22.154915  1456  2302 I am_pause_activity: [0,212030022,com.android.settings/.Settings$AccessibilitySettingsActivity]
01-01 08:01:22.156075  1456  2302 I am_home_stack_moved: [0,0,1,1,startedActivity setFocusedActivity]
01-01 08:01:22.156167  1456  2302 I wm_task_moved: [5,1,1]
01-01 08:01:22.159417  1456  2302 I am_focused_activity: [0,com.android.settings/.SubSettings]
01-01 08:01:22.164132  3087  3087 I sysui_view_visibility: [2,0]
01-01 08:01:22.165387  3087  3087 I am_on_paused_called: [0,com.android.settings.Settings$AccessibilitySettingsActivity]
01-01 08:01:22.166742  1456  2275 I am_restart_activity: [0,133839758,5,com.android.settings/.SubSettings]
01-01 08:01:22.205910  3087  3087 I sysui_view_visibility: [4,100]
01-01 08:01:22.206025  3087  3087 I am_on_resume_called: [0,com.android.settings.SubSettings]
01-01 08:01:22.278290  1456  1512 I am_activity_launch_time: [0,133839758,com.android.settings/.SubSettings,112,112]
01-01 08:01:22.518309   270   270 I sf_frame_dur: [com.android.settings/com.android.settings.Settings$AccessibilitySettingsActivity,11,1,0,0,1,0,0]
01-01 08:01:22.640000  2627  2627 I auditd  : type=1400 audit(0.0:647): avc: denied { search } for comm="GpuAppSpectator" name="3087" dev="proc" ino=17284 scontext=u:r:gas_srv:s0 tcontext=u:r:system_app:s0 tclass=dir permissive=0
01-01 08:01:23.010000   287   287 I auditd  : type=1400 audit(0.0:648): avc: granted { read write } for comm="vold" name="mmcblk0p19" dev="tmpfs" ino=3181 scontext=u:r:vold:s0 tcontext=u:object_r:block_device:s0 tclass=blk_file
01-01 08:01:23.010000   287   287 I auditd  : type=1400 audit(0.0:649): avc: granted { read write open } for comm="vold" path="/dev/block/mmcblk0p19" dev="tmpfs" ino=3181 scontext=u:r:vold:s0 tcontext=u:object_r:block_device:s0 tclass=blk_file
01-01 08:01:23.010000   287   287 I auditd  : type=1400 audit(0.0:650): avc: granted { getattr } for comm="vold" path="/dev/block/mmcblk0p19" dev="tmpfs" ino=3181 scontext=u:r:vold:s0 tcontext=u:object_r:block_device:s0 tclass=blk_file
01-01 08:01:23.020000   287   287 I auditd  : type=1400 audit(0.0:651): avc: granted { read write } for comm="vold" name="mmcblk0p19" dev="tmpfs" ino=3181 scontext=u:r:vold:s0 tcontext=u:object_r:block_device:s0 tclass=blk_file
01-01 08:01:23.020000   287   287 I auditd  : type=1400 audit(0.0:652): avc: granted { read write open } for comm="vold" path="/dev/block/mmcblk0p19" dev="tmpfs" ino=3181 scontext=u:r:vold:s0 tcontext=u:object_r:block_device:s0 tclass=blk_file
01-01 08:01:23.020000   287   287 I auditd  : type=1400 audit(0.0:653): avc: granted { getattr } for comm="vold" path="/dev/block/mmcblk0p19" dev="tmpfs" ino=3181 scontext=u:r:vold:s0 tcontext=u:object_r:block_device:s0 tclass=blk_file
01-01 08:01:23.640000  2627  2627 I auditd  : type=1400 audit(0.0:654): avc: denied { search } for comm="GpuAppSpectator" name="3087" dev="proc" ino=17284 scontext=u:r:gas_srv:s0 tcontext=u:r:system_app:s0 tclass=dir permissive=0
01-01 08:01:24.640000  2627  2627 I auditd  : type=1400 audit(0.0:655): avc: denied { search } for comm="GpuAppSpectator" name="3087" dev="proc" ino=17284 scontext=u:r:gas_srv:s0 tcontext=u:r:system_app:s0 tclass=dir permissive=0
01-01 08:01:25.640000  2627  2627 I auditd  : type=1400 audit(0.0:656): avc: denied { search } for comm="GpuAppSpectator" name="3087" dev="proc" ino=17284 scontext=u:r:gas_srv:s0 tcontext=u:r:system_app:s0 tclass=dir permissive=0
01-01 08:01:26.293060   270   270 I sf_frame_dur: [com.android.settings/com.android.settings.SubSettings,12,2,0,0,0,3,0]
01-01 08:01:26.640000  2627  2627 I auditd  : type=1400 audit(0.0:657): avc: denied { search } for comm="GpuAppSpectator" name="3087" dev="proc" ino=17284 scontext=u:r:gas_srv:s0 tcontext=u:r:system_app:s0 tclass=dir permissive=0
01-01 08:01:27.341274  1456  2302 I am_finish_activity: [0,133839758,5,com.android.settings/.SubSettings,app-request]
01-01 08:01:27.341915  1456  2302 I am_home_stack_moved: [0,0,1,1,finishActivity adjustFocus setFocusedActivity]
01-01 08:01:27.342023  1456  2302 I wm_task_moved: [5,1,1]
01-01 08:01:27.344065  1456  2302 I am_focused_activity: [0,com.android.settings/.Settings$AccessibilitySettingsActivity]
01-01 08:01:27.344282  1456  2302 I am_pause_activity: [0,133839758,com.android.settings/.SubSettings]
01-01 08:01:27.346291  3087  3087 I sysui_view_visibility: [4,0]
01-01 08:01:27.347518  3087  3087 I am_on_paused_called: [0,com.android.settings.SubSettings]
01-01 08:01:27.349628  1456  1759 I am_resume_activity: [0,212030022,5,com.android.settings/.Settings$AccessibilitySettingsActivity]
01-01 08:01:27.360942  3087  3087 I sysui_view_visibility: [2,100]
01-01 08:01:27.370759  3087  3087 I am_on_resume_called: [0,com.android.settings.Settings$AccessibilitySettingsActivity]
01-01 08:01:27.380882  1456  1496 I am_pss  : [3087,1000,com.android.settings,37601280,32621568]
01-01 08:01:27.640000  2627  2627 I auditd  : type=1400 audit(0.0:658): avc: denied { search } for comm="GpuAppSpectator" name="3087" dev="proc" ino=17284 scontext=u:r:gas_srv:s0 tcontext=u:r:system_app:s0 tclass=dir permissive=0
01-01 08:01:27.680887  1456  1497 I am_destroy_activity: [0,133839758,5,com.android.settings/.SubSettings,finish-imm]
01-01 08:01:27.698254   270   270 I sf_frame_dur: [com.android.settings/com.android.settings.SubSettings,31,4,0,2,2,0,1]
01-01 08:01:28.430870  1456  2268 I am_home_stack_moved: [0,0,1,1,sourceStackToFront]
01-01 08:01:28.431000  1456  2268 I wm_task_moved: [5,1,1]
01-01 08:01:28.432726  1456  2268 I am_create_activity: [0,246516129,5,com.android.settings/.SubSettings,android.intent.action.MAIN,NULL,NULL,0]
01-01 08:01:28.433469  1456  2268 I am_pause_activity: [0,212030022,com.android.settings/.Settings$AccessibilitySettingsActivity]
01-01 08:01:28.434620  1456  2268 I am_home_stack_moved: [0,0,1,1,startedActivity setFocusedActivity]
01-01 08:01:28.434781  1456  2268 I wm_task_moved: [5,1,1]
01-01 08:01:28.438183  1456  2268 I am_focused_activity: [0,com.android.settings/.SubSettings]
01-01 08:01:28.441981  3087  3087 I sysui_view_visibility: [2,0]
01-01 08:01:28.442820  3087  3087 I am_on_paused_called: [0,com.android.settings.Settings$AccessibilitySettingsActivity]
01-01 08:01:28.444184  1456  2302 I am_restart_activity: [0,246516129,5,com.android.settings/.SubSettings]
01-01 08:01:28.492062  3087  3087 I sysui_view_visibility: [4,100]
01-01 08:01:28.492156  3087  3087 I am_on_resume_called: [0,com.android.settings.SubSettings]
01-01 08:01:28.585734  1456  1512 I am_activity_launch_time: [0,246516129,com.android.settings/.SubSettings,142,142]
01-01 08:01:28.650000  2627  2627 I auditd  : type=1400 audit(0.0:659): avc: denied { search } for comm="GpuAppSpectator" name="3087" dev="proc" ino=17284 scontext=u:r:gas_srv:s0 tcontext=u:r:system_app:s0 tclass=dir permissive=0
01-01 08:01:28.829483   270   270 I sf_frame_dur: [com.android.settings/com.android.settings.Settings$AccessibilitySettingsActivity,10,1,0,1,0,1,0]
01-01 08:01:29.650000  2627  2627 I auditd  : type=1400 audit(0.0:660): avc: denied { search } for comm="GpuAppSpectator" name="3087" dev="proc" ino=17284 scontext=u:r:gas_srv:s0 tcontext=u:r:system_app:s0 tclass=dir permissive=0
01-01 08:01:30.494599  1456  2268 I am_finish_activity: [0,246516129,5,com.android.settings/.SubSettings,app-request]
01-01 08:01:30.495596  1456  2268 I am_home_stack_moved: [0,0,1,1,finishActivity adjustFocus setFocusedActivity]
01-01 08:01:30.496106  1456  2268 I wm_task_moved: [5,1,1]
01-01 08:01:30.498542  1456  2268 I am_focused_activity: [0,com.android.settings/.Settings$AccessibilitySettingsActivity]
01-01 08:01:30.498773  1456  2268 I am_pause_activity: [0,246516129,com.android.settings/.SubSettings]
01-01 08:01:30.500608  3087  3087 I sysui_view_visibility: [4,0]
01-01 08:01:30.501809  3087  3087 I am_on_paused_called: [0,com.android.settings.SubSettings]
01-01 08:01:30.503802  1456  1758 I am_resume_activity: [0,212030022,5,com.android.settings/.Settings$AccessibilitySettingsActivity]
01-01 08:01:30.514118  3087  3087 I sysui_view_visibility: [2,100]
01-01 08:01:30.521178  3087  3087 I am_on_resume_called: [0,com.android.settings.Settings$AccessibilitySettingsActivity]
01-01 08:01:30.650000  2627  2627 I auditd  : type=1400 audit(0.0:661): avc: denied { search } for comm="GpuAppSpectator" name="3087" dev="proc" ino=17284 scontext=u:r:gas_srv:s0 tcontext=u:r:system_app:s0 tclass=dir permissive=0
01-01 08:01:30.817803  1456  1497 I am_destroy_activity: [0,246516129,5,com.android.settings/.SubSettings,finish-imm]
01-01 08:01:30.835355   270   270 I sf_frame_dur: [com.android.settings/com.android.settings.SubSettings,14,0,0,0,1,0,1]
01-01 08:01:31.650000  2627  2627 I auditd  : type=1400 audit(0.0:662): avc: denied { search } for comm="GpuAppSpectator" name="3087" dev="proc" ino=17284 scontext=u:r:gas_srv:s0 tcontext=u:r:system_app:s0 tclass=dir permissive=0
01-01 08:01:32.038057  1456  1456 I notification_cancel: [10023,1790,com.android.systemui,2131755032,low_battery,-1,0,64,8,NULL]
01-01 08:01:32.159627  1456  1758 I am_finish_activity: [0,212030022,5,com.android.settings/.Settings$AccessibilitySettingsActivity,app-request]
01-01 08:01:32.160259  1456  1758 I am_home_stack_moved: [0,0,1,1,finishActivity adjustFocus setFocusedActivity]
01-01 08:01:32.160358  1456  1758 I wm_task_moved: [5,1,1]
01-01 08:01:32.162639  1456  1758 I am_focused_activity: [0,com.oasisfeng.greenify/.GreenifyActivity]
01-01 08:01:32.180788  1456  1758 I am_pause_activity: [0,212030022,com.android.settings/.Settings$AccessibilitySettingsActivity]
01-01 08:01:32.187595  3087  3087 I sysui_view_visibility: [2,0]
01-01 08:01:32.189573  3087  3087 I am_on_paused_called: [0,com.android.settings.Settings$AccessibilitySettingsActivity]
01-01 08:01:32.194462  1456  1759 I am_resume_activity: [0,80598014,4,com.oasisfeng.greenify/.GreenifyActivity]
01-01 08:01:32.220000  3670  3670 I auditd  : type=1400 audit(0.0:663): avc: denied { getattr } for comm="Thread-322" path="/proc/1" dev="proc" ino=8762 scontext=u:r:untrusted_app:s0:c512,c768 tcontext=u:r:init:s0 tclass=dir permissive=0
01-01 08:01:32.223027  3565  3565 I am_on_resume_called: [0,com.oasisfeng.greenify.GreenifyActivity]
01-01 08:01:32.230000  3670  3670 I auditd  : type=1400 audit(0.0:664): avc: denied { getattr } for comm="Thread-322" path="/proc/2" dev="proc" ino=12131 scontext=u:r:untrusted_app:s0:c512,c768 tcontext=u:r:kernel:s0 tclass=dir permissive=0
01-01 08:01:32.230000  3670  3670 I auditd  : type=1400 audit(0.0:665): avc: denied { getattr } for comm="Thread-322" path="/proc/3" dev="proc" ino=12132 scontext=u:r:untrusted_app:s0:c512,c768 tcontext=u:r:kernel:s0 tclass=dir permissive=0
01-01 08:01:32.230000  3670  3670 I auditd  : type=1400 audit(0.0:666): avc: denied { getattr } for comm="Thread-322" path="/proc/4" dev="proc" ino=12133 scontext=u:r:untrusted_app:s0:c512,c768 tcontext=u:r:kernel:s0 tclass=dir permissive=0
01-01 08:01:32.230000  3670  3670 I auditd  : type=1400 audit(0.0:667): avc: denied { getattr } for comm="Thread-322" path="/proc/5" dev="proc" ino=12134 scontext=u:r:untrusted_app:s0:c512,c768 tcontext=u:r:kernel:s0 tclass=dir permissive=0
01-01 08:01:32.230000  3670  3670 I auditd  : type=1400 audit(0.0:668): avc: denied { getattr } for comm="Thread-322" path="/proc/6" dev="proc" ino=12135 scontext=u:r:untrusted_app:s0:c512,c768 tcontext=u:r:kernel:s0 tclass=dir permissive=0
01-01 08:01:32.230000  3670  3670 I auditd  : type=1400 audit(0.0:669): avc: denied { getattr } for comm="Thread-322" path="/proc/7" dev="proc" ino=12136 scontext=u:r:untrusted_app:s0:c512,c768 tcontext=u:r:kernel:s0 tclass=dir permissive=0
01-01 08:01:32.230000  3670  3670 I auditd  : type=1400 audit(0.0:670): avc: denied { getattr } for comm="Thread-322" path="/proc/8" dev="proc" ino=12137 scontext=u:r:untrusted_app:s0:c512,c768 tcontext=u:r:kernel:s0 tclass=dir permissive=0
01-01 08:01:32.230000  3670  3670 I auditd  : type=1400 audit(0.0:671): avc: denied { getattr } for comm="Thread-322" path="/proc/9" dev="proc" ino=12138 scontext=u:r:untrusted_app:s0:c512,c768 tcontext=u:r:kernel:s0 tclass=dir permissive=0
01-01 08:01:32.230000  3670  3670 I auditd  : type=1400 audit(0.0:672): avc: denied { getattr } for comm="Thread-322" path="/proc/10" dev="proc" ino=12139 scontext=u:r:untrusted_app:s0:c512,c768 tcontext=u:r:kernel:s0 tclass=dir permissive=0
01-01 08:01:32.230000  3670  3670 I auditd  : type=1400 audit(0.0:673): avc: denied { getattr } for comm="Thread-322" path="/proc/11" dev="proc" ino=12140 scontext=u:r:untrusted_app:s0:c512,c768 tcontext=u:r:kernel:s0 tclass=dir permissive=0
01-01 08:01:32.230000  3670  3670 I auditd  : type=1400 audit(0.0:674): avc: denied { getattr } for comm="Thread-322" path="/proc/12" dev="proc" ino=12141 scontext=u:r:untrusted_app:s0:c512,c768 tcontext=u:r:kernel:s0 tclass=dir permissive=0
01-01 08:01:32.230000  3670  3670 I auditd  : type=1400 audit(0.0:675): avc: denied { getattr } for comm="Thread-322" path="/proc/13" dev="proc" ino=12142 scontext=u:r:untrusted_app:s0:c512,c768 tcontext=u:r:kernel:s0 tclass=dir permissive=0
01-01 08:01:32.230000  3670  3670 I auditd  : type=1400 audit(0.0:676): avc: denied { getattr } for comm="Thread-322" path="/proc/14" dev="proc" ino=12143 scontext=u:r:untrusted_app:s0:c512,c768 tcontext=u:r:kernel:s0 tclass=dir permissive=0
01-01 08:01:32.230000  3670  3670 I auditd  : type=1400 audit(0.0:677): avc: denied { getattr } for comm="Thread-322" path="/proc/15" dev="proc" ino=12144 scontext=u:r:untrusted_app:s0:c512,c768 tcontext=u:r:kernel:s0 tclass=dir permissive=0
01-01 08:01:32.230000  3670  3670 I auditd  : type=1400 audit(0.0:678): avc: denied { getattr } for comm="Thread-322" path="/proc/16" dev="proc" ino=12145 scontext=u:r:untrusted_app:s0:c512,c768 tcontext=u:r:kernel:s0 tclass=dir permissive=0
01-01 08:01:32.230000  3670  3670 I auditd  : type=1400 audit(0.0:679): avc: denied { getattr } for comm="Thread-322" path="/proc/17" dev="proc" ino=12146 scontext=u:r:untrusted_app:s0:c512,c768 tcontext=u:r:kernel:s0 tclass=dir permissive=0
01-01 08:01:32.230000  3670  3670 I auditd  : type=1400 audit(0.0:680): avc: denied { getattr } for comm="Thread-322" path="/proc/18" dev="proc" ino=12147 scontext=u:r:untrusted_app:s0:c512,c768 tcontext=u:r:kernel:s0 tclass=dir permissive=0
01-01 08:01:32.230000  3670  3670 I auditd  : type=1400 audit(0.0:681): avc: denied { getattr } for comm="Thread-322" path="/proc/19" dev="proc" ino=12148 scontext=u:r:untrusted_app:s0:c512,c768 tcontext=u:r:kernel:s0 tclass=dir permissive=0
01-01 08:01:32.230000  3670  3670 I auditd  : type=1400 audit(0.0:682): avc: denied { getattr } for comm="Thread-322" path="/proc/20" dev="proc" ino=12149 scontext=u:r:untrusted_app:s0:c512,c768 tcontext=u:r:kernel:s0 tclass=dir permissive=0
01-01 08:01:32.230000  3670  3670 I auditd  : type=1400 audit(0.0:683): avc: denied { getattr } for comm="Thread-322" path="/proc/21" dev="proc" ino=12150 scontext=u:r:untrusted_app:s0:c512,c768 tcontext=u:r:kernel:s0 tclass=dir permissive=0
01-01 08:01:32.230000  3670  3670 I auditd  : type=1400 audit(0.0:684): avc: denied { getattr } for comm="Thread-322" path="/proc/22" dev="proc" ino=12151 scontext=u:r:untrusted_app:s0:c512,c768 tcontext=u:r:kernel:s0 tclass=dir permissive=0
01-01 08:01:32.230000  3670  3670 I auditd  : type=1400 audit(0.0:685): avc: denied { getattr } for comm="Thread-322" path="/proc/23" dev="proc" ino=12152 scontext=u:r:untrusted_app:s0:c512,c768 tcontext=u:r:kernel:s0 tclass=dir permissive=0
01-01 08:01:32.230000  3670  3670 I auditd  : type=1400 audit(0.0:686): avc: denied { getattr } for comm="Thread-322" path="/proc/24" dev="proc" ino=12153 scontext=u:r:untrusted_app:s0:c512,c768 tcontext=u:r:kernel:s0 tclass=dir permissive=0
01-01 08:01:32.230000  3670  3670 I auditd  : type=1400 audit(0.0:687): avc: denied { getattr } for comm="Thread-322" path="/proc/25" dev="proc" ino=12154 scontext=u:r:untrusted_app:s0:c512,c768 tcontext=u:r:kernel:s0 tclass=dir permissive=0
01-01 08:01:32.230000  3670  3670 I auditd  : type=1400 audit(0.0:688): avc: denied { getattr } for comm="Thread-322" path="/proc/26" dev="proc" ino=12155 scontext=u:r:untrusted_app:s0:c512,c768 tcontext=u:r:kernel:s0 tclass=dir permissive=0
01-01 08:01:32.230000  3670  3670 I auditd  : type=1400 audit(0.0:689): avc: denied { getattr } for comm="Thread-322" path="/proc/27" dev="proc" ino=12156 scontext=u:r:untrusted_app:s0:c512,c768 tcontext=u:r:kernel:s0 tclass=dir permissive=0
01-01 08:01:32.230000  3670  3670 I auditd  : type=1400 audit(0.0:690): avc: denied { getattr } for comm="Thread-322" path="/proc/28" dev="proc" ino=12157 scontext=u:r:untrusted_app:s0:c512,c768 tcontext=u:r:kernel:s0 tclass=dir permissive=0
01-01 08:01:32.230000  3670  3670 I auditd  : type=1400 audit(0.0:691): avc: denied { getattr } for comm="Thread-322" path="/proc/29" dev="proc" ino=12158 scontext=u:r:untrusted_app:s0:c512,c768 tcontext=u:r:kernel:s0 tclass=dir permissive=0
01-01 08:01:32.230000  3670  3670 I auditd  : type=1400 audit(0.0:692): avc: denied { getattr } for comm="Thread-322" path="/proc/30" dev="proc" ino=12159 scontext=u:r:untrusted_app:s0:c512,c768 tcontext=u:r:kernel:s0 tclass=dir permissive=0
01-01 08:01:32.230000  3670  3670 I auditd  : type=1400 audit(0.0:693): avc: denied { getattr } for comm="Thread-322" path="/proc/31" dev="proc" ino=12160 scontext=u:r:untrusted_app:s0:c512,c768 tcontext=u:r:kernel:s0 tclass=dir permissive=0
01-01 08:01:32.230000  3670  3670 I auditd  : type=1400 audit(0.0:694): avc: denied { getattr } for comm="Thread-322" path="/proc/32" dev="proc" ino=12161 scontext=u:r:untrusted_app:s0:c512,c768 tcontext=u:r:kernel:s0 tclass=dir permissive=0
01-01 08:01:32.230000  3670  3670 I auditd  : type=1400 audit(0.0:695): avc: denied { getattr } for comm="Thread-322" path="/proc/33" dev="proc" ino=12162 scontext=u:r:untrusted_app:s0:c512,c768 tcontext=u:r:kernel:s0 tclass=dir permissive=0
01-01 08:01:32.230000  3670  3670 I auditd  : type=1400 audit(0.0:696): avc: denied { getattr } for comm="Thread-322" path="/proc/34" dev="proc" ino=12163 scontext=u:r:untrusted_app:s0:c512,c768 tcontext=u:r:kernel:s0 tclass=dir permissive=0
01-01 08:01:32.230000  3670  3670 I auditd  : type=1400 audit(0.0:697): avc: denied { getattr } for comm="Thread-322" path="/proc/35" dev="proc" ino=12164 scontext=u:r:untrusted_app:s0:c512,c768 tcontext=u:r:kernel:s0 tclass=dir permissive=0
01-01 08:01:32.230000  3670  3670 I auditd  : type=1400 audit(0.0:698): avc: denied { getattr } for comm="Thread-322" path="/proc/36" dev="proc" ino=12165 scontext=u:r:untrusted_app:s0:c512,c768 tcontext=u:r:kernel:s0 tclass=dir permissive=0
01-01 08:01:32.230000  3670  3670 I auditd  : type=1400 audit(0.0:699): avc: denied { getattr } for comm="Thread-322" path="/proc/37" dev="proc" ino=12166 scontext=u:r:untrusted_app:s0:c512,c768 tcontext=u:r:kernel:s0 tclass=dir permissive=0
01-01 08:01:33.005038   270   270 I sf_frame_dur: [com.android.settings/com.android.settings.Settings$AccessibilitySettingsActivity,8,1,0,1,0,0,0]
01-01 08:01:33.023995  1456  1497 I am_destroy_activity: [0,212030022,5,com.android.settings/.Settings$AccessibilitySettingsActivity,finish-imm]
01-01 08:01:33.028772  1456  1757 I wm_task_removed: [5,removeAppToken: last token]
01-01 08:01:33.028871  1456  1757 I wm_task_removed: [5,removeTask]
01-01 08:01:37.869858  1456  1477 I am_finish_activity: [0,80598014,4,com.oasisfeng.greenify/.GreenifyActivity,app-request]
01-01 08:01:37.888315  1456  1477 I am_pause_activity: [0,80598014,com.oasisfeng.greenify/.GreenifyActivity]
01-01 08:01:37.890866  3565  3565 I am_on_paused_called: [0,com.oasisfeng.greenify.GreenifyActivity]
01-01 08:01:37.891568  1456  2301 I am_home_stack_moved: [0,1,0,0,noMoreActivities setFocusedActivity]
01-01 08:01:37.891673  1456  2301 I wm_task_moved: [3,1,0]
01-01 08:01:37.895222  1456  2301 I am_focused_activity: [0,com.android.launcher3/.Launcher]
01-01 08:01:37.899663  1456  2301 I am_resume_activity: [0,174986998,3,com.android.launcher3/.Launcher]
01-01 08:01:37.902076  1456  1497 I am_destroy_activity: [0,80598014,4,com.oasisfeng.greenify/.GreenifyActivity,finish-imm]
01-01 08:01:37.903428  1456  1497 I am_kill : [0,3304,org.simalliance.openmobileapi.service,15,empty #17]
01-01 08:01:37.958486  1456  2268 I am_proc_died: [0,3304,org.simalliance.openmobileapi.service]
01-01 08:01:37.961694  2363  2363 I am_on_resume_called: [0,com.android.launcher3.Launcher]
01-01 08:01:37.979561  1456  2275 I am_home_stack_moved: [0,1,0,0,activityDestroyed leftTaskHistoryEmpty]
01-01 08:01:38.424380  1456  1512 I wm_stack_removed: 1
01-01 08:01:38.424893  1456  1512 I wm_task_removed: [4,removeAppToken: last token]
01-01 08:01:38.424944  1456  1512 I wm_task_removed: [4,removeTask]
01-01 08:01:38.441746   270   270 I sf_frame_dur: [com.oasisfeng.greenify/com.oasisfeng.greenify.GreenifyActivity,52,0,1,1,1,1,2]
01-01 08:01:39.259637  1456  1759 I wm_stack_created: [2,0,0,0,0]
01-01 08:01:39.265483  1456  1759 I am_home_stack_moved: [0,0,2,2,startingNewTask]
01-01 08:01:39.265762  1456  1759 I am_create_task: [0,6]
01-01 08:01:39.265845  1456  1759 I am_create_activity: [0,257572705,6,com.android.vending/.AssetBrowserActivity,android.intent.action.MAIN,NULL,NULL,270532608]
01-01 08:01:39.266121  1456  1759 I wm_task_created: [6,2]
01-01 08:01:39.266208  1456  1759 I wm_task_moved: [6,1,0]
01-01 08:01:39.268770  1456  1759 I am_pause_activity: [0,174986998,com.android.launcher3/.Launcher]
01-01 08:01:39.270336  1456  1759 I am_home_stack_moved: [0,0,2,2,startedActivity setFocusedActivity]
01-01 08:01:39.270440  1456  1759 I wm_task_moved: [6,1,0]
01-01 08:01:39.274243  1456  1759 I am_focused_activity: [0,com.android.vending/.AssetBrowserActivity]
01-01 08:01:39.277279  2363  2363 I am_on_paused_called: [0,com.android.launcher3.Launcher]
01-01 08:01:39.301310  1456  1476 I am_restart_activity: [0,257572705,6,com.android.vending/.AssetBrowserActivity]
01-01 08:01:39.328375  1456  1755 I am_home_stack_moved: [0,0,2,2,intentActivityFound]
01-01 08:01:39.328482  1456  1755 I wm_task_moved: [6,1,0]
01-01 08:01:39.330065  1456  1755 I am_home_stack_moved: [0,0,2,2,sourceStackToFront]
01-01 08:01:39.330145  1456  1755 I wm_task_moved: [6,1,0]
01-01 08:01:39.331086  1456  1755 I am_create_activity: [0,99930422,6,com.android.vending/com.google.android.finsky.activities.MainActivity,android.intent.action.MAIN,NULL,NULL,268435456]
01-01 08:01:39.334738  1456  1755 I am_pause_activity: [0,257572705,com.android.vending/.AssetBrowserActivity]
01-01 08:01:39.336829  1456  1755 I am_home_stack_moved: [0,0,2,2,startedActivity setFocusedActivity]
01-01 08:01:39.336954  1456  1755 I wm_task_moved: [6,1,0]
01-01 08:01:39.341929  1456  1755 I am_focused_activity: [0,com.android.vending/com.google.android.finsky.activities.MainActivity]
01-01 08:01:39.343040  1456  2268 I am_finish_activity: [0,257572705,6,com.android.vending/.AssetBrowserActivity,app-request]
01-01 08:01:39.345709  1456  1759 I am_restart_activity: [0,99930422,6,com.android.vending/com.google.android.finsky.activities.MainActivity]
01-01 08:01:39.573218  3037  3037 I am_on_resume_called: [0,com.google.android.finsky.activities.MainActivity]
01-01 08:01:39.594585  1456  1758 I am_finish_activity: [0,99930422,6,com.android.vending/com.google.android.finsky.activities.MainActivity,app-request]
01-01 08:01:39.609348  1456  1758 I am_pause_activity: [0,99930422,com.android.vending/com.google.android.finsky.activities.MainActivity]
01-01 08:01:39.669220  3037  3037 I am_on_paused_called: [0,com.google.android.finsky.activities.MainActivity]
01-01 08:01:39.670117  1456  1477 I am_home_stack_moved: [0,1,0,0,noMoreActivities setFocusedActivity]
01-01 08:01:39.670205  1456  1477 I wm_task_moved: [3,1,0]
01-01 08:01:39.671861  1456  1477 I am_focused_activity: [0,com.android.launcher3/.Launcher]
01-01 08:01:39.673364  1456  1477 I am_resume_activity: [0,174986998,3,com.android.launcher3/.Launcher]
01-01 08:01:39.697847  2363  2363 I am_on_resume_called: [0,com.android.launcher3.Launcher]
01-01 08:01:39.719347  1456  1760 I am_destroy_activity: [0,257572705,6,com.android.vending/.AssetBrowserActivity,finish-idle]
01-01 08:01:39.719739  1456  1760 I am_destroy_activity: [0,99930422,6,com.android.vending/com.google.android.finsky.activities.MainActivity,finish-idle]
01-01 08:01:39.737851  1456  1756 I am_home_stack_moved: [0,1,0,0,activityDestroyed leftTaskHistoryEmpty]
01-01 08:01:40.105742  1456  1512 I wm_stack_removed: 2
01-01 08:01:40.106248  1456  1512 I wm_task_removed: [6,removeAppToken: last token]
01-01 08:01:40.106297  1456  1512 I wm_task_removed: [6,removeTask]
01-01 08:01:40.555142  1456  1758 I wm_stack_created: [3,0,0,0,0]
01-01 08:01:40.560424  1456  1758 I am_home_stack_moved: [0,0,3,3,startingNewTask]
01-01 08:01:40.560908  1456  1758 I am_create_task: [0,7]
01-01 08:01:40.561008  1456  1758 I am_create_activity: [0,142639485,7,com.android.vending/.AssetBrowserActivity,android.intent.action.MAIN,NULL,NULL,270532608]
01-01 08:01:40.563302  1456  1758 I wm_task_created: [7,3]
01-01 08:01:40.563437  1456  1758 I wm_task_moved: [7,1,0]
01-01 08:01:40.565052  1456  1758 I am_pause_activity: [0,174986998,com.android.launcher3/.Launcher]
01-01 08:01:40.566805  1456  1758 I am_home_stack_moved: [0,0,3,3,startedActivity setFocusedActivity]
01-01 08:01:40.566904  1456  1758 I wm_task_moved: [7,1,0]
01-01 08:01:40.569952  1456  1758 I am_focused_activity: [0,com.android.vending/.AssetBrowserActivity]
01-01 08:01:40.572411  2363  2363 I am_on_paused_called: [0,com.android.launcher3.Launcher]
01-01 08:01:40.595485  1456  1760 I am_restart_activity: [0,142639485,7,com.android.vending/.AssetBrowserActivity]
01-01 08:01:40.604369  1456  2301 I am_home_stack_moved: [0,0,3,3,intentActivityFound]
01-01 08:01:40.605270  1456  2301 I wm_task_moved: [7,1,0]
01-01 08:01:40.609820  1456  2301 I am_home_stack_moved: [0,0,3,3,sourceStackToFront]
01-01 08:01:40.610985  1456  2301 I wm_task_moved: [7,1,0]
01-01 08:01:40.612585  1456  2301 I am_create_activity: [0,234410530,7,com.android.vending/com.google.android.finsky.activities.MainActivity,android.intent.action.MAIN,NULL,NULL,268435456]
01-01 08:01:40.616911  1456  2301 I am_pause_activity: [0,142639485,com.android.vending/.AssetBrowserActivity]
01-01 08:01:40.618179  1456  2301 I am_home_stack_moved: [0,0,3,3,startedActivity setFocusedActivity]
01-01 08:01:40.618262  1456  2301 I wm_task_moved: [7,1,0]
01-01 08:01:40.619652  1456  2301 I am_focused_activity: [0,com.android.vending/com.google.android.finsky.activities.MainActivity]
01-01 08:01:40.619992  1456  2268 I am_finish_activity: [0,142639485,7,com.android.vending/.AssetBrowserActivity,app-request]
01-01 08:01:40.621818  1456  1476 I am_restart_activity: [0,234410530,7,com.android.vending/com.google.android.finsky.activities.MainActivity]
01-01 08:01:40.705813  3037  3037 I am_on_resume_called: [0,com.google.android.finsky.activities.MainActivity]
01-01 08:01:40.711511  1456  1760 I am_finish_activity: [0,234410530,7,com.android.vending/com.google.android.finsky.activities.MainActivity,app-request]
01-01 08:01:40.725814  1456  1760 I am_pause_activity: [0,234410530,com.android.vending/com.google.android.finsky.activities.MainActivity]
01-01 08:01:40.755171  3037  3037 I am_on_paused_called: [0,com.google.android.finsky.activities.MainActivity]
01-01 08:01:40.756293  1456  2268 I am_home_stack_moved: [0,1,0,0,noMoreActivities setFocusedActivity]
01-01 08:01:40.757099  1456  2268 I wm_task_moved: [3,1,0]
01-01 08:01:40.760557  1456  2268 I am_focused_activity: [0,com.android.launcher3/.Launcher]
01-01 08:01:40.762423  1456  2268 I am_resume_activity: [0,174986998,3,com.android.launcher3/.Launcher]
