01-01 08:03:05.849975  1456  1755 I am_home_stack_moved: [0,0,7,7,startedActivity setFocusedActivity]
01-01 08:03:05.850127  1456  1755 I wm_task_moved: [12,1,0]
01-01 08:03:05.855049  1456  1755 I am_focused_activity: [0,com.ksk.sqliteeditor/.SplashActivity]
01-01 08:03:05.857750  2363  2363 I am_on_paused_called: [0,com.android.launcher3.Launcher]
01-01 08:03:05.893537  1456  1756 I am_proc_start: [0,4066,10020,com.ksk.sqliteeditor,activity,com.ksk.sqliteeditor/.SplashActivity]
01-01 08:03:05.986367  1456  2301 I am_proc_bound: [0,4066,com.ksk.sqliteeditor]
01-01 08:03:05.988478  1456  2301 I am_restart_activity: [0,257699762,12,com.ksk.sqliteeditor/.SplashActivity]
01-01 08:03:06.207217  4066  4066 I am_on_resume_called: [0,com.ksk.sqliteeditor.SplashActivity]
01-01 08:03:06.322113  1456  1512 I am_activity_launch_time: [0,257699762,com.ksk.sqliteeditor/.SplashActivity,448,448]
01-01 08:03:06.385110   270   270 I sf_frame_dur: [com.android.launcher3/com.android.launcher3.Launcher,4,1,1,0,1,1,0]
01-01 08:03:06.808953  1456  1758 I am_proc_died: [0,3847,com.qihoo.antivirus:scan]
01-01 08:03:08.206842  1456  1489 I am_finish_activity: [0,257699762,12,com.ksk.sqliteeditor/.SplashActivity,app-request]
01-01 08:03:08.222445  1456  1489 I am_pause_activity: [0,257699762,com.ksk.sqliteeditor/.SplashActivity]
01-01 08:03:08.225357  1456  1756 I am_home_stack_moved: [0,0,7,7,startingNewTask]
01-01 08:03:08.225465  1456  1756 I wm_task_moved: [12,1,0]
01-01 08:03:08.228968  1456  1756 I am_create_task: [0,13]
01-01 08:03:08.229059  1456  1756 I am_create_activity: [0,67988188,13,com.ksk.sqliteeditor/.ListActivity,NULL,NULL,NULL,268435456]
01-01 08:03:08.229296  1456  1756 I wm_task_created: [13,7]
01-01 08:03:08.229372  1456  1756 I wm_task_moved: [13,1,1]
01-01 08:03:08.229590  1456  1756 I am_home_stack_moved: [0,0,7,7,startedActivity setFocusedActivity]
01-01 08:03:08.229660  1456  1756 I wm_task_moved: [13,1,1]
01-01 08:03:08.231634  1456  1756 I am_focused_activity: [0,com.ksk.sqliteeditor/.ListActivity]
01-01 08:03:08.232495  4066  4066 I am_on_paused_called: [0,com.ksk.sqliteeditor.SplashActivity]
01-01 08:03:08.234371  1456  2302 I am_restart_activity: [0,67988188,13,com.ksk.sqliteeditor/.ListActivity]
01-01 08:03:10.403891  4066  4066 I am_on_resume_called: [0,com.ksk.sqliteeditor.ListActivity]
01-01 08:03:10.584402  1456  1512 I am_activity_launch_time: [0,67988188,com.ksk.sqliteeditor/.ListActivity,2351,2351]
01-01 08:03:10.636658  1456  1755 I am_destroy_activity: [0,257699762,12,com.ksk.sqliteeditor/.SplashActivity,finish-imm]
01-01 08:03:10.640799  1456  2302 I wm_task_removed: [12,removeAppToken: last token]
01-01 08:03:10.640932  1456  2302 I wm_task_removed: [12,removeTask]
01-01 08:03:12.030243  1456  1456 I notification_cancel: [10023,1790,com.android.systemui,2131755032,low_battery,-1,0,64,8,NULL]
01-01 08:03:20.701671   270   270 I sf_frame_dur: [com.ksk.sqliteeditor/com.ksk.sqliteeditor.ListActivity,10,1,0,0,1,1,2]
01-01 08:03:22.383557  1456  1760 I am_home_stack_moved: [0,0,7,7,sourceStackToFront]
01-01 08:03:22.383642  1456  1760 I wm_task_moved: [13,1,0]
01-01 08:03:22.384700  1456  1760 I am_create_activity: [0,39756483,13,com.ksk.sqliteeditor/dk.andsen.filepicker.FilePicker,NULL,NULL,NULL,0]
01-01 08:03:22.385053  1456  1760 I am_pause_activity: [0,67988188,com.ksk.sqliteeditor/.ListActivity]
01-01 08:03:22.386136  1456  1760 I am_home_stack_moved: [0,0,7,7,startedActivity setFocusedActivity]
01-01 08:03:22.386225  1456  1760 I wm_task_moved: [13,1,0]
01-01 08:03:22.389310  1456  1760 I am_focused_activity: [0,com.ksk.sqliteeditor/dk.andsen.filepicker.FilePicker]
01-01 08:03:22.396627  4066  4066 I am_on_paused_called: [0,com.ksk.sqliteeditor.ListActivity]
01-01 08:03:22.398146  1456  2268 I am_restart_activity: [0,39756483,13,com.ksk.sqliteeditor/dk.andsen.filepicker.FilePicker]
01-01 08:03:22.435339  1456  1496 I am_pss  : [4066,10020,com.ksk.sqliteeditor,54435840,45106176]
01-01 08:03:22.437313  4066  4066 I am_on_resume_called: [0,dk.andsen.filepicker.FilePicker]
01-01 08:03:22.465394  1456  1496 I am_pss  : [3037,10018,com.android.vending,28310528,23846912]
01-01 08:03:22.545774  1456  1512 I am_activity_launch_time: [0,39756483,com.ksk.sqliteeditor/dk.andsen.filepicker.FilePicker,148,148]
01-01 08:03:22.780938   270   270 I sf_frame_dur: [com.ksk.sqliteeditor/com.ksk.sqliteeditor.ListActivity,12,2,0,0,0,2,1]
01-01 08:03:24.543596  1456  2302 I am_finish_activity: [0,39756483,13,com.ksk.sqliteeditor/dk.andsen.filepicker.FilePicker,app-request]
01-01 08:03:24.544237  1456  2302 I am_home_stack_moved: [0,0,7,7,finishActivity adjustFocus setFocusedActivity]
01-01 08:03:24.544325  1456  2302 I wm_task_moved: [13,1,0]
01-01 08:03:24.546303  1456  2302 I am_focused_activity: [0,com.ksk.sqliteeditor/.ListActivity]
01-01 08:03:24.546499  1456  2302 I am_pause_activity: [0,39756483,com.ksk.sqliteeditor/dk.andsen.filepicker.FilePicker]
01-01 08:03:24.553218  4066  4066 I am_on_paused_called: [0,dk.andsen.filepicker.FilePicker]
01-01 08:03:24.555061  1456  1759 I am_resume_activity: [0,67988188,13,com.ksk.sqliteeditor/.ListActivity]
01-01 08:03:24.570536  4066  4066 I am_on_resume_called: [0,com.ksk.sqliteeditor.ListActivity]
01-01 08:03:24.878653  1456  1497 I am_destroy_activity: [0,39756483,13,com.ksk.sqliteeditor/dk.andsen.filepicker.FilePicker,finish-imm]
01-01 08:03:24.896748   270   270 I sf_frame_dur: [com.ksk.sqliteeditor/dk.andsen.filepicker.FilePicker,53,1,1,0,0,1,0]
01-01 08:03:25.519299  1456  1755 I am_home_stack_moved: [0,0,7,7,sourceStackToFront]
01-01 08:03:25.519412  1456  1755 I wm_task_moved: [13,1,0]
01-01 08:03:25.520933  1456  1755 I am_create_activity: [0,239781922,13,com.ksk.sqliteeditor/.ScanSdCardDatabase,NULL,NULL,NULL,0]
01-01 08:03:25.521375  1456  1755 I am_pause_activity: [0,67988188,com.ksk.sqliteeditor/.ListActivity]
01-01 08:03:25.523138  1456  1755 I am_home_stack_moved: [0,0,7,7,startedActivity setFocusedActivity]
01-01 08:03:25.523228  1456  1755 I wm_task_moved: [13,1,0]
01-01 08:03:25.526664  1456  1755 I am_focused_activity: [0,com.ksk.sqliteeditor/.ScanSdCardDatabase]
01-01 08:03:25.535334  4066  4066 I am_on_paused_called: [0,com.ksk.sqliteeditor.ListActivity]
01-01 08:03:25.536827  1456  1756 I am_restart_activity: [0,239781922,13,com.ksk.sqliteeditor/.ScanSdCardDatabase]
01-01 08:03:25.580310  4066  4066 I am_on_resume_called: [0,com.ksk.sqliteeditor.ScanSdCardDatabase]
01-01 08:03:25.652394  1456  1512 I am_activity_launch_time: [0,239781922,com.ksk.sqliteeditor/.ScanSdCardDatabase,116,116]
01-01 08:03:25.881768   270   270 I sf_frame_dur: [com.ksk.sqliteeditor/com.ksk.sqliteeditor.ListActivity,39,1,0,1,0,0,0]
01-01 08:03:26.893448  1456  1477 I am_finish_activity: [0,239781922,13,com.ksk.sqliteeditor/.ScanSdCardDatabase,app-request]
01-01 08:03:26.894037  1456  1477 I am_home_stack_moved: [0,0,7,7,finishActivity adjustFocus setFocusedActivity]
01-01 08:03:26.894116  1456  1477 I wm_task_moved: [13,1,0]
01-01 08:03:26.896188  1456  1477 I am_focused_activity: [0,com.ksk.sqliteeditor/.ListActivity]
01-01 08:03:26.896373  1456  1477 I am_pause_activity: [0,239781922,com.ksk.sqliteeditor/.ScanSdCardDatabase]
01-01 08:03:26.897341  4066  4066 I am_on_paused_called: [0,com.ksk.sqliteeditor.ScanSdCardDatabase]
01-01 08:03:26.899031  1456  1476 I am_resume_activity: [0,67988188,13,com.ksk.sqliteeditor/.ListActivity]
01-01 08:03:26.901871  4066  4066 I am_on_resume_called: [0,com.ksk.sqliteeditor.ListActivity]
01-01 08:03:27.194906  1456  1497 I am_destroy_activity: [0,239781922,13,com.ksk.sqliteeditor/.ScanSdCardDatabase,finish-imm]
01-01 08:03:27.212447   270   270 I sf_frame_dur: [com.ksk.sqliteeditor/com.ksk.sqliteeditor.ScanSdCardDatabase,1,0,0,0,1,0,0]
01-01 08:03:27.834625  1456  1489 I am_home_stack_moved: [0,0,7,7,sourceStackToFront]
01-01 08:03:27.834720  1456  1489 I wm_task_moved: [13,1,0]
01-01 08:03:27.835916  1456  1489 I am_create_activity: [0,108129813,13,com.ksk.sqliteeditor/.AllAppsActivity,NULL,NULL,NULL,0]
01-01 08:03:27.836294  1456  1489 I am_pause_activity: [0,67988188,com.ksk.sqliteeditor/.ListActivity]
01-01 08:03:27.837361  1456  1489 I am_home_stack_moved: [0,0,7,7,startedActivity setFocusedActivity]
01-01 08:03:27.837452  1456  1489 I wm_task_moved: [13,1,0]
01-01 08:03:27.840738  1456  1489 I am_focused_activity: [0,com.ksk.sqliteeditor/.AllAppsActivity]
01-01 08:03:27.851312  4066  4066 I am_on_paused_called: [0,com.ksk.sqliteeditor.ListActivity]
01-01 08:03:27.852713  1456  1759 I am_restart_activity: [0,108129813,13,com.ksk.sqliteeditor/.AllAppsActivity]
01-01 08:03:27.896032  4066  4066 I am_on_resume_called: [0,com.ksk.sqliteeditor.AllAppsActivity]
01-01 08:03:27.966309  1456  1512 I am_activity_launch_time: [0,108129813,com.ksk.sqliteeditor/.AllAppsActivity,114,114]
01-01 08:03:28.197674   270   270 I sf_frame_dur: [com.ksk.sqliteeditor/com.ksk.sqliteeditor.ListActivity,39,2,0,1,0,0,0]
01-01 08:03:28.288514   270   270 I sf_frame_dur: [com.ksk.sqliteeditor/com.ksk.sqliteeditor.AllAppsActivity,1,0,0,0,0,0,0]
01-01 08:03:29.479726  1456  1760 I am_finish_activity: [0,108129813,13,com.ksk.sqliteeditor/.AllAppsActivity,app-request]
01-01 08:03:29.480336  1456  1760 I am_home_stack_moved: [0,0,7,7,finishActivity adjustFocus setFocusedActivity]
01-01 08:03:29.480420  1456  1760 I wm_task_moved: [13,1,0]
01-01 08:03:29.483372  1456  1760 I am_focused_activity: [0,com.ksk.sqliteeditor/.ListActivity]
01-01 08:03:29.483574  1456  1760 I am_pause_activity: [0,108129813,com.ksk.sqliteeditor/.AllAppsActivity]
01-01 08:03:29.484604  4066  4066 I am_on_paused_called: [0,com.ksk.sqliteeditor.AllAppsActivity]
01-01 08:03:29.486533  1456  2268 I am_resume_activity: [0,67988188,13,com.ksk.sqliteeditor/.ListActivity]
01-01 08:03:29.489455  4066  4066 I am_on_resume_called: [0,com.ksk.sqliteeditor.ListActivity]
01-01 08:03:29.517474  1456  1496 I am_pss  : [4018,1000,com.mediatek.security,20610048,16490496]
01-01 08:03:29.785952  1456  1497 I am_destroy_activity: [0,108129813,13,com.ksk.sqliteeditor/.AllAppsActivity,finish-imm]
01-01 08:03:29.802576   270   270 I sf_frame_dur: [com.ksk.sqliteeditor/com.ksk.sqliteeditor.AllAppsActivity,12,1,0,0,2,0,0]
01-01 08:03:30.997528  1456  1489 I am_home_stack_moved: [0,0,7,7,sourceStackToFront]
01-01 08:03:30.997643  1456  1489 I wm_task_moved: [13,1,0]
01-01 08:03:30.999035  1456  1489 I am_create_activity: [0,149758612,13,com.ksk.sqliteeditor/.SettingsActivity,NULL,NULL,NULL,0]
01-01 08:03:30.999486  1456  1489 I am_pause_activity: [0,67988188,com.ksk.sqliteeditor/.ListActivity]
01-01 08:03:31.000527  1456  1489 I am_home_stack_moved: [0,0,7,7,startedActivity setFocusedActivity]
01-01 08:03:31.000606  1456  1489 I wm_task_moved: [13,1,0]
01-01 08:03:31.003753  1456  1489 I am_focused_activity: [0,com.ksk.sqliteeditor/.SettingsActivity]
01-01 08:03:31.006423  4066  4066 I am_on_paused_called: [0,com.ksk.sqliteeditor.ListActivity]
01-01 08:03:31.007839  1456  2275 I am_restart_activity: [0,149758612,13,com.ksk.sqliteeditor/.SettingsActivity]
01-01 08:03:31.034907  4066  4066 I am_on_resume_called: [0,com.ksk.sqliteeditor.SettingsActivity]
01-01 08:03:31.095168  1456  1512 I am_activity_launch_time: [0,149758612,com.ksk.sqliteeditor/.SettingsActivity,88,88]
01-01 08:03:31.334575   270   270 I sf_frame_dur: [com.ksk.sqliteeditor/com.ksk.sqliteeditor.ListActivity,65,0,0,1,0,0,0]
01-01 08:03:32.034715  1456  1456 I notification_cancel: [10023,1790,com.android.systemui,2131755032,low_battery,-1,0,64,8,NULL]
01-01 08:03:32.280607  1456  1489 I am_proc_died: [0,3793,com.qihoo.antivirus]
01-01 08:03:32.326150  1456  1477 I am_finish_activity: [0,149758612,13,com.ksk.sqliteeditor/.SettingsActivity,app-request]
01-01 08:03:32.326645  1456  1477 I am_home_stack_moved: [0,0,7,7,finishActivity adjustFocus setFocusedActivity]
01-01 08:03:32.326716  1456  1477 I wm_task_moved: [13,1,0]
01-01 08:03:32.328183  1456  1477 I am_focused_activity: [0,com.ksk.sqliteeditor/.ListActivity]
01-01 08:03:32.328338  1456  1477 I am_pause_activity: [0,149758612,com.ksk.sqliteeditor/.SettingsActivity]
01-01 08:03:32.338189  4066  4066 I am_on_paused_called: [0,com.ksk.sqliteeditor.SettingsActivity]
01-01 08:03:32.340023  1456  1756 I am_resume_activity: [0,67988188,13,com.ksk.sqliteeditor/.ListActivity]
01-01 08:03:32.357460  4066  4066 I am_on_resume_called: [0,com.ksk.sqliteeditor.ListActivity]
01-01 08:03:32.666412  1456  1497 I am_destroy_activity: [0,149758612,13,com.ksk.sqliteeditor/.SettingsActivity,finish-imm]
01-01 08:03:32.683962   270   270 I sf_frame_dur: [com.ksk.sqliteeditor/com.ksk.sqliteeditor.SettingsActivity,9,0,0,0,0,0,1]
01-01 08:03:33.358147  1456  1757 I am_finish_activity: [0,67988188,13,com.ksk.sqliteeditor/.ListActivity,app-request]
01-01 08:03:33.373613  1456  1757 I am_pause_activity: [0,67988188,com.ksk.sqliteeditor/.ListActivity]
01-01 08:03:33.384381  4066  4066 I am_on_paused_called: [0,com.ksk.sqliteeditor.ListActivity]
01-01 08:03:33.385138  1456  2301 I am_home_stack_moved: [0,1,0,0,noMoreActivities setFocusedActivity]
01-01 08:03:33.385235  1456  2301 I wm_task_moved: [3,1,0]
01-01 08:03:33.391669  1456  2301 I am_focused_activity: [0,com.android.launcher3/.Launcher]
01-01 08:03:33.394120  1456  2301 I am_resume_activity: [0,174986998,3,com.android.launcher3/.Launcher]
01-01 08:03:33.398038  1456  1497 I am_destroy_activity: [0,67988188,13,com.ksk.sqliteeditor/.ListActivity,finish-imm]
01-01 08:03:33.402214  2363  2363 I am_on_resume_called: [0,com.android.launcher3.Launcher]
01-01 08:03:33.428833  1456  1476 I am_home_stack_moved: [0,1,0,0,activityDestroyed leftTaskHistoryEmpty]
01-01 08:03:33.854249  1456  1512 I wm_stack_removed: 7
01-01 08:03:33.855137  1456  1512 I wm_task_removed: [13,removeAppToken: last token]
01-01 08:03:33.855262  1456  1512 I wm_task_removed: [13,removeTask]
01-01 08:03:33.870880   270   270 I sf_frame_dur: [com.ksk.sqliteeditor/com.ksk.sqliteeditor.ListActivity,39,1,0,1,0,0,0]
01-01 08:03:39.400435  1456  1756 I wm_stack_created: [8,0,0,0,0]
01-01 08:03:39.405766  1456  1756 I am_home_stack_moved: [0,0,8,8,startingNewTask]
01-01 08:03:39.406018  1456  1756 I am_create_task: [0,14]
01-01 08:03:39.406088  1456  1756 I am_create_activity: [0,205708713,14,com.android.vending/.AssetBrowserActivity,android.intent.action.MAIN,NULL,NULL,270532608]
01-01 08:03:39.406401  1456  1756 I wm_task_created: [14,8]
01-01 08:03:39.406826  1456  1756 I wm_task_moved: [14,1,0]
01-01 08:03:39.409382  1456  1756 I am_pause_activity: [0,174986998,com.android.launcher3/.Launcher]
01-01 08:03:39.410758  1456  1756 I am_home_stack_moved: [0,0,8,8,startedActivity setFocusedActivity]
01-01 08:03:39.411516  1456  1756 I wm_task_moved: [14,1,0]
01-01 08:03:39.415771  1456  1756 I am_focused_activity: [0,com.android.vending/.AssetBrowserActivity]
01-01 08:03:39.417432  2363  2363 I am_on_paused_called: [0,com.android.launcher3.Launcher]
01-01 08:03:39.420063  1456  2301 I am_restart_activity: [0,205708713,14,com.android.vending/.AssetBrowserActivity]
01-01 08:03:39.442970  1456  1755 I am_home_stack_moved: [0,0,8,8,intentActivityFound]
01-01 08:03:39.443059  1456  1755 I wm_task_moved: [14,1,0]
01-01 08:03:39.444229  1456  1755 I am_home_stack_moved: [0,0,8,8,sourceStackToFront]
01-01 08:03:39.444321  1456  1755 I wm_task_moved: [14,1,0]
01-01 08:03:39.448247  1456  1755 I am_create_activity: [0,257728478,14,com.android.vending/com.google.android.finsky.activities.MainActivity,android.intent.action.MAIN,NULL,NULL,268435456]
01-01 08:03:39.452423  1456  1755 I am_pause_activity: [0,205708713,com.android.vending/.AssetBrowserActivity]
01-01 08:03:39.455156  1456  1755 I am_home_stack_moved: [0,0,8,8,startedActivity setFocusedActivity]
01-01 08:03:39.455238  1456  1755 I wm_task_moved: [14,1,0]
01-01 08:03:39.458919  1456  1755 I am_focused_activity: [0,com.android.vending/com.google.android.finsky.activities.MainActivity]
01-01 08:03:39.459769  1456  1759 I am_finish_activity: [0,205708713,14,com.android.vending/.AssetBrowserActivity,app-request]
01-01 08:03:39.463358  1456  1477 I am_restart_activity: [0,257728478,14,com.android.vending/com.google.android.finsky.activities.MainActivity]
01-01 08:03:39.547432  3037  3037 I am_on_resume_called: [0,com.google.android.finsky.activities.MainActivity]
01-01 08:03:39.553132  1456  1476 I am_finish_activity: [0,257728478,14,com.android.vending/com.google.android.finsky.activities.MainActivity,app-request]
01-01 08:03:39.566027  1456  1476 I am_pause_activity: [0,257728478,com.android.vending/com.google.android.finsky.activities.MainActivity]
01-01 08:03:39.594230  3037  3037 I am_on_paused_called: [0,com.google.android.finsky.activities.MainActivity]
01-01 08:03:39.595091  1456  1755 I am_home_stack_moved: [0,1,0,0,noMoreActivities setFocusedActivity]
01-01 08:03:39.595183  1456  1755 I wm_task_moved: [3,1,0]
01-01 08:03:39.597255  1456  1755 I am_focused_activity: [0,com.android.launcher3/.Launcher]
01-01 08:03:39.600980  1456  1755 I am_resume_activity: [0,174986998,3,com.android.launcher3/.Launcher]
01-01 08:03:39.638717  2363  2363 I am_on_resume_called: [0,com.android.launcher3.Launcher]
01-01 08:03:39.660426  1456  1489 I am_destroy_activity: [0,205708713,14,com.android.vending/.AssetBrowserActivity,finish-idle]
01-01 08:03:39.660711  1456  1489 I am_destroy_activity: [0,257728478,14,com.android.vending/com.google.android.finsky.activities.MainActivity,finish-idle]
01-01 08:03:39.666920  1456  1760 I am_home_stack_moved: [0,1,0,0,activityDestroyed leftTaskHistoryEmpty]
01-01 08:03:40.038778  1456  1512 I wm_stack_removed: 8
01-01 08:03:40.039156  1456  1512 I wm_task_removed: [14,removeAppToken: last token]
01-01 08:03:40.039189  1456  1512 I wm_task_removed: [14,removeTask]
01-01 08:03:42.035037  1456  1456 I notification_cancel: [10023,1790,com.android.systemui,2131755032,low_battery,-1,0,64,8,NULL]
01-01 08:03:44.457944  1456  2268 I wm_stack_created: [9,0,0,0,0]
01-01 08:03:44.467787  1456  2268 I am_home_stack_moved: [0,0,9,9,startingNewTask]
01-01 08:03:44.468034  1456  2268 I am_create_task: [0,15]
01-01 08:03:44.468116  1456  2268 I am_create_activity: [0,83941564,15,com.oasisfeng.greenify/.GreenifyActivity,android.intent.action.MAIN,NULL,NULL,270532608]
01-01 08:03:44.468771  1456  2268 I wm_task_created: [15,9]
01-01 08:03:44.468876  1456  2268 I wm_task_moved: [15,1,0]
01-01 08:03:44.476187  1456  2268 I am_pause_activity: [0,174986998,com.android.launcher3/.Launcher]
01-01 08:03:44.479977  1456  2268 I am_home_stack_moved: [0,0,9,9,startedActivity setFocusedActivity]
01-01 08:03:44.481478  1456  2268 I wm_task_moved: [15,1,0]
01-01 08:03:44.507907  1456  2268 I am_focused_activity: [0,com.oasisfeng.greenify/.GreenifyActivity]
01-01 08:03:44.513544  2363  2363 I am_on_paused_called: [0,com.android.launcher3.Launcher]
01-01 08:03:44.517244  1456  1759 I am_restart_activity: [0,83941564,15,com.oasisfeng.greenify/.GreenifyActivity]
01-01 08:03:44.580521  1456  1496 I am_pss  : [2363,10013,com.android.launcher3,51941376,47439872]
01-01 08:03:44.581581  3565  3565 I am_on_resume_called: [0,com.oasisfeng.greenify.GreenifyActivity]
01-01 08:03:44.590000  4371  4371 I auditd  : type=1400 audit(0.0:979): avc: denied { getattr } for comm="Thread-324" path="/proc/1" dev="proc" ino=8762 scontext=u:r:untrusted_app:s0:c512,c768 tcontext=u:r:init:s0 tclass=dir permissive=0
01-01 08:03:44.590000  4371  4371 I auditd  : type=1400 audit(0.0:980): avc: denied { getattr } for comm="Thread-324" path="/proc/2" dev="proc" ino=12131 scontext=u:r:untrusted_app:s0:c512,c768 tcontext=u:r:kernel:s0 tclass=dir permissive=0
01-01 08:03:44.600000  4371  4371 I auditd  : type=1400 audit(0.0:981): avc: denied { getattr } for comm="Thread-324" path="/proc/3" dev="proc" ino=12132 scontext=u:r:untrusted_app:s0:c512,c768 tcontext=u:r:kernel:s0 tclass=dir permissive=0
01-01 08:03:44.600000  4371  4371 I auditd  : type=1400 audit(0.0:982): avc: denied { getattr } for comm="Thread-324" path="/proc/4" dev="proc" ino=12133 scontext=u:r:untrusted_app:s0:c512,c768 tcontext=u:r:kernel:s0 tclass=dir permissive=0
01-01 08:03:44.600000  4371  4371 I auditd  : type=1400 audit(0.0:983): avc: denied { getattr } for comm="Thread-324" path="/proc/5" dev="proc" ino=12134 scontext=u:r:untrusted_app:s0:c512,c768 tcontext=u:r:kernel:s0 tclass=dir permissive=0
01-01 08:03:44.600000  4371  4371 I auditd  : type=1400 audit(0.0:984): avc: denied { getattr } for comm="Thread-324" path="/proc/6" dev="proc" ino=12135 scontext=u:r:untrusted_app:s0:c512,c768 tcontext=u:r:kernel:s0 tclass=dir permissive=0
01-01 08:03:44.600000  4371  4371 I auditd  : type=1400 audit(0.0:985): avc: denied { getattr } for comm="Thread-324" path="/proc/7" dev="proc" ino=12136 scontext=u:r:untrusted_app:s0:c512,c768 tcontext=u:r:kernel:s0 tclass=dir permissive=0
01-01 08:03:44.600000  4371  4371 I auditd  : type=1400 audit(0.0:986): avc: denied { getattr } for comm="Thread-324" path="/proc/8" dev="proc" ino=12137 scontext=u:r:untrusted_app:s0:c512,c768 tcontext=u:r:kernel:s0 tclass=dir permissive=0
01-01 08:03:44.600000  4371  4371 I auditd  : type=1400 audit(0.0:987): avc: denied { getattr } for comm="Thread-324" path="/proc/9" dev="proc" ino=12138 scontext=u:r:untrusted_app:s0:c512,c768 tcontext=u:r:kernel:s0 tclass=dir permissive=0
01-01 08:03:44.600000  4371  4371 I auditd  : type=1400 audit(0.0:988): avc: denied { getattr } for comm="Thread-324" path="/proc/10" dev="proc" ino=12139 scontext=u:r:untrusted_app:s0:c512,c768 tcontext=u:r:kernel:s0 tclass=dir permissive=0
01-01 08:03:44.600000  4371  4371 I auditd  : type=1400 audit(0.0:989): avc: denied { getattr } for comm="Thread-324" path="/proc/11" dev="proc" ino=12140 scontext=u:r:untrusted_app:s0:c512,c768 tcontext=u:r:kernel:s0 tclass=dir permissive=0
01-01 08:03:44.600000  4371  4371 I auditd  : type=1400 audit(0.0:990): avc: denied { getattr } for comm="Thread-324" path="/proc/12" dev="proc" ino=12141 scontext=u:r:untrusted_app:s0:c512,c768 tcontext=u:r:kernel:s0 tclass=dir permissive=0
01-01 08:03:44.600000  4371  4371 I auditd  : type=1400 audit(0.0:991): avc: denied { getattr } for comm="Thread-324" path="/proc/13" dev="proc" ino=12142 scontext=u:r:untrusted_app:s0:c512,c768 tcontext=u:r:kernel:s0 tclass=dir permissive=0
01-01 08:03:44.600000  4371  4371 I auditd  : type=1400 audit(0.0:992): avc: denied { getattr } for comm="Thread-324" path="/proc/14" dev="proc" ino=12143 scontext=u:r:untrusted_app:s0:c512,c768 tcontext=u:r:kernel:s0 tclass=dir permissive=0
01-01 08:03:44.600000  4371  4371 I auditd  : type=1400 audit(0.0:993): avc: denied { getattr } for comm="Thread-324" path="/proc/15" dev="proc" ino=12144 scontext=u:r:untrusted_app:s0:c512,c768 tcontext=u:r:kernel:s0 tclass=dir permissive=0
01-01 08:03:44.600000  4371  4371 I auditd  : type=1400 audit(0.0:994): avc: denied { getattr } for comm="Thread-324" path="/proc/16" dev="proc" ino=12145 scontext=u:r:untrusted_app:s0:c512,c768 tcontext=u:r:kernel:s0 tclass=dir permissive=0
01-01 08:03:44.600000  4371  4371 I auditd  : type=1400 audit(0.0:995): avc: denied { getattr } for comm="Thread-324" path="/proc/17" dev="proc" ino=12146 scontext=u:r:untrusted_app:s0:c512,c768 tcontext=u:r:kernel:s0 tclass=dir permissive=0
01-01 08:03:44.600000  4371  4371 I auditd  : type=1400 audit(0.0:996): avc: denied { getattr } for comm="Thread-324" path="/proc/18" dev="proc" ino=12147 scontext=u:r:untrusted_app:s0:c512,c768 tcontext=u:r:kernel:s0 tclass=dir permissive=0
01-01 08:03:44.600000  4371  4371 I auditd  : type=1400 audit(0.0:997): avc: denied { getattr } for comm="Thread-324" path="/proc/19" dev="proc" ino=12148 scontext=u:r:untrusted_app:s0:c512,c768 tcontext=u:r:kernel:s0 tclass=dir permissive=0
01-01 08:03:44.600000  4371  4371 I auditd  : type=1400 audit(0.0:998): avc: denied { getattr } for comm="Thread-324" path="/proc/20" dev="proc" ino=12149 scontext=u:r:untrusted_app:s0:c512,c768 tcontext=u:r:kernel:s0 tclass=dir permissive=0
01-01 08:03:44.600000  4371  4371 I auditd  : type=1400 audit(0.0:999): avc: denied { getattr } for comm="Thread-324" path="/proc/21" dev="proc" ino=12150 scontext=u:r:untrusted_app:s0:c512,c768 tcontext=u:r:kernel:s0 tclass=dir permissive=0
01-01 08:03:44.600000  4371  4371 I auditd  : type=1400 audit(0.0:1000): avc: denied { getattr } for comm="Thread-324" path="/proc/22" dev="proc" ino=12151 scontext=u:r:untrusted_app:s0:c512,c768 tcontext=u:r:kernel:s0 tclass=dir permissive=0
01-01 08:03:44.600000  4371  4371 I auditd  : type=1400 audit(0.0:1001): avc: denied { getattr } for comm="Thread-324" path="/proc/23" dev="proc" ino=12152 scontext=u:r:untrusted_app:s0:c512,c768 tcontext=u:r:kernel:s0 tclass=dir permissive=0
01-01 08:03:44.600000  4371  4371 I auditd  : type=1400 audit(0.0:1002): avc: denied { getattr } for comm="Thread-324" path="/proc/24" dev="proc" ino=12153 scontext=u:r:untrusted_app:s0:c512,c768 tcontext=u:r:kernel:s0 tclass=dir permissive=0
01-01 08:03:44.600000  4371  4371 I auditd  : type=1400 audit(0.0:1003): avc: denied { getattr } for comm="Thread-324" path="/proc/25" dev="proc" ino=12154 scontext=u:r:untrusted_app:s0:c512,c768 tcontext=u:r:kernel:s0 tclass=dir permissive=0
01-01 08:03:44.600000  4371  4371 I auditd  : type=1400 audit(0.0:1004): avc: denied { getattr } for comm="Thread-324" path="/proc/26" dev="proc" ino=12155 scontext=u:r:untrusted_app:s0:c512,c768 tcontext=u:r:kernel:s0 tclass=dir permissive=0
01-01 08:03:44.600000  4371  4371 I auditd  : type=1400 audit(0.0:1005): avc: denied { getattr } for comm="Thread-324" path="/proc/27" dev="proc" ino=12156 scontext=u:r:untrusted_app:s0:c512,c768 tcontext=u:r:kernel:s0 tclass=dir permissive=0
01-01 08:03:44.600000  4371  4371 I auditd  : type=1400 audit(0.0:1006): avc: denied { getattr } for comm="Thread-324" path="/proc/28" dev="proc" ino=12157 scontext=u:r:untrusted_app:s0:c512,c768 tcontext=u:r:kernel:s0 tclass=dir permissive=0
01-01 08:03:44.600000  4371  4371 I auditd  : type=1400 audit(0.0:1007): avc: denied { getattr } for comm="Thread-324" path="/proc/29" dev="proc" ino=12158 scontext=u:r:untrusted_app:s0:c512,c768 tcontext=u:r:kernel:s0 tclass=dir permissive=0
01-01 08:03:44.600000  4371  4371 I auditd  : type=1400 audit(0.0:1008): avc: denied { getattr } for comm="Thread-324" path="/proc/30" dev="proc" ino=12159 scontext=u:r:untrusted_app:s0:c512,c768 tcontext=u:r:kernel:s0 tclass=dir permissive=0
01-01 08:03:44.600000  4371  4371 I auditd  : type=1400 audit(0.0:1009): avc: denied { getattr } for comm="Thread-324" path="/proc/31" dev="proc" ino=12160 scontext=u:r:untrusted_app:s0:c512,c768 tcontext=u:r:kernel:s0 tclass=dir permissive=0
01-01 08:03:44.600000  4371  4371 I auditd  : type=1400 audit(0.0:1010): avc: denied { getattr } for comm="Thread-324" path="/proc/32" dev="proc" ino=12161 scontext=u:r:untrusted_app:s0:c512,c768 tcontext=u:r:kernel:s0 tclass=dir permissive=0
01-01 08:03:44.600000  4371  4371 I auditd  : type=1400 audit(0.0:1011): avc: denied { getattr } for comm="Thread-324" path="/proc/33" dev="proc" ino=12162 scontext=u:r:untrusted_app:s0:c512,c768 tcontext=u:r:kernel:s0 tclass=dir permissive=0
01-01 08:03:44.600000  4371  4371 I auditd  : type=1400 audit(0.0:1012): avc: denied { getattr } for comm="Thread-324" path="/proc/34" dev="proc" ino=12163 scontext=u:r:untrusted_app:s0:c512,c768 tcontext=u:r:kernel:s0 tclass=dir permissive=0
01-01 08:03:44.600000  4371  4371 I auditd  : type=1400 audit(0.0:1013): avc: denied { getattr } for comm="Thread-324" path="/proc/35" dev="proc" ino=12164 scontext=u:r:untrusted_app:s0:c512,c768 tcontext=u:r:kernel:s0 tclass=dir permissive=0
01-01 08:03:44.600000  4371  4371 I auditd  : type=1400 audit(0.0:1014): avc: denied { getattr } for comm="Thread-324" path="/proc/36" dev="proc" ino=12165 scontext=u:r:untrusted_app:s0:c512,c768 tcontext=u:r:kernel:s0 tclass=dir permissive=0
01-01 08:03:44.645306  1456  1512 I am_activity_launch_time: [0,83941564,com.oasisfeng.greenify/.GreenifyActivity,131,131]
01-01 08:03:44.903938   270   270 I sf_frame_dur: [com.android.launcher3/com.android.launcher3.Launcher,281,8,2,2,6,1,0]
01-01 08:03:47.641615  1456  1489 I am_home_stack_moved: [0,0,9,9,startingNewTask]
01-01 08:03:47.641745  1456  1489 I wm_task_moved: [15,1,0]
01-01 08:03:47.643674  1456  1489 I am_create_task: [0,16]
01-01 08:03:47.643873  1456  1489 I am_create_activity: [0,51875363,16,com.android.settings/.Settings$AccessibilitySettingsActivity,android.settings.ACCESSIBILITY_SETTINGS,NULL,NULL,268435456]
01-01 08:03:47.644191  1456  1489 I wm_task_created: [16,9]
01-01 08:03:47.644599  1456  1489 I wm_task_moved: [16,1,1]
01-01 08:03:47.665326  1456  1489 I am_pause_activity: [0,83941564,com.oasisfeng.greenify/.GreenifyActivity]
01-01 08:03:47.677340  1456  1489 I am_home_stack_moved: [0,0,9,9,startedActivity setFocusedActivity]
01-01 08:03:47.677444  1456  1489 I wm_task_moved: [16,1,1]
01-01 08:03:47.681440  1456  1489 I am_focused_activity: [0,com.android.settings/.Settings$AccessibilitySettingsActivity]
01-01 08:03:47.689393  3565  3565 I am_on_paused_called: [0,com.oasisfeng.greenify.GreenifyActivity]
01-01 08:03:47.692327  1456  2302 I am_restart_activity: [0,51875363,16,com.android.settings/.Settings$AccessibilitySettingsActivity]
01-01 08:03:47.760000  2627  2627 I auditd  : type=1400 audit(0.0:1292): avc: denied { search } for comm="GpuAppSpectator" name="3087" dev="proc" ino=17284 scontext=u:r:gas_srv:s0 tcontext=u:r:system_app:s0 tclass=dir permissive=0
01-01 08:03:47.760566  3087  3087 I sysui_view_visibility: [2,100]
01-01 08:03:47.770796  3087  3087 I am_on_resume_called: [0,com.android.settings.Settings$AccessibilitySettingsActivity]
01-01 08:03:47.863285  1456  1512 I am_activity_launch_time: [0,51875363,com.android.settings/.Settings$AccessibilitySettingsActivity,173,173]
01-01 08:03:48.423946   270   270 I sf_frame_dur: [com.oasisfeng.greenify/com.oasisfeng.greenify.GreenifyActivity,57,2,1,0,1,0,0]
01-01 08:03:48.760000  2627  2627 I auditd  : type=1400 audit(0.0:1293): avc: denied { search } for comm="GpuAppSpectator" name="3087" dev="proc" ino=17284 scontext=u:r:gas_srv:s0 tcontext=u:r:system_app:s0 tclass=dir permissive=0
01-01 08:03:49.760000  2627  2627 I auditd  : type=1400 audit(0.0:1294): avc: denied { search } for comm="GpuAppSpectator" name="3087" dev="proc" ino=17284 scontext=u:r:gas_srv:s0 tcontext=u:r:system_app:s0 tclass=dir permissive=0
01-01 08:03:50.760000  2627  2627 I auditd  : type=1400 audit(0.0:1295): avc: denied { search } for comm="GpuAppSpectator" name="3087" dev="proc" ino=17284 scontext=u:r:gas_srv:s0 tcontext=u:r:system_app:s0 tclass=dir permissive=0
01-01 08:03:51.336671  1456  2275 I am_home_stack_moved: [0,0,9,9,sourceStackToFront]
01-01 08:03:51.336777  1456  2275 I wm_task_moved: [16,1,1]
01-01 08:03:51.337938  1456  2275 I am_create_activity: [0,201538116,16,com.android.settings/.SubSettings,android.intent.action.MAIN,NULL,NULL,0]
01-01 08:03:51.338326  1456  2275 I am_pause_activity: [0,51875363,com.android.settings/.Settings$AccessibilitySettingsActivity]
01-01 08:03:51.339419  1456  2275 I am_home_stack_moved: [0,0,9,9,startedActivity setFocusedActivity]
01-01 08:03:51.339520  1456  2275 I wm_task_moved: [16,1,1]
01-01 08:03:51.343439  1456  2275 I am_focused_activity: [0,com.android.settings/.SubSettings]
01-01 08:03:51.347843  3087  3087 I sysui_view_visibility: [2,0]
01-01 08:03:51.350750  3087  3087 I am_on_paused_called: [0,com.android.settings.Settings$AccessibilitySettingsActivity]
01-01 08:03:51.352109  1456  1755 I am_restart_activity: [0,201538116,16,com.android.settings/.SubSettings]
01-01 08:03:51.397812  3087  3087 I sysui_view_visibility: [4,100]
01-01 08:03:51.397964  3087  3087 I am_on_resume_called: [0,com.android.settings.SubSettings]
01-01 08:03:51.478763  1456  1512 I am_activity_launch_time: [0,201538116,com.android.settings/.SubSettings,127,127]
01-01 08:03:51.725357   270   270 I sf_frame_dur: [com.android.settings/com.android.settings.Settings$AccessibilitySettingsActivity,53,2,1,0,0,0,1]
01-01 08:03:51.760000  2627  2627 I auditd  : type=1400 audit(0.0:1296): avc: denied { search } for comm="GpuAppSpectator" name="3087" dev="proc" ino=17284 scontext=u:r:gas_srv:s0 tcontext=u:r:system_app:s0 tclass=dir permissive=0
01-01 08:03:52.026264  1456  1456 I notification_cancel: [10023,1790,com.android.systemui,2131755032,low_battery,-1,0,64,8,NULL]
01-01 08:03:52.360000   287   287 I auditd  : type=1400 audit(0.0:1297): avc: granted { read write } for comm="vold" name="mmcblk0p19" dev="tmpfs" ino=3181 scontext=u:r:vold:s0 tcontext=u:object_r:block_device:s0 tclass=blk_file
01-01 08:03:52.360000   287   287 I auditd  : type=1400 audit(0.0:1298): avc: granted { read write open } for comm="vold" path="/dev/block/mmcblk0p19" dev="tmpfs" ino=3181 scontext=u:r:vold:s0 tcontext=u:object_r:block_device:s0 tclass=blk_file
01-01 08:03:52.360000   287   287 I auditd  : type=1400 audit(0.0:1299): avc: granted { getattr } for comm="vold" path="/dev/block/mmcblk0p19" dev="tmpfs" ino=3181 scontext=u:r:vold:s0 tcontext=u:object_r:block_device:s0 tclass=blk_file
01-01 08:03:52.360000   287   287 I auditd  : type=1400 audit(0.0:1300): avc: granted { read write } for comm="vold" name="mmcblk0p19" dev="tmpfs" ino=3181 scontext=u:r:vold:s0 tcontext=u:object_r:block_device:s0 tclass=blk_file
01-01 08:03:52.360000   287   287 I auditd  : type=1400 audit(0.0:1301): avc: granted { read write open } for comm="vold" path="/dev/block/mmcblk0p19" dev="tmpfs" ino=3181 scontext=u:r:vold:s0 tcontext=u:object_r:block_device:s0 tclass=blk_file
01-01 08:03:52.360000   287   287 I auditd  : type=1400 audit(0.0:1302): avc: granted { getattr } for comm="vold" path="/dev/block/mmcblk0p19" dev="tmpfs" ino=3181 scontext=u:r:vold:s0 tcontext=u:object_r:block_device:s0 tclass=blk_file
01-01 08:03:52.770000  2627  2627 I auditd  : type=1400 audit(0.0:1303): avc: denied { search } for comm="GpuAppSpectator" name="3087" dev="proc" ino=17284 scontext=u:r:gas_srv:s0 tcontext=u:r:system_app:s0 tclass=dir permissive=0
01-01 08:03:53.290000   287   287 I auditd  : type=1400 audit(0.0:1304): avc: granted { read write } for comm="vold" name="mmcblk0p19" dev="tmpfs" ino=3181 scontext=u:r:vold:s0 tcontext=u:object_r:block_device:s0 tclass=blk_file
01-01 08:03:53.290000   287   287 I auditd  : type=1400 audit(0.0:1305): avc: granted { read write open } for comm="vold" path="/dev/block/mmcblk0p19" dev="tmpfs" ino=3181 scontext=u:r:vold:s0 tcontext=u:object_r:block_device:s0 tclass=blk_file
01-01 08:03:53.290000   287   287 I auditd  : type=1400 audit(0.0:1306): avc: granted { getattr } for comm="vold" path="/dev/block/mmcblk0p19" dev="tmpfs" ino=3181 scontext=u:r:vold:s0 tcontext=u:object_r:block_device:s0 tclass=blk_file
01-01 08:03:53.290000   287   287 I auditd  : type=1400 audit(0.0:1307): avc: granted { read write } for comm="vold" name="mmcblk0p19" dev="tmpfs" ino=3181 scontext=u:r:vold:s0 tcontext=u:object_r:block_device:s0 tclass=blk_file
01-01 08:03:53.290000   287   287 I auditd  : type=1400 audit(0.0:1308): avc: granted { read write open } for comm="vold" path="/dev/block/mmcblk0p19" dev="tmpfs" ino=3181 scontext=u:r:vold:s0 tcontext=u:object_r:block_device:s0 tclass=blk_file
01-01 08:03:53.300000   287   287 I auditd  : type=1400 audit(0.0:1309): avc: granted { getattr } for comm="vold" path="/dev/block/mmcblk0p19" dev="tmpfs" ino=3181 scontext=u:r:vold:s0 tcontext=u:object_r:block_device:s0 tclass=blk_file
01-01 08:03:53.354925  1456  1456 I notification_cancel: [10012,3585,com.oasisfeng.greenify,0,Dispatcher,0,0,64,8,NULL]
01-01 08:03:53.529882   270   270 I sf_frame_dur: [com.android.settings/com.android.settings.SubSettings,7,0,0,0,0,1,0]
01-01 08:03:53.770000  2627  2627 I auditd  : type=1400 audit(0.0:1310): avc: denied { search } for comm="GpuAppSpectator" name="3087" dev="proc" ino=17284 scontext=u:r:gas_srv:s0 tcontext=u:r:system_app:s0 tclass=dir permissive=0
01-01 08:03:54.490589  1456  1489 I am_finish_activity: [0,201538116,16,com.android.settings/.SubSettings,app-request]
01-01 08:03:54.491284  1456  1489 I am_home_stack_moved: [0,0,9,9,finishActivity adjustFocus setFocusedActivity]
01-01 08:03:54.491383  1456  1489 I wm_task_moved: [16,1,1]
01-01 08:03:54.493434  1456  1489 I am_focused_activity: [0,com.android.settings/.Settings$AccessibilitySettingsActivity]
01-01 08:03:54.493627  1456  1489 I am_pause_activity: [0,201538116,com.android.settings/.SubSettings]
01-01 08:03:54.495155  3087  3087 I sysui_view_visibility: [4,0]
01-01 08:03:54.496351  3087  3087 I am_on_paused_called: [0,com.android.settings.SubSettings]
01-01 08:03:54.498794  1456  1757 I am_resume_activity: [0,51875363,16,com.android.settings/.Settings$AccessibilitySettingsActivity]
01-01 08:03:54.506527  3087  3087 I sysui_view_visibility: [2,100]
01-01 08:03:54.514339  3087  3087 I am_on_resume_called: [0,com.android.settings.Settings$AccessibilitySettingsActivity]
01-01 08:03:54.770000  2627  2627 I auditd  : type=1400 audit(0.0:1311): avc: denied { search } for comm="GpuAppSpectator" name="3087" dev="proc" ino=17284 scontext=u:r:gas_srv:s0 tcontext=u:r:system_app:s0 tclass=dir permissive=0
01-01 08:03:54.825881  1456  1497 I am_destroy_activity: [0,201538116,16,com.android.settings/.SubSettings,finish-imm]
01-01 08:03:54.843511   270   270 I sf_frame_dur: [com.android.settings/com.android.settings.SubSettings,41,2,1,0,2,0,0]
01-01 08:03:55.770000  2627  2627 I auditd  : type=1400 audit(0.0:1312): avc: denied { search } for comm="GpuAppSpectator" name="3087" dev="proc" ino=17284 scontext=u:r:gas_srv:s0 tcontext=u:r:system_app:s0 tclass=dir permissive=0
01-01 08:03:56.770000  2627  2627 I auditd  : type=1400 audit(0.0:1313): avc: denied { search } for comm="GpuAppSpectator" name="3087" dev="proc" ino=17284 scontext=u:r:gas_srv:s0 tcontext=u:r:system_app:s0 tclass=dir permissive=0
01-01 08:03:57.488801  1456  1489 I am_finish_activity: [0,51875363,16,com.android.settings/.Settings$AccessibilitySettingsActivity,app-request]
01-01 08:03:57.489494  1456  1489 I am_home_stack_moved: [0,0,9,9,finishActivity adjustFocus setFocusedActivity]
01-01 08:03:57.489598  1456  1489 I wm_task_moved: [16,1,1]
01-01 08:03:57.496862  1456  1489 I am_focused_activity: [0,com.oasisfeng.greenify/.GreenifyActivity]
01-01 08:03:57.519052  1456  1489 I am_pause_activity: [0,51875363,com.android.settings/.Settings$AccessibilitySettingsActivity]
01-01 08:03:57.523614  3087  3087 I sysui_view_visibility: [2,0]
01-01 08:03:57.526620  3087  3087 I am_on_paused_called: [0,com.android.settings.Settings$AccessibilitySettingsActivity]
01-01 08:03:57.531301  1456  1757 I am_resume_activity: [0,83941564,15,com.oasisfeng.greenify/.GreenifyActivity]
01-01 08:03:57.556185  3565  3565 I am_on_resume_called: [0,com.oasisfeng.greenify.GreenifyActivity]
01-01 08:03:57.570000  4381  4381 I auditd  : type=1400 audit(0.0:1314): avc: denied { getattr } for comm="Thread-327" path="/proc/1" dev="proc" ino=8762 scontext=u:r:untrusted_app:s0:c512,c768 tcontext=u:r:init:s0 tclass=dir permissive=0
01-01 08:03:57.570000  4381  4381 I auditd  : type=1400 audit(0.0:1315): avc: denied { getattr } for comm="Thread-327" path="/proc/2" dev="proc" ino=12131 scontext=u:r:untrusted_app:s0:c512,c768 tcontext=u:r:kernel:s0 tclass=dir permissive=0
01-01 08:03:57.570000  4381  4381 I auditd  : type=1400 audit(0.0:1316): avc: denied { getattr } for comm="Thread-327" path="/proc/3" dev="proc" ino=12132 scontext=u:r:untrusted_app:s0:c512,c768 tcontext=u:r:kernel:s0 tclass=dir permissive=0
01-01 08:03:57.570000  4381  4381 I auditd  : type=1400 audit(0.0:1317): avc: denied { getattr } for comm="Thread-327" path="/proc/4" dev="proc" ino=12133 scontext=u:r:untrusted_app:s0:c512,c768 tcontext=u:r:kernel:s0 tclass=dir permissive=0
01-01 08:03:57.570000  4381  4381 I auditd  : type=1400 audit(0.0:1318): avc: denied { getattr } for comm="Thread-327" path="/proc/5" dev="proc" ino=12134 scontext=u:r:untrusted_app:s0:c512,c768 tcontext=u:r:kernel:s0 tclass=dir permissive=0
01-01 08:03:57.570000  4381  4381 I auditd  : type=1400 audit(0.0:1319): avc: denied { getattr } for comm="Thread-327" path="/proc/6" dev="proc" ino=12135 scontext=u:r:untrusted_app:s0:c512,c768 tcontext=u:r:kernel:s0 tclass=dir permissive=0
01-01 08:03:57.570000  4381  4381 I auditd  : type=1400 audit(0.0:1320): avc: denied { getattr } for comm="Thread-327" path="/proc/7" dev="proc" ino=12136 scontext=u:r:untrusted_app:s0:c512,c768 tcontext=u:r:kernel:s0 tclass=dir permissive=0
01-01 08:03:57.570000  4381  4381 I auditd  : type=1400 audit(0.0:1321): avc: denied { getattr } for comm="Thread-327" path="/proc/8" dev="proc" ino=12137 scontext=u:r:untrusted_app:s0:c512,c768 tcontext=u:r:kernel:s0 tclass=dir permissive=0
01-01 08:03:57.570000  4381  4381 I auditd  : type=1400 audit(0.0:1322): avc: denied { getattr } for comm="Thread-327" path="/proc/9" dev="proc" ino=12138 scontext=u:r:untrusted_app:s0:c512,c768 tcontext=u:r:kernel:s0 tclass=dir permissive=0
01-01 08:03:57.570000  4381  4381 I auditd  : type=1400 audit(0.0:1323): avc: denied { getattr } for comm="Thread-327" path="/proc/10" dev="proc" ino=12139 scontext=u:r:untrusted_app:s0:c512,c768 tcontext=u:r:kernel:s0 tclass=dir permissive=0
01-01 08:03:57.570000  4381  4381 I auditd  : type=1400 audit(0.0:1324): avc: denied { getattr } for comm="Thread-327" path="/proc/11" dev="proc" ino=12140 scontext=u:r:untrusted_app:s0:c512,c768 tcontext=u:r:kernel:s0 tclass=dir permissive=0
01-01 08:03:57.570000  4381  4381 I auditd  : type=1400 audit(0.0:1325): avc: denied { getattr } for comm="Thread-327" path="/proc/12" dev="proc" ino=12141 scontext=u:r:untrusted_app:s0:c512,c768 tcontext=u:r:kernel:s0 tclass=dir permissive=0
01-01 08:03:57.570000  4381  4381 I auditd  : type=1400 audit(0.0:1326): avc: denied { getattr } for comm="Thread-327" path="/proc/13" dev="proc" ino=12142 scontext=u:r:untrusted_app:s0:c512,c768 tcontext=u:r:kernel:s0 tclass=dir permissive=0
01-01 08:03:57.570000  4381  4381 I auditd  : type=1400 audit(0.0:1327): avc: denied { getattr } for comm="Thread-327" path="/proc/14" dev="proc" ino=12143 scontext=u:r:untrusted_app:s0:c512,c768 tcontext=u:r:kernel:s0 tclass=dir permissive=0
01-01 08:03:57.570000  4381  4381 I auditd  : type=1400 audit(0.0:1328): avc: denied { getattr } for comm="Thread-327" path="/proc/15" dev="proc" ino=12144 scontext=u:r:untrusted_app:s0:c512,c768 tcontext=u:r:kernel:s0 tclass=dir permissive=0
01-01 08:03:57.570000  4381  4381 I auditd  : type=1400 audit(0.0:1329): avc: denied { getattr } for comm="Thread-327" path="/proc/16" dev="proc" ino=12145 scontext=u:r:untrusted_app:s0:c512,c768 tcontext=u:r:kernel:s0 tclass=dir permissive=0
01-01 08:03:57.570000  4381  4381 I auditd  : type=1400 audit(0.0:1330): avc: denied { getattr } for comm="Thread-327" path="/proc/17" dev="proc" ino=12146 scontext=u:r:untrusted_app:s0:c512,c768 tcontext=u:r:kernel:s0 tclass=dir permissive=0
01-01 08:03:57.570000  4381  4381 I auditd  : type=1400 audit(0.0:1331): avc: denied { getattr } for comm="Thread-327" path="/proc/18" dev="proc" ino=12147 scontext=u:r:untrusted_app:s0:c512,c768 tcontext=u:r:kernel:s0 tclass=dir permissive=0
01-01 08:03:57.570000  4381  4381 I auditd  : type=1400 audit(0.0:1332): avc: denied { getattr } for comm="Thread-327" path="/proc/19" dev="proc" ino=12148 scontext=u:r:untrusted_app:s0:c512,c768 tcontext=u:r:kernel:s0 tclass=dir permissive=0
01-01 08:03:57.570000  4381  4381 I auditd  : type=1400 audit(0.0:1333): avc: denied { getattr } for comm="Thread-327" path="/proc/20" dev="proc" ino=12149 scontext=u:r:untrusted_app:s0:c512,c768 tcontext=u:r:kernel:s0 tclass=dir permissive=0
01-01 08:03:57.570000  4381  4381 I auditd  : type=1400 audit(0.0:1334): avc: denied { getattr } for comm="Thread-327" path="/proc/21" dev="proc" ino=12150 scontext=u:r:untrusted_app:s0:c512,c768 tcontext=u:r:kernel:s0 tclass=dir permissive=0
01-01 08:03:57.570000  4381  4381 I auditd  : type=1400 audit(0.0:1335): avc: denied { getattr } for comm="Thread-327" path="/proc/22" dev="proc" ino=12151 scontext=u:r:untrusted_app:s0:c512,c768 tcontext=u:r:kernel:s0 tclass=dir permissive=0
01-01 08:03:57.570000  4381  4381 I auditd  : type=1400 audit(0.0:1336): avc: denied { getattr } for comm="Thread-327" path="/proc/23" dev="proc" ino=12152 scontext=u:r:untrusted_app:s0:c512,c768 tcontext=u:r:kernel:s0 tclass=dir permissive=0
01-01 08:03:57.570000  4381  4381 I auditd  : type=1400 audit(0.0:1337): avc: denied { getattr } for comm="Thread-327" path="/proc/24" dev="proc" ino=12153 scontext=u:r:untrusted_app:s0:c512,c768 tcontext=u:r:kernel:s0 tclass=dir permissive=0
01-01 08:03:57.570000  4381  4381 I auditd  : type=1400 audit(0.0:1338): avc: denied { getattr } for comm="Thread-327" path="/proc/25" dev="proc" ino=12154 scontext=u:r:untrusted_app:s0:c512,c768 tcontext=u:r:kernel:s0 tclass=dir permissive=0
01-01 08:03:57.570000  4381  4381 I auditd  : type=1400 audit(0.0:1339): avc: denied { getattr } for comm="Thread-327" path="/proc/26" dev="proc" ino=12155 scontext=u:r:untrusted_app:s0:c512,c768 tcontext=u:r:kernel:s0 tclass=dir permissive=0
01-01 08:03:57.570000  4381  4381 I auditd  : type=1400 audit(0.0:1340): avc: denied { getattr } for comm="Thread-327" path="/proc/27" dev="proc" ino=12156 scontext=u:r:untrusted_app:s0:c512,c768 tcontext=u:r:kernel:s0 tclass=dir permissive=0
01-01 08:03:57.570000  4381  4381 I auditd  : type=1400 audit(0.0:1341): avc: denied { getattr } for comm="Thread-327" path="/proc/28" dev="proc" ino=12157 scontext=u:r:untrusted_app:s0:c512,c768 tcontext=u:r:kernel:s0 tclass=dir permissive=0
01-01 08:03:57.570000  4381  4381 I auditd  : type=1400 audit(0.0:1342): avc: denied { getattr } for comm="Thread-327" path="/proc/29" dev="proc" ino=12158 scontext=u:r:untrusted_app:s0:c512,c768 tcontext=u:r:kernel:s0 tclass=dir permissive=0
01-01 08:03:57.570000  4381  4381 I auditd  : type=1400 audit(0.0:1343): avc: denied { getattr } for comm="Thread-327" path="/proc/30" dev="proc" ino=12159 scontext=u:r:untrusted_app:s0:c512,c768 tcontext=u:r:kernel:s0 tclass=dir permissive=0
01-01 08:03:57.570000  4381  4381 I auditd  : type=1400 audit(0.0:1344): avc: denied { getattr } for comm="Thread-327" path="/proc/31" dev="proc" ino=12160 scontext=u:r:untrusted_app:s0:c512,c768 tcontext=u:r:kernel:s0 tclass=dir permissive=0
01-01 08:03:57.570000  4381  4381 I auditd  : type=1400 audit(0.0:1345): avc: denied { getattr } for comm="Thread-327" path="/proc/32" dev="proc" ino=12161 scontext=u:r:untrusted_app:s0:c512,c768 tcontext=u:r:kernel:s0 tclass=dir permissive=0
01-01 08:03:57.570000  4381  4381 I auditd  : type=1400 audit(0.0:1346): avc: denied { getattr } for comm="Thread-327" path="/proc/33" dev="proc" ino=12162 scontext=u:r:untrusted_app:s0:c512,c768 tcontext=u:r:kernel:s0 tclass=dir permissive=0
01-01 08:03:57.570000  4381  4381 I auditd  : type=1400 audit(0.0:1347): avc: denied { getattr } for comm="Thread-327" path="/proc/34" dev="proc" ino=12163 scontext=u:r:untrusted_app:s0:c512,c768 tcontext=u:r:kernel:s0 tclass=dir permissive=0
01-01 08:03:57.570000  4381  4381 I auditd  : type=1400 audit(0.0:1348): avc: denied { getattr } for comm="Thread-327" path="/proc/35" dev="proc" ino=12164 scontext=u:r:untrusted_app:s0:c512,c768 tcontext=u:r:kernel:s0 tclass=dir permissive=0
01-01 08:03:57.570000  4381  4381 I auditd  : type=1400 audit(0.0:1349): avc: denied { getattr } for comm="Thread-327" path="/proc/36" dev="proc" ino=12165 scontext=u:r:untrusted_app:s0:c512,c768 tcontext=u:r:kernel:s0 tclass=dir permissive=0
01-01 08:03:57.570000  4381  4381 I auditd  : type=1400 audit(0.0:1350): avc: denied { getattr } for comm="Thread-327" path="/proc/37" dev="proc" ino=12166 scontext=u:r:untrusted_app:s0:c512,c768 tcontext=u:r:kernel:s0 tclass=dir permissive=0
01-01 08:03:57.570000  4381  4381 I auditd  : type=1400 audit(0.0:1351): avc: denied { getattr } for comm="Thread-327" path="/proc/38" dev="proc" ino=12167 scontext=u:r:untrusted_app:s0:c512,c768 tcontext=u:r:kernel:s0 tclass=dir permissive=0
01-01 08:03:58.345094   270   270 I sf_frame_dur: [com.android.settings/com.android.settings.Settings$AccessibilitySettingsActivity,15,0,0,1,0,2,0]
01-01 08:03:58.364608  1456  1497 I am_destroy_activity: [0,51875363,16,com.android.settings/.Settings$AccessibilitySettingsActivity,finish-imm]
01-01 08:03:58.371618  1456  1489 I wm_task_removed: [16,removeAppToken: last token]
01-01 08:03:58.371737  1456  1489 I wm_task_removed: [16,removeTask]
01-01 08:04:01.527932  1456  2302 I am_home_stack_moved: [0,0,9,9,sourceStackToFront]
01-01 08:04:01.528052  1456  2302 I wm_task_moved: [15,1,0]
01-01 08:04:01.529482  1456  2302 I am_create_activity: [0,156911623,15,com.oasisfeng.greenify/.GreenifyShortcut,NULL,NULL,NULL,8388608]
01-01 08:04:01.529857  1456  2302 I am_pause_activity: [0,83941564,com.oasisfeng.greenify/.GreenifyActivity]
01-01 08:04:01.531602  1456  2302 I am_home_stack_moved: [0,0,9,9,startedActivity setFocusedActivity]
01-01 08:04:01.531700  1456  2302 I wm_task_moved: [15,1,0]
01-01 08:04:01.535236  1456  2302 I am_focused_activity: [0,com.oasisfeng.greenify/.GreenifyShortcut]
01-01 08:04:01.537337  3565  3565 I am_on_paused_called: [0,com.oasisfeng.greenify.GreenifyActivity]
01-01 08:04:01.538990  1456  1759 I am_restart_activity: [0,156911623,15,com.oasisfeng.greenify/.GreenifyShortcut]
01-01 08:04:01.561393  1456  2275 I am_finish_activity: [0,156911623,15,com.oasisfeng.greenify/.GreenifyShortcut,app-request]
01-01 08:04:01.562076  1456  2275 I am_home_stack_moved: [0,0,9,9,finishActivity adjustFocus setFocusedActivity]
01-01 08:04:01.562222  1456  2275 I wm_task_moved: [15,1,0]
01-01 08:04:01.565192  1456  2275 I am_focused_activity: [0,com.oasisfeng.greenify/.GreenifyActivity]
01-01 08:04:01.565420  1456  2275 I am_pause_activity: [0,156911623,com.oasisfeng.greenify/.GreenifyShortcut]
01-01 08:04:01.595578  1456  1755 I am_resume_activity: [0,83941564,15,com.oasisfeng.greenify/.GreenifyActivity]
