----- timezone:GMT
01-01 08:00:15.640000   256   256 I auditd  : type=1404 audit(0.0:3): enforcing=1 old_enforcing=0 auid=4294967295 ses=4294967295
01-01 08:00:17.590000   287   287 I auditd  : type=1400 audit(0.0:4): avc: granted { read write } for comm="vold" name="mmcblk0p19" dev="tmpfs" ino=3181 scontext=u:r:vold:s0 tcontext=u:object_r:block_device:s0 tclass=blk_file
01-01 08:00:17.590000   287   287 I auditd  : type=1400 audit(0.0:5): avc: granted { read write open } for comm="vold" path="/dev/block/mmcblk0p19" dev="tmpfs" ino=3181 scontext=u:r:vold:s0 tcontext=u:object_r:block_device:s0 tclass=blk_file
01-01 08:00:17.590000   287   287 I auditd  : type=1400 audit(0.0:6): avc: granted { getattr } for comm="vold" path="/dev/block/mmcblk0p19" dev="tmpfs" ino=3181 scontext=u:r:vold:s0 tcontext=u:object_r:block_device:s0 tclass=blk_file
01-01 08:00:18.310000   324   324 I auditd  : type=1400 audit(0.0:7): avc: denied { search } for comm="BootAnimation" name="resource-cache" dev="tmpfs" ino=2220 scontext=u:r:bootanim:s0 tcontext=u:object_r:resourcecache_data_file:s0 tclass=dir permissive=0
01-01 08:00:21.970000   287   287 I auditd  : type=1400 audit(0.0:8): avc: granted { read write } for comm="vold" name="mmcblk0p19" dev="tmpfs" ino=3181 scontext=u:r:vold:s0 tcontext=u:object_r:block_device:s0 tclass=blk_file
01-01 08:00:21.970000   287   287 I auditd  : type=1400 audit(0.0:9): avc: granted { read write open } for comm="vold" path="/dev/block/mmcblk0p19" dev="tmpfs" ino=3181 scontext=u:r:vold:s0 tcontext=u:object_r:block_device:s0 tclass=blk_file
01-01 08:00:21.970000   287   287 I auditd  : type=1400 audit(0.0:10): avc: granted { getattr } for comm="vold" path="/dev/block/mmcblk0p19" dev="tmpfs" ino=3181 scontext=u:r:vold:s0 tcontext=u:object_r:block_device:s0 tclass=blk_file
01-01 08:00:21.970000   287   287 I auditd  : type=1400 audit(0.0:11): avc: granted { read write } for comm="vold" name="mmcblk0p19" dev="tmpfs" ino=3181 scontext=u:r:vold:s0 tcontext=u:object_r:block_device:s0 tclass=blk_file
01-01 08:00:21.970000   287   287 I auditd  : type=1400 audit(0.0:12): avc: granted { read write open } for comm="vold" path="/dev/block/mmcblk0p19" dev="tmpfs" ino=3181 scontext=u:r:vold:s0 tcontext=u:object_r:block_device:s0 tclass=blk_file
01-01 08:00:21.970000   287   287 I auditd  : type=1400 audit(0.0:13): avc: granted { getattr } for comm="vold" path="/dev/block/mmcblk0p19" dev="tmpfs" ino=3181 scontext=u:r:vold:s0 tcontext=u:object_r:block_device:s0 tclass=blk_file
01-01 08:00:21.970000   287   287 I auditd  : type=1400 audit(0.0:14): avc: granted { read write } for comm="vold" name="mmcblk0p19" dev="tmpfs" ino=3181 scontext=u:r:vold:s0 tcontext=u:object_r:block_device:s0 tclass=blk_file
01-01 08:00:21.970000   287   287 I auditd  : type=1400 audit(0.0:15): avc: granted { read write open } for comm="vold" path="/dev/block/mmcblk0p19" dev="tmpfs" ino=3181 scontext=u:r:vold:s0 tcontext=u:object_r:block_device:s0 tclass=blk_file
01-01 08:00:22.340000   336   336 I auditd  : type=1400 audit(0.0:16): avc: denied { ioctl } for comm="debuggerd" path="/proc/lk_env" dev="proc" ino=4026533701 ioctlcmd=6501 scontext=u:r:debuggerd:s0 tcontext=u:object_r:proc_lk_env:s0 tclass=file permissive=0
01-01 08:00:22.350000   336   336 I auditd  : type=1400 audit(0.0:17): avc: denied { ioctl } for comm="debuggerd" path="/proc/lk_env" dev="proc" ino=4026533701 ioctlcmd=6501 scontext=u:r:debuggerd:s0 tcontext=u:object_r:proc_lk_env:s0 tclass=file permissive=0
01-01 08:00:24.027877   365   365 I boot_progress_start: 20851
01-01 08:00:25.303405   365   365 I boot_progress_preload_start: 22126
01-01 08:00:26.910000   287   287 I auditd  : type=1400 audit(0.0:18): avc: granted { read write } for comm="vold" name="mmcblk0p19" dev="tmpfs" ino=3181 scontext=u:r:vold:s0 tcontext=u:object_r:block_device:s0 tclass=blk_file
01-01 08:00:26.910000   287   287 I auditd  : type=1400 audit(0.0:19): avc: granted { read write open } for comm="vold" path="/dev/block/mmcblk0p19" dev="tmpfs" ino=3181 scontext=u:r:vold:s0 tcontext=u:object_r:block_device:s0 tclass=blk_file
01-01 08:00:26.940000   287   287 I auditd  : type=1400 audit(0.0:20): avc: granted { getattr } for comm="vold" path="/dev/block/mmcblk0p19" dev="tmpfs" ino=3181 scontext=u:r:vold:s0 tcontext=u:object_r:block_device:s0 tclass=blk_file
01-01 08:00:26.990000   287   287 I auditd  : type=1400 audit(0.0:21): avc: granted { read write } for comm="vold" name="mmcblk0p19" dev="tmpfs" ino=3181 scontext=u:r:vold:s0 tcontext=u:object_r:block_device:s0 tclass=blk_file
01-01 08:00:26.990000   287   287 I auditd  : type=1400 audit(0.0:22): avc: granted { read write open } for comm="vold" path="/dev/block/mmcblk0p19" dev="tmpfs" ino=3181 scontext=u:r:vold:s0 tcontext=u:object_r:block_device:s0 tclass=blk_file
01-01 08:00:26.990000   287   287 I auditd  : type=1400 audit(0.0:23): avc: granted { getattr } for comm="vold" path="/dev/block/mmcblk0p19" dev="tmpfs" ino=3181 scontext=u:r:vold:s0 tcontext=u:object_r:block_device:s0 tclass=blk_file
01-01 08:00:27.123500   366   366 I boot_progress_preload_start: 23947
01-01 08:00:32.270000   870   870 I auditd  : type=1400 audit(0.0:24): avc: denied { ioctl } for comm="debuggerd" path="/proc/lk_env" dev="proc" ino=4026533701 ioctlcmd=6501 scontext=u:r:debuggerd:s0 tcontext=u:object_r:proc_lk_env:s0 tclass=file permissive=0
01-01 08:00:32.280000   870   870 I auditd  : type=1400 audit(0.0:25): avc: denied { ioctl } for comm="debuggerd" path="/proc/lk_env" dev="proc" ino=4026533701 ioctlcmd=6501 scontext=u:r:debuggerd:s0 tcontext=u:object_r:proc_lk_env:s0 tclass=file permissive=0
01-01 08:00:34.404939   894   894 I boot_progress_start: 31228
01-01 08:00:34.763501   895   895 I boot_progress_preload_start: 31587
01-01 08:00:35.406299   894   894 I boot_progress_preload_start: 32229
01-01 08:00:37.048009   895   895 I boot_progress_preload_end: 33871
01-01 08:00:37.238007   894   894 I boot_progress_preload_end: 34061
01-01 08:00:37.444257  1456  1456 I boot_progress_system_run: 34266
01-01 08:00:37.904108  1456  1456 I boot_progress_pms_start: 34727
01-01 08:00:38.088127  1456  1456 I pm_critical_info: No settings file; creating initial state
01-01 08:00:38.090889  1456  1456 I boot_progress_pms_system_scan_start: 34914
01-01 08:00:47.438824  1456  1456 I boot_progress_pms_data_scan_start: 44262
01-01 08:00:47.445410  1456  1456 I boot_progress_pms_scan_end: 44269
01-01 08:00:47.620579  1456  1456 I boot_progress_pms_ready: 44444
01-01 08:00:48.196568  1456  1456 I wm_stack_created: [0,0,0,0,0]
01-01 08:00:48.273413  1456  1456 I configuration_changed: 7672
01-01 08:00:48.282655  1456  1456 I configuration_changed: 1280
01-01 08:00:48.310305  1456  1456 I configuration_changed: 512
01-01 08:00:48.395897  1456  1574 I configuration_changed: 8
01-01 08:01:09.540226  1456  1456 I free_storage_left: [11750002688,1501360128,397475840]
01-01 08:01:09.540303  1456  1456 I free_storage_changed: 11750002688
01-01 08:01:09.656679  1456  1456 I stream_devices_changed: [0,0,1]
01-01 08:01:09.657340  1456  1456 I stream_devices_changed: [3,0,2]
01-01 08:01:09.657586  1456  1456 I stream_devices_changed: [4,0,2]
01-01 08:01:09.658002  1456  1456 I stream_devices_changed: [6,0,1]
01-01 08:01:09.658671  1456  1456 I stream_devices_changed: [2,0,2]
01-01 08:01:10.685600  1456  1456 I am_pre_boot: [0,com.wind.emode]
01-01 08:01:10.709995  1456  1497 I am_proc_start: [0,1651,1000,com.wind.emode,broadcast,com.wind.emode/.MatchingReceiver]
01-01 08:01:10.775441  1456  1456 I backup_transport_lifecycle: [android/com.android.internal.backup.LocalTransportService,1]
01-01 08:01:10.780032  1456  1456 I notification_cancel: [1000,1456,android,134545536,NULL,-1,0,0,8,NULL]
01-01 08:01:10.790594  1456  1489 I am_proc_bound: [0,1651,com.wind.emode]
01-01 08:01:10.846984  1456  1477 I am_pre_boot: [0,com.android.providers.calendar]
01-01 08:01:10.858917  1456  1477 I am_proc_start: [0,1678,10003,com.android.providers.calendar,broadcast,com.android.providers.calendar/.CalendarUpgradeReceiver]
01-01 08:01:10.914581  1456  1489 I am_proc_bound: [0,1678,com.android.providers.calendar]
01-01 08:01:10.960323  1678  1678 I calendar_upgrade_receiver: 16
01-01 08:01:10.962888  1456  1489 I am_pre_boot: [0,com.android.providers.contacts]
01-01 08:01:10.976761  1456  1489 I am_proc_start: [0,1691,10004,android.process.acore,broadcast,com.android.providers.contacts/.ContactsUpgradeReceiver]
01-01 08:01:11.059318  1456  1476 I am_proc_bound: [0,1691,android.process.acore]
01-01 08:01:11.852712  1691  1691 I contacts_upgrade_receiver: 767
01-01 08:01:11.857822  1456  1477 I am_pre_boot: [0,com.google.android.gsf]
01-01 08:01:11.872664  1456  1477 I am_proc_start: [0,1705,10011,com.google.process.gapps,broadcast,com.google.android.gsf/.loginservice.MigrateToAccountManagerBroadcastReceiver]
01-01 08:01:11.933569  1456  1489 I am_proc_bound: [0,1705,com.google.process.gapps]
01-01 08:01:11.971171  1456  1477 I am_pre_boot: [0,com.android.managedprovisioning]
01-01 08:01:11.985203  1456  1477 I am_proc_start: [0,1718,10014,com.android.managedprovisioning,broadcast,com.android.managedprovisioning/.PreBootListener]
01-01 08:01:12.034428  1456  1489 I am_proc_bound: [0,1718,com.android.managedprovisioning]
01-01 08:01:12.063707  1456  1477 I am_pre_boot: [0,com.android.providers.media]
01-01 08:01:12.077574  1456  1477 I am_proc_start: [0,1730,10008,android.process.media,broadcast,com.android.providers.media/.MediaUpgradeReceiver]
01-01 08:01:12.133763  1456  1489 I am_proc_bound: [0,1730,android.process.media]
01-01 08:01:12.190683  1456  1489 I am_pre_boot: [0,com.android.settings]
01-01 08:01:12.203671  1456  1489 I am_proc_start: [0,1743,1000,com.android.settings,broadcast,com.android.settings/.ManagedProfileSetup]
01-01 08:01:12.263578  1456  1477 I am_proc_bound: [0,1743,com.android.settings]
01-01 08:01:12.321383  1456  1497 I am_kill : [0,1651,com.wind.emode,15,system update done]
01-01 08:01:12.371663  1456  1497 I am_kill : [0,1678,com.android.providers.calendar,13,system update done]
01-01 08:01:12.425606  1456  1497 I am_kill : [0,1691,android.process.acore,13,system update done]
01-01 08:01:12.463220  1456  1497 I am_kill : [0,1705,com.google.process.gapps,11,system update done]
01-01 08:01:12.500582  1456  1497 I am_kill : [0,1718,com.android.managedprovisioning,11,system update done]
01-01 08:01:12.551211  1456  1497 I am_kill : [0,1730,android.process.media,9,system update done]
01-01 08:01:12.612218  1456  1497 I am_kill : [0,1743,com.android.settings,9,system update done]
01-01 08:01:12.650968  1456  1497 I boot_progress_ams_ready: 69474
01-01 08:01:12.694451  1456  1497 I am_proc_start: [0,1761,1000,com.mediatek.security,service,com.mediatek.security/.service.PermControlService]
01-01 08:01:12.699448  1456  1497 I battery_status: [4,2,1,0,Li-ion]
01-01 08:01:12.699572  1456  1497 I battery_level: [73,3996,290]
01-01 08:01:12.825289  1456  1497 I am_proc_start: [0,1780,1037,WebViewLoader-armeabi-v7a,,]
01-01 08:01:12.837133  1456  1497 I am_proc_start: [0,1785,1037,WebViewLoader-arm64-v8a,,]
01-01 08:01:12.838375  1456  1489 I am_proc_bound: [0,1761,com.mediatek.security]
01-01 08:01:12.863392  1456  1497 I am_proc_start: [0,1790,10023,com.android.systemui,service,com.android.systemui/.SystemUIService]
01-01 08:01:12.933232  1456  1797 I am_proc_start: [0,1805,10004,android.process.acore,content provider,com.android.providers.contacts/.CallLogProvider]
01-01 08:01:12.957616  1456  1456 I notification_enqueue: [1000,1761,com.mediatek.security,1200,NULL,0,Notification(pri=0 contentView=null vibrate=null sound=null tick defaults=0x0 flags=0x10 color=0x00000000 vis=PRIVATE),0]
01-01 08:01:12.996395  1456  1759 I am_proc_bound: [0,1790,com.android.systemui]
01-01 08:01:13.044571  1456  1477 I am_proc_bound: [0,1805,android.process.acore]
01-01 08:01:13.701246  1456  1758 I am_proc_start: [0,1987,10039,com.android.exchange,content provider,com.android.exchange/.provider.ExchangeDirectoryProvider]
01-01 08:01:13.776305  1790  1984 I sysui_action: [213,2]
01-01 08:01:13.801995  1456  1757 I am_proc_bound: [0,1987,com.android.exchange]
01-01 08:01:13.812362  1456  1456 I notification_cancel: [10023,1790,com.android.systemui,2131755032,low_battery,-1,0,64,8,NULL]
01-01 08:01:13.828403  1456  1456 I notification_cancel: [10023,1790,com.android.systemui,2131755035,NULL,0,0,64,8,NULL]
01-01 08:01:13.970692  1456  1759 I am_proc_start: [0,2086,10038,com.android.email,content provider,com.android.email/com.mediatek.email.provider.history.EmailAddressHisProviders]
01-01 08:01:14.079741  1456  1755 I am_proc_bound: [0,2086,com.android.email]
01-01 08:01:14.172084  1456  1499 I configuration_changed: 32
01-01 08:01:14.197043  1456  1497 I am_proc_start: [0,2150,10047,com.android.inputmethod.latin,service,com.android.inputmethod.latin/.LatinIME]
01-01 08:01:14.322305  1456  1760 I am_proc_bound: [0,2150,com.android.inputmethod.latin]
01-01 08:00:00.033626  1456  1497 I am_proc_start: [0,2181,1001,com.android.phone,added application,com.android.phone]
01-01 08:00:00.046893  1456  1497 I am_proc_start: [0,2186,1001,com.mediatek.gba,added application,com.mediatek.gba]
01-01 08:00:00.060363  1456  1497 I am_proc_start: [0,2191,1001,com.mediatek.ims,added application,com.mediatek.ims]
01-01 08:00:00.075255  1456  1497 I am_proc_start: [0,2196,1001,com.mediatek.wfo.impl,added application,com.mediatek.wfo.impl]
01-01 08:00:00.087297  1456  1497 I am_proc_start: [0,2201,1000,com.mediatek.voiceextension,added application,com.mediatek.voiceextension]
01-01 08:00:00.098894  1456  1497 I am_proc_start: [0,2206,1000,com.mediatek.voicecommand,added application,com.mediatek.voicecommand]
01-01 08:00:00.113964  1456  1497 I am_create_task: [0,1]
01-01 08:00:00.114999  1456  1497 I am_create_activity: [0,191884939,1,com.android.settings/.CryptKeeper,android.intent.action.MAIN,NULL,NULL,276824064]
01-01 08:00:00.117170  1456  1497 I wm_task_created: [1,0]
01-01 08:00:00.117317  1456  1497 I wm_task_moved: [1,1,0]
01-01 08:00:00.130045  1456  1497 I am_proc_start: [0,2213,1000,com.android.settings:CryptKeeper,activity,com.android.settings/.CryptKeeper]
01-01 08:00:00.131487  1456  1497 I wm_task_moved: [1,1,0]
01-01 08:00:00.133058  1456  1497 I am_focused_activity: [0,com.android.settings/.CryptKeeper]
01-01 08:00:00.151677  1456  1497 I am_proc_start: [0,2227,1000,com.fw.upgrade.sysoper,broadcast,com.fw.upgrade.sysoper/com.adups.fota.sysoper.TaskReceiver]
01-01 08:00:00.184597  1456  1497 I am_proc_start: [0,2252,10052,com.mediatek.mtklogger,broadcast,com.mediatek.mtklogger/.framework.LogReceiver]
01-01 08:00:00.214543  1456  1496 I am_proc_start: [0,2269,10064,com.android.printspooler,service,com.android.printspooler/.model.PrintSpoolerService]
01-01 08:00:00.215482  1456  1758 I am_proc_bound: [0,2181,com.android.phone]
01-01 08:00:00.223818  1456  1755 I am_proc_bound: [0,2186,com.mediatek.gba]
01-01 08:00:00.224918  1456  1489 I am_proc_bound: [0,2191,com.mediatek.ims]
01-01 08:00:00.237239  1456  1477 I am_proc_bound: [0,2196,com.mediatek.wfo.impl]
01-01 08:00:00.263025  1456  1477 I am_proc_bound: [0,2227,com.fw.upgrade.sysoper]
01-01 08:00:00.278388  1456  1760 I am_proc_bound: [0,2201,com.mediatek.voiceextension]
01-01 08:00:00.289216  1456  1477 I am_proc_bound: [0,2206,com.mediatek.voicecommand]
01-01 08:00:00.294095  1456  1756 I am_proc_bound: [0,2213,com.android.settings:CryptKeeper]
01-01 08:00:00.302196  1456  1756 I am_restart_activity: [0,191884939,1,com.android.settings/.CryptKeeper]
01-01 08:00:00.345150  1456  1477 I am_proc_bound: [0,2252,com.mediatek.mtklogger]
01-01 08:00:00.388432  1456  1489 I am_proc_bound: [0,2269,com.android.printspooler]
01-01 08:00:00.449426  1456  1476 I am_finish_activity: [0,191884939,1,com.android.settings/.CryptKeeper,app-request]
01-01 08:00:00.449980  1456  1476 I am_pause_activity: [0,191884939,com.android.settings/.CryptKeeper]
01-01 08:00:00.452731  1456  1489 I am_focused_activity: [0,com.android.settings/.CryptKeeper]
01-01 08:00:00.454172  1456  1489 I wm_task_moved: [1,1,0]
01-01 08:00:00.455037  1456  1489 I am_create_task: [0,2]
01-01 08:00:00.455102  1456  1489 I am_create_activity: [0,210776920,2,com.android.provision/.DefaultActivity,android.intent.action.MAIN,NULL,NULL,276824064]
01-01 08:00:00.455242  1456  1489 I wm_task_created: [2,0]
01-01 08:00:00.455293  1456  1489 I wm_task_moved: [2,1,1]
01-01 08:00:00.455394  1456  1489 I wm_task_moved: [2,1,1]
01-01 08:00:00.457206  1456  1489 I am_focused_activity: [0,com.android.provision/.DefaultActivity]
01-01 08:00:00.469022  1456  1489 I am_proc_start: [0,2324,10065,com.android.provision,activity,com.android.provision/.DefaultActivity]
01-01 08:00:00.590882  1456  1760 I am_proc_bound: [0,2324,com.android.provision]
01-01 08:00:00.592548  1456  1760 I am_restart_activity: [0,210776920,2,com.android.provision/.DefaultActivity]
01-01 08:00:00.744642  1456  2302 I am_proc_start: [0,2356,10000,com.qihoo.antivirus:server,broadcast,com.qihoo.antivirus/.packagepreview.UsbStateReceiver]
01-01 08:00:00.746633  1456  1489 I am_finish_activity: [0,210776920,2,com.android.provision/.DefaultActivity,app-request]
01-01 08:00:00.746946  1456  1489 I am_pause_activity: [0,210776920,com.android.provision/.DefaultActivity]
01-01 08:00:00.753389  1456  1476 I am_focused_activity: [0,com.android.provision/.DefaultActivity]
01-01 08:00:00.755594  1456  1476 I wm_task_moved: [2,1,1]
01-01 08:00:00.757080  1456  1476 I am_create_task: [0,3]
01-01 08:00:00.757157  1456  1476 I am_create_activity: [0,174986998,3,com.android.launcher3/.Launcher,android.intent.action.MAIN,NULL,NULL,268435456]
01-01 08:00:00.757388  1456  1476 I wm_task_created: [3,0]
01-01 08:00:00.757447  1456  1476 I wm_task_moved: [3,1,2]
01-01 08:00:00.757801  1456  1476 I wm_task_moved: [3,1,2]
01-01 08:00:00.759626  1456  1476 I am_focused_activity: [0,com.android.launcher3/.Launcher]
01-01 08:00:00.773220  1456  1476 I am_proc_start: [0,2363,10013,com.android.launcher3,activity,com.android.launcher3/.Launcher]
01-01 08:00:00.780000  2352  2352 I auditd  : type=1400 audit(0.0:26): avc: denied { setgid } for comm="volte_ua" capability=6 scontext=u:r:volte_ua:s0 tcontext=u:r:volte_ua:s0 tclass=capability permissive=0
01-01 08:00:00.796309  1456  2301 I am_proc_start: [0,2372,10009,com.android.externalstorage,broadcast,com.android.externalstorage/.MountReceiver]
01-01 08:00:00.871511  1456  1476 I am_proc_died: [0,2227,com.fw.upgrade.sysoper]
01-01 08:00:00.877453  1456  1456 I volume_changed: [2,8,12,15,android]
01-01 08:00:00.880653  1456  1456 I volume_changed: [4,8,12,15,android]
01-01 08:00:00.887125  1456  1456 I notification_enqueue: [1000,1761,com.mediatek.security,1201,NULL,0,Notification(pri=0 contentView=com.mediatek.security/0x109008d vibrate=null sound=null tick defaults=0x0 flags=0x60 color=0x00000000 vis=PRIVATE),0]
01-01 08:00:00.887977  1456  1456 I notification_cancel: [1000,1456,com.mediatek.security,1201,NULL,0,0,0,8,NULL]
01-01 08:00:00.888349  1456  1456 I notification_canceled: [0|com.mediatek.security|1201|null|1000,8,2,2,0]
01-01 08:00:00.902735  1456  1489 I am_proc_bound: [0,2363,com.android.launcher3]
01-01 08:00:00.905847  1456  1489 I am_restart_activity: [0,174986998,3,com.android.launcher3/.Launcher]
01-01 08:00:00.935806  1456  1477 I am_proc_bound: [0,2356,com.qihoo.antivirus:server]
01-01 08:00:00.939037  1456  1489 I am_proc_bound: [0,2372,com.android.externalstorage]
01-01 08:00:01.045987  1456  1606 I netstats_mobile_sample: [0,0,0,0,0,0,0,0,0,0,0,0,-1]
01-01 08:00:01.046173  1456  1606 I netstats_wifi_sample: [0,0,0,0,0,0,0,0,0,0,0,0,-1]
01-01 08:00:01.061214  1456  1606 I am_proc_start: [0,2415,10018,com.android.vending,broadcast,com.android.vending/com.google.android.finsky.receivers.LocationProviderChangedReceiver]
01-01 08:00:01.173655  1456  1756 I am_proc_bound: [0,2415,com.android.vending]
01-01 08:00:01.308922  1456  2301 I am_proc_start: [0,2441,10011,com.google.process.gapps,content provider,com.google.android.gsf/.gservices.GservicesProvider]
01-01 08:00:01.431223  1456  2302 I am_proc_bound: [0,2441,com.google.process.gapps]
01-01 08:00:01.842944  2363  2363 I am_on_resume_called: [0,com.android.launcher3.Launcher]
01-01 08:00:02.207735  1456  1512 I am_activity_launch_time: [0,174986998,com.android.launcher3/.Launcher,1447,2088]
01-01 08:00:02.222134  1456  1477 I am_destroy_activity: [0,191884939,1,com.android.settings/.CryptKeeper,finish-idle]
01-01 08:00:02.224198  1456  1477 I am_destroy_activity: [0,210776920,2,com.android.provision/.DefaultActivity,finish-idle]
01-01 08:00:02.226637  1456  1497 I boot_progress_enable_screen: 73539
01-01 08:00:02.227822  1456  1477 I wm_task_removed: [1,removeAppToken: last token]
01-01 08:00:02.228125  1456  1477 I wm_task_removed: [1,removeTask]
01-01 08:00:02.270789  1456  1497 I screen_toggled: 1
01-01 08:00:02.272178  1456  1477 I wm_task_removed: [2,removeAppToken: last token]
01-01 08:00:02.272300  1456  1477 I wm_task_removed: [2,removeTask]
01-01 08:00:02.531257  1456  1456 I notification_cancel: [10018,2415,com.android.vending,-1050172287,NULL,0,0,64,8,NULL]
01-01 08:00:02.697086  1456  2268 I am_proc_start: [0,2551,10008,android.process.media,content provider,com.android.providers.downloads/.DownloadProvider]
01-01 08:00:02.888140  1456  1477 I am_proc_bound: [0,2551,android.process.media]
01-01 08:00:03.599900  1456  1456 I notification_cancel: [10023,1790,com.android.systemui,2131755032,low_battery,-1,0,64,8,NULL]
01-01 08:00:03.611151  1456  1456 I notification_cancel: [10023,1790,com.android.systemui,2131755032,low_battery,-1,0,64,8,NULL]
01-01 08:00:03.674916  1456  1477 I am_pause_activity: [0,174986998,com.android.launcher3/.Launcher]
01-01 08:00:03.678213  2363  2363 I am_on_paused_called: [0,com.android.launcher3.Launcher]
01-01 08:00:03.711573  1456  1497 I am_focused_activity: [0,com.android.launcher3/.Launcher]
01-01 08:00:03.772815  1456  1456 I notification_cancel: [10023,1790,com.android.systemui,2131755032,low_battery,-1,0,64,8,NULL]
01-01 08:00:03.823527  1456  2275 I notification_expansion: [0|com.mediatek.security|1200|null|1000,0,1,-69134,-69134,0]
01-01 08:00:04.352605  1456  1476 I notification_cancel_all: [10008,2551,com.android.providers.downloads,0,0,64,9,NULL]
01-01 08:00:04.441097   270   270 I sf_frame_dur: [BootAnimation,298,1557,4,2,0,1,0]
01-01 08:00:04.441962  1456  1757 I notification_expansion: [0|com.mediatek.security|1200|null|1000,0,0,-68516,-68516,0]
01-01 08:00:04.465823  1790  1790 I sysui_status_bar_state: [1,1,0,0,0,1]
01-01 08:00:04.468817  1790  1790 I sysui_histogram: [note_load,1]
01-01 08:00:04.469540  1456  2302 I notification_panel_revealed: 1
01-01 08:00:04.471883  1456  2268 I notification_visibility: [0|com.mediatek.security|1200|null|1000,1,-68486,-68486,0,0]
01-01 08:00:04.532504   270   270 I sf_frame_dur: [KeyguardScrim,0,0,0,0,0,0,1]
01-01 08:00:04.784238  1456  1512 I am_proc_start: [0,2620,1002,com.android.bluetooth,on-hold,]
01-01 08:00:04.850000  2625  2625 I auditd  : type=1400 audit(0.0:27): avc: denied { write } for comm="ged_srv" name="property_service" dev="tmpfs" ino=8767 scontext=u:r:ged_srv:s0 tcontext=u:object_r:property_socket:s0 tclass=sock_file permissive=0
01-01 08:00:04.910110  1456  2268 I am_proc_bound: [0,2620,com.android.bluetooth]
01-01 08:00:05.400510  2181  2181 I cdma_service_state_change: [1,1,3,3]
01-01 08:00:05.427106  2181  2181 I gsm_service_state_change: [1,1,3,3]
01-01 08:00:05.524102  2181  2181 I gsm_service_state_change: [1,1,3,3]
01-01 08:00:05.565374  2181  2181 I cdma_service_state_change: [1,1,3,3]
01-01 08:00:05.604536  1456  1456 I notification_cancel: [1001,2181,com.android.phone,8903,NULL,0,0,64,8,NULL]
01-01 08:00:05.673845  1456  2301 I am_proc_start: [0,2699,10015,com.android.mms,broadcast,com.android.mms/com.mediatek.wappush.WapPushTimeChangedReceiver]
01-01 08:00:05.778402  1456  1489 I am_proc_bound: [0,2699,com.android.mms]
01-01 08:00:06.080682  1456  1758 I am_proc_start: [0,2733,10035,com.android.deskclock,broadcast,com.android.deskclock/.AlarmInitReceiver]
01-01 08:00:06.148771  1456  2301 I am_proc_died: [0,2620,com.android.bluetooth]
01-01 08:00:06.171140  1456  1476 I am_proc_bound: [0,2733,com.android.deskclock]
01-01 08:00:06.330389  1456  2275 I am_proc_start: [0,2747,10037,com.mediatek.providers.drm,broadcast,com.mediatek.providers.drm/.TimeChangedReceiver]
01-01 08:00:06.408014  2181  2181 I cdma_service_state_change: [3,3,1,1]
01-01 08:00:06.437748  2181  2181 I gsm_service_state_change: [3,3,1,1]
01-01 08:00:06.445798  1456  1755 I am_proc_bound: [0,2747,com.mediatek.providers.drm]
01-01 08:00:06.496281  1456  2302 I am_proc_start: [0,2762,10054,com.android.calendar,broadcast,com.android.calendar/.widget.CalendarAppWidgetService$CalendarFactory]
01-01 08:00:06.571045  1456  1477 I am_proc_bound: [0,2762,com.android.calendar]
01-01 08:00:06.654547  1456  1476 I am_proc_start: [0,2777,1000,com.mediatek.schpwronoff,broadcast,com.mediatek.schpwronoff/.AlarmInitReceiver]
01-01 08:00:06.655321  1456  1476 I am_kill : [0,1761,com.mediatek.security,15,empty #17]
01-01 08:00:06.692008  1456  2302 I am_proc_died: [0,1761,com.mediatek.security]
01-01 08:00:06.739951  1456  1756 I am_proc_bound: [0,2777,com.mediatek.schpwronoff]
01-01 08:00:06.765778  1456  1758 I notification_cancel_all: [10008,2551,com.android.providers.downloads,0,0,64,9,NULL]
01-01 08:00:06.787497  1456  1456 I am_proc_start: [0,2792,10004,com.android.contacts,broadcast,com.android.contacts/com.mediatek.contacts.simcontact.BootCmpReceiver]
01-01 08:00:06.805981  1456  2301 I am_kill : [0,2372,com.android.externalstorage,15,empty #17]
01-01 08:00:06.842564  1456  1759 I am_proc_died: [0,2372,com.android.externalstorage]
01-01 08:00:06.870111  1456  1755 I am_proc_bound: [0,2792,com.android.contacts]
01-01 08:00:06.921657  1456  1477 I notification_cancel_all: [10004,2792,com.android.contacts,0,0,64,9,NULL]
01-01 08:00:06.935720  1456  1756 I am_kill : [0,1987,com.android.exchange,15,empty #17]
01-01 08:00:07.010110  1456  1497 I am_proc_start: [0,2807,1000,com.android.settings,broadcast,com.android.settings/com.mediatek.settings.RestoreRotationReceiver]
01-01 08:00:07.011064  1456  1758 I am_proc_died: [0,1987,com.android.exchange]
01-01 08:00:07.127355  1456  2302 I am_proc_bound: [0,2807,com.android.settings]
01-01 08:00:07.280232  1456  1489 I am_proc_start: [0,2819,10056,com.android.quicksearchbox,broadcast,com.android.quicksearchbox/.SearchWidgetProvider]
01-01 08:00:07.280899  1456  1489 I am_kill : [0,2213,com.android.settings:CryptKeeper,15,empty #17]
01-01 08:00:07.322612  1456  1756 I am_proc_died: [0,2213,com.android.settings:CryptKeeper]
01-01 08:00:07.372526  1456  1755 I am_proc_bound: [0,2819,com.android.quicksearchbox]
01-01 08:00:07.434512  1456  1759 I am_kill : [0,2324,com.android.provision,15,empty #17]
01-01 08:00:07.482041  1456  2302 I am_proc_died: [0,2324,com.android.provision]
01-01 08:00:07.857458  1456  2837 I am_proc_start: [0,2839,1000,com.android.keychain,service,com.android.keychain/.KeyChainService]
01-01 08:00:07.891576  1456  1757 I am_proc_start: [0,2847,1000,com.wind.emode,broadcast,com.wind.emode/.MatchingReceiver]
01-01 08:00:07.931413  1456  1755 I am_proc_bound: [0,2839,com.android.keychain]
01-01 08:00:07.958344  1456  1456 I notification_cancel: [1000,1456,android,17039592,NULL,0,0,0,8,NULL]
01-01 08:00:07.959822  1456  1757 I am_kill : [0,2441,com.google.process.gapps,15,empty #17]
01-01 08:00:08.023122  1456  1476 I am_proc_bound: [0,2847,com.wind.emode]
01-01 08:00:08.025007  1456  1756 I am_proc_died: [0,2441,com.google.process.gapps]
01-01 08:00:08.067138  1456  1759 I am_proc_start: [0,2869,10007,com.android.dialer,broadcast,com.android.dialer/.calllog.CallLogReceiver]
01-01 08:00:08.171100  1456  1758 I am_proc_bound: [0,2869,com.android.dialer]
01-01 08:00:08.337047  1456  2268 I am_proc_start: [0,2892,10001,com.apkpure.aegon,broadcast,com.apkpure.aegon/.receivers.BootEventReceiver]
01-01 08:00:08.339362  1456  1456 I notification_cancel: [10007,2869,com.android.dialer,1,DefaultVoicemailNotifier,0,0,64,8,NULL]
01-01 08:00:08.342896  1456  2275 I am_kill : [0,2415,com.android.vending,15,empty #17]
01-01 08:00:08.401264  1456  1756 I am_proc_died: [0,2415,com.android.vending]
01-01 08:00:08.434294  1456  1476 I am_proc_bound: [0,2892,com.apkpure.aegon]
01-01 08:00:08.541145  1456  1456 I notification_cancel: [1001,2181,com.android.phone,8903,NULL,0,0,64,8,NULL]
01-01 08:00:09.138176  1456  2302 I am_kill : [0,2269,com.android.printspooler,15,empty #17]
01-01 08:00:09.211273  1456  1759 I am_proc_died: [0,2269,com.android.printspooler]
01-01 08:00:09.362775  1456  1489 I am_proc_start: [0,2957,10003,com.android.providers.calendar,broadcast,com.android.providers.calendar/.CalendarReceiver]
01-01 08:00:09.363439  1456  1489 I am_kill : [0,2733,com.android.deskclock,15,empty #17]
01-01 08:00:09.410321  1456  2302 I am_proc_died: [0,2733,com.android.deskclock]
01-01 08:00:09.460694  1456  1756 I am_proc_bound: [0,2957,com.android.providers.calendar]
01-01 08:00:09.592028  1456  2302 I notification_cancel_all: [10008,2551,com.android.providers.downloads,0,0,64,9,NULL]
01-01 08:00:09.605944  1456  1758 I am_proc_start: [0,2972,10012,com.oasisfeng.greenify,broadcast,com.oasisfeng.greenify/.Startup]
01-01 08:00:09.689958  1456  1757 I am_proc_bound: [0,2972,com.oasisfeng.greenify]
01-01 08:00:09.802062  1456  1756 I am_proc_start: [0,2988,10012,com.oasisfeng.greenify:service,service,com.oasisfeng.greenify/.engine.WakeupMonitor]
01-01 08:00:09.804701  1456  2275 I am_kill : [0,2747,com.mediatek.providers.drm,15,empty #17]
01-01 08:00:09.862623  1456  2302 I am_proc_died: [0,2747,com.mediatek.providers.drm]
01-01 08:00:09.865760  1456  1758 I am_kill : [0,2777,com.mediatek.schpwronoff,15,empty #17]
01-01 08:00:09.923101  1456  1756 I am_proc_died: [0,2777,com.mediatek.schpwronoff]
01-01 08:00:09.934675  1456  1758 I am_proc_start: [0,3001,10014,com.android.managedprovisioning,broadcast,com.android.managedprovisioning/.BootReminder]
01-01 08:00:09.935265  1456  1760 I am_proc_bound: [0,2988,com.oasisfeng.greenify:service]
01-01 08:00:10.017982  1456  1757 I am_kill : [0,2807,com.android.settings,15,empty #17]
01-01 08:00:10.020000  3009  3009 I auditd  : type=1400 audit(0.0:28): avc: denied { getattr } for comm="Thread-191" path="/proc/1" dev="proc" ino=8762 scontext=u:r:untrusted_app:s0:c512,c768 tcontext=u:r:init:s0 tclass=dir permissive=0
01-01 08:00:10.020000  3009  3009 I auditd  : type=1400 audit(0.0:29): avc: denied { getattr } for comm="Thread-191" path="/proc/2" dev="proc" ino=12131 scontext=u:r:untrusted_app:s0:c512,c768 tcontext=u:r:kernel:s0 tclass=dir permissive=0
01-01 08:00:10.020000  3009  3009 I auditd  : type=1400 audit(0.0:30): avc: denied { getattr } for comm="Thread-191" path="/proc/3" dev="proc" ino=12132 scontext=u:r:untrusted_app:s0:c512,c768 tcontext=u:r:kernel:s0 tclass=dir permissive=0
01-01 08:00:10.020000  3009  3009 I auditd  : type=1400 audit(0.0:31): avc: denied { getattr } for comm="Thread-191" path="/proc/4" dev="proc" ino=12133 scontext=u:r:untrusted_app:s0:c512,c768 tcontext=u:r:kernel:s0 tclass=dir permissive=0
01-01 08:00:10.020000  3009  3009 I auditd  : type=1400 audit(0.0:32): avc: denied { getattr } for comm="Thread-191" path="/proc/5" dev="proc" ino=12134 scontext=u:r:untrusted_app:s0:c512,c768 tcontext=u:r:kernel:s0 tclass=dir permissive=0
01-01 08:00:10.020000  3009  3009 I auditd  : type=1400 audit(0.0:33): avc: denied { getattr } for comm="Thread-191" path="/proc/6" dev="proc" ino=12135 scontext=u:r:untrusted_app:s0:c512,c768 tcontext=u:r:kernel:s0 tclass=dir permissive=0
01-01 08:00:10.020000  3009  3009 I auditd  : type=1400 audit(0.0:34): avc: denied { getattr } for comm="Thread-191" path="/proc/7" dev="proc" ino=12136 scontext=u:r:untrusted_app:s0:c512,c768 tcontext=u:r:kernel:s0 tclass=dir permissive=0
01-01 08:00:10.020000  3009  3009 I auditd  : type=1400 audit(0.0:35): avc: denied { getattr } for comm="Thread-191" path="/proc/8" dev="proc" ino=12137 scontext=u:r:untrusted_app:s0:c512,c768 tcontext=u:r:kernel:s0 tclass=dir permissive=0
01-01 08:00:10.020000  3009  3009 I auditd  : type=1400 audit(0.0:36): avc: denied { getattr } for comm="Thread-191" path="/proc/9" dev="proc" ino=12138 scontext=u:r:untrusted_app:s0:c512,c768 tcontext=u:r:kernel:s0 tclass=dir permissive=0
01-01 08:00:10.020000  3009  3009 I auditd  : type=1400 audit(0.0:37): avc: denied { getattr } for comm="Thread-191" path="/proc/10" dev="proc" ino=12139 scontext=u:r:untrusted_app:s0:c512,c768 tcontext=u:r:kernel:s0 tclass=dir permissive=0
01-01 08:00:10.020000  3009  3009 I auditd  : type=1400 audit(0.0:38): avc: denied { getattr } for comm="Thread-191" path="/proc/11" dev="proc" ino=12140 scontext=u:r:untrusted_app:s0:c512,c768 tcontext=u:r:kernel:s0 tclass=dir permissive=0
01-01 08:00:10.020000  3009  3009 I auditd  : type=1400 audit(0.0:39): avc: denied { getattr } for comm="Thread-191" path="/proc/12" dev="proc" ino=12141 scontext=u:r:untrusted_app:s0:c512,c768 tcontext=u:r:kernel:s0 tclass=dir permissive=0
01-01 08:00:10.020000  3009  3009 I auditd  : type=1400 audit(0.0:40): avc: denied { getattr } for comm="Thread-191" path="/proc/13" dev="proc" ino=12142 scontext=u:r:untrusted_app:s0:c512,c768 tcontext=u:r:kernel:s0 tclass=dir permissive=0
01-01 08:00:10.020000  3009  3009 I auditd  : type=1400 audit(0.0:41): avc: denied { getattr } for comm="Thread-191" path="/proc/14" dev="proc" ino=12143 scontext=u:r:untrusted_app:s0:c512,c768 tcontext=u:r:kernel:s0 tclass=dir permissive=0
01-01 08:00:10.020000  3009  3009 I auditd  : type=1400 audit(0.0:42): avc: denied { getattr } for comm="Thread-191" path="/proc/15" dev="proc" ino=12144 scontext=u:r:untrusted_app:s0:c512,c768 tcontext=u:r:kernel:s0 tclass=dir permissive=0
01-01 08:00:10.020000  3009  3009 I auditd  : type=1400 audit(0.0:43): avc: denied { getattr } for comm="Thread-191" path="/proc/16" dev="proc" ino=12145 scontext=u:r:untrusted_app:s0:c512,c768 tcontext=u:r:kernel:s0 tclass=dir permissive=0
01-01 08:00:10.020000  3009  3009 I auditd  : type=1400 audit(0.0:44): avc: denied { getattr } for comm="Thread-191" path="/proc/17" dev="proc" ino=12146 scontext=u:r:untrusted_app:s0:c512,c768 tcontext=u:r:kernel:s0 tclass=dir permissive=0
01-01 08:00:10.020000  3009  3009 I auditd  : type=1400 audit(0.0:45): avc: denied { getattr } for comm="Thread-191" path="/proc/18" dev="proc" ino=12147 scontext=u:r:untrusted_app:s0:c512,c768 tcontext=u:r:kernel:s0 tclass=dir permissive=0
01-01 08:00:10.020000  3009  3009 I auditd  : type=1400 audit(0.0:46): avc: denied { getattr } for comm="Thread-191" path="/proc/19" dev="proc" ino=12148 scontext=u:r:untrusted_app:s0:c512,c768 tcontext=u:r:kernel:s0 tclass=dir permissive=0
01-01 08:00:10.020000  3009  3009 I auditd  : type=1400 audit(0.0:47): avc: denied { getattr } for comm="Thread-191" path="/proc/20" dev="proc" ino=12149 scontext=u:r:untrusted_app:s0:c512,c768 tcontext=u:r:kernel:s0 tclass=dir permissive=0
01-01 08:00:10.020000  3009  3009 I auditd  : type=1400 audit(0.0:48): avc: denied { getattr } for comm="Thread-191" path="/proc/21" dev="proc" ino=12150 scontext=u:r:untrusted_app:s0:c512,c768 tcontext=u:r:kernel:s0 tclass=dir permissive=0
01-01 08:00:10.020000  3009  3009 I auditd  : type=1400 audit(0.0:49): avc: denied { getattr } for comm="Thread-191" path="/proc/22" dev="proc" ino=12151 scontext=u:r:untrusted_app:s0:c512,c768 tcontext=u:r:kernel:s0 tclass=dir permissive=0
01-01 08:00:10.020000  3009  3009 I auditd  : type=1400 audit(0.0:50): avc: denied { getattr } for comm="Thread-191" path="/proc/23" dev="proc" ino=12152 scontext=u:r:untrusted_app:s0:c512,c768 tcontext=u:r:kernel:s0 tclass=dir permissive=0
01-01 08:00:10.020000  3009  3009 I auditd  : type=1400 audit(0.0:51): avc: denied { getattr } for comm="Thread-191" path="/proc/24" dev="proc" ino=12153 scontext=u:r:untrusted_app:s0:c512,c768 tcontext=u:r:kernel:s0 tclass=dir permissive=0
01-01 08:00:10.020000  3009  3009 I auditd  : type=1400 audit(0.0:52): avc: denied { getattr } for comm="Thread-191" path="/proc/25" dev="proc" ino=12154 scontext=u:r:untrusted_app:s0:c512,c768 tcontext=u:r:kernel:s0 tclass=dir permissive=0
01-01 08:00:10.020000  3009  3009 I auditd  : type=1400 audit(0.0:53): avc: denied { getattr } for comm="Thread-191" path="/proc/26" dev="proc" ino=12155 scontext=u:r:untrusted_app:s0:c512,c768 tcontext=u:r:kernel:s0 tclass=dir permissive=0
01-01 08:00:10.020000  3009  3009 I auditd  : type=1400 audit(0.0:54): avc: denied { getattr } for comm="Thread-191" path="/proc/27" dev="proc" ino=12156 scontext=u:r:untrusted_app:s0:c512,c768 tcontext=u:r:kernel:s0 tclass=dir permissive=0
01-01 08:00:10.020000  3009  3009 I auditd  : type=1400 audit(0.0:55): avc: denied { getattr } for comm="Thread-191" path="/proc/28" dev="proc" ino=12157 scontext=u:r:untrusted_app:s0:c512,c768 tcontext=u:r:kernel:s0 tclass=dir permissive=0
01-01 08:00:10.020000  3009  3009 I auditd  : type=1400 audit(0.0:56): avc: denied { getattr } for comm="Thread-191" path="/proc/29" dev="proc" ino=12158 scontext=u:r:untrusted_app:s0:c512,c768 tcontext=u:r:kernel:s0 tclass=dir permissive=0
01-01 08:00:10.020000  3009  3009 I auditd  : type=1400 audit(0.0:57): avc: denied { getattr } for comm="Thread-191" path="/proc/30" dev="proc" ino=12159 scontext=u:r:untrusted_app:s0:c512,c768 tcontext=u:r:kernel:s0 tclass=dir permissive=0
01-01 08:00:10.020000  3009  3009 I auditd  : type=1400 audit(0.0:58): avc: denied { getattr } for comm="Thread-191" path="/proc/31" dev="proc" ino=12160 scontext=u:r:untrusted_app:s0:c512,c768 tcontext=u:r:kernel:s0 tclass=dir permissive=0
01-01 08:00:10.020000  3009  3009 I auditd  : type=1400 audit(0.0:59): avc: denied { getattr } for comm="Thread-191" path="/proc/32" dev="proc" ino=12161 scontext=u:r:untrusted_app:s0:c512,c768 tcontext=u:r:kernel:s0 tclass=dir permissive=0
01-01 08:00:10.020000  3009  3009 I auditd  : type=1400 audit(0.0:60): avc: denied { getattr } for comm="Thread-191" path="/proc/33" dev="proc" ino=12162 scontext=u:r:untrusted_app:s0:c512,c768 tcontext=u:r:kernel:s0 tclass=dir permissive=0
01-01 08:00:10.020000  3009  3009 I auditd  : type=1400 audit(0.0:61): avc: denied { getattr } for comm="Thread-191" path="/proc/34" dev="proc" ino=12163 scontext=u:r:untrusted_app:s0:c512,c768 tcontext=u:r:kernel:s0 tclass=dir permissive=0
01-01 08:00:10.020000  3009  3009 I auditd  : type=1400 audit(0.0:62): avc: denied { getattr } for comm="Thread-191" path="/proc/35" dev="proc" ino=12164 scontext=u:r:untrusted_app:s0:c512,c768 tcontext=u:r:kernel:s0 tclass=dir permissive=0
01-01 08:00:10.080775  1456  2275 I am_proc_bound: [0,3001,com.android.managedprovisioning]
01-01 08:00:10.082481  1456  1476 I am_proc_died: [0,2807,com.android.settings]
01-01 08:00:10.168273  1456  1456 I notification_cancel: [10015,2699,com.android.mms,123,NULL,0,0,64,8,NULL]
01-01 08:00:10.168919  1456  1456 I notification_cancel: [10015,2699,com.android.mms,123,NULL,0,0,64,8,NULL]
01-01 08:00:10.198303  1456  1758 I am_proc_start: [0,3023,10016,com.android.onetimeinitializer,broadcast,com.android.onetimeinitializer/.OneTimeInitializerReceiver]
01-01 08:00:10.208376  1456  1456 I notification_cancel: [10015,2699,com.android.mms,126,NULL,0,0,64,8,NULL]
01-01 08:00:10.294316  1456  1477 I am_proc_bound: [0,3023,com.android.onetimeinitializer]
01-01 08:00:10.322863  1456  2275 I am_proc_start: [0,3037,10018,com.android.vending,broadcast,com.android.vending/com.google.android.finsky.receivers.BootCompletedReceiver]
01-01 08:00:10.410815  1456  1759 I am_proc_bound: [0,3037,com.android.vending]
01-01 08:00:10.458373  1456  1755 I am_proc_start: [0,3049,10011,com.google.process.gapps,content provider,com.google.android.gsf/.gservices.GservicesProvider]
01-01 08:00:10.556955  1456  1759 I am_proc_bound: [0,3049,com.google.process.gapps]
01-01 08:00:10.748638  1456  1456 I notification_cancel: [10018,3037,com.android.vending,-1050172287,NULL,0,0,64,8,NULL]
01-01 08:00:10.791676  1456  1760 I am_proc_start: [0,3087,1000,com.android.settings,broadcast,com.android.settings/com.mediatek.settings.RestoreRotationReceiver]
01-01 08:00:10.792852  1456  1760 I am_kill : [0,2819,com.android.quicksearchbox,15,empty #17]
01-01 08:00:10.840576  1456  1760 I am_kill : [0,2086,com.android.email,15,empty #18]
01-01 08:00:10.904509  1456  2275 I am_proc_bound: [0,3087,com.android.settings]
01-01 08:00:10.907033  1456  2301 I am_proc_died: [0,2086,com.android.email]
01-01 08:00:10.908488  1456  1758 I am_proc_died: [0,2819,com.android.quicksearchbox]
01-01 08:00:10.951845  1456  1496 I am_pss  : [2363,10013,com.android.launcher3,48386048,41289728]
01-01 08:00:10.979716  1456  1489 I am_kill : [0,2356,com.qihoo.antivirus:server,15,empty #17]
01-01 08:00:11.043508  1456  1760 I am_proc_died: [0,2356,com.qihoo.antivirus:server]
01-01 08:00:11.119155  1456  1758 I am_proc_start: [0,3107,1000,com.mediatek.atci.service,broadcast,com.mediatek.atci.service/.AtciIntentReceiver]
01-01 08:00:11.232544  1456  2275 I am_proc_bound: [0,3107,com.mediatek.atci.service]
01-01 08:00:11.267288  1456  1476 I am_proc_start: [0,3119,1000,com.mediatek.batterywarning,broadcast,com.mediatek.batterywarning/.BatteryWarningReceiver]
01-01 08:00:11.356981  1456  1489 I am_proc_bound: [0,3119,com.mediatek.batterywarning]
01-01 08:00:11.409642  1456  2275 I am_proc_start: [0,3134,10032,com.mediatek.camera,broadcast,com.mediatek.camera/com.android.camera.DisableCameraReceiver]
01-01 08:00:11.410749  1456  2275 I am_kill : [0,2839,com.android.keychain,15,empty #17]
01-01 08:00:11.458952  1456  1759 I am_proc_died: [0,2839,com.android.keychain]
01-01 08:00:11.515431  1456  1760 I am_proc_bound: [0,3134,com.mediatek.camera]
01-01 08:00:11.572196  1456  2268 I am_proc_start: [0,3146,10035,com.android.deskclock,broadcast,com.android.deskclock/.AlarmInitReceiver]
01-01 08:00:11.573295  1456  2268 I am_kill : [0,2847,com.wind.emode,15,empty #17]
01-01 08:00:11.643665  1456  1760 I am_proc_died: [0,2847,com.wind.emode]
01-01 08:00:11.677253  1456  2302 I am_proc_bound: [0,3146,com.android.deskclock]
01-01 08:00:11.761524  1456  2301 I am_proc_start: [0,3161,10038,com.android.email,broadcast,com.android.email/.service.EmailUpgradeBroadcastReceiver]
01-01 08:00:11.762475  1456  2301 I am_kill : [0,2869,com.android.dialer,15,empty #17]
01-01 08:00:11.809979  1456  1758 I am_proc_died: [0,2869,com.android.dialer]
01-01 08:00:11.888233  1456  1756 I am_proc_bound: [0,3161,com.android.email]
01-01 08:00:11.954800  1456  2301 I am_proc_start: [0,3174,10039,com.android.exchange,service,com.android.exchange/.service.EasService]
01-01 08:00:12.023489  1456  2302 I am_proc_start: [0,3189,1001,com.mediatek.engineermode,broadcast,com.mediatek.engineermode/.boot.EmBootupReceiver]
01-01 08:00:12.065936  1456  1476 I am_proc_bound: [0,3174,com.android.exchange]
01-01 08:00:12.087457  1456  2301 I am_kill : [0,1805,android.process.acore,15,empty #17]
01-01 08:00:12.151603  1456  2268 I am_proc_bound: [0,3189,com.mediatek.engineermode]
01-01 08:00:12.153712  1456  1757 I am_proc_died: [0,1805,android.process.acore]
01-01 08:00:12.207514  1456  1756 I am_kill : [0,2892,com.apkpure.aegon,15,empty #17]
01-01 08:00:12.359969  1456  1756 I am_proc_start: [0,3221,1001,com.mediatek.hetcomm,broadcast,com.mediatek.hetcomm/.HetCommReceiver]
01-01 08:00:12.360775  1456  1756 I am_kill : [0,2252,com.mediatek.mtklogger,15,empty #17]
01-01 08:00:12.408749  1456  1477 I am_proc_died: [0,2892,com.apkpure.aegon]
01-01 08:00:12.409768  1456  2302 I am_proc_died: [0,2252,com.mediatek.mtklogger]
01-01 08:00:12.485825  1456  1759 I am_proc_bound: [0,3221,com.mediatek.hetcomm]
01-01 08:00:12.513469  1456  1756 I am_kill : [0,2762,com.android.calendar,15,empty #17]
01-01 08:00:12.572160  1456  1757 I am_proc_died: [0,2762,com.android.calendar]
01-01 08:00:12.594174  1456  2268 I am_proc_start: [0,3233,1000,com.mediatek.thermalmanager,broadcast,com.mediatek.thermalmanager/.ServiceStarter]
01-01 08:00:12.704763  1456  2301 I am_proc_bound: [0,3233,com.mediatek.thermalmanager]
01-01 08:00:12.741790  1456  2301 I am_proc_start: [0,3245,10054,com.android.calendar,broadcast,com.android.calendar/.alerts.AlertReceiver]
01-01 08:00:12.742851  1456  2301 I am_kill : [0,2957,com.android.providers.calendar,15,empty #17]
01-01 08:00:12.812141  1456  1760 I am_proc_died: [0,2957,com.android.providers.calendar]
01-01 08:00:12.844859  1456  2268 I am_proc_bound: [0,3245,com.android.calendar]
01-01 08:00:12.906560  1456  1758 I am_proc_start: [0,3262,10015,com.mediatek.omacp,broadcast,com.mediatek.omacp/.message.OmacpReceiver]
01-01 08:00:12.949499  1456  1755 I am_proc_start: [0,3268,10003,com.android.providers.calendar,content provider,com.android.providers.calendar/.CalendarProvider2]
01-01 08:00:13.002974  1456  1757 I am_proc_bound: [0,3262,com.mediatek.omacp]
01-01 08:00:13.061071  1456  1476 I am_proc_start: [0,3282,1000,com.mediatek.schpwronoff,broadcast,com.mediatek.schpwronoff/.AlarmInitReceiver]
01-01 08:00:13.086330  1456  1456 I notification_cancel: [10023,1790,com.android.systemui,2131755032,low_battery,-1,0,64,8,NULL]
01-01 08:00:13.086394  1456  1760 I am_proc_bound: [0,3268,com.android.providers.calendar]
01-01 08:00:13.136036  1456  1456 I notification_cancel: [10015,3262,com.mediatek.omacp,126,NULL,0,0,64,8,NULL]
01-01 08:00:13.139343  1456  1757 I am_kill : [0,2792,com.android.contacts,15,empty #17]
01-01 08:00:13.192604  1456  1760 I am_proc_bound: [0,3282,com.mediatek.schpwronoff]
01-01 08:00:13.195252  1456  1756 I am_proc_died: [0,2792,com.android.contacts]
01-01 08:00:13.202793  1456  2268 I am_kill : [0,2972,com.oasisfeng.greenify,15,empty #17]
01-01 08:00:13.260596  1456  2301 I am_proc_died: [0,2972,com.oasisfeng.greenify]
01-01 08:00:13.281567  1456  1477 I am_proc_start: [0,3304,10066,org.simalliance.openmobileapi.service,broadcast,org.simalliance.openmobileapi.service/.SmartcardServiceBootCompletedBroadcastReceiver]
01-01 08:00:13.310015  1456  2302 I am_kill : [0,2988,com.oasisfeng.greenify:service,15,empty #17]
01-01 08:00:13.383445  1456  2275 I am_proc_bound: [0,3304,org.simalliance.openmobileapi.service]
01-01 08:00:13.385875  1456  1757 I am_proc_died: [0,2988,com.oasisfeng.greenify:service]
01-01 08:00:13.425333  1456  2275 I am_proc_start: [0,3316,10066,org.simalliance.openmobileapi.service:remote,service,org.simalliance.openmobileapi.service/.SmartcardService]
01-01 08:00:13.427271  1456  1756 I am_kill : [0,3001,com.android.managedprovisioning,15,empty #17]
01-01 08:00:13.480929  1456  1477 I am_proc_died: [0,3001,com.android.managedprovisioning]
01-01 08:00:13.499824  1456  1760 I am_proc_start: [0,3322,1000,com.wind.windruntimetest,broadcast,com.wind.windruntimetest/.RuntimeTestBootReceiver]
01-01 08:00:13.561277  1456  1489 I am_proc_bound: [0,3316,org.simalliance.openmobileapi.service:remote]
01-01 08:00:13.606586  1456  1756 I am_proc_start: [0,3341,10068,org.simalliance.openmobileapi.uicc1terminal,service,org.simalliance.openmobileapi.uicc1terminal/.Uicc1Terminal]
01-01 08:00:13.608181  1456  1758 I am_proc_bound: [0,3322,com.wind.windruntimetest]
01-01 08:00:13.629574  1456  2268 I am_proc_start: [0,3346,10069,org.simalliance.openmobileapi.uicc2terminal,service,org.simalliance.openmobileapi.uicc2terminal/.Uicc2Terminal]
01-01 08:00:13.648384  1456  1758 I am_proc_start: [0,3351,10070,org.simalliance.openmobileapi.eseterminal,service,org.simalliance.openmobileapi.eseterminal/.eSETerminal]
01-01 08:00:13.733101  1456  1489 I am_proc_bound: [0,3341,org.simalliance.openmobileapi.uicc1terminal]
01-01 08:00:13.758195  1456  1757 I am_proc_bound: [0,3346,org.simalliance.openmobileapi.uicc2terminal]
01-01 08:00:13.760799  1456  1759 I am_proc_bound: [0,3351,org.simalliance.openmobileapi.eseterminal]
01-01 08:00:13.853333  1456  1476 I am_kill : [0,3023,com.android.onetimeinitializer,15,empty #17]
01-01 08:00:13.945593  1456  1489 I am_proc_died: [0,3023,com.android.onetimeinitializer]
01-01 08:00:13.994827  1456  1756 I am_proc_start: [0,3385,10000,com.qihoo.antivirus:server,broadcast,com.qihoo.antivirus/.server.app.QuickStartupReceiver]
01-01 08:00:14.090200  1456  1756 I am_proc_bound: [0,3385,com.qihoo.antivirus:server]
01-01 08:00:14.285885  1456  1756 I am_kill : [0,3049,com.google.process.gapps,15,empty #17]
01-01 08:00:14.353988  1456  1759 I am_proc_start: [0,3408,10004,android.process.acore,content provider,com.android.providers.contacts/.CallLogProvider]
01-01 08:00:14.354255  1456  1755 I am_proc_died: [0,3049,com.google.process.gapps]
01-01 08:00:14.490950  1456  1476 I am_proc_bound: [0,3408,android.process.acore]
01-01 08:00:14.699005  1456  1756 I am_kill : [0,3119,com.mediatek.batterywarning,15,empty #17]
01-01 08:00:14.742959  1456  1515 I power_sleep_requested: 0
01-01 08:00:14.751791  1456  2302 I am_proc_died: [0,3119,com.mediatek.batterywarning]
01-01 08:00:14.756946  1456  1489 I am_kill : [0,3134,com.mediatek.camera,15,empty #17]
01-01 08:00:14.810518  1456  2302 I am_proc_died: [0,3134,com.mediatek.camera]
01-01 08:00:15.111242  1456  2268 I am_proc_start: [0,3444,10044,com.android.gallery3d,broadcast,com.android.gallery3d/.app.PackagesMonitor]
01-01 08:00:15.251821  1456  2275 I am_proc_bound: [0,3444,com.android.gallery3d]
01-01 08:00:15.515049  1456  1757 I am_kill : [0,3189,com.mediatek.engineermode,15,empty #17]
01-01 08:00:15.573397  1456  2275 I am_proc_died: [0,3189,com.mediatek.engineermode]
01-01 08:00:15.637862  1456  1476 I am_proc_start: [0,3462,10056,com.android.quicksearchbox,broadcast,com.android.quicksearchbox/.CorporaUpdateReceiver]
01-01 08:00:15.709461  1456  1757 I am_proc_bound: [0,3462,com.android.quicksearchbox]
01-01 08:00:15.736062  1456  1476 I am_kill : [0,3161,com.android.email,15,empty #17]
