01-01 08:01:40.796361  2363  2363 I am_on_resume_called: [0,com.android.launcher3.Launcher]
01-01 08:01:40.817283  1456  2301 I am_destroy_activity: [0,142639485,7,com.android.vending/.AssetBrowserActivity,finish-idle]
01-01 08:01:40.817539  1456  2301 I am_destroy_activity: [0,234410530,7,com.android.vending/com.google.android.finsky.activities.MainActivity,finish-idle]
01-01 08:01:40.823664  1456  1757 I am_home_stack_moved: [0,1,0,0,activityDestroyed leftTaskHistoryEmpty]
01-01 08:01:41.206907  1456  1512 I wm_stack_removed: 3
01-01 08:01:41.208126  1456  1512 I wm_task_removed: [7,removeAppToken: last token]
01-01 08:01:41.208254  1456  1512 I wm_task_removed: [7,removeTask]
01-01 08:01:41.808163  1456  2301 I wm_stack_created: [4,0,0,0,0]
01-01 08:01:41.812200  1456  2301 I am_home_stack_moved: [0,0,4,4,startingNewTask]
01-01 08:01:41.812360  1456  2301 I am_create_task: [0,8]
01-01 08:01:41.812576  1456  2301 I am_create_activity: [0,165118115,8,com.android.vending/.AssetBrowserActivity,android.intent.action.MAIN,NULL,NULL,270532608]
01-01 08:01:41.816736  1456  2301 I wm_task_created: [8,4]
01-01 08:01:41.816829  1456  2301 I wm_task_moved: [8,1,0]
01-01 08:01:41.826365  1456  2301 I am_pause_activity: [0,174986998,com.android.launcher3/.Launcher]
01-01 08:01:41.835532  1456  2301 I am_home_stack_moved: [0,0,4,4,startedActivity setFocusedActivity]
01-01 08:01:41.835643  1456  2301 I wm_task_moved: [8,1,0]
01-01 08:01:41.840483  1456  2301 I am_focused_activity: [0,com.android.vending/.AssetBrowserActivity]
01-01 08:01:41.843118  2363  2363 I am_on_paused_called: [0,com.android.launcher3.Launcher]
01-01 08:01:41.847681  1456  1476 I am_restart_activity: [0,165118115,8,com.android.vending/.AssetBrowserActivity]
01-01 08:01:41.859716  1456  1755 I am_home_stack_moved: [0,0,4,4,intentActivityFound]
01-01 08:01:41.859776  1456  1755 I wm_task_moved: [8,1,0]
01-01 08:01:41.861561  1456  1755 I am_home_stack_moved: [0,0,4,4,sourceStackToFront]
01-01 08:01:41.861625  1456  1755 I wm_task_moved: [8,1,0]
01-01 08:01:41.862627  1456  1755 I am_create_activity: [0,17838288,8,com.android.vending/com.google.android.finsky.activities.MainActivity,android.intent.action.MAIN,NULL,NULL,268435456]
01-01 08:01:41.865429  1456  1755 I am_pause_activity: [0,165118115,com.android.vending/.AssetBrowserActivity]
01-01 08:01:41.866825  1456  1755 I am_home_stack_moved: [0,0,4,4,startedActivity setFocusedActivity]
01-01 08:01:41.866912  1456  1755 I wm_task_moved: [8,1,0]
01-01 08:01:41.868152  1456  1755 I am_focused_activity: [0,com.android.vending/com.google.android.finsky.activities.MainActivity]
01-01 08:01:41.868493  1456  1489 I am_finish_activity: [0,165118115,8,com.android.vending/.AssetBrowserActivity,app-request]
01-01 08:01:41.871073  1456  2268 I am_restart_activity: [0,17838288,8,com.android.vending/com.google.android.finsky.activities.MainActivity]
01-01 08:01:41.947704  3037  3037 I am_on_resume_called: [0,com.google.android.finsky.activities.MainActivity]
01-01 08:01:41.956214  1456  1758 I am_finish_activity: [0,17838288,8,com.android.vending/com.google.android.finsky.activities.MainActivity,app-request]
01-01 08:01:41.969130  1456  1758 I am_pause_activity: [0,17838288,com.android.vending/com.google.android.finsky.activities.MainActivity]
01-01 08:01:41.993516  3037  3037 I am_on_paused_called: [0,com.google.android.finsky.activities.MainActivity]
01-01 08:01:41.994374  1456  1489 I am_home_stack_moved: [0,1,0,0,noMoreActivities setFocusedActivity]
01-01 08:01:41.994463  1456  1489 I wm_task_moved: [3,1,0]
01-01 08:01:41.996079  1456  1489 I am_focused_activity: [0,com.android.launcher3/.Launcher]
01-01 08:01:41.998731  1456  1489 I am_resume_activity: [0,174986998,3,com.android.launcher3/.Launcher]
01-01 08:01:42.032295  2363  2363 I am_on_resume_called: [0,com.android.launcher3.Launcher]
01-01 08:01:42.051662  1456  1477 I am_destroy_activity: [0,165118115,8,com.android.vending/.AssetBrowserActivity,finish-idle]
01-01 08:01:42.051958  1456  1477 I am_destroy_activity: [0,17838288,8,com.android.vending/com.google.android.finsky.activities.MainActivity,finish-idle]
01-01 08:01:42.066719  1456  1758 I am_home_stack_moved: [0,1,0,0,activityDestroyed leftTaskHistoryEmpty]
01-01 08:01:42.437810  1456  1512 I wm_stack_removed: 4
01-01 08:01:42.438153  1456  1512 I wm_task_removed: [8,removeAppToken: last token]
01-01 08:01:42.438186  1456  1512 I wm_task_removed: [8,removeTask]
01-01 08:01:42.951089  1456  2268 I wm_stack_created: [5,0,0,0,0]
01-01 08:01:42.955127  1456  2268 I am_home_stack_moved: [0,0,5,5,startingNewTask]
01-01 08:01:42.955312  1456  2268 I am_create_task: [0,9]
01-01 08:01:42.955364  1456  2268 I am_create_activity: [0,182834994,9,com.apkpure.aegon/.activities.SplashActivity,android.intent.action.MAIN,NULL,NULL,270532608]
01-01 08:01:42.955572  1456  2268 I wm_task_created: [9,5]
01-01 08:01:42.955628  1456  2268 I wm_task_moved: [9,1,0]
01-01 08:01:42.957289  1456  2268 I am_pause_activity: [0,174986998,com.android.launcher3/.Launcher]
01-01 08:01:42.958232  1456  2268 I am_home_stack_moved: [0,0,5,5,startedActivity setFocusedActivity]
01-01 08:01:42.958316  1456  2268 I wm_task_moved: [9,1,0]
01-01 08:01:42.961529  1456  2268 I am_focused_activity: [0,com.apkpure.aegon/.activities.SplashActivity]
01-01 08:01:42.962947  2363  2363 I am_on_paused_called: [0,com.android.launcher3.Launcher]
01-01 08:01:42.975260  1456  1755 I am_proc_start: [0,3698,10001,com.apkpure.aegon,activity,com.apkpure.aegon/.activities.SplashActivity]
01-01 08:01:43.007848  1456  1496 I am_pss  : [3245,10054,com.android.calendar,5983232,3739648]
01-01 08:01:43.085969  1456  1489 I am_proc_bound: [0,3698,com.apkpure.aegon]
01-01 08:01:43.087611  1456  1489 I am_restart_activity: [0,182834994,9,com.apkpure.aegon/.activities.SplashActivity]
01-01 08:01:43.451029  3698  3698 I am_on_resume_called: [0,com.apkpure.aegon.activities.SplashActivity]
01-01 08:01:43.474119   270   270 I sf_frame_dur: [com.android.launcher3/com.android.launcher3.Launcher,7,4,0,2,5,2,0]
01-01 08:01:43.481299  1456  2301 I am_home_stack_moved: [0,0,5,5,intentActivityFound]
01-01 08:01:43.481405  1456  2301 I wm_task_moved: [9,1,0]
01-01 08:01:43.483515  1456  2301 I am_home_stack_moved: [0,0,5,5,sourceStackToFront]
01-01 08:01:43.483600  1456  2301 I wm_task_moved: [9,1,0]
01-01 08:01:43.484520  1456  2301 I am_create_activity: [0,28582107,9,com.apkpure.aegon/.activities.MainFrameActivity,NULL,NULL,NULL,268435456]
01-01 08:01:43.487233  1456  2301 I am_pause_activity: [0,182834994,com.apkpure.aegon/.activities.SplashActivity]
01-01 08:01:43.488071  1456  2301 I am_home_stack_moved: [0,0,5,5,startedActivity setFocusedActivity]
01-01 08:01:43.488150  1456  2301 I wm_task_moved: [9,1,0]
01-01 08:01:43.489467  1456  2301 I am_focused_activity: [0,com.apkpure.aegon/.activities.MainFrameActivity]
01-01 08:01:43.489862  1456  1755 I am_finish_activity: [0,182834994,9,com.apkpure.aegon/.activities.SplashActivity,app-request]
01-01 08:01:43.517415  3698  3698 I am_on_paused_called: [0,com.apkpure.aegon.activities.SplashActivity]
01-01 08:01:43.519176  1456  1757 I am_restart_activity: [0,28582107,9,com.apkpure.aegon/.activities.MainFrameActivity]
01-01 08:01:43.548037  1456  1496 I am_pss  : [3444,10044,com.android.gallery3d,6771712,4653056]
01-01 08:01:43.762036  3698  3698 I am_on_resume_called: [0,com.apkpure.aegon.activities.MainFrameActivity]
01-01 08:01:43.956501   269   269 I auditd  : avc:  denied  { find } for service=batteryproperties scontext=u:r:untrusted_app:s0:c512,c768 tcontext=u:object_r:healthd_service:s0 tclass=service_manager
01-01 08:01:44.143964  1456  1512 I am_activity_launch_time: [0,28582107,com.apkpure.aegon/.activities.MainFrameActivity,626,1180]
01-01 08:01:44.169257  1456  1760 I am_destroy_activity: [0,182834994,9,com.apkpure.aegon/.activities.SplashActivity,finish-idle]
01-01 08:01:47.434617  1456  1477 I am_finish_activity: [0,28582107,9,com.apkpure.aegon/.activities.MainFrameActivity,app-request]
01-01 08:01:47.456280  1456  1477 I am_pause_activity: [0,28582107,com.apkpure.aegon/.activities.MainFrameActivity]
01-01 08:01:47.457927  3698  3698 I am_on_paused_called: [0,com.apkpure.aegon.activities.MainFrameActivity]
01-01 08:01:47.458617  1456  1759 I am_home_stack_moved: [0,1,0,0,noMoreActivities setFocusedActivity]
01-01 08:01:47.458720  1456  1759 I wm_task_moved: [3,1,0]
01-01 08:01:47.462676  1456  1759 I am_focused_activity: [0,com.android.launcher3/.Launcher]
01-01 08:01:47.465675  1456  1759 I am_resume_activity: [0,174986998,3,com.android.launcher3/.Launcher]
01-01 08:01:47.468361  1456  1497 I am_destroy_activity: [0,28582107,9,com.apkpure.aegon/.activities.MainFrameActivity,finish-imm]
01-01 08:01:47.498865  1456  1756 I am_home_stack_moved: [0,1,0,0,activityDestroyed leftTaskHistoryEmpty]
01-01 08:01:47.505499  2363  2363 I am_on_resume_called: [0,com.android.launcher3.Launcher]
01-01 08:01:47.963097  1456  1512 I wm_stack_removed: 5
01-01 08:01:47.963872  1456  1512 I wm_task_removed: [9,removeAppToken: last token]
01-01 08:01:47.963976  1456  1512 I wm_task_removed: [9,removeTask]
01-01 08:01:47.979814   270   270 I sf_frame_dur: [com.apkpure.aegon/com.apkpure.aegon.activities.MainFrameActivity,15,2,0,0,0,1,0]
01-01 08:01:48.600806  1456  1456 I am_kill : [0,3322,com.wind.windruntimetest,15,empty #17]
01-01 08:01:48.648587  1456  1757 I am_proc_died: [0,3322,com.wind.windruntimetest]
01-01 08:01:48.681413  1456  1496 I am_pss  : [3268,10003,com.android.providers.calendar,5920768,3637248]
01-01 08:01:51.722017  1456  1489 I wm_stack_created: [6,0,0,0,0]
01-01 08:01:51.726600  1456  1489 I am_home_stack_moved: [0,0,6,6,startingNewTask]
01-01 08:01:51.726801  1456  1489 I am_create_task: [0,10]
01-01 08:01:51.726908  1456  1489 I am_create_activity: [0,52672171,10,com.qihoo.antivirus/.ui.index.AppEnterActivity,android.intent.action.MAIN,NULL,NULL,270532608]
01-01 08:01:51.727152  1456  1489 I wm_task_created: [10,6]
01-01 08:01:51.727225  1456  1489 I wm_task_moved: [10,1,0]
01-01 08:01:51.727788  1456  1489 I am_pause_activity: [0,174986998,com.android.launcher3/.Launcher]
01-01 08:01:51.729659  1456  1489 I am_home_stack_moved: [0,0,6,6,startedActivity setFocusedActivity]
01-01 08:01:51.729747  1456  1489 I wm_task_moved: [10,1,0]
01-01 08:01:51.732589  1456  1489 I am_focused_activity: [0,com.qihoo.antivirus/.ui.index.AppEnterActivity]
01-01 08:01:51.735318  2363  2363 I am_on_paused_called: [0,com.android.launcher3.Launcher]
01-01 08:01:51.747687  1456  1755 I am_proc_start: [0,3793,10000,com.qihoo.antivirus,activity,com.qihoo.antivirus/.ui.index.AppEnterActivity]
01-01 08:01:51.844603  1456  2268 I am_proc_bound: [0,3793,com.qihoo.antivirus]
01-01 08:01:51.847136  1456  2268 I am_restart_activity: [0,52672171,10,com.qihoo.antivirus/.ui.index.AppEnterActivity]
01-01 08:01:52.088661  1456  1757 I am_home_stack_moved: [0,0,6,6,sourceStackToFront]
01-01 08:01:52.088756  1456  1757 I wm_task_moved: [10,1,0]
01-01 08:01:52.089891  1456  1757 I am_create_activity: [0,89238391,10,com.qihoo.antivirus/.ui.index.SplashScreen,NULL,NULL,NULL,8388608]
01-01 08:01:52.090276  1456  1757 I am_pause_activity: [0,52672171,com.qihoo.antivirus/.ui.index.AppEnterActivity]
01-01 08:01:52.091090  1456  1757 I am_home_stack_moved: [0,0,6,6,startedActivity setFocusedActivity]
01-01 08:01:52.091167  1456  1757 I wm_task_moved: [10,1,0]
01-01 08:01:52.092432  1456  1757 I am_focused_activity: [0,com.qihoo.antivirus/.ui.index.SplashScreen]
01-01 08:01:52.092818  1456  2301 I am_finish_activity: [0,52672171,10,com.qihoo.antivirus/.ui.index.AppEnterActivity,app-request]
01-01 08:01:52.096542  1456  2268 I am_restart_activity: [0,89238391,10,com.qihoo.antivirus/.ui.index.SplashScreen]
01-01 08:01:52.123388  3793  3793 I am_on_resume_called: [0,com.qihoo.antivirus.ui.index.SplashScreen]
01-01 08:01:52.297238  1456  2268 I am_destroy_activity: [0,52672171,10,com.qihoo.antivirus/.ui.index.AppEnterActivity,finish-idle]
01-01 08:01:52.299933  1456  1512 I am_activity_launch_time: [0,89238391,com.qihoo.antivirus/.ui.index.SplashScreen,204,564]
01-01 08:01:53.137038  1456  1760 I am_home_stack_moved: [0,0,6,6,sourceStackToFront]
01-01 08:01:53.137157  1456  1760 I wm_task_moved: [10,1,0]
01-01 08:01:53.138461  1456  1760 I am_create_activity: [0,179389313,10,com.qihoo.antivirus/.ui.index.PromptActivity,NULL,NULL,NULL,8388608]
01-01 08:01:53.138845  1456  1760 I am_pause_activity: [0,89238391,com.qihoo.antivirus/.ui.index.SplashScreen]
01-01 08:01:53.140869  1456  1760 I am_home_stack_moved: [0,0,6,6,startedActivity setFocusedActivity]
01-01 08:01:53.140989  1456  1760 I wm_task_moved: [10,1,0]
01-01 08:01:53.147042  1456  1760 I am_focused_activity: [0,com.qihoo.antivirus/.ui.index.PromptActivity]
01-01 08:01:53.147574  1456  2275 I am_finish_activity: [0,89238391,10,com.qihoo.antivirus/.ui.index.SplashScreen,app-request]
01-01 08:01:53.149455  3793  3793 I am_on_paused_called: [0,com.qihoo.antivirus.ui.index.SplashScreen]
01-01 08:01:53.150716  1456  1756 I am_restart_activity: [0,179389313,10,com.qihoo.antivirus/.ui.index.PromptActivity]
01-01 08:01:53.198614  3793  3793 I am_on_resume_called: [0,com.qihoo.antivirus.ui.index.PromptActivity]
01-01 08:01:53.284481  1456  1512 I am_activity_launch_time: [0,179389313,com.qihoo.antivirus/.ui.index.PromptActivity,134,134]
01-01 08:01:55.349837  1456  2302 I am_destroy_activity: [0,89238391,10,com.qihoo.antivirus/.ui.index.SplashScreen,finish-imm]
01-01 08:01:55.962546  1456  1512 I am_focused_activity: [0,com.qihoo.antivirus/.ui.index.PromptActivity]
01-01 08:01:55.991910  1456  1760 I am_home_stack_moved: [0,0,6,6,sourceStackToFront]
01-01 08:01:55.992028  1456  1760 I wm_task_moved: [10,1,0]
01-01 08:01:55.993687  1456  1760 I am_create_activity: [0,29067136,10,com.qihoo.antivirus/.ui.index.MainScreenActivity,NULL,NULL,NULL,0]
01-01 08:01:55.994133  1456  1760 I am_pause_activity: [0,179389313,com.qihoo.antivirus/.ui.index.PromptActivity]
01-01 08:01:55.995736  1456  1760 I am_home_stack_moved: [0,0,6,6,startedActivity setFocusedActivity]
01-01 08:01:55.995834  1456  1760 I wm_task_moved: [10,1,0]
01-01 08:01:56.000258  1456  1760 I am_focused_activity: [0,com.qihoo.antivirus/.ui.index.MainScreenActivity]
01-01 08:01:56.000956  1456  1757 I am_finish_activity: [0,179389313,10,com.qihoo.antivirus/.ui.index.PromptActivity,app-request]
01-01 08:01:56.001237  3793  3793 I am_on_paused_called: [0,com.qihoo.antivirus.ui.index.PromptActivity]
01-01 08:01:56.019113  1456  2301 I am_restart_activity: [0,29067136,10,com.qihoo.antivirus/.ui.index.MainScreenActivity]
01-01 08:01:56.247931  1456  1476 I am_proc_start: [0,3842,10011,com.google.process.gapps,content provider,com.google.android.gsf/.settings.GoogleSettingsProvider]
01-01 08:01:56.318713  1456  1489 I am_proc_start: [0,3847,10000,com.qihoo.antivirus:scan,service,com.qihoo.antivirus/com.qihoo.security.services.DeepScanService]
01-01 08:01:56.403868  1456  1759 I am_proc_bound: [0,3842,com.google.process.gapps]
01-01 08:01:56.413013  3793  3793 I am_on_resume_called: [0,com.qihoo.antivirus.ui.index.MainScreenActivity]
01-01 08:01:56.492150  1456  1757 I am_proc_bound: [0,3847,com.qihoo.antivirus:scan]
01-01 08:01:56.640225  1456  2302 I am_proc_start: [0,3872,10000,com.qihoo.antivirus:permmgr,service,com.qihoo.antivirus/com.qihoo.permmgr.PermService]
01-01 08:01:56.779435  1456  1760 I am_proc_bound: [0,3872,com.qihoo.antivirus:permmgr]
01-01 08:01:57.107930  1456  1755 I am_proc_start: [0,3894,10000,com.qihoo.antivirus:float,service,com.qihoo.antivirus/com.qihoo360.mobilesafe.assist.service.FloatIconService]
01-01 08:01:57.109746  1456  1512 I am_activity_launch_time: [0,29067136,com.qihoo.antivirus/.ui.index.MainScreenActivity,1093,1093]
01-01 08:01:57.116610   270   270 I sf_frame_dur: [com.android.launcher3/com.android.launcher3.Launcher,196,4,0,2,0,2,0]
01-01 08:01:57.249682  1456  2275 I am_proc_bound: [0,3894,com.qihoo.antivirus:float]
01-01 08:01:57.390243   270   270 I sf_frame_dur: [com.qihoo.antivirus/com.qihoo.antivirus.ui.index.PromptActivity,109,1,0,0,0,1,0]
01-01 08:01:57.427500  1456  1497 I am_destroy_activity: [0,179389313,10,com.qihoo.antivirus/.ui.index.PromptActivity,finish-imm]
01-01 08:01:57.609982  1456  1760 I am_proc_start: [0,3933,10000,com.qihoo.antivirus:engine,service,com.qihoo.antivirus/com.qihoo.security.services.ScanEngineService]
01-01 08:01:57.717797  1456  2301 I am_proc_bound: [0,3933,com.qihoo.antivirus:engine]
01-01 08:01:57.987856  1456  2301 I am_kill : [0,3146,com.android.deskclock,15,empty #17]
01-01 08:01:58.057187  1456  1760 I am_proc_died: [0,3146,com.android.deskclock]
01-01 08:01:59.181212  1456  1759 I am_home_stack_moved: [0,0,6,6,intentActivityFound]
01-01 08:01:59.181309  1456  1759 I wm_task_moved: [10,1,0]
01-01 08:01:59.182659  1456  1759 I am_home_stack_moved: [0,0,6,6,sourceStackToFront]
01-01 08:01:59.182747  1456  1759 I wm_task_moved: [10,1,0]
01-01 08:01:59.185477  1456  1759 I am_create_activity: [0,198577185,10,com.qihoo.antivirus/.autostart.ui.IntelligentSleepActivity,NULL,NULL,NULL,268435456]
01-01 08:01:59.186584  1456  1759 I am_pause_activity: [0,29067136,com.qihoo.antivirus/.ui.index.MainScreenActivity]
01-01 08:01:59.187720  1456  1759 I am_home_stack_moved: [0,0,6,6,startedActivity setFocusedActivity]
01-01 08:01:59.187819  1456  1759 I wm_task_moved: [10,1,0]
01-01 08:01:59.191274  1456  1759 I am_focused_activity: [0,com.qihoo.antivirus/.autostart.ui.IntelligentSleepActivity]
01-01 08:01:59.192207  3793  3793 I am_on_paused_called: [0,com.qihoo.antivirus.ui.index.MainScreenActivity]
01-01 08:01:59.194253  1456  2275 I am_restart_activity: [0,198577185,10,com.qihoo.antivirus/.autostart.ui.IntelligentSleepActivity]
01-01 08:01:59.322393  3793  3793 I am_on_resume_called: [0,com.qihoo.antivirus.autostart.ui.IntelligentSleepActivity]
01-01 08:01:59.392662  1456  1512 I am_activity_launch_time: [0,198577185,com.qihoo.antivirus/.autostart.ui.IntelligentSleepActivity,200,200]
01-01 08:01:59.909654  1456  1477 I am_proc_died: [0,3872,com.qihoo.antivirus:permmgr]
01-01 08:02:00.043582  1456  1489 I am_proc_died: [0,3933,com.qihoo.antivirus:engine]
01-01 08:02:01.868727  1456  1477 I am_finish_activity: [0,198577185,10,com.qihoo.antivirus/.autostart.ui.IntelligentSleepActivity,app-request]
01-01 08:02:01.869418  1456  1477 I am_home_stack_moved: [0,0,6,6,finishActivity adjustFocus setFocusedActivity]
01-01 08:02:01.869503  1456  1477 I wm_task_moved: [10,1,0]
01-01 08:02:01.873183  1456  1477 I am_focused_activity: [0,com.qihoo.antivirus/.ui.index.MainScreenActivity]
01-01 08:02:01.873391  1456  1477 I am_pause_activity: [0,198577185,com.qihoo.antivirus/.autostart.ui.IntelligentSleepActivity]
01-01 08:02:01.879808  3793  3793 I am_on_paused_called: [0,com.qihoo.antivirus.autostart.ui.IntelligentSleepActivity]
01-01 08:02:01.885064  1456  2301 I am_resume_activity: [0,29067136,10,com.qihoo.antivirus/.ui.index.MainScreenActivity]
01-01 08:02:01.899140  3793  3793 I am_on_resume_called: [0,com.qihoo.antivirus.ui.index.MainScreenActivity]
01-01 08:02:01.928342  1456  1496 I am_pss  : [3793,10000,com.qihoo.antivirus,68933632,56852480]
01-01 08:02:02.241336   270   270 I sf_frame_dur: [com.qihoo.antivirus/com.qihoo.antivirus.autostart.ui.IntelligentSleepActivity,14,0,0,0,1,1,0]
01-01 08:02:10.231858  1456  2301 I am_home_stack_moved: [0,0,6,6,sourceStackToFront]
01-01 08:02:10.231977  1456  2301 I wm_task_moved: [10,1,0]
01-01 08:02:10.235295  1456  2301 I am_create_activity: [0,145414698,10,com.qihoo.antivirus/.shield.ui.ShieldManagerActivity,NULL,NULL,NULL,75497472]
01-01 08:02:10.236021  1456  2301 I am_pause_activity: [0,29067136,com.qihoo.antivirus/.ui.index.MainScreenActivity]
01-01 08:02:10.237371  1456  2301 I am_home_stack_moved: [0,0,6,6,startedActivity setFocusedActivity]
01-01 08:02:10.237464  1456  2301 I wm_task_moved: [10,1,0]
01-01 08:02:10.240785  1456  2301 I am_focused_activity: [0,com.qihoo.antivirus/.shield.ui.ShieldManagerActivity]
01-01 08:02:10.247915  3793  3793 I am_on_paused_called: [0,com.qihoo.antivirus.ui.index.MainScreenActivity]
01-01 08:02:10.249332  1456  2275 I am_restart_activity: [0,145414698,10,com.qihoo.antivirus/.shield.ui.ShieldManagerActivity]
01-01 08:02:10.252269  1456  1497 I am_destroy_activity: [0,198577185,10,com.qihoo.antivirus/.autostart.ui.IntelligentSleepActivity,finish-imm]
01-01 08:02:10.278119  1456  1496 I am_pss  : [3847,10000,com.qihoo.antivirus:scan,11166720,4083712]
01-01 08:02:10.305570  1456  1496 I am_pss  : [3565,10012,com.oasisfeng.greenify,28059648,22844416]
01-01 08:02:10.330364  1456  1496 I am_pss  : [3087,1000,com.android.settings,24460288,19891200]
01-01 08:02:10.351242  1456  1496 I am_pss  : [3585,10012,com.oasisfeng.greenify:service,6824960,3690496]
01-01 08:02:10.377042  3793  3793 I am_on_resume_called: [0,com.qihoo.antivirus.shield.ui.ShieldManagerActivity]
01-01 08:02:10.410828  1456  1496 I am_pss  : [1456,1000,system,82672640,74212352]
01-01 08:02:10.472067  1456  1512 I am_activity_launch_time: [0,145414698,com.qihoo.antivirus/.shield.ui.ShieldManagerActivity,224,224]
01-01 08:02:11.621609  1456  1476 I am_finish_activity: [0,145414698,10,com.qihoo.antivirus/.shield.ui.ShieldManagerActivity,app-request]
01-01 08:02:11.622238  1456  1476 I am_home_stack_moved: [0,0,6,6,finishActivity adjustFocus setFocusedActivity]
01-01 08:02:11.622323  1456  1476 I wm_task_moved: [10,1,0]
01-01 08:02:11.626831  1456  1476 I am_focused_activity: [0,com.qihoo.antivirus/.ui.index.MainScreenActivity]
01-01 08:02:11.627371  1456  1476 I am_pause_activity: [0,145414698,com.qihoo.antivirus/.shield.ui.ShieldManagerActivity]
01-01 08:02:11.639938  3793  3793 I am_on_paused_called: [0,com.qihoo.antivirus.shield.ui.ShieldManagerActivity]
01-01 08:02:11.643664  1456  1757 I am_resume_activity: [0,29067136,10,com.qihoo.antivirus/.ui.index.MainScreenActivity]
01-01 08:02:11.662344  3793  3793 I am_on_resume_called: [0,com.qihoo.antivirus.ui.index.MainScreenActivity]
01-01 08:02:11.998719   270   270 I sf_frame_dur: [com.qihoo.antivirus/com.qihoo.antivirus.shield.ui.ShieldManagerActivity,0,0,1,0,0,0,0]
01-01 08:02:14.574056  1456  1476 I am_home_stack_moved: [0,0,6,6,sourceStackToFront]
01-01 08:02:14.574180  1456  1476 I wm_task_moved: [10,1,0]
01-01 08:02:14.576199  1456  1476 I am_create_activity: [0,97793939,10,com.qihoo.antivirus/.settings.SettingsMain,NULL,NULL,NULL,0]
01-01 08:02:14.577078  1456  1476 I am_pause_activity: [0,29067136,com.qihoo.antivirus/.ui.index.MainScreenActivity]
01-01 08:02:14.580747  1456  1476 I am_home_stack_moved: [0,0,6,6,startedActivity setFocusedActivity]
01-01 08:02:14.580854  1456  1476 I wm_task_moved: [10,1,0]
01-01 08:02:14.584300  1456  1476 I am_focused_activity: [0,com.qihoo.antivirus/.settings.SettingsMain]
01-01 08:02:14.592825  3793  3793 I am_on_paused_called: [0,com.qihoo.antivirus.ui.index.MainScreenActivity]
01-01 08:02:14.594346  1456  2302 I am_restart_activity: [0,97793939,10,com.qihoo.antivirus/.settings.SettingsMain]
01-01 08:02:14.598816  1456  1497 I am_destroy_activity: [0,145414698,10,com.qihoo.antivirus/.shield.ui.ShieldManagerActivity,finish-imm]
01-01 08:02:14.631303  1456  1496 I am_pss  : [3037,10018,com.android.vending,28820480,24040448]
01-01 08:02:14.837230  3793  3793 I am_on_resume_called: [0,com.qihoo.antivirus.settings.SettingsMain]
01-01 08:02:14.948758  1456  1512 I am_activity_launch_time: [0,97793939,com.qihoo.antivirus/.settings.SettingsMain,355,355]
01-01 08:02:16.810730  1456  1476 I am_finish_activity: [0,97793939,10,com.qihoo.antivirus/.settings.SettingsMain,app-request]
01-01 08:02:16.811339  1456  1476 I am_home_stack_moved: [0,0,6,6,finishActivity adjustFocus setFocusedActivity]
01-01 08:02:16.811421  1456  1476 I wm_task_moved: [10,1,0]
01-01 08:02:16.814265  1456  1476 I am_focused_activity: [0,com.qihoo.antivirus/.ui.index.MainScreenActivity]
01-01 08:02:16.815168  1456  1476 I am_pause_activity: [0,97793939,com.qihoo.antivirus/.settings.SettingsMain]
01-01 08:02:16.819510  3793  3793 I am_on_paused_called: [0,com.qihoo.antivirus.settings.SettingsMain]
01-01 08:02:16.823349  1456  1757 I am_resume_activity: [0,29067136,10,com.qihoo.antivirus/.ui.index.MainScreenActivity]
01-01 08:02:16.836727  3793  3793 I am_on_resume_called: [0,com.qihoo.antivirus.ui.index.MainScreenActivity]
01-01 08:02:16.870423  1456  1758 I am_destroy_activity: [0,97793939,10,com.qihoo.antivirus/.settings.SettingsMain,finish-imm]
01-01 08:02:18.164520  1456  1755 I am_home_stack_moved: [0,0,6,6,sourceStackToFront]
01-01 08:02:18.164634  1456  1755 I wm_task_moved: [10,1,0]
01-01 08:02:18.165821  1456  1755 I am_create_activity: [0,216542977,10,com.qihoo.antivirus/.ui.index.SuperModeActivity,NULL,NULL,NULL,0]
01-01 08:02:18.166348  1456  1755 I am_pause_activity: [0,29067136,com.qihoo.antivirus/.ui.index.MainScreenActivity]
01-01 08:02:18.167433  1456  1755 I am_home_stack_moved: [0,0,6,6,startedActivity setFocusedActivity]
01-01 08:02:18.167524  1456  1755 I wm_task_moved: [10,1,0]
01-01 08:02:18.170777  1456  1755 I am_focused_activity: [0,com.qihoo.antivirus/.ui.index.SuperModeActivity]
01-01 08:02:18.181733  3793  3793 I am_on_paused_called: [0,com.qihoo.antivirus.ui.index.MainScreenActivity]
01-01 08:02:18.183228  1456  1476 I am_restart_activity: [0,216542977,10,com.qihoo.antivirus/.ui.index.SuperModeActivity]
01-01 08:02:18.212997  1456  1496 I am_pss  : [3894,10000,com.qihoo.antivirus:float,18268160,9146368]
01-01 08:02:18.229487  3793  3793 I am_on_resume_called: [0,com.qihoo.antivirus.ui.index.SuperModeActivity]
01-01 08:02:18.317334  1456  1512 I am_activity_launch_time: [0,216542977,com.qihoo.antivirus/.ui.index.SuperModeActivity,135,135]
01-01 08:02:19.975574  1456  1496 I am_pss  : [3385,10000,com.qihoo.antivirus:server,23552000,12832768]
01-01 08:02:20.028390  1456  1496 I am_pss  : [3698,10001,com.apkpure.aegon,72310784,63644672]
01-01 08:02:20.029290  1456  1456 I notification_enqueue: [10000,3385,com.qihoo.antivirus,100000000,NULL,0,Notification(pri=2 contentView=com.qihoo.antivirus/0x7f030052 vibrate=null sound=null tick defaults=0x0 flags=0x62 color=0x00000000 vis=PRIVATE),1]
01-01 08:02:20.137442  1456  1456 I notification_enqueue: [10000,3385,com.qihoo.antivirus,100000000,NULL,0,Notification(pri=2 contentView=com.qihoo.antivirus/0x7f030052 vibrate=null sound=null tick defaults=0x0 flags=0x22 color=0x00000000 vis=PRIVATE),1]
01-01 08:02:20.145223  1456  1456 I notification_enqueue: [10000,3385,com.qihoo.antivirus,100000000,NULL,0,Notification(pri=2 contentView=com.qihoo.antivirus/0x7f030052 vibrate=null sound=null tick defaults=0x0 flags=0x62 color=0x00000000 vis=PRIVATE),1]
01-01 08:02:20.150199  1456  1456 I notification_enqueue: [10000,3385,com.qihoo.antivirus,100000000,NULL,0,Notification(pri=2 contentView=com.qihoo.antivirus/0x7f030052 vibrate=null sound=null tick defaults=0x0 flags=0x62 color=0x00000000 vis=PRIVATE),1]
01-01 08:02:20.157412  1456  1456 I notification_enqueue: [10000,3385,com.qihoo.antivirus,100000000,NULL,0,Notification(pri=2 contentView=com.qihoo.antivirus/0x7f030052 vibrate=null sound=null tick defaults=0x0 flags=0x62 color=0x00000000 vis=PRIVATE),1]
01-01 08:02:20.259034  1456  1456 I notification_enqueue: [10000,3385,com.qihoo.antivirus,100000000,NULL,0,Notification(pri=2 contentView=com.qihoo.antivirus/0x7f030052 vibrate=null sound=null tick defaults=0x0 flags=0x22 color=0x00000000 vis=PRIVATE),1]
01-01 08:02:22.029035  1456  1456 I notification_cancel: [10023,1790,com.android.systemui,2131755032,low_battery,-1,0,64,8,NULL]
01-01 08:02:24.751450  1456  1456 I free_storage_changed: 11730313216
01-01 08:02:28.085755  1456  1759 I am_finish_activity: [0,216542977,10,com.qihoo.antivirus/.ui.index.SuperModeActivity,app-request]
01-01 08:02:28.086405  1456  1759 I am_home_stack_moved: [0,0,6,6,finishActivity adjustFocus setFocusedActivity]
01-01 08:02:28.086517  1456  1759 I wm_task_moved: [10,1,0]
01-01 08:02:28.089698  1456  1759 I am_focused_activity: [0,com.qihoo.antivirus/.ui.index.MainScreenActivity]
01-01 08:02:28.089920  1456  1759 I am_pause_activity: [0,216542977,com.qihoo.antivirus/.ui.index.SuperModeActivity]
01-01 08:02:28.109989  3793  3793 I am_on_paused_called: [0,com.qihoo.antivirus.ui.index.SuperModeActivity]
01-01 08:02:28.113194  1456  1755 I am_resume_activity: [0,29067136,10,com.qihoo.antivirus/.ui.index.MainScreenActivity]
01-01 08:02:28.123065  3793  3793 I am_on_resume_called: [0,com.qihoo.antivirus.ui.index.MainScreenActivity]
01-01 08:02:28.150683  1456  1496 I am_pss  : [2363,10013,com.android.launcher3,36295680,31511552]
01-01 08:02:28.173924  1456  1496 I am_pss  : [3842,10011,com.google.process.gapps,6480896,4169728]
01-01 08:02:28.197508  1456  1496 I am_pss  : [3408,10004,android.process.acore,10700800,8101888]
01-01 08:02:28.220539  1456  1496 I am_pss  : [3475,10053,com.android.browser,12204032,6221824]
01-01 08:02:28.467733   270   270 I sf_frame_dur: [com.qihoo.antivirus/com.qihoo.antivirus.ui.index.SuperModeActivity,38,0,2,1,2,2,3]
01-01 08:02:29.052581  1456  1757 I am_home_stack_moved: [0,0,6,6,sourceStackToFront]
01-01 08:02:29.052682  1456  1757 I wm_task_moved: [10,1,0]
01-01 08:02:29.054226  1456  1757 I am_create_activity: [0,257546865,10,com.qihoo.antivirus/.sandbox.ui.SandBoxEntryActivity,NULL,NULL,NULL,8388608]
01-01 08:02:29.054763  1456  1757 I am_pause_activity: [0,29067136,com.qihoo.antivirus/.ui.index.MainScreenActivity]
01-01 08:02:29.055984  1456  1757 I am_home_stack_moved: [0,0,6,6,startedActivity setFocusedActivity]
01-01 08:02:29.056071  1456  1757 I wm_task_moved: [10,1,0]
01-01 08:02:29.059450  1456  1757 I am_focused_activity: [0,com.qihoo.antivirus/.sandbox.ui.SandBoxEntryActivity]
01-01 08:02:29.060184  3793  3793 I am_on_paused_called: [0,com.qihoo.antivirus.ui.index.MainScreenActivity]
01-01 08:02:29.061426  1456  1760 I am_restart_activity: [0,257546865,10,com.qihoo.antivirus/.sandbox.ui.SandBoxEntryActivity]
01-01 08:02:29.063605  1456  1497 I am_destroy_activity: [0,216542977,10,com.qihoo.antivirus/.ui.index.SuperModeActivity,finish-imm]
01-01 08:02:29.103653  3793  3793 I am_on_resume_called: [0,com.qihoo.antivirus.sandbox.ui.SandBoxEntryActivity]
01-01 08:02:29.159946  1456  1512 I am_activity_launch_time: [0,257546865,com.qihoo.antivirus/.sandbox.ui.SandBoxEntryActivity,100,100]
01-01 08:02:30.186785  1456  2301 I am_finish_activity: [0,257546865,10,com.qihoo.antivirus/.sandbox.ui.SandBoxEntryActivity,app-request]
01-01 08:02:30.187738  1456  2301 I am_home_stack_moved: [0,0,6,6,finishActivity adjustFocus setFocusedActivity]
01-01 08:02:30.187873  1456  2301 I wm_task_moved: [10,1,0]
01-01 08:02:30.194550  1456  2301 I am_focused_activity: [0,com.qihoo.antivirus/.ui.index.MainScreenActivity]
01-01 08:02:30.195457  1456  2301 I am_pause_activity: [0,257546865,com.qihoo.antivirus/.sandbox.ui.SandBoxEntryActivity]
01-01 08:02:30.198561  3793  3793 I am_on_paused_called: [0,com.qihoo.antivirus.sandbox.ui.SandBoxEntryActivity]
01-01 08:02:30.201972  1456  1477 I am_resume_activity: [0,29067136,10,com.qihoo.antivirus/.ui.index.MainScreenActivity]
01-01 08:02:30.215551  3793  3793 I am_on_resume_called: [0,com.qihoo.antivirus.ui.index.MainScreenActivity]
01-01 08:02:30.239217  1456  1757 I am_destroy_activity: [0,257546865,10,com.qihoo.antivirus/.sandbox.ui.SandBoxEntryActivity,finish-imm]
01-01 08:02:30.250012  1456  1496 I am_pss  : [2206,1000,com.mediatek.voicecommand,30264320,23609344]
01-01 08:02:30.275934  1456  1496 I am_pss  : [2201,1000,com.mediatek.voiceextension,8720384,2396160]
01-01 08:02:30.299868  1456  1496 I am_pss  : [2196,1001,com.mediatek.wfo.impl,6203392,3633152]
01-01 08:02:30.323779  1456  1496 I am_pss  : [2191,1001,com.mediatek.ims,7549952,5005312]
01-01 08:02:30.347834  1456  1496 I am_pss  : [2186,1001,com.mediatek.gba,4096000,2007040]
01-01 08:02:30.385943  1456  1496 I am_pss  : [2181,1001,com.android.phone,29154304,25001984]
01-01 08:02:30.418917  1456  1496 I am_pss  : [1790,10023,com.android.systemui,55218176,48647168]
01-01 08:02:30.546699   270   270 I sf_frame_dur: [com.qihoo.antivirus/com.qihoo.antivirus.sandbox.ui.SandBoxEntryActivity,1,0,0,0,0,0,0]
01-01 08:02:31.898562  1456  1758 I am_home_stack_moved: [0,0,6,6,intentActivityFound]
01-01 08:02:31.898668  1456  1758 I wm_task_moved: [10,1,0]
01-01 08:02:31.901002  1456  1758 I am_home_stack_moved: [0,0,6,6,sourceStackToFront]
01-01 08:02:31.901216  1456  1758 I wm_task_moved: [10,1,0]
01-01 08:02:31.902488  1456  1758 I am_create_activity: [0,127167458,10,com.qihoo.antivirus/.adblock.ui.AdBlockMainActivity,NULL,NULL,NULL,276824064]
01-01 08:02:31.902913  1456  1758 I am_pause_activity: [0,29067136,com.qihoo.antivirus/.ui.index.MainScreenActivity]
01-01 08:02:31.904371  1456  1758 I am_home_stack_moved: [0,0,6,6,startedActivity setFocusedActivity]
01-01 08:02:31.904462  1456  1758 I wm_task_moved: [10,1,0]
01-01 08:02:31.907955  1456  1758 I am_focused_activity: [0,com.qihoo.antivirus/.adblock.ui.AdBlockMainActivity]
01-01 08:02:31.908710  3793  3793 I am_on_paused_called: [0,com.qihoo.antivirus.ui.index.MainScreenActivity]
01-01 08:02:31.909939  1456  1760 I am_restart_activity: [0,127167458,10,com.qihoo.antivirus/.adblock.ui.AdBlockMainActivity]
01-01 08:02:31.955323  3793  3793 I am_on_resume_called: [0,com.qihoo.antivirus.adblock.ui.AdBlockMainActivity]
01-01 08:02:32.000684  1456  1476 I am_proc_start: [0,3999,10000,com.qihoo.antivirus:engine,service,com.qihoo.antivirus/com.qihoo.security.services.ScanEngineService]
01-01 08:02:32.030928  1456  1512 I am_activity_launch_time: [0,127167458,com.qihoo.antivirus/.adblock.ui.AdBlockMainActivity,121,121]
01-01 08:02:32.095574  1456  2275 I am_proc_bound: [0,3999,com.qihoo.antivirus:engine]
01-01 08:02:39.979002  1456  2275 I am_proc_died: [0,3999,com.qihoo.antivirus:engine]
01-01 08:02:41.961778  1456  1496 I am_pss  : [3385,10000,com.qihoo.antivirus:server,25392128,14495744]
01-01 08:02:45.717477  1456  1456 I notification_enqueue: [10000,3385,com.qihoo.antivirus,100000000,NULL,0,Notification(pri=2 contentView=com.qihoo.antivirus/0x7f030052 vibrate=null sound=null tick defaults=0x0 flags=0x62 color=0x00000000 vis=PRIVATE),1]
01-01 08:02:45.818602  1456  1456 I notification_enqueue: [10000,3385,com.qihoo.antivirus,100000000,NULL,0,Notification(pri=2 contentView=com.qihoo.antivirus/0x7f030052 vibrate=null sound=null tick defaults=0x0 flags=0x22 color=0x00000000 vis=PRIVATE),1]
01-01 08:02:45.864944  1456  1456 I notification_enqueue: [10000,3385,com.qihoo.antivirus,100000000,NULL,0,Notification(pri=2 contentView=com.qihoo.antivirus/0x7f030052 vibrate=null sound=null tick defaults=0x0 flags=0x62 color=0x00000000 vis=PRIVATE),1]
01-01 08:02:45.967875  1456  1456 I notification_enqueue: [10000,3385,com.qihoo.antivirus,100000000,NULL,0,Notification(pri=2 contentView=com.qihoo.antivirus/0x7f030052 vibrate=null sound=null tick defaults=0x0 flags=0x22 color=0x00000000 vis=PRIVATE),1]
01-01 08:02:47.236331  1456  1757 I am_home_stack_moved: [0,0,6,6,sourceStackToFront]
01-01 08:02:47.236451  1456  1757 I wm_task_moved: [10,1,0]
01-01 08:02:47.238231  1456  1757 I am_create_activity: [0,117155683,10,com.qihoo.antivirus/.ui.index.SuperModeActivity,NULL,NULL,NULL,0]
01-01 08:02:47.238780  1456  1757 I am_pause_activity: [0,127167458,com.qihoo.antivirus/.adblock.ui.AdBlockMainActivity]
01-01 08:02:47.240344  1456  1757 I am_home_stack_moved: [0,0,6,6,startedActivity setFocusedActivity]
01-01 08:02:47.240452  1456  1757 I wm_task_moved: [10,1,0]
01-01 08:02:47.244492  1456  1757 I am_focused_activity: [0,com.qihoo.antivirus/.ui.index.SuperModeActivity]
01-01 08:02:47.245688  3793  3793 I am_on_paused_called: [0,com.qihoo.antivirus.adblock.ui.AdBlockMainActivity]
01-01 08:02:47.247567  1456  1477 I am_restart_activity: [0,117155683,10,com.qihoo.antivirus/.ui.index.SuperModeActivity]
01-01 08:02:47.302898  3793  3793 I am_on_resume_called: [0,com.qihoo.antivirus.ui.index.SuperModeActivity]
01-01 08:02:47.365866  1456  1512 I am_activity_launch_time: [0,117155683,com.qihoo.antivirus/.ui.index.SuperModeActivity,119,119]
01-01 08:02:50.918479  1790  1790 I sysui_panelholder_touch: [0,32,38]
01-01 08:02:50.920233  1790  1790 I sysui_count: [panel_open,1]
01-01 08:02:50.923978  1790  1790 I sysui_histogram: [note_load,2]
01-01 08:02:50.924473  1456  1477 I notification_panel_revealed: 2
01-01 08:02:50.926837  1456  1759 I notification_visibility: [0|com.qihoo.antivirus|100000000|null|10000,1,154625,4959,0,0]
01-01 08:02:51.540482  1456  1477 I notification_visibility: [0|com.qihoo.antivirus|100000000|null|10000,0,155239,5573,0,0]
01-01 08:02:51.540798  1456  1759 I notification_panel_hidden: []
01-01 08:02:52.210035  1790  1790 I sysui_panelholder_touch: [0,85,24]
01-01 08:02:52.210912  1790  1790 I sysui_count: [panel_open,1]
01-01 08:02:52.214759  1790  1790 I sysui_histogram: [note_load,2]
01-01 08:02:52.215161  1456  1757 I notification_panel_revealed: 2
01-01 08:02:52.216664  1456  1756 I notification_visibility: [0|com.qihoo.antivirus|100000000|null|10000,1,155915,6249,0,0]
01-01 08:02:52.723406  1456  1760 I notification_visibility: [0|com.mediatek.security|1200|null|1000,1,99766,99766,0,1]
01-01 08:02:53.806235  1456  1476 I notification_visibility: [0|com.mediatek.security|1200|null|1000,0,100849,100849,0,1]
01-01 08:02:53.806350  1456  1476 I notification_visibility: [0|com.qihoo.antivirus|100000000|null|10000,0,157505,7839,0,0]
01-01 08:02:53.807695  1456  1759 I notification_panel_hidden: []
01-01 08:02:53.817465  1456  1489 I am_home_stack_moved: [0,0,6,6,startingNewTask]
01-01 08:02:53.817584  1456  1489 I wm_task_moved: [10,1,0]
01-01 08:02:53.823015  1456  1489 I am_create_task: [0,11]
01-01 08:02:53.823172  1456  1489 I am_create_activity: [0,150549948,11,com.mediatek.security/.ui.PermissionControlPageActivity,com.mediatek.security.PERMISSION_CONTROL,NULL,NULL,268435456]
01-01 08:02:53.824876  1456  1489 I wm_task_created: [11,6]
01-01 08:02:53.824979  1456  1489 I wm_task_moved: [11,1,1]
01-01 08:02:53.857849  1456  1489 I am_pause_activity: [0,117155683,com.qihoo.antivirus/.ui.index.SuperModeActivity]
01-01 08:02:53.859475  1456  1489 I am_home_stack_moved: [0,0,6,6,startedActivity setFocusedActivity]
01-01 08:02:53.859579  1456  1489 I wm_task_moved: [11,1,1]
01-01 08:02:53.871257  3793  3793 I am_on_paused_called: [0,com.qihoo.antivirus.ui.index.SuperModeActivity]
01-01 08:02:53.877424  1456  1489 I am_focused_activity: [0,com.mediatek.security/.ui.PermissionControlPageActivity]
01-01 08:02:53.878513  1456  1758 I notification_clicked: [0|com.mediatek.security|1200|null|1000,100921,100921,1155]
01-01 08:02:53.878699  1456  1456 I notification_cancel: [10023,1790,com.mediatek.security,1200,NULL,0,16,64,1,NULL]
01-01 08:02:53.878799  1456  1456 I sysui_histogram: [note_click_longevity,1]
01-01 08:02:53.879421  1456  1456 I notification_canceled: [0|com.mediatek.security|1200|null|1000,1,100922,100922,1156]
01-01 08:02:53.895619  1456  1755 I am_proc_start: [0,4018,1000,com.mediatek.security,activity,com.mediatek.security/.ui.PermissionControlPageActivity]
01-01 08:02:54.002423  1456  1476 I am_proc_bound: [0,4018,com.mediatek.security]
01-01 08:02:54.004916  1456  1476 I am_restart_activity: [0,150549948,11,com.mediatek.security/.ui.PermissionControlPageActivity]
01-01 08:02:54.123454  4018  4018 I am_on_resume_called: [0,com.mediatek.security.ui.PermissionControlPageActivity]
01-01 08:02:54.310478  1456  1512 I am_activity_launch_time: [0,150549948,com.mediatek.security/.ui.PermissionControlPageActivity,430,430]
01-01 08:02:54.720000  2627  2627 I auditd  : type=1400 audit(0.0:975): avc: denied { search } for comm="GpuAppSpectator" name="4018" dev="proc" ino=25717 scontext=u:r:gas_srv:s0 tcontext=u:r:system_app:s0 tclass=dir permissive=0
01-01 08:02:54.743918   270   270 I sf_frame_dur: [com.qihoo.antivirus/com.qihoo.antivirus.ui.index.MainScreenActivity,2908,47,8,2,0,0,0]
01-01 08:02:54.744099   270   270 I sf_frame_dur: [com.qihoo.antivirus/com.qihoo.antivirus.adblock.ui.AdBlockMainActivity,338,3,1,0,1,1,0]
01-01 08:02:54.744230   270   270 I sf_frame_dur: [com.qihoo.antivirus/com.qihoo.antivirus.ui.index.SuperModeActivity,0,0,0,0,1,1,2]
01-01 08:02:55.709043  1456  1456 I notification_enqueue: [1000,4018,com.mediatek.security,1201,NULL,0,Notification(pri=0 contentView=com.mediatek.security/0x109008d vibrate=null sound=null tick defaults=0x0 flags=0x60 color=0x00000000 vis=PRIVATE),0]
01-01 08:02:55.714603  1456  1456 I notification_cancel: [1000,4018,com.mediatek.security,1200,NULL,0,0,0,8,NULL]
01-01 08:02:55.720000  2627  2627 I auditd  : type=1400 audit(0.0:976): avc: denied { search } for comm="GpuAppSpectator" name="4018" dev="proc" ino=25717 scontext=u:r:gas_srv:s0 tcontext=u:r:system_app:s0 tclass=dir permissive=0
01-01 08:02:56.412328  1456  2275 I am_home_stack_moved: [0,0,6,6,sourceStackToFront]
01-01 08:02:56.412451  1456  2275 I wm_task_moved: [11,1,1]
01-01 08:02:56.414419  1456  2275 I am_create_activity: [0,131545561,11,com.mediatek.security/.ui.SwitchOffAlertActivity,com.mediatek.security.SWITCH_OFF_CONTROL_FROM_APP_PERM,NULL,NULL,8388608]
01-01 08:02:56.414885  1456  2275 I am_pause_activity: [0,150549948,com.mediatek.security/.ui.PermissionControlPageActivity]
01-01 08:02:56.416037  1456  2275 I am_home_stack_moved: [0,0,6,6,startedActivity setFocusedActivity]
01-01 08:02:56.416123  1456  2275 I wm_task_moved: [11,1,1]
01-01 08:02:56.419499  1456  2275 I am_focused_activity: [0,com.mediatek.security/.ui.SwitchOffAlertActivity]
01-01 08:02:56.429379  4018  4018 I am_on_paused_called: [0,com.mediatek.security.ui.PermissionControlPageActivity]
01-01 08:02:56.430638  1456  1477 I am_restart_activity: [0,131545561,11,com.mediatek.security/.ui.SwitchOffAlertActivity]
01-01 08:02:56.472220  4018  4018 I am_on_resume_called: [0,com.mediatek.security.ui.SwitchOffAlertActivity]
01-01 08:02:56.565308  1456  1512 I am_activity_launch_time: [0,131545561,com.mediatek.security/.ui.SwitchOffAlertActivity,135,135]
01-01 08:02:56.720000  2627  2627 I auditd  : type=1400 audit(0.0:977): avc: denied { search } for comm="GpuAppSpectator" name="4018" dev="proc" ino=25717 scontext=u:r:gas_srv:s0 tcontext=u:r:system_app:s0 tclass=dir permissive=0
01-01 08:02:57.532069  1456  1456 I notification_cancel: [1000,1456,com.mediatek.security,1201,NULL,0,0,0,8,NULL]
01-01 08:02:57.532455  1456  1456 I notification_canceled: [0|com.mediatek.security|1201|null|1000,8,1824,1824,0]
01-01 08:02:57.534617  1456  1757 I am_finish_activity: [0,131545561,11,com.mediatek.security/.ui.SwitchOffAlertActivity,app-request]
01-01 08:02:57.535258  1456  1757 I am_home_stack_moved: [0,0,6,6,finishActivity adjustFocus setFocusedActivity]
01-01 08:02:57.535363  1456  1757 I wm_task_moved: [11,1,1]
01-01 08:02:57.537640  1456  1757 I am_focused_activity: [0,com.mediatek.security/.ui.PermissionControlPageActivity]
01-01 08:02:57.537879  1456  1757 I am_pause_activity: [0,131545561,com.mediatek.security/.ui.SwitchOffAlertActivity]
01-01 08:02:57.552238  4018  4018 I am_on_paused_called: [0,com.mediatek.security.ui.SwitchOffAlertActivity]
01-01 08:02:57.554666  1456  1476 I am_resume_activity: [0,150549948,11,com.mediatek.security/.ui.PermissionControlPageActivity]
01-01 08:02:57.572675  4018  4018 I am_on_resume_called: [0,com.mediatek.security.ui.PermissionControlPageActivity]
01-01 08:02:57.602407  1456  1760 I am_destroy_activity: [0,131545561,11,com.mediatek.security/.ui.SwitchOffAlertActivity,finish-imm]
01-01 08:02:57.720000  2627  2627 I auditd  : type=1400 audit(0.0:978): avc: denied { search } for comm="GpuAppSpectator" name="4018" dev="proc" ino=25717 scontext=u:r:gas_srv:s0 tcontext=u:r:system_app:s0 tclass=dir permissive=0
01-01 08:02:57.813140   270   270 I sf_frame_dur: [com.mediatek.security/com.mediatek.security.ui.SwitchOffAlertActivity,3,3,0,0,0,1,0]
01-01 08:02:58.498563  1456  2268 I am_finish_activity: [0,150549948,11,com.mediatek.security/.ui.PermissionControlPageActivity,app-request]
01-01 08:02:58.499153  1456  2268 I am_home_stack_moved: [0,0,6,6,finishActivity adjustFocus setFocusedActivity]
01-01 08:02:58.499231  1456  2268 I wm_task_moved: [11,1,1]
01-01 08:02:58.500922  1456  2268 I am_focused_activity: [0,com.qihoo.antivirus/.ui.index.SuperModeActivity]
01-01 08:02:58.515105  1456  2268 I am_pause_activity: [0,150549948,com.mediatek.security/.ui.PermissionControlPageActivity]
01-01 08:02:58.517263  4018  4018 I am_on_paused_called: [0,com.mediatek.security.ui.PermissionControlPageActivity]
01-01 08:02:58.520532  1456  1759 I am_resume_activity: [0,117155683,10,com.qihoo.antivirus/.ui.index.SuperModeActivity]
01-01 08:02:58.532931  3793  3793 I am_on_resume_called: [0,com.qihoo.antivirus.ui.index.SuperModeActivity]
01-01 08:02:59.362900   270   270 I sf_frame_dur: [com.mediatek.security/com.mediatek.security.ui.PermissionControlPageActivity,87,4,4,0,0,1,0]
01-01 08:02:59.382145  1456  1497 I am_destroy_activity: [0,150549948,11,com.mediatek.security/.ui.PermissionControlPageActivity,finish-imm]
01-01 08:02:59.391671  1456  1489 I wm_task_removed: [11,removeAppToken: last token]
01-01 08:02:59.391817  1456  1489 I wm_task_removed: [11,removeTask]
01-01 08:03:00.430138  1456  1755 I am_finish_activity: [0,117155683,10,com.qihoo.antivirus/.ui.index.SuperModeActivity,app-request]
01-01 08:03:00.432215  1456  1755 I am_home_stack_moved: [0,0,6,6,finishActivity adjustFocus setFocusedActivity]
01-01 08:03:00.432368  1456  1755 I wm_task_moved: [10,1,0]
01-01 08:03:00.435634  1456  1755 I am_focused_activity: [0,com.qihoo.antivirus/.adblock.ui.AdBlockMainActivity]
01-01 08:03:00.435890  1456  1755 I am_pause_activity: [0,117155683,com.qihoo.antivirus/.ui.index.SuperModeActivity]
01-01 08:03:00.441851  3793  3793 I am_on_paused_called: [0,com.qihoo.antivirus.ui.index.SuperModeActivity]
01-01 08:03:00.445917  1456  1476 I am_resume_activity: [0,127167458,10,com.qihoo.antivirus/.adblock.ui.AdBlockMainActivity]
01-01 08:03:00.468114  3793  3793 I am_on_resume_called: [0,com.qihoo.antivirus.adblock.ui.AdBlockMainActivity]
01-01 08:03:00.513828  1456  1757 I am_destroy_activity: [0,117155683,10,com.qihoo.antivirus/.ui.index.SuperModeActivity,finish-imm]
01-01 08:03:01.531094  1456  1755 I am_finish_activity: [0,127167458,10,com.qihoo.antivirus/.adblock.ui.AdBlockMainActivity,app-request]
01-01 08:03:01.531536  1456  1755 I am_home_stack_moved: [0,0,6,6,finishActivity adjustFocus setFocusedActivity]
01-01 08:03:01.531595  1456  1755 I wm_task_moved: [10,1,0]
01-01 08:03:01.533853  1456  1755 I am_focused_activity: [0,com.qihoo.antivirus/.ui.index.MainScreenActivity]
01-01 08:03:01.534051  1456  1755 I am_pause_activity: [0,127167458,com.qihoo.antivirus/.adblock.ui.AdBlockMainActivity]
01-01 08:03:01.537858  3793  3793 I am_on_paused_called: [0,com.qihoo.antivirus.adblock.ui.AdBlockMainActivity]
01-01 08:03:01.539177  1456  1476 I am_resume_activity: [0,29067136,10,com.qihoo.antivirus/.ui.index.MainScreenActivity]
01-01 08:03:01.556862  3793  3793 I am_on_resume_called: [0,com.qihoo.antivirus.ui.index.MainScreenActivity]
01-01 08:03:01.589368  1456  1477 I am_destroy_activity: [0,127167458,10,com.qihoo.antivirus/.adblock.ui.AdBlockMainActivity,finish-imm]
01-01 08:03:01.879313   270   270 I sf_frame_dur: [com.qihoo.antivirus/com.qihoo.antivirus.adblock.ui.AdBlockMainActivity,34,1,0,0,0,1,0]
01-01 08:03:02.029020  1456  1456 I notification_cancel: [10023,1790,com.android.systemui,2131755032,low_battery,-1,0,64,8,NULL]
01-01 08:03:04.514682  1456  1755 I am_finish_activity: [0,29067136,10,com.qihoo.antivirus/.ui.index.MainScreenActivity,app-request]
01-01 08:03:04.536260  1456  1755 I am_pause_activity: [0,29067136,com.qihoo.antivirus/.ui.index.MainScreenActivity]
01-01 08:03:04.539366  3793  3793 I am_on_paused_called: [0,com.qihoo.antivirus.ui.index.MainScreenActivity]
01-01 08:03:04.540119  1456  1760 I am_home_stack_moved: [0,1,0,0,noMoreActivities setFocusedActivity]
01-01 08:03:04.540219  1456  1760 I wm_task_moved: [3,1,0]
01-01 08:03:04.546609  1456  1760 I am_focused_activity: [0,com.android.launcher3/.Launcher]
01-01 08:03:04.550059  1456  1760 I am_resume_activity: [0,174986998,3,com.android.launcher3/.Launcher]
01-01 08:03:04.553513  1456  1497 I am_destroy_activity: [0,29067136,10,com.qihoo.antivirus/.ui.index.MainScreenActivity,finish-imm]
01-01 08:03:04.555424  1456  1497 I am_kill : [0,3282,com.mediatek.schpwronoff,15,empty #17]
01-01 08:03:04.656399  1456  1497 I am_kill : [0,3245,com.android.calendar,15,empty #18]
01-01 08:03:04.736747  1456  1476 I am_proc_died: [0,3245,com.android.calendar]
01-01 08:03:04.737796  1456  1758 I am_proc_died: [0,3282,com.mediatek.schpwronoff]
01-01 08:03:04.738076  2363  2363 I am_on_resume_called: [0,com.android.launcher3.Launcher]
01-01 08:03:04.776400  1456  1758 I am_home_stack_moved: [0,1,0,0,activityDestroyed leftTaskHistoryEmpty]
01-01 08:03:05.116340  1456  1512 I wm_stack_removed: 6
01-01 08:03:05.118538  1456  1512 I wm_task_removed: [10,removeAppToken: last token]
01-01 08:03:05.118630  1456  1512 I wm_task_removed: [10,removeTask]
01-01 08:03:05.126318   270   270 I sf_frame_dur: [com.qihoo.antivirus/com.qihoo.antivirus.ui.index.MainScreenActivity,275,6,1,0,0,1,0]
01-01 08:03:05.839445  1456  1755 I wm_stack_created: [7,0,0,0,0]
01-01 08:03:05.845010  1456  1755 I am_home_stack_moved: [0,0,7,7,startingNewTask]
01-01 08:03:05.845209  1456  1755 I am_create_task: [0,12]
01-01 08:03:05.845275  1456  1755 I am_create_activity: [0,257699762,12,com.ksk.sqliteeditor/.SplashActivity,android.intent.action.MAIN,NULL,NULL,270532608]
01-01 08:03:05.845489  1456  1755 I wm_task_created: [12,7]
01-01 08:03:05.845558  1456  1755 I wm_task_moved: [12,1,0]
01-01 08:03:05.847108  1456  1755 I am_pause_activity: [0,174986998,com.android.launcher3/.Launcher]
