01-01 08:09:30.728915  1095  1100 D EMDLOGGER1: MAL_OnLoggingStart
01-01 08:09:30.728951  1095  1100 D EMDLOGGER1: eemcs_port_open: port /dev/ttyC1
01-01 08:09:30.729073  1095  1100 D EMDLOGGER1: MAL_OnLoggingStart: md_log port opened
01-01 08:09:30.729104  1095  1100 I EMDLOGGER1: MAL_GetModemSuffix: begin
01-01 08:09:30.729145  1095  1100 I EMDLOGGER1: MAL_GetModemSuffix: begin
01-01 08:09:30.729187  1095  1100 I EMDLOGGER1: CATCHER_FILTER_PATH_PHONE : /system/etc/firmware/catcher_filter_1_ltg_n.bin
01-01 08:09:30.729219  1095  1100 I EMDLOGGER1: CATCHER_FILTER_PATH_CUSTOM_IMAGE : /custom/etc/firmware/catcher_filter_1_ltg_n.bin
01-01 08:09:30.729252  1095  1100 D EMDLOGGER1: MAL_OnLoggingStart: Send SPLM_A2M_RESET_SPLM_STATE
01-01 08:09:30.729287  1095  1100 I EMDLOGGER1: splm_send_req: msg=5, plen=4, token=3, retry=3
01-01 08:09:30.730038  1095  1099 D EMDLOGGER1: CTRL_reader: incoming SPLM req, msgid=6, token=0, result=0
01-01 08:09:30.730074  1095  1099 I EMDLOGGER1: [MDLOG] [MD] Set Logging Level Success and reset SPLM state!
01-01 08:09:30.730206  1095  1099 I EMDLOGGER1: CTRL reader: got response, msgid=5 token=3 result=1
01-01 08:09:30.730276  1095  1100 D EMDLOGGER1: MAL_OnLoggingStart: Send SPLM_A2M_AP_LOGGING_IS_READY
01-01 08:09:30.730314  1095  1100 I EMDLOGGER1: splm_send_req: msg=0, plen=4, token=4, retry=5
01-01 08:09:30.731025  1095  1099 D EMDLOGGER1: CTRL_reader: incoming SPLM req, msgid=6, token=0, result=0
01-01 08:09:30.731062  1095  1099 I EMDLOGGER1: [MDLOG] Recv LOGGING_IS_READY_V2 (0)! EARLY_LOG (0) PAUSED (1)
01-01 08:09:30.731258  1095  1099 D EMDLOGGER1: CTRL_reader: incoming SPLM req, msgid=6, token=0, result=0
01-01 08:09:30.731292  1095  1099 I EMDLOGGER1: [MDLOG] [MD] Set Logging Mode to SD Card Logging Mode!
01-01 08:09:30.732417  1095  1099 I EMDLOGGER1: CTRL reader: got response, msgid=0 token=4 result=1
01-01 08:09:30.732680  1095  4712 I EMDLOGGER1: Modem log reader thread started
01-01 08:09:30.732805  1095  1100 I EMDLOGGER1: Set name mdl_log_rd for thread(9999d440)
01-01 08:09:30.732990  1095  1100 I EMDLOGGER1: Set detach  mdl_log_rd for thread(9999d440)
01-01 08:09:30.733028  1095  1100 I EMDLOGGER1: MAL_OnLoggingStart: LOG reader thread created
01-01 08:09:30.733486  1095  1100 I EMDLOGGER1: Set name mdl_log_wt for thread(9989f440)
01-01 08:09:30.733525  1095  1100 I EMDLOGGER1: Set detach  mdl_log_wt for thread(9989f440)
01-01 08:09:30.733539  1095  1099 D EMDLOGGER1: CTRL_reader: incoming SPLM req, msgid=6, token=0, result=0
01-01 08:09:30.733558  1095  1100 I EMDLOGGER1: MAL_OnLoggingStart: LOG writer thread created
01-01 08:09:30.733571  1095  1099 I EMDLOGGER1: [MDLOG] [SD] Set TOOL_CONNECT to True!
01-01 08:09:30.733904  1095  1100 I EMDLOGGER1: Set name mdl_log_rate for thread(997a1440)
01-01 08:09:30.733946  1095  1100 I EMDLOGGER1: Set detach  mdl_log_rate for thread(997a1440)
01-01 08:09:30.734091  1095  1100 D EMDLOGGER1: Normal Mode 0
01-01 08:09:30.734474  1095  4713 I EMDLOGGER1: Modem log writer thread started
01-01 08:09:30.735024  1095  1100 D EMDLOGGER1: setproperty debug.mdlogger.Running: 1.
01-01 08:09:30.735068  1095  1100 D EMDLOGGER1: MDCommEngine.start: pass initial filter
01-01 08:09:30.736096  1095  4714 I EMDLOGGER1: Comm monitor thread started!
01-01 08:09:30.738054  1095  1100 D EMDLOGGER1: CATCHER_FILTER_PATH_CUSTOM_IMAGE not found: /custom/etc/firmware/catcher_filter_1_ltg_n.bin
01-01 08:09:30.738287  1095  1100 I EMDLOGGER1: passFilter: /system/etc/firmware/catcher_filter_1_ltg_n.bin
01-01 08:09:30.738366  1095  1100 D EMDLOGGER1: MAL_SendFilter: filter@/system/etc/firmware/catcher_filter_1_ltg_n.bin
01-01 08:09:30.762019  1095  1100 D EMDLOGGER1: MAL_WriteToLogPort: written 1024 bytes to mdlog_port
01-01 08:09:30.762114  1095  1100 D EMDLOGGER1: MAL_WriteToLogPort: written 1024 bytes to mdlog_port
01-01 08:09:30.762166  1095  1100 D EMDLOGGER1: MAL_WriteToLogPort: written 1024 bytes to mdlog_port
01-01 08:09:30.762355  1095  1100 D EMDLOGGER1: MAL_WriteToLogPort: written 1024 bytes to mdlog_port
01-01 08:09:30.762420  1095  1100 D EMDLOGGER1: MAL_WriteToLogPort: written 1016 bytes to mdlog_port
01-01 08:09:30.762542  1095  1100 D EMDLOGGER1: passFilter: filter successfully sent
01-01 08:09:30.762767  1095  4715 I EMDLOGGER1: Detect filter thread started!
01-01 08:09:30.762833  1095  1100 I EMDLOGGER1: Set name mdl_seek_filter for thread(995ff440)
01-01 08:09:30.762871  1095  1100 I EMDLOGGER1: Set detach  mdl_seek_filter for thread(995ff440)
01-01 08:09:30.762903  1095  1100 D EMDLOGGER1: Start MDEngine: done. mode=2
01-01 08:09:30.762934  1095  1100 I EMDLOGGER1: Need create log recycle thread.
01-01 08:09:30.763129  1095  1100 I EMDLOGGER1: Set name mdl_recycle for thread(99501440)
01-01 08:09:30.763168  1095  1100 I EMDLOGGER1: Set detach  mdl_recycle for thread(99501440)
01-01 08:09:30.763197  1095  1100 D EMDLOGGER1: Start MDEngine: done.
01-01 08:09:30.763228  1095  1100 I EMDLOGGER1: Success to start logging in SD Mode!
01-01 08:09:30.763258  1095  1100 D EMDLOGGER1: startLoggingThread result is 1
01-01 08:09:30.763286  1095  1100 I EMDLOGGER1: g_bMDLStarting to FALSE
01-01 08:09:30.763394  1095  1100 I EMDLOGGER1: mdlogger send ACK deep_start,2,1
01-01 08:09:30.763434  1095  1100 D EMDLOGGER1: mdlogger socket select start
01-01 08:09:30.763625  4633  4683 V MTKLogger/LogConnection: Response from native byte size=14
01-01 08:09:30.763800  4633  4683 I MTKLogger/MultiModemLog: -->dealWithResponse(), resp=deep_start,2,1
01-01 08:09:30.764624  4633  4671 I MTKLogger/MultiModemLog: Handle receive message, what=25, msg.arg1=[9]
01-01 08:09:30.764799  4633  4671 D MTKLogger/MultiModemLog: Got an update event, new state = 1, reason=null
01-01 08:09:30.764973  4633  4671 I MTKLogger/MultiModemLog: -->notifyServiceStatus(), status=1,  reason=[]
01-01 08:09:30.765048  1095  4716 I EMDLOGGER1: start Logging Recycle Thread
01-01 08:09:30.765091  1095  4716 D EMDLOGGER1: Check if receive start cmd
01-01 08:09:30.765222  1095  4716 D EMDLOGGER1: Normal Mode 0
01-01 08:09:30.765254  1095  4716 I EMDLOGGER1: start Logging Recycle
01-01 08:09:30.765316  1095  4716 D EMDLOGGER1: Get recycle size: 600 M
01-01 08:09:30.771495  4633  4671 D MTKLogger/LogInstance: -->updateStatusBar(), logType=2, titleRes=2131296259, enable=true
01-01 08:09:30.771629  4633  4671 W MTKLogger/LogInstance: Too frequent status bar update request, slow down.
01-01 08:09:30.773012  4633  4717 D MTKLogger/MTKLoggerService:  mNativeStateHandler receive message, what=1, arg1=2, arg2=1
01-01 08:09:30.773139  4633  4717 D MTKLogger/MTKLoggerService: -->handleLogStateChangeMsg(), mCachedStartStopCmd = 2
01-01 08:09:30.773232  4633  4717 D MTKLogger/MTKLoggerService:  MSG_LOG_STATE_CHANGED, logType=2, result=1, reason=[]
01-01 08:09:30.773309  4633  4717 D MTKLogger/MTKLoggerService: Still waiting start/stop command response, mark it as finished.
01-01 08:09:30.773486  4633  4717 I MTKLogger/MTKLoggerService:  Notify other modules current state with broadcast. mCurrentAffectedLogType=23, currentRunningStatus=23, failReasonStr=[]
01-01 08:09:30.775343  4633  4717 D MTKLogger/MTKLoggerService: -->updateStartRecordingTime(), mCurrentRunningStatus=23
01-01 08:09:30.775504  4633  4717 I MTKLogger/MTKLoggerService: Former log start time is 0, set to current system time.
01-01 08:09:30.775770  4633  4633 D MTKLogger/MainActivity: ACTION_LOG_STATE_CHANGED
01-01 08:09:30.775923  4633  4717 V MTKLogger/MTKLoggerService: -->isLogRunning(), logType = 16
01-01 08:09:30.776092  4633  4717 I MTKLogger/LogInstance:  Native log(16) running status=true
01-01 08:09:30.776182  4633  4717 V MTKLogger/MTKLoggerService: <--isLogRunning()? true
01-01 08:09:30.776670  4633  4717 V MTKLogger/MTKLoggerService: <--isAnyLogRunning()? true
01-01 08:09:30.776807  4633  4717 D MTKLogger/MTKLoggerService: -->updateLogFolderMonitor(), isLogRunning=true, mLogFolderMonitorThreadStopFlag=true
01-01 08:09:30.777125  4633  4650 D Surface : Surface::disconnect(this=0x7f859e6600,api=1)
01-01 08:09:30.777399   270   297 I BufferQueueProducer: [](this:0x7fa068a800,id:134,api:1,p:-1,c:270) disconnect(P): api 1
01-01 08:09:30.777623  4633  4717 V MTKLogger/MTKLoggerService: Log is running, so start monitor log folder
01-01 08:09:30.777743  4633  4717 V MTKLogger/MTKLoggerService: -->isLogRunning(), logType = 16
01-01 08:09:30.777860  4633  4717 I MTKLogger/LogInstance:  Native log(16) running status=true
01-01 08:09:30.777951  4633  4717 V MTKLogger/MTKLoggerService: <--isLogRunning()? true
01-01 08:09:30.778036  4633  4717 V MTKLogger/MTKLoggerService: <--isAnyLogRunning()? true
01-01 08:09:30.778036   270   297 I BufferQueueConsumer: [](this:0x7fa068a800,id:134,api:1,p:-1,c:270) getReleasedBuffers: returning mask 0xfffffffffffffffe
01-01 08:09:30.778066  4633  4718 D MTKLogger/MTKLoggerService: Begin to monitor log folder status...
01-01 08:09:30.778110  4633  4717 I MTKLogger/Utils: -->getInternalSdPath()
01-01 08:09:30.778138  4633  4718 I MTKLogger/Utils: -->getInternalSdPath()
01-01 08:09:30.778247   270   297 D GraphicBuffer: free, handle(0x7fa355e0e0) (w:684 h:324 s:688 f:0x1 u:0x000b00)
01-01 08:09:30.778344   270   297 I [MALI][Gralloc]: [-]hnd(0x7fa355e0e0), client(26), share_fd(91)
01-01 08:09:30.778501   270   297 D GraphicBuffer: free, handle(0x7fa355e720) (w:684 h:324 s:688 f:0x1 u:0x000b00)
01-01 08:09:30.778587   270   297 I [MALI][Gralloc]: [-]hnd(0x7fa355e720), client(26), share_fd(93)
01-01 08:09:30.779255  1456  1756 D AppOps  : noteOperation: allowing code 59 uid 10052 package com.mediatek.mtklogger
01-01 08:09:30.779359  1456  1756 D AppOps  : noteOperation: allowing code 60 uid 10052 package com.mediatek.mtklogger
01-01 08:09:30.779436  1456  1758 D AppOps  : noteOperation: allowing code 59 uid 10052 package com.mediatek.mtklogger
01-01 08:09:30.779503  1456  1758 D AppOps  : noteOperation: allowing code 60 uid 10052 package com.mediatek.mtklogger
01-01 08:09:30.779588  4633  4650 D GraphicBuffer: unregister, handle(0x7f95012220) (w:684 h:324 s:688 f:0x1 u:0x000b00)
01-01 08:09:30.779650  4633  4650 E HAL     : SLCODE-loaded class_id=gralloc 
01-01 08:09:30.779694  4633  4650 E HAL     : SLCODE-loaded name=gralloc 
01-01 08:09:30.779732  4633  4650 E HAL     : SLCODE-loaded prop_name=ro.hardware.gralloc 
01-01 08:09:30.779774  4633  4650 E HAL     : SLCODE-loaded for circle execute 
01-01 08:09:30.779823  4633  4650 E HAL     : SLCODE-hw_module_exists HAL_LIBRARY_PATH2=/vendor/lib64/hw, name=gralloc, subname=mt6735 
01-01 08:09:30.779970  4633  4650 E HAL     : SLCODE-hw_module_exists HAL_LIBRARY_PATH1=/system/lib64/hw, name=gralloc, subname=mt6735 
01-01 08:09:30.780027  4633  4650 E HAL     : SLCODE-hw_module_exists return ENOENT 
01-01 08:09:30.780029  1456  1756 D SettingsInterface:  from settings cache , name = sys_storage_threshold_percentage , value = null
01-01 08:09:30.780075  4633  4650 E HAL     : SLCODE-hw_module_exists HAL_LIBRARY_PATH2=/vendor/lib64/hw, name=gralloc, subname=MT6737 
01-01 08:09:30.780212  4633  4650 E HAL     : SLCODE-hw_module_exists HAL_LIBRARY_PATH1=/system/lib64/hw, name=gralloc, subname=MT6737 
01-01 08:09:30.780262  4633  4650 E HAL     : SLCODE-hw_module_exists return ENOENT 
01-01 08:09:30.780306  4633  4650 E HAL     : SLCODE-hw_module_exists HAL_LIBRARY_PATH2=/vendor/lib64/hw, name=gralloc, subname=mt6737t 
01-01 08:09:30.780367  4633  4650 E HAL     : SLCODE-hw_module_exists HAL_LIBRARY_PATH1=/system/lib64/hw, name=gralloc, subname=mt6737t 
01-01 08:09:30.780417  4633  4650 E HAL     : SLCODE-loaded HAL id=gralloc path=/system/lib64/hw/gralloc.mt6737t.so 
01-01 08:09:30.780504  1456  1756 D SettingsInterface:  from settings cache , name = sys_storage_threshold_max_bytes , value = null
01-01 08:09:30.781174  1456  1758 D SettingsInterface:  from settings cache , name = sys_storage_threshold_percentage , value = null
01-01 08:09:30.781215  4633  4717 I MTKLogger/Utils: /storage/emulated/0 is mounted!
01-01 08:09:30.781958  4633  4650 I [MALI][Gralloc]: [-]r_hnd(0x7f95012220), client(23), share_fd(56)
01-01 08:09:30.782490  4633  4650 D GraphicBuffer: unregister, handle(0x7f95013f80) (w:684 h:324 s:688 f:0x1 u:0x000b00)
01-01 08:09:30.782758  4633  4650 E HAL     : SLCODE-loaded class_id=gralloc 
01-01 08:09:30.782802  4633  4650 E HAL     : SLCODE-loaded name=gralloc 
01-01 08:09:30.782839  4633  4650 E HAL     : SLCODE-loaded prop_name=ro.hardware.gralloc 
01-01 08:09:30.782874  4633  4650 E HAL     : SLCODE-loaded for circle execute 
01-01 08:09:30.782917  4633  4650 E HAL     : SLCODE-hw_module_exists HAL_LIBRARY_PATH2=/vendor/lib64/hw, name=gralloc, subname=mt6735 
01-01 08:09:30.782891  1456  1758 D SettingsInterface:  from settings cache , name = sys_storage_threshold_max_bytes , value = null
01-01 08:09:30.783000  4633  4650 E HAL     : SLCODE-hw_module_exists HAL_LIBRARY_PATH1=/system/lib64/hw, name=gralloc, subname=mt6735 
01-01 08:09:30.783052  4633  4650 E HAL     : SLCODE-hw_module_exists return ENOENT 
01-01 08:09:30.783116  4633  4650 E HAL     : SLCODE-hw_module_exists HAL_LIBRARY_PATH2=/vendor/lib64/hw, name=gralloc, subname=MT6737 
01-01 08:09:30.783189  4633  4650 E HAL     : SLCODE-hw_module_exists HAL_LIBRARY_PATH1=/system/lib64/hw, name=gralloc, subname=MT6737 
01-01 08:09:30.783240  4633  4650 E HAL     : SLCODE-hw_module_exists return ENOENT 
01-01 08:09:30.783284  4633  4650 E HAL     : SLCODE-hw_module_exists HAL_LIBRARY_PATH2=/vendor/lib64/hw, name=gralloc, subname=mt6737t 
01-01 08:09:30.783347  4633  4650 E HAL     : SLCODE-hw_module_exists HAL_LIBRARY_PATH1=/system/lib64/hw, name=gralloc, subname=mt6737t 
01-01 08:09:30.783421  4633  4650 E HAL     : SLCODE-loaded HAL id=gralloc path=/system/lib64/hw/gralloc.mt6737t.so 
01-01 08:09:30.783572  4633  4718 I MTKLogger/Utils: /storage/emulated/0 is mounted!
01-01 08:09:30.784166  4633  4717 I MTKLogger/Utils: Is emulated and volumeInfo.getId() : emulated
01-01 08:09:30.784235  4633  4717 I MTKLogger/Utils: <--getInternalSdPath() : internalPath = /storage/emulated/0
01-01 08:09:30.784332  4633  4718 I MTKLogger/Utils: Is emulated and volumeInfo.getId() : emulated
01-01 08:09:30.784380  4633  4718 I MTKLogger/Utils: <--getInternalSdPath() : internalPath = /storage/emulated/0
01-01 08:09:30.784484  4633  4717 V MTKLogger: <--getLogPath(), type=internal_sd, string=/storage/emulated/0
01-01 08:09:30.784528  4633  4718 V MTKLogger: <--getLogPath(), type=internal_sd, string=/storage/emulated/0
01-01 08:09:30.784603  4633  4717 V MTKLogger/Utils: -->setRunnngFileListTree
01-01 08:09:30.785830  1456  1477 D AppOps  : noteOperation: allowing code 59 uid 10052 package com.mediatek.mtklogger
01-01 08:09:30.785924  1456  1477 D AppOps  : noteOperation: allowing code 60 uid 10052 package com.mediatek.mtklogger
01-01 08:09:30.786204  1456  1477 D SettingsInterface:  from settings cache , name = sys_storage_threshold_percentage , value = null
01-01 08:09:30.786451  1456  1477 D SettingsInterface:  from settings cache , name = sys_storage_threshold_max_bytes , value = null
01-01 08:09:30.786533  4633  4650 I [MALI][Gralloc]: [-]r_hnd(0x7f95013f80), client(23), share_fd(57)
01-01 08:09:30.786733  4633  4650 D GraphicBuffer: unregister, handle(0x7f95012c20) (w:684 h:324 s:688 f:0x1 u:0x000b00)
01-01 08:09:30.786784  4633  4650 E HAL     : SLCODE-loaded class_id=gralloc 
01-01 08:09:30.786818  4633  4650 E HAL     : SLCODE-loaded name=gralloc 
01-01 08:09:30.786856  4633  4650 E HAL     : SLCODE-loaded prop_name=ro.hardware.gralloc 
01-01 08:09:30.786893  4633  4650 E HAL     : SLCODE-loaded for circle execute 
01-01 08:09:30.786938  4633  4650 E HAL     : SLCODE-hw_module_exists HAL_LIBRARY_PATH2=/vendor/lib64/hw, name=gralloc, subname=mt6735 
01-01 08:09:30.787026  4633  4650 E HAL     : SLCODE-hw_module_exists HAL_LIBRARY_PATH1=/system/lib64/hw, name=gralloc, subname=mt6735 
01-01 08:09:30.787077  4633  4650 E HAL     : SLCODE-hw_module_exists return ENOENT 
01-01 08:09:30.787123  4633  4650 E HAL     : SLCODE-hw_module_exists HAL_LIBRARY_PATH2=/vendor/lib64/hw, name=gralloc, subname=MT6737 
01-01 08:09:30.787191  4633  4650 E HAL     : SLCODE-hw_module_exists HAL_LIBRARY_PATH1=/system/lib64/hw, name=gralloc, subname=MT6737 
01-01 08:09:30.787243  4633  4650 E HAL     : SLCODE-hw_module_exists return ENOENT 
01-01 08:09:30.787285  4633  4650 E HAL     : SLCODE-hw_module_exists HAL_LIBRARY_PATH2=/vendor/lib64/hw, name=gralloc, subname=mt6737t 
01-01 08:09:30.787347  4633  4650 E HAL     : SLCODE-hw_module_exists HAL_LIBRARY_PATH1=/system/lib64/hw, name=gralloc, subname=mt6737t 
01-01 08:09:30.787396  4633  4650 E HAL     : SLCODE-loaded HAL id=gralloc path=/system/lib64/hw/gralloc.mt6737t.so 
01-01 08:09:30.788525  4633  4718 D MTKLogger: -->getAvailableStorageSize(), path=/storage/emulated/0, size=11184MB
01-01 08:09:30.788921  4633  4650 I [MALI][Gralloc]: [-]r_hnd(0x7f95012c20), client(23), share_fd(58)
01-01 08:09:30.789238  4633  4650 D GraphicBuffer: unregister, handle(0x7f95012680) (w:684 h:324 s:688 f:0x1 u:0x000b00)
01-01 08:09:30.789338  4633  4650 E HAL     : SLCODE-loaded class_id=gralloc 
01-01 08:09:30.789388  4633  4650 E HAL     : SLCODE-loaded name=gralloc 
01-01 08:09:30.789431  4633  4650 E HAL     : SLCODE-loaded prop_name=ro.hardware.gralloc 
01-01 08:09:30.789469  4633  4650 E HAL     : SLCODE-loaded for circle execute 
01-01 08:09:30.789516  4633  4650 E HAL     : SLCODE-hw_module_exists HAL_LIBRARY_PATH2=/vendor/lib64/hw, name=gralloc, subname=mt6735 
01-01 08:09:30.789619  4633  4650 E HAL     : SLCODE-hw_module_exists HAL_LIBRARY_PATH1=/system/lib64/hw, name=gralloc, subname=mt6735 
01-01 08:09:30.789677  4633  4650 E HAL     : SLCODE-hw_module_exists return ENOENT 
01-01 08:09:30.789726  4633  4650 E HAL     : SLCODE-hw_module_exists HAL_LIBRARY_PATH2=/vendor/lib64/hw, name=gralloc, subname=MT6737 
01-01 08:09:30.789791  4633  4650 E HAL     : SLCODE-hw_module_exists HAL_LIBRARY_PATH1=/system/lib64/hw, name=gralloc, subname=MT6737 
01-01 08:09:30.789848  4633  4650 E HAL     : SLCODE-hw_module_exists return ENOENT 
01-01 08:09:30.789981  4633  4719 I MTKLogger/Utils: -->getInternalSdPath()
01-01 08:09:30.790145  4633  4650 E HAL     : SLCODE-hw_module_exists HAL_LIBRARY_PATH2=/vendor/lib64/hw, name=gralloc, subname=mt6737t 
01-01 08:09:30.790231  4633  4650 E HAL     : SLCODE-hw_module_exists HAL_LIBRARY_PATH1=/system/lib64/hw, name=gralloc, subname=mt6737t 
01-01 08:09:30.790286  4633  4650 E HAL     : SLCODE-loaded HAL id=gralloc path=/system/lib64/hw/gralloc.mt6737t.so 
01-01 08:09:30.791520  1456  1760 D AppOps  : noteOperation: allowing code 59 uid 10052 package com.mediatek.mtklogger
01-01 08:09:30.791645  1456  1760 D AppOps  : noteOperation: allowing code 60 uid 10052 package com.mediatek.mtklogger
01-01 08:09:30.791659  4633  4650 I [MALI][Gralloc]: [-]r_hnd(0x7f95012680), client(23), share_fd(59)
01-01 08:09:30.791780  4633  4650 D Surface : Surface::disconnect(this=0x7f859e6600,api=1)
01-01 08:09:30.791938  1456  1760 D SettingsInterface:  from settings cache , name = sys_storage_threshold_percentage , value = null
01-01 08:09:30.792186  1456  1760 D SettingsInterface:  from settings cache , name = sys_storage_threshold_max_bytes , value = null
01-01 08:09:30.792219   270  3554 I BufferQueueProducer: [](this:0x7fa068a800,id:134,api:1,p:-1,c:270) disconnect(P): api 1
01-01 08:09:30.792974  4633  4719 I MTKLogger/Utils: /storage/emulated/0 is mounted!
01-01 08:09:30.793497  4633  4719 I MTKLogger/Utils: Is emulated and volumeInfo.getId() : emulated
01-01 08:09:30.793588  4633  4719 I MTKLogger/Utils: <--getInternalSdPath() : internalPath = /storage/emulated/0
01-01 08:09:30.793825  4633  4719 V MTKLogger: <--getLogPath(), type=internal_sd, string=/storage/emulated/0
01-01 08:09:30.797190  4633  4633 D WindowClient: Remove from mViews: com.android.internal.policy.PhoneWindow$DecorView{a043234 V.E...... R....... 0,0-684,324}, this = android.view.WindowManagerGlobal@5909f7b
01-01 08:09:30.799253  4633  4633 V InputMethodManager: onWindowFocus: null softInputMode=32 first=false flags=#1810100
01-01 08:09:30.799427  4633  4720 I MTKLogger/Utils: -->getInternalSdPath()
01-01 08:09:30.800926  1456  1756 D AppOps  : noteOperation: allowing code 59 uid 10052 package com.mediatek.mtklogger
01-01 08:09:30.801015  1456  1756 D AppOps  : noteOperation: allowing code 60 uid 10052 package com.mediatek.mtklogger
01-01 08:09:30.801277  1456  1756 D SettingsInterface:  from settings cache , name = sys_storage_threshold_percentage , value = null
01-01 08:09:30.801484  1456  1756 D SettingsInterface:  from settings cache , name = sys_storage_threshold_max_bytes , value = null
01-01 08:09:30.801865  4633  4720 I MTKLogger/Utils: /storage/emulated/0 is mounted!
01-01 08:09:30.802294  4633  4720 I MTKLogger/Utils: Is emulated and volumeInfo.getId() : emulated
01-01 08:09:30.802344  4633  4720 I MTKLogger/Utils: <--getInternalSdPath() : internalPath = /storage/emulated/0
01-01 08:09:30.802517  4633  4720 V MTKLogger: <--getLogPath(), type=internal_sd, string=/storage/emulated/0
01-01 08:09:30.802596  4633  4720 D MTKLogger/MainActivity:  mSDCardPathStr=/storage/emulated/0
01-01 08:09:30.804963  4633  4719 D MTKLogger/Utils: -->setLogFolderToFileTree()
01-01 08:09:30.805032  4633  4719 D MTKLogger/Utils:  fileList.size = 19 fileTree = /storage/emulated/0/mtklog/running_file_tree.txt
01-01 08:09:30.808141  4633  4719 D MTKLogger/Utils: <--setLogFolderToFileTree() fileList.size = 19
01-01 08:09:30.818962  4633  4633 D MTKLogger/MainActivity: -->updateUI(), Update UI Start
01-01 08:09:30.821428  4633  4633 I MTKLogger/MainActivity: isAutoTest()-> Monkey running flag is false
01-01 08:09:30.821809  4633  4633 I MTKLogger/MainActivity: isAutoTest()-> isUserAMonkey=false
01-01 08:09:30.822881   270   295 I BufferQueueProducer: [com.mediatek.mtklogger/com.mediatek.mtklogger.MainActivity](this:0x7fa0689400,id:132,api:1,p:4633,c:270) queueBuffer: fps=1.18 dur=1691.41 max=1532.60 min=158.81
01-01 08:09:30.824434  4633  4633 V MTKLogger/MainActivity: -->changeWaitingDialog()
01-01 08:09:30.824580  4633  4633 D MTKLogger/MainActivity: -->needStartLogAtBootTime(), needStart=true
01-01 08:09:30.824662  4633  4633 V MTKLogger/MainActivity: isBootComplete(), isComplete = true, isMTKLoggerServiceInited = true, isBootCompletedDone = true, isShutdownNormal = false, isNeedStartLogAtBootTime = true
01-01 08:09:30.824759  4633  4633 D MTKLogger/MTKLoggerService: <--getGlobalRunningStage(), current stage=0
01-01 08:09:30.824839  4633  4633 D MTKLogger/MainActivity: changeWaitingDialog() -> currentRunningStage is 0
01-01 08:09:30.825336  4633  4633 V MTKLogger/MTKLoggerService: -->isLogRunning(), logType = 16
01-01 08:09:30.825478  4633  4633 I MTKLogger/LogInstance:  Native log(16) running status=true
01-01 08:09:30.825552  4633  4633 V MTKLogger/MTKLoggerService: <--isLogRunning()? true
01-01 08:09:30.827762  4633  4633 V MTKLogger/MTKLoggerService: -->isLogRunning(), logType = 4
01-01 08:09:30.827889  4633  4633 I MTKLogger/LogInstance:  Native log(4) running status=true
01-01 08:09:30.827962  4633  4633 V MTKLogger/MTKLoggerService: <--isLogRunning()? true
01-01 08:09:30.829041  4633  4633 V MTKLogger/MTKLoggerService: -->isLogRunning(), logType = 1
01-01 08:09:30.829158  4633  4633 I MTKLogger/LogInstance:  Native log(1) running status=true
01-01 08:09:30.829224  4633  4633 V MTKLogger/MTKLoggerService: <--isLogRunning()? true
01-01 08:09:30.830186  1095  1099 D EMDLOGGER1: CTRL_reader: incoming SPLM req, msgid=6, token=0, result=0
01-01 08:09:30.830240  1095  1099 I EMDLOGGER1: [MDLOG] [stats][buf] L1 : data:0x9494 last:0x1debf; (1, 0x24a8, 0x1debe)(2, 0x14e8, 0x1deb2)(3, 0x407, 0x1debc)PS : data:0x3d97 last:0x1debe; L2 : data:0x201a last:0x1debc; 
01-01 08:09:30.830326  4633  4633 V MTKLogger/MTKLoggerService: -->isLogRunning(), logType = 2
01-01 08:09:30.830437  4633  4633 I MTKLogger/LogInstance:  Native log(2) running status=true
01-01 08:09:30.830568  4633  4633 D MTKLogger/MultiModemLog/ModemManager: isAnyModemLogConnect ? true
01-01 08:09:30.830634  4633  4633 D MTKLogger/MultiModemLog: Is modm log running ? true
01-01 08:09:30.830698  4633  4633 V MTKLogger/MTKLoggerService: <--isLogRunning()? true
01-01 08:09:30.830902  1095  1099 D EMDLOGGER1: CTRL_reader: incoming SPLM req, msgid=6, token=0, result=0
01-01 08:09:30.830935  1095  1099 I EMDLOGGER1: [MDLOG] [stats][mux] MCU : data:0x203e3 last:0x1deac; DSP : data:0x0 last:0x0; 
01-01 08:09:30.832942  4633  4633 E MTKLogger/MainActivity: timeString : 0:00:00
01-01 08:09:30.834733  4633  4633 D MTKLogger/MainActivity: Build type is not eng
01-01 08:09:30.835939  4633  4722 D MTKLogger/MainActivity: Start a new thread to check whether existing any log now.
01-01 08:09:30.836309   270   270 D GraphicBuffer: free, handle(0x7fa300a400) (w:684 h:324 s:688 f:0x1 u:0x000b00)
01-01 08:09:30.836405   270   270 I [MALI][Gralloc]: [-]hnd(0x7fa300a400), client(26), share_fd(84)
01-01 08:09:30.837795  4633  4722 V MTKLogger/MainActivity: Check whether existing any log finish, result=true
01-01 08:09:30.842330  4633  4633 I MTKLogger/MainActivity: Receive check existing log folder done message, result=true
01-01 08:09:30.842452  4633  4633 V MTKLogger/MainActivity: isLogExists=true
01-01 08:09:30.844896  4633  4650 D OpenGLRenderer: CacheTexture 8 upload: x, y, width height = 160, 193, 40, 76
01-01 08:09:31.025598  2626  2627 I PerfService: PerfServiceNative_getPackName
01-01 08:09:31.026010  1456  2301 I libPerfService: perfGetLastBoostPid 4633
01-01 08:09:31.026094  1456  2301 D PerfServiceManager: [PerfService] getLastBoostPid 4633 
01-01 08:09:31.026141  1456  2301 I libPerfService: perfGetLastBoostPid 4633
01-01 08:09:31.056408  4557  4557 W System.err: java.util.NoSuchElementException
01-01 08:09:31.056701  4557  4557 W System.err: 	at java.util.ArrayList$ArrayListIterator.next(ArrayList.java:581)
01-01 08:09:31.056769  4557  4557 W System.err: 	at evu.a(360AntiVirus:132)
01-01 08:09:31.056814  4557  4557 W System.err: 	at evu.a(360AntiVirus:52)
01-01 08:09:31.056859  4557  4557 W System.err: 	at com.qihoo360.mobilesafe.assist.service.FloatIconService.t(360AntiVirus:1202)
01-01 08:09:31.056905  4557  4557 W System.err: 	at com.qihoo360.mobilesafe.assist.service.FloatIconService.d(360AntiVirus:1127)
01-01 08:09:31.056950  4557  4557 W System.err: 	at com.qihoo360.mobilesafe.assist.service.FloatIconService.d(360AntiVirus:60)
01-01 08:09:31.056996  4557  4557 W System.err: 	at coc.handleMessage(360AntiVirus:718)
01-01 08:09:31.057263  4557  4557 W System.err: 	at android.os.Handler.dispatchMessage(Handler.java:111)
01-01 08:09:31.057314  4557  4557 W System.err: 	at android.os.Looper.loop(Looper.java:207)
01-01 08:09:31.057360  4557  4557 W System.err: 	at android.app.ActivityThread.main(ActivityThread.java:5777)
01-01 08:09:31.057403  4557  4557 W System.err: 	at java.lang.reflect.Method.invoke(Native Method)
01-01 08:09:31.057459  4557  4557 W System.err: 	at com.android.internal.os.ZygoteInit$MethodAndArgsCaller.run(ZygoteInit.java:789)
01-01 08:09:31.057510  4557  4557 W System.err: 	at com.android.internal.os.ZygoteInit.main(ZygoteInit.java:679)
01-01 08:09:31.071748   270   270 I BufferQueueConsumer: [](this:0x7fa068a800,id:134,api:1,p:-1,c:-1) disconnect(C)
01-01 08:09:31.072483   270   270 I BufferQueue: [](this:0x7fa068a800,id:134,api:1,p:-1,c:-1) ~BufferQueueCore
01-01 08:09:31.072846   270   270 D GraphicBuffer: free, handle(0x7fa355f120) (w:684 h:324 s:688 f:0x1 u:0x000b00)
01-01 08:09:31.072944   270   270 I [MALI][Gralloc]: [-]hnd(0x7fa355f120), client(26), share_fd(88)
01-01 08:09:31.074036   270   270 I SurfaceFlinger: [Built-in Screen (type:0)] fps:52.990479,dur:1000.18,max:38.15,min:16.06
01-01 08:09:31.075649   270  1519 I BufferQueueProducer: [](this:0x7f9dddd000,id:123,api:1,p:4557,c:270) queueBuffer: fps=0.96 dur=1038.51 max=1038.51 min=1038.51
01-01 08:09:31.573470  1456  1639 D PerfServiceManager: [PerfService] MESSAGE_TIMEOUT:105 
01-01 08:09:31.573736  1456  1639 I libPerfService: 5: set: 1
01-01 08:09:31.573866  1456  1639 I libPerfService: 5: set freq: 0
01-01 08:09:31.573904  1456  1639 I libPerfService: 5: set vcore level: 0
01-01 08:09:31.574238  1456  1639 D PerfServiceManager: [PerfService] set utilization:0.8 
01-01 08:09:31.724248  4633  4691 D saber   : mMessageHandler, what = 2
01-01 08:09:31.725318  4633  4723 I saber   : Re-onStartCommand. mIsOnDestroy = false
01-01 08:09:31.725443  4633  4723 I saber   : ============>  onStartCommand
01-01 08:09:31.725715  4633  4691 D saber   : mMessageHandler, what = 3
01-01 08:09:31.726770  4633  4724 I saber   : ============>  startCommand()
01-01 08:09:31.729031  1095  4711 I EMDLOGGER1: m_bLog2SD = LOG_ON_SD,move bootup logs then return
01-01 08:09:31.773478  4633  4633 D MTKLogger/LogInstance: -->showLogStatusInNotificationBar(), enable?true, title=MTKLogger , summary=GPS log, Network log, Mobile log, Modem log ., tickerText=GPS log, Network log, Mobile log, Modem log ., icon=2130837539
01-01 08:09:31.779216  4633  4724 I saber   : open v5.bcfg
01-01 08:09:31.785388  4633  4633 I MTKLogger/LogInstance: Give service foreground priority since log is on
01-01 08:09:31.792612  1456  1456 D AppOps  : noteOperation: allowing code 11 uid 10052 package com.mediatek.mtklogger
01-01 08:09:31.800972  1790  1790 D PhoneStatusBar: addNotification key=0|com.mediatek.mtklogger|2130837539|null|10052
01-01 08:09:31.823198  4633  4724 I saber   : logPath /storage/emulated/0/mtklog/c2kmdlog/MDLog3_2016_0101_080931
01-01 08:09:31.823406  4633  4724 I via_ets : ets log to be started
01-01 08:09:31.823540  4633  4724 V via_ets : /dev/ttySDIO2
01-01 08:09:31.823671  4633  4724 V via_ets : /storage/emulated/0/mtklog/c2kmdlog/MDLog3_2016_0101_080931/
01-01 08:09:31.823815  4633  4724 I via_ets : Parsing the config file
01-01 08:09:31.824386  4633  4724 I saber   : info:parsing the config file
01-01 08:09:31.825840  1095  4710 D EMDLOGGER1: Copy DB /system/etc/mddb/BPLGUInfoCustomAppSrcP_MT6735_S00_MOLY_LR9_W1444_MD_LWTG_MP_V88_P12_1_ltg_n to /storage/emulated/0/mtklog/mdlog1/MDLog1_2016_0101_080930/BPLGUInfoCustomAppSrcP_MT6735_S00_MOLY_LR9_W1444_MD_LWTG_MP_V88_P12_1_ltg_n
01-01 08:09:31.841370  1790  1790 D SettingsInterface:  from settings cache , name = time_12_24 , value = null
01-01 08:09:31.846329  1790  1790 D SettingsInterface:  from settings cache , name = time_12_24 , value = null
01-01 08:09:31.847294  1790  1790 D StatusBar: mDeviceProvisioned is true
01-01 08:09:31.847390  1790  1790 D StatusBar: interrupt: false
01-01 08:09:31.847423  1790  1790 D StatusBar: mDeviceProvisioned is true
01-01 08:09:31.847445  1790  1790 D StatusBar: mDeviceProvisioned is true
01-01 08:09:31.847535  1790  1790 D StatusBar: mDeviceProvisioned is true
01-01 08:09:31.847561  1790  1790 D StatusBar: mDeviceProvisioned is true
01-01 08:09:31.849028  1790  1790 D StatusBar: mDeviceProvisioned is true
01-01 08:09:31.849862  1790  1790 D DefaultStatusBarPlmnPlugin: into supportCustomizeCarrierLabel: false
01-01 08:09:31.857437  4633  4650 D OpenGLRenderer: CacheTexture 8 upload: x, y, width height = 356, 0, 46, 117
01-01 08:09:31.860976   270  1519 I BufferQueueProducer: [com.mediatek.mtklogger/com.mediatek.mtklogger.MainActivity](this:0x7fa0689400,id:132,api:1,p:4633,c:270) queueBuffer: fps=2.89 dur=1038.10 max=1002.91 min=8.24
01-01 08:09:31.868946   270   297 I BufferQueueProducer: [StatusBar](this:0x7fa068bc00,id:7,api:1,p:1790,c:270) queueBuffer: fps=1.77 dur=10165.64 max=9820.02 min=3.88
01-01 08:09:31.898965  4633  4724 I via_ets : ets Log started
01-01 08:09:31.899070  4633  4724 I saber   : info:log process started
01-01 08:09:31.899246  4633  4724 I saber   : isReadyStr = ready
01-01 08:09:31.899313  4633  4724 I saber   : Modem state:true
01-01 08:09:31.899411  4633  4724 I saber   : set channel 1
01-01 08:09:31.902773  1456  2268 D AppOps  : startOperation: allowing code 40 uid 1001 package com.android.phone
01-01 08:09:31.926284  1095  4710 D EMDLOGGER1:  MD DB md2_posfix DbgInfo_LR9.W1444.MD.LWTG.MP_GR6737M_65_M0_LTG_DSDS_COTSX_MOLY_LR9_W1444_MD_LWTG_MP_V88_P12_2016_07_12_13_00_1_ltg_n
01-01 08:09:31.933447  4633  4633 I saber   : I am bc receiver of cbp in log service of saber
01-01 08:09:31.933539  4633  4633 I saber   : ets device is on SDIO channel now
01-01 08:09:32.026588  2626  2627 I PerfService: PerfServiceNative_getPackName
01-01 08:09:32.026902  1456  1755 I libPerfService: perfGetLastBoostPid 4633
01-01 08:09:32.026970  1456  1755 D PerfServiceManager: [PerfService] getLastBoostPid 4633 
01-01 08:09:32.026996  1456  1755 I libPerfService: perfGetLastBoostPid 4633
01-01 08:09:32.079123  4557  4557 W System.err: java.util.NoSuchElementException
01-01 08:09:32.079705  4557  4557 W System.err: 	at java.util.ArrayList$ArrayListIterator.next(ArrayList.java:581)
01-01 08:09:32.079849  4557  4557 W System.err: 	at evu.a(360AntiVirus:132)
01-01 08:09:32.079963  4557  4557 W System.err: 	at evu.a(360AntiVirus:52)
01-01 08:09:32.080574  4557  4557 W System.err: 	at com.qihoo360.mobilesafe.assist.service.FloatIconService.t(360AntiVirus:1202)
01-01 08:09:32.080621  4557  4557 W System.err: 	at com.qihoo360.mobilesafe.assist.service.FloatIconService.d(360AntiVirus:1127)
01-01 08:09:32.080653  4557  4557 W System.err: 	at com.qihoo360.mobilesafe.assist.service.FloatIconService.d(360AntiVirus:60)
01-01 08:09:32.080685  4557  4557 W System.err: 	at coc.handleMessage(360AntiVirus:718)
01-01 08:09:32.080714  4557  4557 W System.err: 	at android.os.Handler.dispatchMessage(Handler.java:111)
01-01 08:09:32.080750  4557  4557 W System.err: 	at android.os.Looper.loop(Looper.java:207)
01-01 08:09:32.080780  4557  4557 W System.err: 	at android.app.ActivityThread.main(ActivityThread.java:5777)
01-01 08:09:32.080818  4557  4557 W System.err: 	at java.lang.reflect.Method.invoke(Native Method)
01-01 08:09:32.080852  4557  4557 W System.err: 	at com.android.internal.os.ZygoteInit$MethodAndArgsCaller.run(ZygoteInit.java:789)
01-01 08:09:32.080881  4557  4557 W System.err: 	at com.android.internal.os.ZygoteInit.main(ZygoteInit.java:679)
01-01 08:09:32.095139   270   295 I BufferQueueProducer: [](this:0x7f9dddd000,id:123,api:1,p:4557,c:270) queueBuffer: fps=0.98 dur=1019.50 max=1019.50 min=1019.50
01-01 08:09:32.111769   270   270 I SurfaceFlinger: [Built-in Screen (type:0)] fps:2.890895,dur:1037.74,max:791.30,min:16.78
01-01 08:09:32.114066  1095  4710 D EMDLOGGER1: Copy DB /system/etc/mddb/DbgInfo_LR9.W1444.MD.LWTG.MP_GR6737M_65_M0_LTG_DSDS_COTSX_MOLY_LR9_W1444_MD_LWTG_MP_V88_P12_2016_07_12_13_00_1_ltg_n to /storage/emulated/0/mtklog/mdlog1/MDLog1_2016_0101_080930/DbgInfo_LR9.W1444.MD.LWTG.MP_GR6737M_65_M0_LTG_DSDS_COTSX_MOLY_LR9_W1444_MD_LWTG_MP_V88_P12_2016_07_12_13_00_1_ltg_n
01-01 08:09:32.214339  1095  4710 D EMDLOGGER1:  MD DB md2_posfix mdm_layout_desc_1_ltg_n.dat
01-01 08:09:32.239018  1095  4710 D EMDLOGGER1: Copy DB /system/etc/mddb/mdm_layout_desc_1_ltg_n.dat to /storage/emulated/0/mtklog/mdlog1/MDLog1_2016_0101_080930/mdm_layout_desc_1_ltg_n.dat
01-01 08:09:32.312225  1456  1639 D PerfServiceManager: [PerfService] MESSAGE_TIMER_RENDER_AWARE_DURATION timeout 
01-01 08:09:32.339534  1095  4710 D EMDLOGGER1: Copy DB finished.
01-01 08:09:32.394087  1456  1489 D AppOps  : noteOperation: allowing code 51 uid 10000 package com.qihoo.antivirus
01-01 08:09:32.476716   886   886 I thermal_repeater: select timeout
01-01 08:09:32.602618  3385  3385 W System.err: java.util.NoSuchElementException
01-01 08:09:32.602848  3385  3385 W System.err: 	at java.util.ArrayList$ArrayListIterator.next(ArrayList.java:581)
01-01 08:09:32.602888  3385  3385 W System.err: 	at evu.a(360AntiVirus:132)
01-01 08:09:32.602918  3385  3385 W System.err: 	at evu.a(360AntiVirus:52)
01-01 08:09:32.602949  3385  3385 W System.err: 	at com.qihoo.antivirus.server.app.CoreService.e(360AntiVirus:1037)
01-01 08:09:32.602978  3385  3385 W System.err: 	at com.qihoo.antivirus.server.app.CoreService.q(360AntiVirus:763)
01-01 08:09:32.603018  3385  3385 W System.err: 	at com.qihoo.antivirus.server.app.CoreService.f(360AntiVirus:74)
01-01 08:09:32.603047  3385  3385 W System.err: 	at agd.handleMessage(360AntiVirus:658)
01-01 08:09:32.603078  3385  3385 W System.err: 	at android.os.Handler.dispatchMessage(Handler.java:111)
01-01 08:09:32.603106  3385  3385 W System.err: 	at android.os.Looper.loop(Looper.java:207)
01-01 08:09:32.603135  3385  3385 W System.err: 	at android.app.ActivityThread.main(ActivityThread.java:5777)
01-01 08:09:32.603167  3385  3385 W System.err: 	at java.lang.reflect.Method.invoke(Native Method)
01-01 08:09:32.603199  3385  3385 W System.err: 	at com.android.internal.os.ZygoteInit$MethodAndArgsCaller.run(ZygoteInit.java:789)
01-01 08:09:32.603228  3385  3385 W System.err: 	at com.android.internal.os.ZygoteInit.main(ZygoteInit.java:679)
01-01 08:09:32.735902  4557  4569 D OpenGLRenderer: CacheTexture 2 upload: x, y, width height = 0, 78, 14, 21
01-01 08:09:32.842408  4633  4650 D OpenGLRenderer: CacheTexture 8 upload: x, y, width height = 404, 0, 79, 118
01-01 08:09:32.900970  4633  4724 I saber   : set channel done, time is 1
01-01 08:09:32.901056  4633  4724 I via_ets : Opening the ets device
01-01 08:09:32.901122  4633  4724 I via_ets : create device on /dev/ttySDIO2
01-01 08:09:32.902126  4633  4724 I via_ets : open ets configs
01-01 08:09:32.902209  4633  4724 I saber   : info:start -> writing config/script to ets device
01-01 08:09:32.902330  4633  4724 V via_ets : Send a msg, id=101
01-01 08:09:32.902597  4633  4724 V via_ets : Send a msg, id=2200
01-01 08:09:32.902936  4633  4725 I via_ets : read thread start
01-01 08:09:32.903171  4633  4725 V via_ets : receive 1 sizeTotal = 8 bytes
01-01 08:09:32.924661  4633  4650 D OpenGLRenderer: ~CanvasContext() 0x7f871c2000
01-01 08:09:32.951425  1456  1575 D InputReader: AP_PROF:AppLaunch_dispatchPtr:Down:425561, ID:0, Index:-2088691776
01-01 08:09:32.951572  1456  1575 I PerfService: PerfServiceNative_boostEnableAsync:3
01-01 08:09:32.952048  1456  1639 I libPerfService: 3: set freq: 819000
01-01 08:09:32.952167  1456  1639 I libPerfService: 3: set: 3
01-01 08:09:32.955182  1456  1756 D AppOps  : startOperation: allowing code 3 uid 1000 package android
01-01 08:09:32.956885  1456  1574 D lights  : write_int open fd=-1
01-01 08:09:32.971019   270  3993 I BufferQueueProducer: [NavigationBar](this:0x7fa309a400,id:124,api:1,p:1790,c:270) queueBuffer: fps=1.07 dur=11262.55 max=11059.36 min=14.81
01-01 08:09:33.002915  4633  4724 V via_ets : Send a msg, id=2201
01-01 08:09:33.003042  4633  4724 V via_ets : Send a msg, id=3200
01-01 08:09:33.003137  4633  4724 V via_ets : Send a msg, id=3201
01-01 08:09:33.003228  4633  4724 V via_ets : Send a msg, id=100
01-01 08:09:33.003307  4633  4724 V via_ets : Send a msg, id=100
01-01 08:09:33.003389  4633  4724 V via_ets : Send a msg, id=100
01-01 08:09:33.003474  4633  4724 V via_ets : Send a msg, id=100
01-01 08:09:33.003553  4633  4724 V via_ets : Send a msg, id=100
01-01 08:09:33.003631  4633  4724 V via_ets : Send a msg, id=100
01-01 08:09:33.003708  4633  4724 V via_ets : Send a msg, id=100
01-01 08:09:33.003789  4633  4724 V via_ets : Send a msg, id=100
01-01 08:09:33.003868  4633  4724 V via_ets : Send a msg, id=100
01-01 08:09:33.003949  4633  4724 V via_ets : Send a msg, id=100
01-01 08:09:33.004034  4633  4724 V via_ets : Send a msg, id=100
01-01 08:09:33.004124  4633  4724 V via_ets : Send a msg, id=100
01-01 08:09:33.004202  4633  4724 V via_ets : Send a msg, id=100
01-01 08:09:33.004279  4633  4724 V via_ets : Send a msg, id=100
01-01 08:09:33.004375  4633  4724 V via_ets : Send a msg, id=100
01-01 08:09:33.004457  4633  4724 V via_ets : Send a msg, id=100
01-01 08:09:33.004534  4633  4724 V via_ets : Send a msg, id=100
01-01 08:09:33.004994  4633  4724 V via_ets : Send a msg, id=100
01-01 08:09:33.005388  4633  4724 V via_ets : Send a msg, id=100
01-01 08:09:33.027303  2626  2627 I PerfService: PerfServiceNative_getPackName
01-01 08:09:33.027638  1456  2302 I libPerfService: perfGetLastBoostPid 4633
01-01 08:09:33.027778  1456  2302 D PerfServiceManager: [PerfService] getLastBoostPid 4633 
01-01 08:09:33.027819  1456  2302 I libPerfService: perfGetLastBoostPid 4633
01-01 08:09:33.049941  1456  1575 D InputReader: AP_PROF:AppLaunch_dispatchPtr:Up:425659, ID:0, Index:-2088688384
01-01 08:09:33.050041  1456  1575 I PerfService: PerfServiceNative_boostEnableTimeoutMsAsync:3, 100
01-01 08:09:33.055913  1790  1790 D SettingsInterface:  from settings cache , name = sound_effects_enabled , value = 0
01-01 08:09:33.056367  1456  1574 D SettingsInterface:  from settings cache , name = dialer_default_application , value = null
01-01 08:09:33.061539  2363  2363 D Launcher3: Launcher, Close system dialogs: reason = homekey
01-01 08:09:33.062497  1790  1790 V PhoneStatusBar: onReceive: Intent { act=android.intent.action.CLOSE_SYSTEM_DIALOGS flg=0x50000010 (has extras) }
01-01 08:09:33.065781  1790  1790 D SettingsInterface:  from settings cache , name = device_provisioned , value = 1
01-01 08:09:33.068769  1456  1639 I libPerfService: 1: set freq: 1300000
01-01 08:09:33.068905  1456  1639 I libPerfService: 1: set: 4
01-01 08:09:33.069953  1456  1574 I BufferQueue: [unnamed-1456-22](this:0x7f7ea91800,id:22,api:0,p:-1,c:-1) BufferQueue core=(1456:system_server)
01-01 08:09:33.070071  1456  1574 D BufferQueueDump: [unnamed-1456-22] this:0x7f913cedc0, value:0x7f83a3d5ac, iLen:6
01-01 08:09:33.070253  1456  1574 I BufferQueueConsumer: [unnamed-1456-22](this:0x7f7ea91800,id:22,api:0,p:-1,c:1456) connect(C): consumer=(1456:system_server) controlledByApp=false
01-01 08:09:33.070286  1456  1574 D BufferQueueDump: [unnamed-1456-22] this:0x7f913cedc0, value:0x7f83a3d5dc, iLen:6
01-01 08:09:33.070318  1456  1574 I BufferQueueConsumer: [unnamed-1456-22](this:0x7f7ea91800,id:22,api:0,p:-1,c:1456) setConsumerName: unnamed-1456-22
01-01 08:09:33.070352  1456  1574 D BufferQueueDump: [ScreenshotClient] this:0x7f913cedc0, value:0x7f83a3d63c, iLen:6
01-01 08:09:33.070382  1456  1574 I BufferQueueConsumer: [ScreenshotClient](this:0x7f7ea91800,id:22,api:0,p:-1,c:1456) setConsumerName: ScreenshotClient
01-01 08:09:33.070836   270   270 D Surface : Surface::connect(this=0x7fa0e52c00,api=1)
01-01 08:09:33.071273  1456  1574 I BufferQueueProducer: [ScreenshotClient](this:0x7f7ea91800,id:22,api:1,p:270,c:1456) connect(P): api=1 producer=(270:/system/bin/surfaceflinger) producerControlledByApp=false
01-01 08:09:33.071452  1456  1574 I BufferQueueProducer: [ScreenshotClient](this:0x7f7ea91800,id:22,api:1,p:270,c:1456) new GraphicBuffer needed
01-01 08:09:33.071725   270   295 I [MALI][Gralloc]: [+]hnd(0x7fa355ecc0), client(26), share_fd(93), hnd->flags:4
01-01 08:09:33.071765   270   295 D GraphicBuffer: alloc, handle(0x7fa355ecc0) (w:384 h:384 s:384 f:0x1 u:0x000333) err(0)
01-01 08:09:33.072147  1456  1574 E HAL     : SLCODE-loaded class_id=gralloc 
01-01 08:09:33.072175  1456  1574 E HAL     : SLCODE-loaded name=gralloc 
01-01 08:09:33.072200  1456  1574 E HAL     : SLCODE-loaded prop_name=ro.hardware.gralloc 
01-01 08:09:33.072223  1456  1574 E HAL     : SLCODE-loaded for circle execute 
01-01 08:09:33.072252  1456  1574 E HAL     : SLCODE-hw_module_exists HAL_LIBRARY_PATH2=/vendor/lib64/hw, name=gralloc, subname=mt6735 
01-01 08:09:33.072313  1456  1574 E HAL     : SLCODE-hw_module_exists HAL_LIBRARY_PATH1=/system/lib64/hw, name=gralloc, subname=mt6735 
01-01 08:09:33.072350  1456  1574 E HAL     : SLCODE-hw_module_exists return ENOENT 
01-01 08:09:33.072382  1456  1574 E HAL     : SLCODE-hw_module_exists HAL_LIBRARY_PATH2=/vendor/lib64/hw, name=gralloc, subname=MT6737 
01-01 08:09:33.072422  1456  1574 E HAL     : SLCODE-hw_module_exists HAL_LIBRARY_PATH1=/system/lib64/hw, name=gralloc, subname=MT6737 
01-01 08:09:33.072455  1456  1574 E HAL     : SLCODE-hw_module_exists return ENOENT 
01-01 08:09:33.072487  1456  1574 E HAL     : SLCODE-hw_module_exists HAL_LIBRARY_PATH2=/vendor/lib64/hw, name=gralloc, subname=mt6737t 
01-01 08:09:33.072529  1456  1574 E HAL     : SLCODE-hw_module_exists HAL_LIBRARY_PATH1=/system/lib64/hw, name=gralloc, subname=mt6737t 
01-01 08:09:33.072565  1456  1574 E HAL     : SLCODE-loaded HAL id=gralloc path=/system/lib64/hw/gralloc.mt6737t.so 
01-01 08:09:33.073036  1456  1574 I [MALI][Gralloc]: [+]r_hnd(0x7f80f04f00), client(115), share_fd(213)
01-01 08:09:33.073088  1456  1574 D GraphicBuffer: register, handle(0x7f80f04f00) (w:384 h:384 s:384 f:0x1 u:0x000333)
01-01 08:09:33.073256   270   297 D GraphicBuffer: free, handle(0x7fa355ecc0) (w:384 h:384 s:384 f:0x1 u:0x000333)
01-01 08:09:33.073330   270   297 I [MALI][Gralloc]: [-]hnd(0x7fa355ecc0), client(26), share_fd(93)
01-01 08:09:33.073388   270   270 E HAL     : SLCODE-loaded class_id=gralloc 
01-01 08:09:33.073415   270   270 E HAL     : SLCODE-loaded name=gralloc 
01-01 08:09:33.073439   270   270 E HAL     : SLCODE-loaded prop_name=ro.hardware.gralloc 
01-01 08:09:33.073462   270   270 E HAL     : SLCODE-loaded for circle execute 
01-01 08:09:33.073489   270   270 E HAL     : SLCODE-hw_module_exists HAL_LIBRARY_PATH2=/vendor/lib64/hw, name=gralloc, subname=mt6735 
01-01 08:09:33.073572   270   270 E HAL     : SLCODE-hw_module_exists HAL_LIBRARY_PATH1=/system/lib64/hw, name=gralloc, subname=mt6735 
01-01 08:09:33.073607   270   270 E HAL     : SLCODE-hw_module_exists return ENOENT 
01-01 08:09:33.073640   270   270 E HAL     : SLCODE-hw_module_exists HAL_LIBRARY_PATH2=/vendor/lib64/hw, name=gralloc, subname=MT6737 
01-01 08:09:33.073679   270   270 E HAL     : SLCODE-hw_module_exists HAL_LIBRARY_PATH1=/system/lib64/hw, name=gralloc, subname=MT6737 
01-01 08:09:33.073712   270   270 E HAL     : SLCODE-hw_module_exists return ENOENT 
01-01 08:09:33.073746   270   270 E HAL     : SLCODE-hw_module_exists HAL_LIBRARY_PATH2=/vendor/lib64/hw, name=gralloc, subname=mt6737t 
01-01 08:09:33.073789   270   270 E HAL     : SLCODE-hw_module_exists HAL_LIBRARY_PATH1=/system/lib64/hw, name=gralloc, subname=mt6737t 
01-01 08:09:33.073849   270   270 E HAL     : SLCODE-loaded HAL id=gralloc path=/system/lib64/hw/gralloc.mt6737t.so 
01-01 08:09:33.074119   270   270 I [MALI][Gralloc]: [+]r_hnd(0x7fa3009d20), client(26), share_fd(93)
01-01 08:09:33.074152   270   270 D GraphicBuffer: register, handle(0x7fa3009d20) (w:384 h:384 s:384 f:0x1 u:0x000333)
01-01 08:09:33.076594   270   270 D Surface : Surface::disconnect(this=0x7fa0e52c00,api=1)
01-01 08:09:33.076751  1456  1574 I BufferQueueProducer: [ScreenshotClient](this:0x7f7ea91800,id:22,api:1,p:-1,c:1456) disconnect(P): api 1
01-01 08:09:33.076765   270   305 D GraphicBuffer: unregister, handle(0x7fa3009d20) (w:384 h:384 s:384 f:0x1 u:0x000333)
01-01 08:09:33.076816   270   305 E HAL     : SLCODE-loaded class_id=gralloc 
01-01 08:09:33.076838   270   305 E HAL     : SLCODE-loaded name=gralloc 
01-01 08:09:33.076862   270   305 E HAL     : SLCODE-loaded prop_name=ro.hardware.gralloc 
01-01 08:09:33.076885   270   305 E HAL     : SLCODE-loaded for circle execute 
01-01 08:09:33.076913   270   305 E HAL     : SLCODE-hw_module_exists HAL_LIBRARY_PATH2=/vendor/lib64/hw, name=gralloc, subname=mt6735 
01-01 08:09:33.076980   270   305 E HAL     : SLCODE-hw_module_exists HAL_LIBRARY_PATH1=/system/lib64/hw, name=gralloc, subname=mt6735 
01-01 08:09:33.077016   270   305 E HAL     : SLCODE-hw_module_exists return ENOENT 
01-01 08:09:33.077054   270   305 E HAL     : SLCODE-hw_module_exists HAL_LIBRARY_PATH2=/vendor/lib64/hw, name=gralloc, subname=MT6737 
01-01 08:09:33.077093   270   305 E HAL     : SLCODE-hw_module_exists HAL_LIBRARY_PATH1=/system/lib64/hw, name=gralloc, subname=MT6737 
01-01 08:09:33.077123   270   305 E HAL     : SLCODE-hw_module_exists return ENOENT 
01-01 08:09:33.077151   270   305 E HAL     : SLCODE-hw_module_exists HAL_LIBRARY_PATH2=/vendor/lib64/hw, name=gralloc, subname=mt6737t 
01-01 08:09:33.077150  1456  1574 I BufferQueueConsumer: [ScreenshotClient](this:0x7f7ea91800,id:22,api:1,p:-1,c:1456) getReleasedBuffers: returning mask 0xffffffffffffffff
01-01 08:09:33.077195   270   305 E HAL     : SLCODE-hw_module_exists HAL_LIBRARY_PATH1=/system/lib64/hw, name=gralloc, subname=mt6737t 
01-01 08:09:33.077228   270   305 E HAL     : SLCODE-loaded HAL id=gralloc path=/system/lib64/hw/gralloc.mt6737t.so 
01-01 08:09:33.077502   270   305 I [MALI][Gralloc]: [-]r_hnd(0x7fa3009d20), client(26), share_fd(93)
01-01 08:09:33.079689  1456  1574 I BufferQueueConsumer: [ScreenshotClient](this:0x7f7ea91800,id:22,api:1,p:-1,c:-1) disconnect(C)
01-01 08:09:33.080093  1456  1574 D GraphicBuffer: unregister, handle(0x7f80f04f00) (w:384 h:384 s:384 f:0x1 u:0x000333)
01-01 08:09:33.080186  1456  1574 E HAL     : SLCODE-loaded class_id=gralloc 
01-01 08:09:33.080208  1456  1574 E HAL     : SLCODE-loaded name=gralloc 
01-01 08:09:33.080233  1456  1574 E HAL     : SLCODE-loaded prop_name=ro.hardware.gralloc 
01-01 08:09:33.080258  1456  1574 E HAL     : SLCODE-loaded for circle execute 
01-01 08:09:33.080286  1456  1574 E HAL     : SLCODE-hw_module_exists HAL_LIBRARY_PATH2=/vendor/lib64/hw, name=gralloc, subname=mt6735 
01-01 08:09:33.080357  1456  1574 E HAL     : SLCODE-hw_module_exists HAL_LIBRARY_PATH1=/system/lib64/hw, name=gralloc, subname=mt6735 
01-01 08:09:33.080393  1456  1574 E HAL     : SLCODE-hw_module_exists return ENOENT 
01-01 08:09:33.080428  1456  1574 E HAL     : SLCODE-hw_module_exists HAL_LIBRARY_PATH2=/vendor/lib64/hw, name=gralloc, subname=MT6737 
01-01 08:09:33.080472  1456  1574 E HAL     : SLCODE-hw_module_exists HAL_LIBRARY_PATH1=/system/lib64/hw, name=gralloc, subname=MT6737 
01-01 08:09:33.080506  1456  1574 E HAL     : SLCODE-hw_module_exists return ENOENT 
01-01 08:09:33.080538  1456  1574 E HAL     : SLCODE-hw_module_exists HAL_LIBRARY_PATH2=/vendor/lib64/hw, name=gralloc, subname=mt6737t 
