01-01 08:04:14.819336  4412  4429 E HAL     : SLCODE-hw_module_exists HAL_LIBRARY_PATH1=/system/lib/hw, name=gralloc, subname=mt6735 
01-01 08:04:14.819403  4412  4429 E HAL     : SLCODE-hw_module_exists return ENOENT 
01-01 08:04:14.819439  4412  4429 E HAL     : SLCODE-hw_module_exists HAL_LIBRARY_PATH2=/vendor/lib/hw, name=gralloc, subname=MT6737 
01-01 08:04:14.819492  4412  4429 E HAL     : SLCODE-hw_module_exists HAL_LIBRARY_PATH1=/system/lib/hw, name=gralloc, subname=MT6737 
01-01 08:04:14.819532  4412  4429 E HAL     : SLCODE-hw_module_exists return ENOENT 
01-01 08:04:14.819567  4412  4429 E HAL     : SLCODE-hw_module_exists HAL_LIBRARY_PATH2=/vendor/lib/hw, name=gralloc, subname=mt6737t 
01-01 08:04:14.819613  4412  4429 E HAL     : SLCODE-hw_module_exists HAL_LIBRARY_PATH1=/system/lib/hw, name=gralloc, subname=mt6737t 
01-01 08:04:14.819651  4412  4429 E HAL     : SLCODE-loaded HAL id=gralloc path=/system/lib/hw/gralloc.mt6737t.so 
01-01 08:04:14.820185  4412  4429 E HAL     : SLCODE-loaded class_id=gralloc 
01-01 08:04:14.820232  4412  4429 E HAL     : SLCODE-loaded name=gralloc 
01-01 08:04:14.820259  4412  4429 E HAL     : SLCODE-loaded prop_name=ro.hardware.gralloc 
01-01 08:04:14.820284  4412  4429 E HAL     : SLCODE-loaded for circle execute 
01-01 08:04:14.820315  4412  4429 E HAL     : SLCODE-hw_module_exists HAL_LIBRARY_PATH2=/vendor/lib/hw, name=gralloc, subname=mt6735 
01-01 08:04:14.820381  4412  4429 E HAL     : SLCODE-hw_module_exists HAL_LIBRARY_PATH1=/system/lib/hw, name=gralloc, subname=mt6735 
01-01 08:04:14.820420  4412  4429 E HAL     : SLCODE-hw_module_exists return ENOENT 
01-01 08:04:14.820484  4412  4429 E HAL     : SLCODE-hw_module_exists HAL_LIBRARY_PATH2=/vendor/lib/hw, name=gralloc, subname=MT6737 
01-01 08:04:14.820532  4412  4429 E HAL     : SLCODE-hw_module_exists HAL_LIBRARY_PATH1=/system/lib/hw, name=gralloc, subname=MT6737 
01-01 08:04:14.820574  4412  4429 E HAL     : SLCODE-hw_module_exists return ENOENT 
01-01 08:04:14.820610  4412  4429 E HAL     : SLCODE-hw_module_exists HAL_LIBRARY_PATH2=/vendor/lib/hw, name=gralloc, subname=mt6737t 
01-01 08:04:14.820657  4412  4429 E HAL     : SLCODE-hw_module_exists HAL_LIBRARY_PATH1=/system/lib/hw, name=gralloc, subname=mt6737t 
01-01 08:04:14.820697  4412  4429 E HAL     : SLCODE-loaded HAL id=gralloc path=/system/lib/hw/gralloc.mt6737t.so 
01-01 08:04:14.821539  4412  4429 E HAL     : SLCODE-loaded class_id=gralloc 
01-01 08:04:14.821748  4412  4429 E HAL     : SLCODE-loaded name=gralloc 
01-01 08:04:14.821782  4412  4429 E HAL     : SLCODE-loaded prop_name=ro.hardware.gralloc 
01-01 08:04:14.821819  4412  4429 E HAL     : SLCODE-loaded for circle execute 
01-01 08:04:14.821863  4412  4429 E HAL     : SLCODE-hw_module_exists HAL_LIBRARY_PATH2=/vendor/lib/hw, name=gralloc, subname=mt6735 
01-01 08:04:14.822049  4412  4429 E HAL     : SLCODE-hw_module_exists HAL_LIBRARY_PATH1=/system/lib/hw, name=gralloc, subname=mt6735 
01-01 08:04:14.822123  4412  4429 E HAL     : SLCODE-hw_module_exists return ENOENT 
01-01 08:04:14.822166  4412  4429 E HAL     : SLCODE-hw_module_exists HAL_LIBRARY_PATH2=/vendor/lib/hw, name=gralloc, subname=MT6737 
01-01 08:04:14.822226  4412  4429 E HAL     : SLCODE-hw_module_exists HAL_LIBRARY_PATH1=/system/lib/hw, name=gralloc, subname=MT6737 
01-01 08:04:14.822274  4412  4429 E HAL     : SLCODE-hw_module_exists return ENOENT 
01-01 08:04:14.822316  4412  4429 E HAL     : SLCODE-hw_module_exists HAL_LIBRARY_PATH2=/vendor/lib/hw, name=gralloc, subname=mt6737t 
01-01 08:04:14.822374  4412  4429 E HAL     : SLCODE-hw_module_exists HAL_LIBRARY_PATH1=/system/lib/hw, name=gralloc, subname=mt6737t 
01-01 08:04:14.822432  4412  4429 E HAL     : SLCODE-loaded HAL id=gralloc path=/system/lib/hw/gralloc.mt6737t.so 
01-01 08:04:15.182010  3087  3639 E HAL     : SLCODE-loaded class_id=gralloc 
01-01 08:04:15.182061  3087  3639 E HAL     : SLCODE-loaded name=gralloc 
01-01 08:04:15.182086  3087  3639 E HAL     : SLCODE-loaded prop_name=ro.hardware.gralloc 
01-01 08:04:15.182111  3087  3639 E HAL     : SLCODE-loaded for circle execute 
01-01 08:04:15.182139  3087  3639 E HAL     : SLCODE-hw_module_exists HAL_LIBRARY_PATH2=/vendor/lib64/hw, name=gralloc, subname=mt6735 
01-01 08:04:15.182204  3087  3639 E HAL     : SLCODE-hw_module_exists HAL_LIBRARY_PATH1=/system/lib64/hw, name=gralloc, subname=mt6735 
01-01 08:04:15.182240  3087  3639 E HAL     : SLCODE-hw_module_exists return ENOENT 
01-01 08:04:15.182271  3087  3639 E HAL     : SLCODE-hw_module_exists HAL_LIBRARY_PATH2=/vendor/lib64/hw, name=gralloc, subname=MT6737 
01-01 08:04:15.182314  3087  3639 E HAL     : SLCODE-hw_module_exists HAL_LIBRARY_PATH1=/system/lib64/hw, name=gralloc, subname=MT6737 
01-01 08:04:15.182348  3087  3639 E HAL     : SLCODE-hw_module_exists return ENOENT 
01-01 08:04:15.182378  3087  3639 E HAL     : SLCODE-hw_module_exists HAL_LIBRARY_PATH2=/vendor/lib64/hw, name=gralloc, subname=mt6737t 
01-01 08:04:15.182418  3087  3639 E HAL     : SLCODE-hw_module_exists HAL_LIBRARY_PATH1=/system/lib64/hw, name=gralloc, subname=mt6737t 
01-01 08:04:15.182453  3087  3639 E HAL     : SLCODE-loaded HAL id=gralloc path=/system/lib64/hw/gralloc.mt6737t.so 
01-01 08:04:15.780000  2627  2627 W GpuAppSpectator: type=1400 audit(0.0:2256): avc: denied { search } for name="3087" dev="proc" ino=17284 scontext=u:r:gas_srv:s0 tcontext=u:r:system_app:s0 tclass=dir permissive=0
01-01 08:04:16.780000  2627  2627 W GpuAppSpectator: type=1400 audit(0.0:2257): avc: denied { search } for name="3087" dev="proc" ino=17284 scontext=u:r:gas_srv:s0 tcontext=u:r:system_app:s0 tclass=dir permissive=0
01-01 08:04:16.802002  3087  3639 E HAL     : SLCODE-loaded class_id=gralloc 
01-01 08:04:16.802060  3087  3639 E HAL     : SLCODE-loaded name=gralloc 
01-01 08:04:16.802097  3087  3639 E HAL     : SLCODE-loaded prop_name=ro.hardware.gralloc 
01-01 08:04:16.802132  3087  3639 E HAL     : SLCODE-loaded for circle execute 
01-01 08:04:16.802174  3087  3639 E HAL     : SLCODE-hw_module_exists HAL_LIBRARY_PATH2=/vendor/lib64/hw, name=gralloc, subname=mt6735 
01-01 08:04:16.802257  3087  3639 E HAL     : SLCODE-hw_module_exists HAL_LIBRARY_PATH1=/system/lib64/hw, name=gralloc, subname=mt6735 
01-01 08:04:16.802312  3087  3639 E HAL     : SLCODE-hw_module_exists return ENOENT 
01-01 08:04:16.802356  3087  3639 E HAL     : SLCODE-hw_module_exists HAL_LIBRARY_PATH2=/vendor/lib64/hw, name=gralloc, subname=MT6737 
01-01 08:04:16.802420  3087  3639 E HAL     : SLCODE-hw_module_exists HAL_LIBRARY_PATH1=/system/lib64/hw, name=gralloc, subname=MT6737 
01-01 08:04:16.802471  3087  3639 E HAL     : SLCODE-hw_module_exists return ENOENT 
01-01 08:04:16.802515  3087  3639 E HAL     : SLCODE-hw_module_exists HAL_LIBRARY_PATH2=/vendor/lib64/hw, name=gralloc, subname=mt6737t 
01-01 08:04:16.802579  3087  3639 E HAL     : SLCODE-hw_module_exists HAL_LIBRARY_PATH1=/system/lib64/hw, name=gralloc, subname=mt6737t 
01-01 08:04:16.802629  3087  3639 E HAL     : SLCODE-loaded HAL id=gralloc path=/system/lib64/hw/gralloc.mt6737t.so 
01-01 08:04:16.817648  3087  3639 E HAL     : SLCODE-loaded class_id=gralloc 
01-01 08:04:16.817703  3087  3639 E HAL     : SLCODE-loaded name=gralloc 
01-01 08:04:16.817735  3087  3639 E HAL     : SLCODE-loaded prop_name=ro.hardware.gralloc 
01-01 08:04:16.817764  3087  3639 E HAL     : SLCODE-loaded for circle execute 
01-01 08:04:16.817798  3087  3639 E HAL     : SLCODE-hw_module_exists HAL_LIBRARY_PATH2=/vendor/lib64/hw, name=gralloc, subname=mt6735 
01-01 08:04:16.817875  3087  3639 E HAL     : SLCODE-hw_module_exists HAL_LIBRARY_PATH1=/system/lib64/hw, name=gralloc, subname=mt6735 
01-01 08:04:16.817918  3087  3639 E HAL     : SLCODE-hw_module_exists return ENOENT 
01-01 08:04:16.817956  3087  3639 E HAL     : SLCODE-hw_module_exists HAL_LIBRARY_PATH2=/vendor/lib64/hw, name=gralloc, subname=MT6737 
01-01 08:04:16.818007  3087  3639 E HAL     : SLCODE-hw_module_exists HAL_LIBRARY_PATH1=/system/lib64/hw, name=gralloc, subname=MT6737 
01-01 08:04:16.818048  3087  3639 E HAL     : SLCODE-hw_module_exists return ENOENT 
01-01 08:04:16.818084  3087  3639 E HAL     : SLCODE-hw_module_exists HAL_LIBRARY_PATH2=/vendor/lib64/hw, name=gralloc, subname=mt6737t 
01-01 08:04:16.818138  3087  3639 E HAL     : SLCODE-hw_module_exists HAL_LIBRARY_PATH1=/system/lib64/hw, name=gralloc, subname=mt6737t 
01-01 08:04:16.818181  3087  3639 E HAL     : SLCODE-loaded HAL id=gralloc path=/system/lib64/hw/gralloc.mt6737t.so 
01-01 08:04:17.670320   275  1071 E MAL-Daemon: [RDS-E][RU][EVENT_RU_DM_3GPP_STATUS_IND] Invalid u43gpp_status:0x6
01-01 08:04:17.780000  2627  2627 W GpuAppSpectator: type=1400 audit(0.0:2258): avc: denied { search } for name="3087" dev="proc" ino=17284 scontext=u:r:gas_srv:s0 tcontext=u:r:system_app:s0 tclass=dir permissive=0
01-01 08:04:18.357426  3087  3639 E HAL     : SLCODE-loaded class_id=gralloc 
01-01 08:04:18.357566  3087  3639 E HAL     : SLCODE-loaded name=gralloc 
01-01 08:04:18.357664  3087  3639 E HAL     : SLCODE-loaded prop_name=ro.hardware.gralloc 
01-01 08:04:18.357754  3087  3639 E HAL     : SLCODE-loaded for circle execute 
01-01 08:04:18.357893  3087  3639 E HAL     : SLCODE-hw_module_exists HAL_LIBRARY_PATH2=/vendor/lib64/hw, name=gralloc, subname=mt6735 
01-01 08:04:18.358122  3087  3639 E HAL     : SLCODE-hw_module_exists HAL_LIBRARY_PATH1=/system/lib64/hw, name=gralloc, subname=mt6735 
01-01 08:04:18.358264  3087  3639 E HAL     : SLCODE-hw_module_exists return ENOENT 
01-01 08:04:18.358385  3087  3639 E HAL     : SLCODE-hw_module_exists HAL_LIBRARY_PATH2=/vendor/lib64/hw, name=gralloc, subname=MT6737 
01-01 08:04:18.358558  3087  3639 E HAL     : SLCODE-hw_module_exists HAL_LIBRARY_PATH1=/system/lib64/hw, name=gralloc, subname=MT6737 
01-01 08:04:18.358698  3087  3639 E HAL     : SLCODE-hw_module_exists return ENOENT 
01-01 08:04:18.358817  3087  3639 E HAL     : SLCODE-hw_module_exists HAL_LIBRARY_PATH2=/vendor/lib64/hw, name=gralloc, subname=mt6737t 
01-01 08:04:18.358990  3087  3639 E HAL     : SLCODE-hw_module_exists HAL_LIBRARY_PATH1=/system/lib64/hw, name=gralloc, subname=mt6737t 
01-01 08:04:18.359153  3087  3639 E HAL     : SLCODE-loaded HAL id=gralloc path=/system/lib64/hw/gralloc.mt6737t.so 
01-01 08:04:18.382128  3087  3639 E HAL     : SLCODE-loaded class_id=gralloc 
01-01 08:04:18.382271  3087  3639 E HAL     : SLCODE-loaded name=gralloc 
01-01 08:04:18.382371  3087  3639 E HAL     : SLCODE-loaded prop_name=ro.hardware.gralloc 
01-01 08:04:18.382482  3087  3639 E HAL     : SLCODE-loaded for circle execute 
01-01 08:04:18.382595  3087  3639 E HAL     : SLCODE-hw_module_exists HAL_LIBRARY_PATH2=/vendor/lib64/hw, name=gralloc, subname=mt6735 
01-01 08:04:18.382808  3087  3639 E HAL     : SLCODE-hw_module_exists HAL_LIBRARY_PATH1=/system/lib64/hw, name=gralloc, subname=mt6735 
01-01 08:04:18.383077  3087  3639 E HAL     : SLCODE-hw_module_exists return ENOENT 
01-01 08:04:18.383194  3087  3639 E HAL     : SLCODE-hw_module_exists HAL_LIBRARY_PATH2=/vendor/lib64/hw, name=gralloc, subname=MT6737 
01-01 08:04:18.383584  3087  3639 E HAL     : SLCODE-hw_module_exists HAL_LIBRARY_PATH1=/system/lib64/hw, name=gralloc, subname=MT6737 
01-01 08:04:18.383723  3087  3639 E HAL     : SLCODE-hw_module_exists return ENOENT 
01-01 08:04:18.383839  3087  3639 E HAL     : SLCODE-hw_module_exists HAL_LIBRARY_PATH2=/vendor/lib64/hw, name=gralloc, subname=mt6737t 
01-01 08:04:18.384002  3087  3639 E HAL     : SLCODE-hw_module_exists HAL_LIBRARY_PATH1=/system/lib64/hw, name=gralloc, subname=mt6737t 
01-01 08:04:18.384134  3087  3639 E HAL     : SLCODE-loaded HAL id=gralloc path=/system/lib64/hw/gralloc.mt6737t.so 
01-01 08:04:18.561674  3087  3639 E HAL     : SLCODE-loaded class_id=gralloc 
01-01 08:04:18.561781  3087  3639 E HAL     : SLCODE-loaded name=gralloc 
01-01 08:04:18.561815  3087  3639 E HAL     : SLCODE-loaded prop_name=ro.hardware.gralloc 
01-01 08:04:18.561847  3087  3639 E HAL     : SLCODE-loaded for circle execute 
01-01 08:04:18.561884  3087  3639 E HAL     : SLCODE-hw_module_exists HAL_LIBRARY_PATH2=/vendor/lib64/hw, name=gralloc, subname=mt6735 
01-01 08:04:18.561963  3087  3639 E HAL     : SLCODE-hw_module_exists HAL_LIBRARY_PATH1=/system/lib64/hw, name=gralloc, subname=mt6735 
01-01 08:04:18.562005  3087  3639 E HAL     : SLCODE-hw_module_exists return ENOENT 
01-01 08:04:18.562042  3087  3639 E HAL     : SLCODE-hw_module_exists HAL_LIBRARY_PATH2=/vendor/lib64/hw, name=gralloc, subname=MT6737 
01-01 08:04:18.562095  3087  3639 E HAL     : SLCODE-hw_module_exists HAL_LIBRARY_PATH1=/system/lib64/hw, name=gralloc, subname=MT6737 
01-01 08:04:18.562190  3087  3639 E HAL     : SLCODE-hw_module_exists return ENOENT 
01-01 08:04:18.562228  3087  3639 E HAL     : SLCODE-hw_module_exists HAL_LIBRARY_PATH2=/vendor/lib64/hw, name=gralloc, subname=mt6737t 
01-01 08:04:18.562281  3087  3639 E HAL     : SLCODE-hw_module_exists HAL_LIBRARY_PATH1=/system/lib64/hw, name=gralloc, subname=mt6737t 
01-01 08:04:18.562324  3087  3639 E HAL     : SLCODE-loaded HAL id=gralloc path=/system/lib64/hw/gralloc.mt6737t.so 
01-01 08:04:18.562987  3087  3639 E HAL     : SLCODE-loaded class_id=gralloc 
01-01 08:04:18.563023  3087  3639 E HAL     : SLCODE-loaded name=gralloc 
01-01 08:04:18.563052  3087  3639 E HAL     : SLCODE-loaded prop_name=ro.hardware.gralloc 
01-01 08:04:18.563080  3087  3639 E HAL     : SLCODE-loaded for circle execute 
01-01 08:04:18.563113  3087  3639 E HAL     : SLCODE-hw_module_exists HAL_LIBRARY_PATH2=/vendor/lib64/hw, name=gralloc, subname=mt6735 
01-01 08:04:18.563174  3087  3639 E HAL     : SLCODE-hw_module_exists HAL_LIBRARY_PATH1=/system/lib64/hw, name=gralloc, subname=mt6735 
01-01 08:04:18.563215  3087  3639 E HAL     : SLCODE-hw_module_exists return ENOENT 
01-01 08:04:18.563254  3087  3639 E HAL     : SLCODE-hw_module_exists HAL_LIBRARY_PATH2=/vendor/lib64/hw, name=gralloc, subname=MT6737 
01-01 08:04:18.563309  3087  3639 E HAL     : SLCODE-hw_module_exists HAL_LIBRARY_PATH1=/system/lib64/hw, name=gralloc, subname=MT6737 
01-01 08:04:18.563350  3087  3639 E HAL     : SLCODE-hw_module_exists return ENOENT 
01-01 08:04:18.563391  3087  3639 E HAL     : SLCODE-hw_module_exists HAL_LIBRARY_PATH2=/vendor/lib64/hw, name=gralloc, subname=mt6737t 
01-01 08:04:18.563446  3087  3639 E HAL     : SLCODE-hw_module_exists HAL_LIBRARY_PATH1=/system/lib64/hw, name=gralloc, subname=mt6737t 
01-01 08:04:18.563489  3087  3639 E HAL     : SLCODE-loaded HAL id=gralloc path=/system/lib64/hw/gralloc.mt6737t.so 
01-01 08:04:18.564030  3087  3639 E HAL     : SLCODE-loaded class_id=gralloc 
01-01 08:04:18.564063  3087  3639 E HAL     : SLCODE-loaded name=gralloc 
01-01 08:04:18.564092  3087  3639 E HAL     : SLCODE-loaded prop_name=ro.hardware.gralloc 
01-01 08:04:18.564130  3087  3639 E HAL     : SLCODE-loaded for circle execute 
01-01 08:04:18.564163  3087  3639 E HAL     : SLCODE-hw_module_exists HAL_LIBRARY_PATH2=/vendor/lib64/hw, name=gralloc, subname=mt6735 
01-01 08:04:18.564220  3087  3639 E HAL     : SLCODE-hw_module_exists HAL_LIBRARY_PATH1=/system/lib64/hw, name=gralloc, subname=mt6735 
01-01 08:04:18.564266  3087  3639 E HAL     : SLCODE-hw_module_exists return ENOENT 
01-01 08:04:18.564303  3087  3639 E HAL     : SLCODE-hw_module_exists HAL_LIBRARY_PATH2=/vendor/lib64/hw, name=gralloc, subname=MT6737 
01-01 08:04:18.564353  3087  3639 E HAL     : SLCODE-hw_module_exists HAL_LIBRARY_PATH1=/system/lib64/hw, name=gralloc, subname=MT6737 
01-01 08:04:18.564396  3087  3639 E HAL     : SLCODE-hw_module_exists return ENOENT 
01-01 08:04:18.564433  3087  3639 E HAL     : SLCODE-hw_module_exists HAL_LIBRARY_PATH2=/vendor/lib64/hw, name=gralloc, subname=mt6737t 
01-01 08:04:18.564489  3087  3639 E HAL     : SLCODE-hw_module_exists HAL_LIBRARY_PATH1=/system/lib64/hw, name=gralloc, subname=mt6737t 
01-01 08:04:18.564532  3087  3639 E HAL     : SLCODE-loaded HAL id=gralloc path=/system/lib64/hw/gralloc.mt6737t.so 
01-01 08:04:18.565045  3087  3639 E HAL     : SLCODE-loaded class_id=gralloc 
01-01 08:04:18.565079  3087  3639 E HAL     : SLCODE-loaded name=gralloc 
01-01 08:04:18.565109  3087  3639 E HAL     : SLCODE-loaded prop_name=ro.hardware.gralloc 
01-01 08:04:18.565137  3087  3639 E HAL     : SLCODE-loaded for circle execute 
01-01 08:04:18.565173  3087  3639 E HAL     : SLCODE-hw_module_exists HAL_LIBRARY_PATH2=/vendor/lib64/hw, name=gralloc, subname=mt6735 
01-01 08:04:18.565228  3087  3639 E HAL     : SLCODE-hw_module_exists HAL_LIBRARY_PATH1=/system/lib64/hw, name=gralloc, subname=mt6735 
01-01 08:04:18.565271  3087  3639 E HAL     : SLCODE-hw_module_exists return ENOENT 
01-01 08:04:18.565309  3087  3639 E HAL     : SLCODE-hw_module_exists HAL_LIBRARY_PATH2=/vendor/lib64/hw, name=gralloc, subname=MT6737 
01-01 08:04:18.565365  3087  3639 E HAL     : SLCODE-hw_module_exists HAL_LIBRARY_PATH1=/system/lib64/hw, name=gralloc, subname=MT6737 
01-01 08:04:18.565406  3087  3639 E HAL     : SLCODE-hw_module_exists return ENOENT 
01-01 08:04:18.565444  3087  3639 E HAL     : SLCODE-hw_module_exists HAL_LIBRARY_PATH2=/vendor/lib64/hw, name=gralloc, subname=mt6737t 
01-01 08:04:18.565499  3087  3639 E HAL     : SLCODE-hw_module_exists HAL_LIBRARY_PATH1=/system/lib64/hw, name=gralloc, subname=mt6737t 
01-01 08:04:18.565542  3087  3639 E HAL     : SLCODE-loaded HAL id=gralloc path=/system/lib64/hw/gralloc.mt6737t.so 
01-01 08:04:18.780000  2627  2627 W GpuAppSpectator: type=1400 audit(0.0:2259): avc: denied { search } for name="3087" dev="proc" ino=17284 scontext=u:r:gas_srv:s0 tcontext=u:r:system_app:s0 tclass=dir permissive=0
01-01 08:04:19.440319  4412  4429 E HAL     : SLCODE-loaded class_id=gralloc 
01-01 08:04:19.440383  4412  4429 E HAL     : SLCODE-loaded name=gralloc 
01-01 08:04:19.440412  4412  4429 E HAL     : SLCODE-loaded prop_name=ro.hardware.gralloc 
01-01 08:04:19.440442  4412  4429 E HAL     : SLCODE-loaded for circle execute 
01-01 08:04:19.440474  4412  4429 E HAL     : SLCODE-hw_module_exists HAL_LIBRARY_PATH2=/vendor/lib/hw, name=gralloc, subname=mt6735 
01-01 08:04:19.440543  4412  4429 E HAL     : SLCODE-hw_module_exists HAL_LIBRARY_PATH1=/system/lib/hw, name=gralloc, subname=mt6735 
01-01 08:04:19.440588  4412  4429 E HAL     : SLCODE-hw_module_exists return ENOENT 
01-01 08:04:19.440625  4412  4429 E HAL     : SLCODE-hw_module_exists HAL_LIBRARY_PATH2=/vendor/lib/hw, name=gralloc, subname=MT6737 
01-01 08:04:19.440672  4412  4429 E HAL     : SLCODE-hw_module_exists HAL_LIBRARY_PATH1=/system/lib/hw, name=gralloc, subname=MT6737 
01-01 08:04:19.440708  4412  4429 E HAL     : SLCODE-hw_module_exists return ENOENT 
01-01 08:04:19.440744  4412  4429 E HAL     : SLCODE-hw_module_exists HAL_LIBRARY_PATH2=/vendor/lib/hw, name=gralloc, subname=mt6737t 
01-01 08:04:19.440792  4412  4429 E HAL     : SLCODE-hw_module_exists HAL_LIBRARY_PATH1=/system/lib/hw, name=gralloc, subname=mt6737t 
01-01 08:04:19.440833  4412  4429 E HAL     : SLCODE-loaded HAL id=gralloc path=/system/lib/hw/gralloc.mt6737t.so 
01-01 08:04:19.466874  3087  3639 E HAL     : SLCODE-loaded class_id=gralloc 
01-01 08:04:19.466961  3087  3639 E HAL     : SLCODE-loaded name=gralloc 
01-01 08:04:19.466993  3087  3639 E HAL     : SLCODE-loaded prop_name=ro.hardware.gralloc 
01-01 08:04:19.467022  3087  3639 E HAL     : SLCODE-loaded for circle execute 
01-01 08:04:19.467054  3087  3639 E HAL     : SLCODE-hw_module_exists HAL_LIBRARY_PATH2=/vendor/lib64/hw, name=gralloc, subname=mt6735 
01-01 08:04:19.467150  3087  3639 E HAL     : SLCODE-hw_module_exists HAL_LIBRARY_PATH1=/system/lib64/hw, name=gralloc, subname=mt6735 
01-01 08:04:19.467187  3087  3639 E HAL     : SLCODE-hw_module_exists return ENOENT 
01-01 08:04:19.467224  3087  3639 E HAL     : SLCODE-hw_module_exists HAL_LIBRARY_PATH2=/vendor/lib64/hw, name=gralloc, subname=MT6737 
01-01 08:04:19.467269  3087  3639 E HAL     : SLCODE-hw_module_exists HAL_LIBRARY_PATH1=/system/lib64/hw, name=gralloc, subname=MT6737 
01-01 08:04:19.467305  3087  3639 E HAL     : SLCODE-hw_module_exists return ENOENT 
01-01 08:04:19.467336  3087  3639 E HAL     : SLCODE-hw_module_exists HAL_LIBRARY_PATH2=/vendor/lib64/hw, name=gralloc, subname=mt6737t 
01-01 08:04:19.467377  3087  3639 E HAL     : SLCODE-hw_module_exists HAL_LIBRARY_PATH1=/system/lib64/hw, name=gralloc, subname=mt6737t 
01-01 08:04:19.467414  3087  3639 E HAL     : SLCODE-loaded HAL id=gralloc path=/system/lib64/hw/gralloc.mt6737t.so 
01-01 08:04:19.468460  3087  3639 E HAL     : SLCODE-loaded class_id=gralloc 
01-01 08:04:19.468604  3087  3639 E HAL     : SLCODE-loaded name=gralloc 
01-01 08:04:19.468650  3087  3639 E HAL     : SLCODE-loaded prop_name=ro.hardware.gralloc 
01-01 08:04:19.468713  3087  3639 E HAL     : SLCODE-loaded for circle execute 
01-01 08:04:19.468774  3087  3639 E HAL     : SLCODE-hw_module_exists HAL_LIBRARY_PATH2=/vendor/lib64/hw, name=gralloc, subname=mt6735 
01-01 08:04:19.468943  3087  3639 E HAL     : SLCODE-hw_module_exists HAL_LIBRARY_PATH1=/system/lib64/hw, name=gralloc, subname=mt6735 
01-01 08:04:19.469019  3087  3639 E HAL     : SLCODE-hw_module_exists return ENOENT 
01-01 08:04:19.469069  3087  3639 E HAL     : SLCODE-hw_module_exists HAL_LIBRARY_PATH2=/vendor/lib64/hw, name=gralloc, subname=MT6737 
01-01 08:04:19.469129  3087  3639 E HAL     : SLCODE-hw_module_exists HAL_LIBRARY_PATH1=/system/lib64/hw, name=gralloc, subname=MT6737 
01-01 08:04:19.469177  3087  3639 E HAL     : SLCODE-hw_module_exists return ENOENT 
01-01 08:04:19.469218  3087  3639 E HAL     : SLCODE-hw_module_exists HAL_LIBRARY_PATH2=/vendor/lib64/hw, name=gralloc, subname=mt6737t 
01-01 08:04:19.469278  3087  3639 E HAL     : SLCODE-hw_module_exists HAL_LIBRARY_PATH1=/system/lib64/hw, name=gralloc, subname=mt6737t 
01-01 08:04:19.469337  3087  3639 E HAL     : SLCODE-loaded HAL id=gralloc path=/system/lib64/hw/gralloc.mt6737t.so 
01-01 08:04:19.470368  4412  4429 E HAL     : SLCODE-loaded class_id=gralloc 
01-01 08:04:19.470434  4412  4429 E HAL     : SLCODE-loaded name=gralloc 
01-01 08:04:19.470462  4412  4429 E HAL     : SLCODE-loaded prop_name=ro.hardware.gralloc 
01-01 08:04:19.470494  4412  4429 E HAL     : SLCODE-loaded for circle execute 
01-01 08:04:19.470529  4412  4429 E HAL     : SLCODE-hw_module_exists HAL_LIBRARY_PATH2=/vendor/lib/hw, name=gralloc, subname=mt6735 
01-01 08:04:19.470619  4412  4429 E HAL     : SLCODE-hw_module_exists HAL_LIBRARY_PATH1=/system/lib/hw, name=gralloc, subname=mt6735 
01-01 08:04:19.470660  4412  4429 E HAL     : SLCODE-hw_module_exists return ENOENT 
01-01 08:04:19.470695  4412  4429 E HAL     : SLCODE-hw_module_exists HAL_LIBRARY_PATH2=/vendor/lib/hw, name=gralloc, subname=MT6737 
01-01 08:04:19.470743  4412  4429 E HAL     : SLCODE-hw_module_exists HAL_LIBRARY_PATH1=/system/lib/hw, name=gralloc, subname=MT6737 
01-01 08:04:19.470781  4412  4429 E HAL     : SLCODE-hw_module_exists return ENOENT 
01-01 08:04:19.470836  4412  4429 E HAL     : SLCODE-hw_module_exists HAL_LIBRARY_PATH2=/vendor/lib/hw, name=gralloc, subname=mt6737t 
01-01 08:04:19.470898  4412  4429 E HAL     : SLCODE-hw_module_exists HAL_LIBRARY_PATH1=/system/lib/hw, name=gralloc, subname=mt6737t 
01-01 08:04:19.470968  4412  4429 E HAL     : SLCODE-loaded HAL id=gralloc path=/system/lib/hw/gralloc.mt6737t.so 
01-01 08:04:19.474419  3087  3639 E HAL     : SLCODE-loaded class_id=gralloc 
01-01 08:04:19.474503  3087  3639 E HAL     : SLCODE-loaded name=gralloc 
01-01 08:04:19.474531  3087  3639 E HAL     : SLCODE-loaded prop_name=ro.hardware.gralloc 
01-01 08:04:19.474558  3087  3639 E HAL     : SLCODE-loaded for circle execute 
01-01 08:04:19.474602  3087  3639 E HAL     : SLCODE-hw_module_exists HAL_LIBRARY_PATH2=/vendor/lib64/hw, name=gralloc, subname=mt6735 
01-01 08:04:19.474709  3087  3639 E HAL     : SLCODE-hw_module_exists HAL_LIBRARY_PATH1=/system/lib64/hw, name=gralloc, subname=mt6735 
01-01 08:04:19.474762  3087  3639 E HAL     : SLCODE-hw_module_exists return ENOENT 
01-01 08:04:19.474800  3087  3639 E HAL     : SLCODE-hw_module_exists HAL_LIBRARY_PATH2=/vendor/lib64/hw, name=gralloc, subname=MT6737 
01-01 08:04:19.474850  3087  3639 E HAL     : SLCODE-hw_module_exists HAL_LIBRARY_PATH1=/system/lib64/hw, name=gralloc, subname=MT6737 
01-01 08:04:19.474896  3087  3639 E HAL     : SLCODE-hw_module_exists return ENOENT 
01-01 08:04:19.474927  3087  3639 E HAL     : SLCODE-hw_module_exists HAL_LIBRARY_PATH2=/vendor/lib64/hw, name=gralloc, subname=mt6737t 
01-01 08:04:19.474973  3087  3639 E HAL     : SLCODE-hw_module_exists HAL_LIBRARY_PATH1=/system/lib64/hw, name=gralloc, subname=mt6737t 
01-01 08:04:19.475011  3087  3639 E HAL     : SLCODE-loaded HAL id=gralloc path=/system/lib64/hw/gralloc.mt6737t.so 
01-01 08:04:19.475990  3087  3639 E HAL     : SLCODE-loaded class_id=gralloc 
01-01 08:04:19.476078  3087  3639 E HAL     : SLCODE-loaded name=gralloc 
01-01 08:04:19.476113  3087  3639 E HAL     : SLCODE-loaded prop_name=ro.hardware.gralloc 
01-01 08:04:19.476150  3087  3639 E HAL     : SLCODE-loaded for circle execute 
01-01 08:04:19.476192  3087  3639 E HAL     : SLCODE-hw_module_exists HAL_LIBRARY_PATH2=/vendor/lib64/hw, name=gralloc, subname=mt6735 
01-01 08:04:19.476296  3087  3639 E HAL     : SLCODE-hw_module_exists HAL_LIBRARY_PATH1=/system/lib64/hw, name=gralloc, subname=mt6735 
01-01 08:04:19.476353  3087  3639 E HAL     : SLCODE-hw_module_exists return ENOENT 
01-01 08:04:19.476401  3087  3639 E HAL     : SLCODE-hw_module_exists HAL_LIBRARY_PATH2=/vendor/lib64/hw, name=gralloc, subname=MT6737 
01-01 08:04:19.476458  3087  3639 E HAL     : SLCODE-hw_module_exists HAL_LIBRARY_PATH1=/system/lib64/hw, name=gralloc, subname=MT6737 
01-01 08:04:19.476507  3087  3639 E HAL     : SLCODE-hw_module_exists return ENOENT 
01-01 08:04:19.476550  3087  3639 E HAL     : SLCODE-hw_module_exists HAL_LIBRARY_PATH2=/vendor/lib64/hw, name=gralloc, subname=mt6737t 
01-01 08:04:19.476605  3087  3639 E HAL     : SLCODE-hw_module_exists HAL_LIBRARY_PATH1=/system/lib64/hw, name=gralloc, subname=mt6737t 
01-01 08:04:19.476656  3087  3639 E HAL     : SLCODE-loaded HAL id=gralloc path=/system/lib64/hw/gralloc.mt6737t.so 
01-01 08:04:19.744183  4412  4429 E HAL     : SLCODE-loaded class_id=gralloc 
01-01 08:04:19.744271  4412  4429 E HAL     : SLCODE-loaded name=gralloc 
01-01 08:04:19.744315  4412  4429 E HAL     : SLCODE-loaded prop_name=ro.hardware.gralloc 
01-01 08:04:19.744361  4412  4429 E HAL     : SLCODE-loaded for circle execute 
01-01 08:04:19.744409  4412  4429 E HAL     : SLCODE-hw_module_exists HAL_LIBRARY_PATH2=/vendor/lib/hw, name=gralloc, subname=mt6735 
01-01 08:04:19.744526  4412  4429 E HAL     : SLCODE-hw_module_exists HAL_LIBRARY_PATH1=/system/lib/hw, name=gralloc, subname=mt6735 
01-01 08:04:19.744590  4412  4429 E HAL     : SLCODE-hw_module_exists return ENOENT 
01-01 08:04:19.744646  4412  4429 E HAL     : SLCODE-hw_module_exists HAL_LIBRARY_PATH2=/vendor/lib/hw, name=gralloc, subname=MT6737 
01-01 08:04:19.744719  4412  4429 E HAL     : SLCODE-hw_module_exists HAL_LIBRARY_PATH1=/system/lib/hw, name=gralloc, subname=MT6737 
01-01 08:04:19.744778  4412  4429 E HAL     : SLCODE-hw_module_exists return ENOENT 
01-01 08:04:19.744832  4412  4429 E HAL     : SLCODE-hw_module_exists HAL_LIBRARY_PATH2=/vendor/lib/hw, name=gralloc, subname=mt6737t 
01-01 08:04:19.744907  4412  4429 E HAL     : SLCODE-hw_module_exists HAL_LIBRARY_PATH1=/system/lib/hw, name=gralloc, subname=mt6737t 
01-01 08:04:19.744980  4412  4429 E HAL     : SLCODE-loaded HAL id=gralloc path=/system/lib/hw/gralloc.mt6737t.so 
01-01 08:04:19.760500  4412  4429 E HAL     : SLCODE-loaded class_id=gralloc 
01-01 08:04:19.760583  4412  4429 E HAL     : SLCODE-loaded name=gralloc 
01-01 08:04:19.760628  4412  4429 E HAL     : SLCODE-loaded prop_name=ro.hardware.gralloc 
01-01 08:04:19.760672  4412  4429 E HAL     : SLCODE-loaded for circle execute 
01-01 08:04:19.760723  4412  4429 E HAL     : SLCODE-hw_module_exists HAL_LIBRARY_PATH2=/vendor/lib/hw, name=gralloc, subname=mt6735 
01-01 08:04:19.760836  4412  4429 E HAL     : SLCODE-hw_module_exists HAL_LIBRARY_PATH1=/system/lib/hw, name=gralloc, subname=mt6735 
01-01 08:04:19.760903  4412  4429 E HAL     : SLCODE-hw_module_exists return ENOENT 
01-01 08:04:19.760962  4412  4429 E HAL     : SLCODE-hw_module_exists HAL_LIBRARY_PATH2=/vendor/lib/hw, name=gralloc, subname=MT6737 
01-01 08:04:19.761037  4412  4429 E HAL     : SLCODE-hw_module_exists HAL_LIBRARY_PATH1=/system/lib/hw, name=gralloc, subname=MT6737 
01-01 08:04:19.761097  4412  4429 E HAL     : SLCODE-hw_module_exists return ENOENT 
01-01 08:04:19.761150  4412  4429 E HAL     : SLCODE-hw_module_exists HAL_LIBRARY_PATH2=/vendor/lib/hw, name=gralloc, subname=mt6737t 
01-01 08:04:19.761221  4412  4429 E HAL     : SLCODE-hw_module_exists HAL_LIBRARY_PATH1=/system/lib/hw, name=gralloc, subname=mt6737t 
01-01 08:04:19.761283  4412  4429 E HAL     : SLCODE-loaded HAL id=gralloc path=/system/lib/hw/gralloc.mt6737t.so 
01-01 08:04:22.790396   275  1071 E MAL-Daemon: [RDS-E][RU][EVENT_RU_DM_3GPP_STATUS_IND] Invalid u43gpp_status:0x6
01-01 08:04:26.217830  4412  4412 E MultiWindowProxy: getServiceInstance failed!
01-01 08:04:26.429013  4412  4429 E HAL     : SLCODE-loaded class_id=gralloc 
01-01 08:04:26.429073  4412  4429 E HAL     : SLCODE-loaded name=gralloc 
01-01 08:04:26.429101  4412  4429 E HAL     : SLCODE-loaded prop_name=ro.hardware.gralloc 
01-01 08:04:26.429132  4412  4429 E HAL     : SLCODE-loaded for circle execute 
01-01 08:04:26.429163  4412  4429 E HAL     : SLCODE-hw_module_exists HAL_LIBRARY_PATH2=/vendor/lib/hw, name=gralloc, subname=mt6735 
01-01 08:04:26.429229  4412  4429 E HAL     : SLCODE-hw_module_exists HAL_LIBRARY_PATH1=/system/lib/hw, name=gralloc, subname=mt6735 
01-01 08:04:26.429267  4412  4429 E HAL     : SLCODE-hw_module_exists return ENOENT 
01-01 08:04:26.429303  4412  4429 E HAL     : SLCODE-hw_module_exists HAL_LIBRARY_PATH2=/vendor/lib/hw, name=gralloc, subname=MT6737 
01-01 08:04:26.429349  4412  4429 E HAL     : SLCODE-hw_module_exists HAL_LIBRARY_PATH1=/system/lib/hw, name=gralloc, subname=MT6737 
01-01 08:04:26.429385  4412  4429 E HAL     : SLCODE-hw_module_exists return ENOENT 
01-01 08:04:26.429420  4412  4429 E HAL     : SLCODE-hw_module_exists HAL_LIBRARY_PATH2=/vendor/lib/hw, name=gralloc, subname=mt6737t 
01-01 08:04:26.429465  4412  4429 E HAL     : SLCODE-hw_module_exists HAL_LIBRARY_PATH1=/system/lib/hw, name=gralloc, subname=mt6737t 
01-01 08:04:26.429504  4412  4429 E HAL     : SLCODE-loaded HAL id=gralloc path=/system/lib/hw/gralloc.mt6737t.so 
01-01 08:04:26.461833  4412  4429 E HAL     : SLCODE-loaded class_id=gralloc 
01-01 08:04:26.461895  4412  4429 E HAL     : SLCODE-loaded name=gralloc 
01-01 08:04:26.461924  4412  4429 E HAL     : SLCODE-loaded prop_name=ro.hardware.gralloc 
01-01 08:04:26.461954  4412  4429 E HAL     : SLCODE-loaded for circle execute 
01-01 08:04:26.461987  4412  4429 E HAL     : SLCODE-hw_module_exists HAL_LIBRARY_PATH2=/vendor/lib/hw, name=gralloc, subname=mt6735 
01-01 08:04:26.462072  4412  4429 E HAL     : SLCODE-hw_module_exists HAL_LIBRARY_PATH1=/system/lib/hw, name=gralloc, subname=mt6735 
01-01 08:04:26.462114  4412  4429 E HAL     : SLCODE-hw_module_exists return ENOENT 
01-01 08:04:26.462150  4412  4429 E HAL     : SLCODE-hw_module_exists HAL_LIBRARY_PATH2=/vendor/lib/hw, name=gralloc, subname=MT6737 
01-01 08:04:26.462196  4412  4429 E HAL     : SLCODE-hw_module_exists HAL_LIBRARY_PATH1=/system/lib/hw, name=gralloc, subname=MT6737 
01-01 08:04:26.462233  4412  4429 E HAL     : SLCODE-hw_module_exists return ENOENT 
01-01 08:04:26.462268  4412  4429 E HAL     : SLCODE-hw_module_exists HAL_LIBRARY_PATH2=/vendor/lib/hw, name=gralloc, subname=mt6737t 
01-01 08:04:26.462315  4412  4429 E HAL     : SLCODE-hw_module_exists HAL_LIBRARY_PATH1=/system/lib/hw, name=gralloc, subname=mt6737t 
01-01 08:04:26.462356  4412  4429 E HAL     : SLCODE-loaded HAL id=gralloc path=/system/lib/hw/gralloc.mt6737t.so 
01-01 08:04:27.910094   275  1071 E MAL-Daemon: [RDS-E][RU][EVENT_RU_DM_3GPP_STATUS_IND] Invalid u43gpp_status:0x6
01-01 08:04:28.902730  4412  4429 E HAL     : SLCODE-loaded class_id=gralloc 
01-01 08:04:28.902911  4412  4429 E HAL     : SLCODE-loaded name=gralloc 
01-01 08:04:28.902959  4412  4429 E HAL     : SLCODE-loaded prop_name=ro.hardware.gralloc 
01-01 08:04:28.903000  4412  4429 E HAL     : SLCODE-loaded for circle execute 
01-01 08:04:28.903047  4412  4429 E HAL     : SLCODE-hw_module_exists HAL_LIBRARY_PATH2=/vendor/lib/hw, name=gralloc, subname=mt6735 
01-01 08:04:28.903175  4412  4429 E HAL     : SLCODE-hw_module_exists HAL_LIBRARY_PATH1=/system/lib/hw, name=gralloc, subname=mt6735 
01-01 08:04:28.903228  4412  4429 E HAL     : SLCODE-hw_module_exists return ENOENT 
01-01 08:04:28.903269  4412  4429 E HAL     : SLCODE-hw_module_exists HAL_LIBRARY_PATH2=/vendor/lib/hw, name=gralloc, subname=MT6737 
01-01 08:04:28.903326  4412  4429 E HAL     : SLCODE-hw_module_exists HAL_LIBRARY_PATH1=/system/lib/hw, name=gralloc, subname=MT6737 
01-01 08:04:28.903376  4412  4429 E HAL     : SLCODE-hw_module_exists return ENOENT 
01-01 08:04:28.903416  4412  4429 E HAL     : SLCODE-hw_module_exists HAL_LIBRARY_PATH2=/vendor/lib/hw, name=gralloc, subname=mt6737t 
01-01 08:04:28.903470  4412  4429 E HAL     : SLCODE-hw_module_exists HAL_LIBRARY_PATH1=/system/lib/hw, name=gralloc, subname=mt6737t 
01-01 08:04:28.903513  4412  4429 E HAL     : SLCODE-loaded HAL id=gralloc path=/system/lib/hw/gralloc.mt6737t.so 
01-01 08:04:28.916470  4412  4429 E HAL     : SLCODE-loaded class_id=gralloc 
01-01 08:04:28.916535  4412  4429 E HAL     : SLCODE-loaded name=gralloc 
01-01 08:04:28.916567  4412  4429 E HAL     : SLCODE-loaded prop_name=ro.hardware.gralloc 
01-01 08:04:28.916599  4412  4429 E HAL     : SLCODE-loaded for circle execute 
01-01 08:04:28.916634  4412  4429 E HAL     : SLCODE-hw_module_exists HAL_LIBRARY_PATH2=/vendor/lib/hw, name=gralloc, subname=mt6735 
01-01 08:04:28.916721  4412  4429 E HAL     : SLCODE-hw_module_exists HAL_LIBRARY_PATH1=/system/lib/hw, name=gralloc, subname=mt6735 
01-01 08:04:28.916767  4412  4429 E HAL     : SLCODE-hw_module_exists return ENOENT 
01-01 08:04:28.916806  4412  4429 E HAL     : SLCODE-hw_module_exists HAL_LIBRARY_PATH2=/vendor/lib/hw, name=gralloc, subname=MT6737 
01-01 08:04:28.916860  4412  4429 E HAL     : SLCODE-hw_module_exists HAL_LIBRARY_PATH1=/system/lib/hw, name=gralloc, subname=MT6737 
01-01 08:04:28.916901  4412  4429 E HAL     : SLCODE-hw_module_exists return ENOENT 
01-01 08:04:28.916942  4412  4429 E HAL     : SLCODE-hw_module_exists HAL_LIBRARY_PATH2=/vendor/lib/hw, name=gralloc, subname=mt6737t 
01-01 08:04:28.916992  4412  4429 E HAL     : SLCODE-hw_module_exists HAL_LIBRARY_PATH1=/system/lib/hw, name=gralloc, subname=mt6737t 
01-01 08:04:28.917035  4412  4429 E HAL     : SLCODE-loaded HAL id=gralloc path=/system/lib/hw/gralloc.mt6737t.so 
01-01 08:04:30.823616  4412  4412 E MultiWindowProxy: getServiceInstance failed!
01-01 08:04:30.970471  4412  4429 E HAL     : SLCODE-loaded class_id=gralloc 
01-01 08:04:30.970525  4412  4429 E HAL     : SLCODE-loaded name=gralloc 
01-01 08:04:30.970552  4412  4429 E HAL     : SLCODE-loaded prop_name=ro.hardware.gralloc 
01-01 08:04:30.970578  4412  4429 E HAL     : SLCODE-loaded for circle execute 
01-01 08:04:30.970609  4412  4429 E HAL     : SLCODE-hw_module_exists HAL_LIBRARY_PATH2=/vendor/lib/hw, name=gralloc, subname=mt6735 
01-01 08:04:30.970672  4412  4429 E HAL     : SLCODE-hw_module_exists HAL_LIBRARY_PATH1=/system/lib/hw, name=gralloc, subname=mt6735 
01-01 08:04:30.970713  4412  4429 E HAL     : SLCODE-hw_module_exists return ENOENT 
01-01 08:04:30.970747  4412  4429 E HAL     : SLCODE-hw_module_exists HAL_LIBRARY_PATH2=/vendor/lib/hw, name=gralloc, subname=MT6737 
01-01 08:04:30.970792  4412  4429 E HAL     : SLCODE-hw_module_exists HAL_LIBRARY_PATH1=/system/lib/hw, name=gralloc, subname=MT6737 
01-01 08:04:30.970828  4412  4429 E HAL     : SLCODE-hw_module_exists return ENOENT 
01-01 08:04:30.970862  4412  4429 E HAL     : SLCODE-hw_module_exists HAL_LIBRARY_PATH2=/vendor/lib/hw, name=gralloc, subname=mt6737t 
01-01 08:04:30.970907  4412  4429 E HAL     : SLCODE-hw_module_exists HAL_LIBRARY_PATH1=/system/lib/hw, name=gralloc, subname=mt6737t 
01-01 08:04:30.970945  4412  4429 E HAL     : SLCODE-loaded HAL id=gralloc path=/system/lib/hw/gralloc.mt6737t.so 
01-01 08:04:31.005369  4412  4429 E HAL     : SLCODE-loaded class_id=gralloc 
01-01 08:04:31.005424  4412  4429 E HAL     : SLCODE-loaded name=gralloc 
01-01 08:04:31.005450  4412  4429 E HAL     : SLCODE-loaded prop_name=ro.hardware.gralloc 
01-01 08:04:31.005478  4412  4429 E HAL     : SLCODE-loaded for circle execute 
01-01 08:04:31.005509  4412  4429 E HAL     : SLCODE-hw_module_exists HAL_LIBRARY_PATH2=/vendor/lib/hw, name=gralloc, subname=mt6735 
01-01 08:04:31.005582  4412  4429 E HAL     : SLCODE-hw_module_exists HAL_LIBRARY_PATH1=/system/lib/hw, name=gralloc, subname=mt6735 
01-01 08:04:31.005622  4412  4429 E HAL     : SLCODE-hw_module_exists return ENOENT 
01-01 08:04:31.005657  4412  4429 E HAL     : SLCODE-hw_module_exists HAL_LIBRARY_PATH2=/vendor/lib/hw, name=gralloc, subname=MT6737 
01-01 08:04:31.005703  4412  4429 E HAL     : SLCODE-hw_module_exists HAL_LIBRARY_PATH1=/system/lib/hw, name=gralloc, subname=MT6737 
01-01 08:04:31.005740  4412  4429 E HAL     : SLCODE-hw_module_exists return ENOENT 
01-01 08:04:31.005774  4412  4429 E HAL     : SLCODE-hw_module_exists HAL_LIBRARY_PATH2=/vendor/lib/hw, name=gralloc, subname=mt6737t 
01-01 08:04:31.005818  4412  4429 E HAL     : SLCODE-hw_module_exists HAL_LIBRARY_PATH1=/system/lib/hw, name=gralloc, subname=mt6737t 
01-01 08:04:31.005856  4412  4429 E HAL     : SLCODE-loaded HAL id=gralloc path=/system/lib/hw/gralloc.mt6737t.so 
01-01 08:04:32.145457  4412  4429 E HAL     : SLCODE-loaded class_id=gralloc 
01-01 08:04:32.145528  4412  4429 E HAL     : SLCODE-loaded name=gralloc 
01-01 08:04:32.145569  4412  4429 E HAL     : SLCODE-loaded prop_name=ro.hardware.gralloc 
01-01 08:04:32.145610  4412  4429 E HAL     : SLCODE-loaded for circle execute 
01-01 08:04:32.145659  4412  4429 E HAL     : SLCODE-hw_module_exists HAL_LIBRARY_PATH2=/vendor/lib/hw, name=gralloc, subname=mt6735 
01-01 08:04:32.145757  4412  4429 E HAL     : SLCODE-hw_module_exists HAL_LIBRARY_PATH1=/system/lib/hw, name=gralloc, subname=mt6735 
01-01 08:04:32.145816  4412  4429 E HAL     : SLCODE-hw_module_exists return ENOENT 
01-01 08:04:32.145869  4412  4429 E HAL     : SLCODE-hw_module_exists HAL_LIBRARY_PATH2=/vendor/lib/hw, name=gralloc, subname=MT6737 
01-01 08:04:32.145935  4412  4429 E HAL     : SLCODE-hw_module_exists HAL_LIBRARY_PATH1=/system/lib/hw, name=gralloc, subname=MT6737 
01-01 08:04:32.145987  4412  4429 E HAL     : SLCODE-hw_module_exists return ENOENT 
01-01 08:04:32.146039  4412  4429 E HAL     : SLCODE-hw_module_exists HAL_LIBRARY_PATH2=/vendor/lib/hw, name=gralloc, subname=mt6737t 
01-01 08:04:32.146108  4412  4429 E HAL     : SLCODE-hw_module_exists HAL_LIBRARY_PATH1=/system/lib/hw, name=gralloc, subname=mt6737t 
01-01 08:04:32.146165  4412  4429 E HAL     : SLCODE-loaded HAL id=gralloc path=/system/lib/hw/gralloc.mt6737t.so 
01-01 08:04:32.163767  4412  4429 E HAL     : SLCODE-loaded class_id=gralloc 
01-01 08:04:32.163842  4412  4429 E HAL     : SLCODE-loaded name=gralloc 
01-01 08:04:32.163884  4412  4429 E HAL     : SLCODE-loaded prop_name=ro.hardware.gralloc 
01-01 08:04:32.163926  4412  4429 E HAL     : SLCODE-loaded for circle execute 
01-01 08:04:32.163974  4412  4429 E HAL     : SLCODE-hw_module_exists HAL_LIBRARY_PATH2=/vendor/lib/hw, name=gralloc, subname=mt6735 
01-01 08:04:32.164072  4412  4429 E HAL     : SLCODE-hw_module_exists HAL_LIBRARY_PATH1=/system/lib/hw, name=gralloc, subname=mt6735 
01-01 08:04:32.164131  4412  4429 E HAL     : SLCODE-hw_module_exists return ENOENT 
01-01 08:04:32.164191  4412  4429 E HAL     : SLCODE-hw_module_exists HAL_LIBRARY_PATH2=/vendor/lib/hw, name=gralloc, subname=MT6737 
01-01 08:04:32.164258  4412  4429 E HAL     : SLCODE-hw_module_exists HAL_LIBRARY_PATH1=/system/lib/hw, name=gralloc, subname=MT6737 
01-01 08:04:32.164309  4412  4429 E HAL     : SLCODE-hw_module_exists return ENOENT 
01-01 08:04:32.164358  4412  4429 E HAL     : SLCODE-hw_module_exists HAL_LIBRARY_PATH2=/vendor/lib/hw, name=gralloc, subname=mt6737t 
01-01 08:04:32.164423  4412  4429 E HAL     : SLCODE-hw_module_exists HAL_LIBRARY_PATH1=/system/lib/hw, name=gralloc, subname=mt6737t 
01-01 08:04:32.164478  4412  4429 E HAL     : SLCODE-loaded HAL id=gralloc path=/system/lib/hw/gralloc.mt6737t.so 
01-01 08:04:33.030829   275  1071 E MAL-Daemon: [RDS-E][RU][EVENT_RU_DM_3GPP_STATUS_IND] Invalid u43gpp_status:0x6
01-01 08:04:35.172148  4412  4412 E MultiWindowProxy: getServiceInstance failed!
01-01 08:04:35.334221  4412  4429 E HAL     : SLCODE-loaded class_id=gralloc 
01-01 08:04:35.334281  4412  4429 E HAL     : SLCODE-loaded name=gralloc 
01-01 08:04:35.334310  4412  4429 E HAL     : SLCODE-loaded prop_name=ro.hardware.gralloc 
01-01 08:04:35.334340  4412  4429 E HAL     : SLCODE-loaded for circle execute 
01-01 08:04:35.334372  4412  4429 E HAL     : SLCODE-hw_module_exists HAL_LIBRARY_PATH2=/vendor/lib/hw, name=gralloc, subname=mt6735 
01-01 08:04:35.334444  4412  4429 E HAL     : SLCODE-hw_module_exists HAL_LIBRARY_PATH1=/system/lib/hw, name=gralloc, subname=mt6735 
01-01 08:04:35.334487  4412  4429 E HAL     : SLCODE-hw_module_exists return ENOENT 
01-01 08:04:35.334522  4412  4429 E HAL     : SLCODE-hw_module_exists HAL_LIBRARY_PATH2=/vendor/lib/hw, name=gralloc, subname=MT6737 
01-01 08:04:35.334571  4412  4429 E HAL     : SLCODE-hw_module_exists HAL_LIBRARY_PATH1=/system/lib/hw, name=gralloc, subname=MT6737 
01-01 08:04:35.334610  4412  4429 E HAL     : SLCODE-hw_module_exists return ENOENT 
01-01 08:04:35.334647  4412  4429 E HAL     : SLCODE-hw_module_exists HAL_LIBRARY_PATH2=/vendor/lib/hw, name=gralloc, subname=mt6737t 
01-01 08:04:35.334695  4412  4429 E HAL     : SLCODE-hw_module_exists HAL_LIBRARY_PATH1=/system/lib/hw, name=gralloc, subname=mt6737t 
01-01 08:04:35.334733  4412  4429 E HAL     : SLCODE-loaded HAL id=gralloc path=/system/lib/hw/gralloc.mt6737t.so 
01-01 08:04:35.362169  4412  4429 E HAL     : SLCODE-loaded class_id=gralloc 
01-01 08:04:35.362226  4412  4429 E HAL     : SLCODE-loaded name=gralloc 
01-01 08:04:35.362254  4412  4429 E HAL     : SLCODE-loaded prop_name=ro.hardware.gralloc 
01-01 08:04:35.362283  4412  4429 E HAL     : SLCODE-loaded for circle execute 
01-01 08:04:35.362315  4412  4429 E HAL     : SLCODE-hw_module_exists HAL_LIBRARY_PATH2=/vendor/lib/hw, name=gralloc, subname=mt6735 
01-01 08:04:35.362392  4412  4429 E HAL     : SLCODE-hw_module_exists HAL_LIBRARY_PATH1=/system/lib/hw, name=gralloc, subname=mt6735 
01-01 08:04:35.362434  4412  4429 E HAL     : SLCODE-hw_module_exists return ENOENT 
01-01 08:04:35.362469  4412  4429 E HAL     : SLCODE-hw_module_exists HAL_LIBRARY_PATH2=/vendor/lib/hw, name=gralloc, subname=MT6737 
01-01 08:04:35.362514  4412  4429 E HAL     : SLCODE-hw_module_exists HAL_LIBRARY_PATH1=/system/lib/hw, name=gralloc, subname=MT6737 
01-01 08:04:35.362553  4412  4429 E HAL     : SLCODE-hw_module_exists return ENOENT 
01-01 08:04:35.362587  4412  4429 E HAL     : SLCODE-hw_module_exists HAL_LIBRARY_PATH2=/vendor/lib/hw, name=gralloc, subname=mt6737t 
01-01 08:04:35.362632  4412  4429 E HAL     : SLCODE-hw_module_exists HAL_LIBRARY_PATH1=/system/lib/hw, name=gralloc, subname=mt6737t 
01-01 08:04:35.362671  4412  4429 E HAL     : SLCODE-loaded HAL id=gralloc path=/system/lib/hw/gralloc.mt6737t.so 
01-01 08:04:36.467878  4412  4429 E HAL     : SLCODE-loaded class_id=gralloc 
01-01 08:04:36.467952  4412  4429 E HAL     : SLCODE-loaded name=gralloc 
01-01 08:04:36.467992  4412  4429 E HAL     : SLCODE-loaded prop_name=ro.hardware.gralloc 
01-01 08:04:36.468033  4412  4429 E HAL     : SLCODE-loaded for circle execute 
01-01 08:04:36.468081  4412  4429 E HAL     : SLCODE-hw_module_exists HAL_LIBRARY_PATH2=/vendor/lib/hw, name=gralloc, subname=mt6735 
01-01 08:04:36.468179  4412  4429 E HAL     : SLCODE-hw_module_exists HAL_LIBRARY_PATH1=/system/lib/hw, name=gralloc, subname=mt6735 
01-01 08:04:36.468239  4412  4429 E HAL     : SLCODE-hw_module_exists return ENOENT 
01-01 08:04:36.468291  4412  4429 E HAL     : SLCODE-hw_module_exists HAL_LIBRARY_PATH2=/vendor/lib/hw, name=gralloc, subname=MT6737 
01-01 08:04:36.468360  4412  4429 E HAL     : SLCODE-hw_module_exists HAL_LIBRARY_PATH1=/system/lib/hw, name=gralloc, subname=MT6737 
01-01 08:04:36.468415  4412  4429 E HAL     : SLCODE-hw_module_exists return ENOENT 
01-01 08:04:36.468466  4412  4429 E HAL     : SLCODE-hw_module_exists HAL_LIBRARY_PATH2=/vendor/lib/hw, name=gralloc, subname=mt6737t 
01-01 08:04:36.468535  4412  4429 E HAL     : SLCODE-hw_module_exists HAL_LIBRARY_PATH1=/system/lib/hw, name=gralloc, subname=mt6737t 
01-01 08:04:36.468592  4412  4429 E HAL     : SLCODE-loaded HAL id=gralloc path=/system/lib/hw/gralloc.mt6737t.so 
01-01 08:04:36.486255  4412  4429 E HAL     : SLCODE-loaded class_id=gralloc 
01-01 08:04:36.486418  4412  4429 E HAL     : SLCODE-loaded name=gralloc 
01-01 08:04:36.486474  4412  4429 E HAL     : SLCODE-loaded prop_name=ro.hardware.gralloc 
01-01 08:04:36.486535  4412  4429 E HAL     : SLCODE-loaded for circle execute 
01-01 08:04:36.486582  4412  4429 E HAL     : SLCODE-hw_module_exists HAL_LIBRARY_PATH2=/vendor/lib/hw, name=gralloc, subname=mt6735 
01-01 08:04:36.486692  4412  4429 E HAL     : SLCODE-hw_module_exists HAL_LIBRARY_PATH1=/system/lib/hw, name=gralloc, subname=mt6735 
01-01 08:04:36.486750  4412  4429 E HAL     : SLCODE-hw_module_exists return ENOENT 
01-01 08:04:36.486800  4412  4429 E HAL     : SLCODE-hw_module_exists HAL_LIBRARY_PATH2=/vendor/lib/hw, name=gralloc, subname=MT6737 
01-01 08:04:36.486871  4412  4429 E HAL     : SLCODE-hw_module_exists HAL_LIBRARY_PATH1=/system/lib/hw, name=gralloc, subname=MT6737 
01-01 08:04:36.486929  4412  4429 E HAL     : SLCODE-hw_module_exists return ENOENT 
01-01 08:04:36.486980  4412  4429 E HAL     : SLCODE-hw_module_exists HAL_LIBRARY_PATH2=/vendor/lib/hw, name=gralloc, subname=mt6737t 
01-01 08:04:36.487056  4412  4429 E HAL     : SLCODE-hw_module_exists HAL_LIBRARY_PATH1=/system/lib/hw, name=gralloc, subname=mt6737t 
01-01 08:04:36.487113  4412  4429 E HAL     : SLCODE-loaded HAL id=gralloc path=/system/lib/hw/gralloc.mt6737t.so 
01-01 08:04:40.606236  4412  4429 E HAL     : SLCODE-loaded class_id=gralloc 
01-01 08:04:40.606298  4412  4429 E HAL     : SLCODE-loaded name=gralloc 
01-01 08:04:40.606326  4412  4429 E HAL     : SLCODE-loaded prop_name=ro.hardware.gralloc 
01-01 08:04:40.606355  4412  4429 E HAL     : SLCODE-loaded for circle execute 
01-01 08:04:40.606386  4412  4429 E HAL     : SLCODE-hw_module_exists HAL_LIBRARY_PATH2=/vendor/lib/hw, name=gralloc, subname=mt6735 
01-01 08:04:40.606466  4412  4429 E HAL     : SLCODE-hw_module_exists HAL_LIBRARY_PATH1=/system/lib/hw, name=gralloc, subname=mt6735 
01-01 08:04:40.606508  4412  4429 E HAL     : SLCODE-hw_module_exists return ENOENT 
01-01 08:04:40.606543  4412  4429 E HAL     : SLCODE-hw_module_exists HAL_LIBRARY_PATH2=/vendor/lib/hw, name=gralloc, subname=MT6737 
01-01 08:04:40.606591  4412  4429 E HAL     : SLCODE-hw_module_exists HAL_LIBRARY_PATH1=/system/lib/hw, name=gralloc, subname=MT6737 
01-01 08:04:40.606628  4412  4429 E HAL     : SLCODE-hw_module_exists return ENOENT 
01-01 08:04:40.606662  4412  4429 E HAL     : SLCODE-hw_module_exists HAL_LIBRARY_PATH2=/vendor/lib/hw, name=gralloc, subname=mt6737t 
01-01 08:04:40.606708  4412  4429 E HAL     : SLCODE-hw_module_exists HAL_LIBRARY_PATH1=/system/lib/hw, name=gralloc, subname=mt6737t 
01-01 08:04:40.606799  4412  4429 E HAL     : SLCODE-loaded HAL id=gralloc path=/system/lib/hw/gralloc.mt6737t.so 
01-01 08:04:40.607537  4412  4429 E HAL     : SLCODE-loaded class_id=gralloc 
01-01 08:04:40.607649  4412  4429 E HAL     : SLCODE-loaded name=gralloc 
01-01 08:04:40.607690  4412  4429 E HAL     : SLCODE-loaded prop_name=ro.hardware.gralloc 
01-01 08:04:40.607719  4412  4429 E HAL     : SLCODE-loaded for circle execute 
01-01 08:04:40.607761  4412  4429 E HAL     : SLCODE-hw_module_exists HAL_LIBRARY_PATH2=/vendor/lib/hw, name=gralloc, subname=mt6735 
01-01 08:04:40.607918  4412  4429 E HAL     : SLCODE-hw_module_exists HAL_LIBRARY_PATH1=/system/lib/hw, name=gralloc, subname=mt6735 
01-01 08:04:40.607970  4412  4429 E HAL     : SLCODE-hw_module_exists return ENOENT 
01-01 08:04:40.608017  4412  4429 E HAL     : SLCODE-hw_module_exists HAL_LIBRARY_PATH2=/vendor/lib/hw, name=gralloc, subname=MT6737 
01-01 08:04:40.608064  4412  4429 E HAL     : SLCODE-hw_module_exists HAL_LIBRARY_PATH1=/system/lib/hw, name=gralloc, subname=MT6737 
01-01 08:04:40.608103  4412  4429 E HAL     : SLCODE-hw_module_exists return ENOENT 
01-01 08:04:40.608155  4412  4429 E HAL     : SLCODE-hw_module_exists HAL_LIBRARY_PATH2=/vendor/lib/hw, name=gralloc, subname=mt6737t 
01-01 08:04:40.608256  4412  4429 E HAL     : SLCODE-hw_module_exists HAL_LIBRARY_PATH1=/system/lib/hw, name=gralloc, subname=mt6737t 
01-01 08:04:40.608304  4412  4429 E HAL     : SLCODE-loaded HAL id=gralloc path=/system/lib/hw/gralloc.mt6737t.so 
01-01 08:04:40.609312  4412  4429 E HAL     : SLCODE-loaded class_id=gralloc 
01-01 08:04:40.609401  4412  4429 E HAL     : SLCODE-loaded name=gralloc 
01-01 08:04:40.609439  4412  4429 E HAL     : SLCODE-loaded prop_name=ro.hardware.gralloc 
01-01 08:04:40.609483  4412  4429 E HAL     : SLCODE-loaded for circle execute 
01-01 08:04:40.609539  4412  4429 E HAL     : SLCODE-hw_module_exists HAL_LIBRARY_PATH2=/vendor/lib/hw, name=gralloc, subname=mt6735 
01-01 08:04:40.609666  4412  4429 E HAL     : SLCODE-hw_module_exists HAL_LIBRARY_PATH1=/system/lib/hw, name=gralloc, subname=mt6735 
