01-01 08:09:33.080578  1456  1574 E HAL     : SLCODE-hw_module_exists HAL_LIBRARY_PATH1=/system/lib64/hw, name=gralloc, subname=mt6737t 
01-01 08:09:33.080615  1456  1574 E HAL     : SLCODE-loaded HAL id=gralloc path=/system/lib64/hw/gralloc.mt6737t.so 
01-01 08:09:33.081086  1456  1574 I [MALI][Gralloc]: [-]r_hnd(0x7f80f04f00), client(115), share_fd(213)
01-01 08:09:33.081201  1456  1574 I BufferQueue: [ScreenshotClient](this:0x7f7ea91800,id:22,api:1,p:-1,c:-1) ~BufferQueueCore
01-01 08:09:33.084252  4633  4633 D MTKLogger/MainActivity: onPause
01-01 08:09:33.084766  1456  1574 I libPerfService: perfSetFavorPid - pid:2363, 93b
01-01 08:09:33.085893  1456  1574 D InputReader: InputReader:: getSwitchState lock 
01-01 08:09:33.085930  1456  1574 D InputReader: InputReader::getStateLocked:: return 
01-01 08:09:33.093932  1456  1496 I memtrack_graphic: graphic_memtrack_get_memory match 4:      ion_mm_heap 4557    24576   2 ffffffc05d1cd2c0 ffffffc04fbef900.
01-01 08:09:33.093932  1456  1496 I memtrack_graphic:  : 4557 4557 24576 2 12288
01-01 08:09:33.093993  1456  1496 I memtrack_graphic: graphic_memtrack_get_memory match 4:      ion_mm_heap 4557    24576   2 ffffffc055271940 ffffffc053b71100.
01-01 08:09:33.093993  1456  1496 I memtrack_graphic:  : 4557 4557 24576 2 24576
01-01 08:09:33.094023  1456  1496 I memtrack_graphic: graphic_memtrack_get_memory match 4:      ion_mm_heap 4557    24576   3 ffffffc061db1f00 ffffffc0635e8b00.
01-01 08:09:33.094023  1456  1496 I memtrack_graphic:  : 4557 4557 24576 3 32768
01-01 08:09:33.094054  1456  1496 I memtrack_graphic: graphic_memtrack_get_memory match 4:      ion_mm_heap 4557    24576   2 ffffffc04fa27540 ffffffc0635e8c00.
01-01 08:09:33.094054  1456  1496 I memtrack_graphic:  : 4557 4557 24576 2 45056
01-01 08:09:33.094498   270  1519 I BufferQueueProducer: [StatusBar](this:0x7fa068bc00,id:7,api:1,p:1790,c:270) queueBuffer: fps=0.82 dur=1225.56 max=1225.56 min=1225.56
01-01 08:09:33.095042  4633  4633 D MTKLogger/MainActivity: onStop
01-01 08:09:33.097453  4633  4633 V PhoneWindow: DecorView setVisiblity: visibility = 4 ,Parent =ViewRoot{34d9198 com.mediatek.mtklogger/com.mediatek.mtklogger.MainActivity,ident = 0}, this =com.android.internal.policy.PhoneWindow$DecorView{df1b09a I.E...... R......D 0,0-720,1184}
01-01 08:09:33.098700  4633  4650 D Surface : Surface::disconnect(this=0x7f9a31f000,api=1)
01-01 08:09:33.099214   270   295 I BufferQueueProducer: [com.mediatek.mtklogger/com.mediatek.mtklogger.MainActivity](this:0x7fa0689400,id:132,api:1,p:-1,c:270) disconnect(P): api 1
01-01 08:09:33.099648   270   295 I BufferQueueConsumer: [com.mediatek.mtklogger/com.mediatek.mtklogger.MainActivity](this:0x7fa0689400,id:132,api:1,p:-1,c:270) getReleasedBuffers: returning mask 0xffffffffffffffff
01-01 08:09:33.099814   270   295 D GraphicBuffer: free, handle(0x7fa300a5e0) (w:720 h:1184 s:720 f:0x1 u:0x000b00)
01-01 08:09:33.099917   270   295 I [MALI][Gralloc]: [-]hnd(0x7fa300a5e0), client(26), share_fd(51)
01-01 08:09:33.100056   270   295 D GraphicBuffer: free, handle(0x7fa355e5e0) (w:720 h:1184 s:720 f:0x1 u:0x000b00)
01-01 08:09:33.100213   270   295 I [MALI][Gralloc]: [-]hnd(0x7fa355e5e0), client(26), share_fd(78)
01-01 08:09:33.100368   270   295 D GraphicBuffer: free, handle(0x7fa355e400) (w:720 h:1184 s:720 f:0x1 u:0x000b00)
01-01 08:09:33.100460   270   295 I [MALI][Gralloc]: [-]hnd(0x7fa355e400), client(26), share_fd(61)
01-01 08:09:33.101919  4633  4650 D GraphicBuffer: unregister, handle(0x7f950125e0) (w:720 h:1184 s:720 f:0x1 u:0x000b00)
01-01 08:09:33.102046  4633  4650 E HAL     : SLCODE-loaded class_id=gralloc 
01-01 08:09:33.102072  4633  4650 E HAL     : SLCODE-loaded name=gralloc 
01-01 08:09:33.102098  4633  4650 E HAL     : SLCODE-loaded prop_name=ro.hardware.gralloc 
01-01 08:09:33.102122  4633  4650 E HAL     : SLCODE-loaded for circle execute 
01-01 08:09:33.102150  4633  4650 E HAL     : SLCODE-hw_module_exists HAL_LIBRARY_PATH2=/vendor/lib64/hw, name=gralloc, subname=mt6735 
01-01 08:09:33.102743  4633  4650 E HAL     : SLCODE-hw_module_exists HAL_LIBRARY_PATH1=/system/lib64/hw, name=gralloc, subname=mt6735 
01-01 08:09:33.102907  4633  4650 E HAL     : SLCODE-hw_module_exists return ENOENT 
01-01 08:09:33.102949  4633  4650 E HAL     : SLCODE-hw_module_exists HAL_LIBRARY_PATH2=/vendor/lib64/hw, name=gralloc, subname=MT6737 
01-01 08:09:33.103004  4633  4650 E HAL     : SLCODE-hw_module_exists HAL_LIBRARY_PATH1=/system/lib64/hw, name=gralloc, subname=MT6737 
01-01 08:09:33.103040  4633  4650 E HAL     : SLCODE-hw_module_exists return ENOENT 
01-01 08:09:33.103201  4633  4650 E HAL     : SLCODE-hw_module_exists HAL_LIBRARY_PATH2=/vendor/lib64/hw, name=gralloc, subname=mt6737t 
01-01 08:09:33.103411  4633  4650 E HAL     : SLCODE-hw_module_exists HAL_LIBRARY_PATH1=/system/lib64/hw, name=gralloc, subname=mt6737t 
01-01 08:09:33.103470  4633  4650 E HAL     : SLCODE-loaded HAL id=gralloc path=/system/lib64/hw/gralloc.mt6737t.so 
01-01 08:09:33.104158  4557  4557 W System.err: java.util.NoSuchElementException
01-01 08:09:33.104180  4633  4650 I [MALI][Gralloc]: [-]r_hnd(0x7f950125e0), client(23), share_fd(48)
01-01 08:09:33.104548  4633  4650 D GraphicBuffer: unregister, handle(0x7f95012720) (w:720 h:1184 s:720 f:0x1 u:0x000b00)
01-01 08:09:33.104635  4633  4650 E HAL     : SLCODE-loaded class_id=gralloc 
01-01 08:09:33.104667  4633  4650 E HAL     : SLCODE-loaded name=gralloc 
01-01 08:09:33.104702  4633  4650 E HAL     : SLCODE-loaded prop_name=ro.hardware.gralloc 
01-01 08:09:33.104738  4633  4650 E HAL     : SLCODE-loaded for circle execute 
01-01 08:09:33.104777  4633  4650 E HAL     : SLCODE-hw_module_exists HAL_LIBRARY_PATH2=/vendor/lib64/hw, name=gralloc, subname=mt6735 
01-01 08:09:33.104874  4557  4557 W System.err: 	at java.util.ArrayList$ArrayListIterator.next(ArrayList.java:581)
01-01 08:09:33.104889  4633  4650 E HAL     : SLCODE-hw_module_exists HAL_LIBRARY_PATH1=/system/lib64/hw, name=gralloc, subname=mt6735 
01-01 08:09:33.104928  4633  4650 E HAL     : SLCODE-hw_module_exists return ENOENT 
01-01 08:09:33.104928  4557  4557 W System.err: 	at evu.a(360AntiVirus:132)
01-01 08:09:33.104963  4633  4650 E HAL     : SLCODE-hw_module_exists HAL_LIBRARY_PATH2=/vendor/lib64/hw, name=gralloc, subname=MT6737 
01-01 08:09:33.105019  4633  4650 E HAL     : SLCODE-hw_module_exists HAL_LIBRARY_PATH1=/system/lib64/hw, name=gralloc, subname=MT6737 
01-01 08:09:33.105059  4633  4650 E HAL     : SLCODE-hw_module_exists return ENOENT 
01-01 08:09:33.105095  4633  4650 E HAL     : SLCODE-hw_module_exists HAL_LIBRARY_PATH2=/vendor/lib64/hw, name=gralloc, subname=mt6737t 
01-01 08:09:33.105143  4633  4650 E HAL     : SLCODE-hw_module_exists HAL_LIBRARY_PATH1=/system/lib64/hw, name=gralloc, subname=mt6737t 
01-01 08:09:33.105191  4633  4650 E HAL     : SLCODE-loaded HAL id=gralloc path=/system/lib64/hw/gralloc.mt6737t.so 
01-01 08:09:33.106566  4633  4650 I [MALI][Gralloc]: [-]r_hnd(0x7f95012720), client(23), share_fd(53)
01-01 08:09:33.106760  4633  4650 D GraphicBuffer: unregister, handle(0x7f950134e0) (w:720 h:1184 s:720 f:0x1 u:0x000b00)
01-01 08:09:33.106797  4633  4650 E HAL     : SLCODE-loaded class_id=gralloc 
01-01 08:09:33.106818  4633  4650 E HAL     : SLCODE-loaded name=gralloc 
01-01 08:09:33.106841  4633  4650 E HAL     : SLCODE-loaded prop_name=ro.hardware.gralloc 
01-01 08:09:33.106865  4633  4650 E HAL     : SLCODE-loaded for circle execute 
01-01 08:09:33.106892  4633  4650 E HAL     : SLCODE-hw_module_exists HAL_LIBRARY_PATH2=/vendor/lib64/hw, name=gralloc, subname=mt6735 
01-01 08:09:33.106958  4633  4650 E HAL     : SLCODE-hw_module_exists HAL_LIBRARY_PATH1=/system/lib64/hw, name=gralloc, subname=mt6735 
01-01 08:09:33.106992  4633  4650 E HAL     : SLCODE-hw_module_exists return ENOENT 
01-01 08:09:33.107024  4633  4650 E HAL     : SLCODE-hw_module_exists HAL_LIBRARY_PATH2=/vendor/lib64/hw, name=gralloc, subname=MT6737 
01-01 08:09:33.107065  4633  4650 E HAL     : SLCODE-hw_module_exists HAL_LIBRARY_PATH1=/system/lib64/hw, name=gralloc, subname=MT6737 
01-01 08:09:33.107097  4633  4650 E HAL     : SLCODE-hw_module_exists return ENOENT 
01-01 08:09:33.107127  4633  4650 E HAL     : SLCODE-hw_module_exists HAL_LIBRARY_PATH2=/vendor/lib64/hw, name=gralloc, subname=mt6737t 
01-01 08:09:33.107168  4633  4650 E HAL     : SLCODE-hw_module_exists HAL_LIBRARY_PATH1=/system/lib64/hw, name=gralloc, subname=mt6737t 
01-01 08:09:33.107203  4633  4650 E HAL     : SLCODE-loaded HAL id=gralloc path=/system/lib64/hw/gralloc.mt6737t.so 
01-01 08:09:33.107664  4633  4650 I [MALI][Gralloc]: [-]r_hnd(0x7f950134e0), client(23), share_fd(47)
01-01 08:09:33.107854  4633  4650 D GraphicBuffer: unregister, handle(0x7f95012fe0) (w:720 h:1184 s:720 f:0x1 u:0x000b00)
01-01 08:09:33.107889  4633  4650 E HAL     : SLCODE-loaded class_id=gralloc 
01-01 08:09:33.107910  4633  4650 E HAL     : SLCODE-loaded name=gralloc 
01-01 08:09:33.107936  4633  4650 E HAL     : SLCODE-loaded prop_name=ro.hardware.gralloc 
01-01 08:09:33.107960  4633  4650 E HAL     : SLCODE-loaded for circle execute 
01-01 08:09:33.107987  4633  4650 E HAL     : SLCODE-hw_module_exists HAL_LIBRARY_PATH2=/vendor/lib64/hw, name=gralloc, subname=mt6735 
01-01 08:09:33.108038  4633  4650 E HAL     : SLCODE-hw_module_exists HAL_LIBRARY_PATH1=/system/lib64/hw, name=gralloc, subname=mt6735 
01-01 08:09:33.108072  4633  4650 E HAL     : SLCODE-hw_module_exists return ENOENT 
01-01 08:09:33.108101  4633  4650 E HAL     : SLCODE-hw_module_exists HAL_LIBRARY_PATH2=/vendor/lib64/hw, name=gralloc, subname=MT6737 
01-01 08:09:33.108142  4633  4650 E HAL     : SLCODE-hw_module_exists HAL_LIBRARY_PATH1=/system/lib64/hw, name=gralloc, subname=MT6737 
01-01 08:09:33.108174  4633  4650 E HAL     : SLCODE-hw_module_exists return ENOENT 
01-01 08:09:33.108204  4633  4650 E HAL     : SLCODE-hw_module_exists HAL_LIBRARY_PATH2=/vendor/lib64/hw, name=gralloc, subname=mt6737t 
01-01 08:09:33.108243  4633  4650 E HAL     : SLCODE-hw_module_exists HAL_LIBRARY_PATH1=/system/lib64/hw, name=gralloc, subname=mt6737t 
01-01 08:09:33.108275  4633  4650 E HAL     : SLCODE-loaded HAL id=gralloc path=/system/lib64/hw/gralloc.mt6737t.so 
01-01 08:09:33.108727  4633  4650 I [MALI][Gralloc]: [-]r_hnd(0x7f95012fe0), client(23), share_fd(32)
01-01 08:09:33.109146  4633  4650 D Surface : Surface::disconnect(this=0x7f9a31f000,api=1)
01-01 08:09:33.109209  2363  2363 V PhoneWindow: DecorView setVisiblity: visibility = 0 ,Parent =ViewRoot{96c6f0f com.android.launcher3/com.android.launcher3.Launcher,ident = 0}, this =com.android.internal.policy.PhoneWindow$DecorView{3b3a2f9 V.ED..... R.....ID 0,0-720,1280}
01-01 08:09:33.109296   270   295 I BufferQueueProducer: [com.mediatek.mtklogger/com.mediatek.mtklogger.MainActivity](this:0x7fa0689400,id:132,api:1,p:-1,c:270) disconnect(P): api 1
01-01 08:09:33.109393  4557  4557 W System.err: 	at evu.a(360AntiVirus:52)
01-01 08:09:33.109506  4557  4557 W System.err: 	at com.qihoo360.mobilesafe.assist.service.FloatIconService.t(360AntiVirus:1202)
01-01 08:09:33.111631  4557  4557 W System.err: 	at com.qihoo360.mobilesafe.assist.service.FloatIconService.d(360AntiVirus:1127)
01-01 08:09:33.112237  4557  4557 W System.err: 	at com.qihoo360.mobilesafe.assist.service.FloatIconService.d(360AntiVirus:60)
01-01 08:09:33.112296  4557  4557 W System.err: 	at coc.handleMessage(360AntiVirus:718)
01-01 08:09:33.112334  4557  4557 W System.err: 	at android.os.Handler.dispatchMessage(Handler.java:111)
01-01 08:09:33.112366  4557  4557 W System.err: 	at android.os.Looper.loop(Looper.java:207)
01-01 08:09:33.112404  4557  4557 W System.err: 	at android.app.ActivityThread.main(ActivityThread.java:5777)
01-01 08:09:33.112443  4557  4557 W System.err: 	at java.lang.reflect.Method.invoke(Native Method)
01-01 08:09:33.112484  4557  4557 W System.err: 	at com.android.internal.os.ZygoteInit$MethodAndArgsCaller.run(ZygoteInit.java:789)
01-01 08:09:33.112542  4557  4557 W System.err: 	at com.android.internal.os.ZygoteInit.main(ZygoteInit.java:679)
01-01 08:09:33.115101   270   270 I SurfaceFlinger: [Built-in Screen (type:0)] fps:10.963459,dur:1003.33,max:639.84,min:14.49
01-01 08:09:33.118299   270   270 I BufferQueue: [unnamed-270-135](this:0x7fa068a800,id:135,api:0,p:-1,c:-1) BufferQueue core=(270:/system/bin/surfaceflinger)
01-01 08:09:33.118419   270   270 D BufferQueueDump: [unnamed-270-135] this:0x7fa3569680, value:0x7fd4c3e28c, iLen:6
01-01 08:09:33.118540   270   270 I BufferQueueConsumer: [unnamed-270-135](this:0x7fa068a800,id:135,api:0,p:-1,c:270) connect(C): consumer=(270:/system/bin/surfaceflinger) controlledByApp=false
01-01 08:09:33.118572   270   270 D BufferQueueDump: [unnamed-270-135] this:0x7fa3569680, value:0x7fd4c3e2ac, iLen:6
01-01 08:09:33.118605   270   270 I BufferQueueConsumer: [unnamed-270-135](this:0x7fa068a800,id:135,api:0,p:-1,c:270) setConsumerName: unnamed-270-135
01-01 08:09:33.118640   270   270 D BufferQueueDump: [com.android.launcher3/com.android.launcher3.Launcher] this:0x7fa3569680, value:0x7fd4c3e31c, iLen:6
01-01 08:09:33.118670   270   270 I BufferQueueConsumer: [com.android.launcher3/com.android.launcher3.Launcher](this:0x7fa068a800,id:135,api:0,p:-1,c:270) setConsumerName: com.android.launcher3/com.android.launcher3.Launcher
01-01 08:09:33.118713   270   270 I BufferQueueConsumer: [com.android.launcher3/com.android.launcher3.Launcher](this:0x7fa068a800,id:135,api:0,p:-1,c:270) setDefaultBufferSize: width=720 height=1280
01-01 08:09:33.119740   270  3993 I BufferQueueProducer: [](this:0x7f9dddd000,id:123,api:1,p:4557,c:270) queueBuffer: fps=2.93 dur=1024.61 max=643.77 min=22.96
01-01 08:09:33.121296  1790  1790 D PhoneStatusBar: setSystemUiVisibility vis=600 mask=ffffffff oldVal=0 newVal=600 diff=600
01-01 08:09:33.121445  1790  1790 D PhoneStatusBar: hiding the MENU button
01-01 08:09:33.123178  2363  2363 D Surface : Surface::allocateBuffers(this=0x7f9a31f000)
01-01 08:09:33.123248  2363  2473 D OpenGLRenderer: CanvasContext() 0x7f8656e000 initialize window=0x7f9a31f010, title=com.android.launcher3/com.android.launcher3.Launcher
01-01 08:09:33.123300  2363  2473 D Surface : Surface::connect(this=0x7f9a31f000,api=1)
01-01 08:09:33.123370   270  3554 D BufferQueueProducer: [](this:0x7fa068a800,id:135,api:0,p:-1,c:270) allocateBuffers: allocating from 0 buffers up to 4 buffers
01-01 08:09:33.124182   270  3554 I [MALI][Gralloc]: [+]hnd(0x7fa355f760), client(26), share_fd(36), hnd->flags:4
01-01 08:09:33.124226   270  3554 D GraphicBuffer: alloc, handle(0x7fa355f760) (w:720 h:1280 s:720 f:0x1 u:0x000900) err(0)
01-01 08:09:33.125029   270  3554 I [MALI][Gralloc]: [+]hnd(0x7fa355f1c0), client(26), share_fd(70), hnd->flags:4
01-01 08:09:33.125070   270  3554 D GraphicBuffer: alloc, handle(0x7fa355f1c0) (w:720 h:1280 s:720 f:0x1 u:0x000900) err(0)
01-01 08:09:33.125891   270  3554 I [MALI][Gralloc]: [+]hnd(0x7fa355f3a0), client(26), share_fd(72), hnd->flags:4
01-01 08:09:33.125935   270  3554 D GraphicBuffer: alloc, handle(0x7fa355f3a0) (w:720 h:1280 s:720 f:0x1 u:0x000900) err(0)
01-01 08:09:33.126709   270  3554 I [MALI][Gralloc]: [+]hnd(0x7fa355e7c0), client(26), share_fd(80), hnd->flags:4
01-01 08:09:33.126747   270  3554 D GraphicBuffer: alloc, handle(0x7fa355e7c0) (w:720 h:1280 s:720 f:0x1 u:0x000900) err(0)
01-01 08:09:33.126873   270  3554 D BufferQueueProducer: [](this:0x7fa068a800,id:135,api:0,p:-1,c:270) allocateBuffers: allocating from 4 buffers up to 4 buffers
01-01 08:09:33.127192   270  1519 I BufferQueueProducer: [com.android.launcher3/com.android.launcher3.Launcher](this:0x7fa068a800,id:135,api:1,p:2363,c:270) connect(P): api=1 producer=(2363:com.android.launcher3) producerControlledByApp=true
01-01 08:09:33.127377  2363  2473 W libEGL  : [ANDROID_RECORDABLE] format: 1
01-01 08:09:33.128018  2363  2473 D mali_winsys: new_window_surface returns 0x3000
01-01 08:09:33.128577  2363  2363 V InputMethodManager: onWindowFocus: null softInputMode=288 first=true flags=#81910100
01-01 08:09:33.128686  2363  2363 V InputMethodManager: START INPUT: com.android.internal.policy.PhoneWindow$DecorView{3b3a2f9 V.ED..... R.....ID 0,0-720,1280} ic=null tba=android.view.inputmethod.EditorInfo@7e9c724 controlFlags=#104
01-01 08:09:33.136576   270   295 I BufferQueueProducer: [com.android.launcher3/com.android.launcher3.Launcher](this:0x7fa068a800,id:135,api:1,p:2363,c:270) new GraphicBuffer needed
01-01 08:09:33.136643   270   295 D GraphicBuffer: free, handle(0x7fa355e7c0) (w:720 h:1280 s:720 f:0x1 u:0x000900)
01-01 08:09:33.136775   270   295 I [MALI][Gralloc]: [-]hnd(0x7fa355e7c0), client(26), share_fd(80)
01-01 08:09:33.138125   270   295 I [MALI][Gralloc]: [+]hnd(0x7fa355e7c0), client(26), share_fd(28), hnd->flags:4
01-01 08:09:33.138186   270   295 D GraphicBuffer: alloc, handle(0x7fa355e7c0) (w:720 h:1280 s:720 f:0x1 u:0x000b00) err(0)
01-01 08:09:33.138567  2363  2473 E HAL     : SLCODE-loaded class_id=gralloc 
01-01 08:09:33.138611  2363  2473 E HAL     : SLCODE-loaded name=gralloc 
01-01 08:09:33.138637  2363  2473 E HAL     : SLCODE-loaded prop_name=ro.hardware.gralloc 
01-01 08:09:33.138662  2363  2473 E HAL     : SLCODE-loaded for circle execute 
01-01 08:09:33.138715  2363  2473 E HAL     : SLCODE-hw_module_exists HAL_LIBRARY_PATH2=/vendor/lib64/hw, name=gralloc, subname=mt6735 
01-01 08:09:33.138867  2363  2473 E HAL     : SLCODE-hw_module_exists HAL_LIBRARY_PATH1=/system/lib64/hw, name=gralloc, subname=mt6735 
01-01 08:09:33.138920  2363  2473 E HAL     : SLCODE-hw_module_exists return ENOENT 
01-01 08:09:33.138955  2363  2473 E HAL     : SLCODE-hw_module_exists HAL_LIBRARY_PATH2=/vendor/lib64/hw, name=gralloc, subname=MT6737 
01-01 08:09:33.138997  2363  2473 E HAL     : SLCODE-hw_module_exists HAL_LIBRARY_PATH1=/system/lib64/hw, name=gralloc, subname=MT6737 
01-01 08:09:33.139031  2363  2473 E HAL     : SLCODE-hw_module_exists return ENOENT 
01-01 08:09:33.139069  2363  2473 E HAL     : SLCODE-hw_module_exists HAL_LIBRARY_PATH2=/vendor/lib64/hw, name=gralloc, subname=mt6737t 
01-01 08:09:33.139108  2363  2473 E HAL     : SLCODE-hw_module_exists HAL_LIBRARY_PATH1=/system/lib64/hw, name=gralloc, subname=mt6737t 
01-01 08:09:33.139172  2363  2473 E HAL     : SLCODE-loaded HAL id=gralloc path=/system/lib64/hw/gralloc.mt6737t.so 
01-01 08:09:33.139785  2363  2473 I [MALI][Gralloc]: [+]r_hnd(0x7f86e1f520), client(30), share_fd(36)
01-01 08:09:33.139837  2363  2473 D GraphicBuffer: register, handle(0x7f86e1f520) (w:720 h:1280 s:720 f:0x1 u:0x000b00)
01-01 08:09:33.144037  1790  1790 V WallpaperService: Visibility change in com.android.systemui.ImageWallpaper$DrawableEngine@78e24c2: 1
01-01 08:09:33.144718  1790  1790 V WallpaperService: onVisibilityChanged(true): com.android.systemui.ImageWallpaper$DrawableEngine@78e24c2
01-01 08:09:33.144769  1790  1790 D ImageWallpaper: onVisibilityChanged: mVisible, visible=false, true
01-01 08:09:33.144800  1790  1790 D ImageWallpaper: Visibility changed to visible=true
01-01 08:09:33.145802  1790  1790 D ImageWallpaper: Suppressed drawFrame since redraw is not needed and offsets have not changed.
01-01 08:09:33.149191  1790  1790 D PhoneStatusBar: setSystemUiVisibility vis=8600 mask=ffffffff oldVal=600 newVal=8600 diff=8000
01-01 08:09:33.149908  1790  1790 D PhoneStatusBar: hiding the MENU button
01-01 08:09:33.150354  1456  1639 D PerfServiceManager: [PerfService] MESSAGE_TIMEOUT:103 
01-01 08:09:33.150617  1456  1639 I libPerfService: 3: set freq: 1300000
01-01 08:09:33.150665  1456  1639 I libPerfService: 3: set vcore level: 0
01-01 08:09:33.172472   270   270 I BufferQueueProducer: [FrameBufferSurface_0](this:0x7fa3099000,id:0,api:1,p:270,c:270) queueBuffer: fps=12.22 dur=2783.06 max=2171.50 min=17.23
01-01 08:09:33.389215  1456  1639 I libPerfService: 1: set: 3
01-01 08:09:33.389350  1456  1639 I libPerfService: 1: set freq: 819000
01-01 08:09:33.389380  1456  1639 I libPerfService: 1: set vcore level: 0
01-01 08:09:33.588519   270   270 I BufferQueueConsumer: [com.mediatek.mtklogger/com.mediatek.mtklogger.MainActivity](this:0x7fa0689400,id:132,api:1,p:-1,c:-1) disconnect(C)
01-01 08:09:33.589197   270   270 I BufferQueue: [com.mediatek.mtklogger/com.mediatek.mtklogger.MainActivity](this:0x7fa0689400,id:132,api:1,p:-1,c:-1) ~BufferQueueCore
01-01 08:09:33.589548   270   270 D GraphicBuffer: free, handle(0x7fa30095a0) (w:720 h:1184 s:720 f:0x1 u:0x000b00)
01-01 08:09:33.589718   270   270 I [MALI][Gralloc]: [-]hnd(0x7fa30095a0), client(26), share_fd(46)
01-01 08:09:33.643878  2363  2473 W OpenGLRenderer: Incorrectly called buildLayer on View: ShortcutAndWidgetContainer @8de74da, destroying layer...
01-01 08:09:33.644060  2363  2473 W OpenGLRenderer: Incorrectly called buildLayer on View: ShortcutAndWidgetContainer @e7cc3bd, destroying layer...
01-01 08:09:33.645028   270  3554 I BufferQueueProducer: [com.android.launcher3/com.android.launcher3.Launcher](this:0x7fa068a800,id:135,api:1,p:2363,c:270) new GraphicBuffer needed
01-01 08:09:33.645122   270  3554 D GraphicBuffer: free, handle(0x7fa355f3a0) (w:720 h:1280 s:720 f:0x1 u:0x000900)
01-01 08:09:33.645284   270  3554 I [MALI][Gralloc]: [-]hnd(0x7fa355f3a0), client(26), share_fd(72)
01-01 08:09:33.646880   270  3554 I [MALI][Gralloc]: [+]hnd(0x7fa355f3a0), client(26), share_fd(34), hnd->flags:4
01-01 08:09:33.646940   270  3554 D GraphicBuffer: alloc, handle(0x7fa355f3a0) (w:720 h:1280 s:720 f:0x1 u:0x000b00) err(0)
01-01 08:09:33.647306  2363  2473 E HAL     : SLCODE-loaded class_id=gralloc 
01-01 08:09:33.647352  2363  2473 E HAL     : SLCODE-loaded name=gralloc 
01-01 08:09:33.647390  2363  2473 E HAL     : SLCODE-loaded prop_name=ro.hardware.gralloc 
01-01 08:09:33.647426  2363  2473 E HAL     : SLCODE-loaded for circle execute 
01-01 08:09:33.647469  2363  2473 E HAL     : SLCODE-hw_module_exists HAL_LIBRARY_PATH2=/vendor/lib64/hw, name=gralloc, subname=mt6735 
01-01 08:09:33.647565  2363  2473 E HAL     : SLCODE-hw_module_exists HAL_LIBRARY_PATH1=/system/lib64/hw, name=gralloc, subname=mt6735 
01-01 08:09:33.647618  2363  2473 E HAL     : SLCODE-hw_module_exists return ENOENT 
01-01 08:09:33.647668  2363  2473 E HAL     : SLCODE-hw_module_exists HAL_LIBRARY_PATH2=/vendor/lib64/hw, name=gralloc, subname=MT6737 
01-01 08:09:33.647729  2363  2473 E HAL     : SLCODE-hw_module_exists HAL_LIBRARY_PATH1=/system/lib64/hw, name=gralloc, subname=MT6737 
01-01 08:09:33.647780  2363  2473 E HAL     : SLCODE-hw_module_exists return ENOENT 
01-01 08:09:33.647826  2363  2473 E HAL     : SLCODE-hw_module_exists HAL_LIBRARY_PATH2=/vendor/lib64/hw, name=gralloc, subname=mt6737t 
01-01 08:09:33.647890  2363  2473 E HAL     : SLCODE-hw_module_exists HAL_LIBRARY_PATH1=/system/lib64/hw, name=gralloc, subname=mt6737t 
01-01 08:09:33.647943  2363  2473 E HAL     : SLCODE-loaded HAL id=gralloc path=/system/lib64/hw/gralloc.mt6737t.so 
01-01 08:09:33.648715  2363  2473 I [MALI][Gralloc]: [+]r_hnd(0x7f86e1f3e0), client(30), share_fd(37)
01-01 08:09:33.648764  2363  2473 D GraphicBuffer: register, handle(0x7f86e1f3e0) (w:720 h:1280 s:720 f:0x1 u:0x000b00)
01-01 08:09:33.683779  1456  1575 D InputReader: AP_PROF:AppLaunch_dispatchPtr:Down:426293, ID:0, Index:-2088691776
01-01 08:09:33.683951  1456  1575 I PerfService: PerfServiceNative_boostEnableAsync:3
01-01 08:09:33.685151  1790  1790 V WallpaperService: Delivering touch event: MotionEvent { action=ACTION_DOWN, actionButton=0, id[0]=0, x[0]=679.0569, y[0]=553.5675, toolType[0]=TOOL_TYPE_FINGER, buttonState=0, metaState=0, flags=0x3, edgeFlags=0x0, pointerCount=1, historySize=0, eventTime=426293, downTime=426293, deviceId=1, source=0x1002 }
01-01 08:09:33.700063   270  3993 I BufferQueueProducer: [com.android.launcher3/com.android.launcher3.Launcher](this:0x7fa068a800,id:135,api:1,p:2363,c:270) new GraphicBuffer needed
01-01 08:09:33.700209   270  3993 D GraphicBuffer: free, handle(0x7fa355f1c0) (w:720 h:1280 s:720 f:0x1 u:0x000900)
01-01 08:09:33.700407   270  3993 I [MALI][Gralloc]: [-]hnd(0x7fa355f1c0), client(26), share_fd(70)
01-01 08:09:33.702012   270  3993 I [MALI][Gralloc]: [+]hnd(0x7fa355f1c0), client(26), share_fd(61), hnd->flags:4
01-01 08:09:33.702077   270  3993 D GraphicBuffer: alloc, handle(0x7fa355f1c0) (w:720 h:1280 s:720 f:0x1 u:0x000b00) err(0)
01-01 08:09:33.702465  2363  2473 E HAL     : SLCODE-loaded class_id=gralloc 
01-01 08:09:33.702516  2363  2473 E HAL     : SLCODE-loaded name=gralloc 
01-01 08:09:33.702556  2363  2473 E HAL     : SLCODE-loaded prop_name=ro.hardware.gralloc 
01-01 08:09:33.702593  2363  2473 E HAL     : SLCODE-loaded for circle execute 
01-01 08:09:33.702635  2363  2473 E HAL     : SLCODE-hw_module_exists HAL_LIBRARY_PATH2=/vendor/lib64/hw, name=gralloc, subname=mt6735 
01-01 08:09:33.702726  2363  2473 E HAL     : SLCODE-hw_module_exists HAL_LIBRARY_PATH1=/system/lib64/hw, name=gralloc, subname=mt6735 
01-01 08:09:33.702781  2363  2473 E HAL     : SLCODE-hw_module_exists return ENOENT 
01-01 08:09:33.702829  2363  2473 E HAL     : SLCODE-hw_module_exists HAL_LIBRARY_PATH2=/vendor/lib64/hw, name=gralloc, subname=MT6737 
01-01 08:09:33.702899  2363  2473 E HAL     : SLCODE-hw_module_exists HAL_LIBRARY_PATH1=/system/lib64/hw, name=gralloc, subname=MT6737 
01-01 08:09:33.702951  2363  2473 E HAL     : SLCODE-hw_module_exists return ENOENT 
01-01 08:09:33.702994  2363  2473 E HAL     : SLCODE-hw_module_exists HAL_LIBRARY_PATH2=/vendor/lib64/hw, name=gralloc, subname=mt6737t 
01-01 08:09:33.703056  2363  2473 E HAL     : SLCODE-hw_module_exists HAL_LIBRARY_PATH1=/system/lib64/hw, name=gralloc, subname=mt6737t 
01-01 08:09:33.703110  2363  2473 E HAL     : SLCODE-loaded HAL id=gralloc path=/system/lib64/hw/gralloc.mt6737t.so 
01-01 08:09:33.703907  2363  2473 I [MALI][Gralloc]: [+]r_hnd(0x7f86e1f480), client(30), share_fd(38)
01-01 08:09:33.703958  2363  2473 D GraphicBuffer: register, handle(0x7f86e1f480) (w:720 h:1280 s:720 f:0x1 u:0x000b00)
01-01 08:09:33.721468  1790  1790 V WallpaperService: Delivering touch event: MotionEvent { action=ACTION_MOVE, actionButton=0, id[0]=0, x[0]=661.08185, y[0]=560.5621, toolType[0]=TOOL_TYPE_FINGER, buttonState=0, metaState=0, flags=0x3, edgeFlags=0x0, pointerCount=1, historySize=0, eventTime=426330, downTime=426293, deviceId=1, source=0x1002 }
01-01 08:09:33.733681  1790  1790 V WallpaperService: Delivering touch event: MotionEvent { action=ACTION_MOVE, actionButton=0, id[0]=0, x[0]=637.1151, y[0]=570.55426, toolType[0]=TOOL_TYPE_FINGER, buttonState=0, metaState=0, flags=0x3, edgeFlags=0x0, pointerCount=1, historySize=0, eventTime=426342, downTime=426293, deviceId=1, source=0x1002 }
01-01 08:09:33.737942   270  3993 I BufferQueueProducer: [com.android.launcher3/com.android.launcher3.Launcher](this:0x7fa068a800,id:135,api:1,p:2363,c:270) new GraphicBuffer needed
01-01 08:09:33.738074   270  3993 D GraphicBuffer: free, handle(0x7fa355f760) (w:720 h:1280 s:720 f:0x1 u:0x000900)
01-01 08:09:33.738244   270  3993 I [MALI][Gralloc]: [-]hnd(0x7fa355f760), client(26), share_fd(36)
01-01 08:09:33.739818   270  3993 I [MALI][Gralloc]: [+]hnd(0x7fa355f760), client(26), share_fd(36), hnd->flags:4
01-01 08:09:33.739944   270  3993 D GraphicBuffer: alloc, handle(0x7fa355f760) (w:720 h:1280 s:720 f:0x1 u:0x000b00) err(0)
01-01 08:09:33.740427  2363  2473 E HAL     : SLCODE-loaded class_id=gralloc 
01-01 08:09:33.740481  2363  2473 E HAL     : SLCODE-loaded name=gralloc 
01-01 08:09:33.740520  2363  2473 E HAL     : SLCODE-loaded prop_name=ro.hardware.gralloc 
01-01 08:09:33.740555  2363  2473 E HAL     : SLCODE-loaded for circle execute 
01-01 08:09:33.740598  2363  2473 E HAL     : SLCODE-hw_module_exists HAL_LIBRARY_PATH2=/vendor/lib64/hw, name=gralloc, subname=mt6735 
01-01 08:09:33.740688  2363  2473 E HAL     : SLCODE-hw_module_exists HAL_LIBRARY_PATH1=/system/lib64/hw, name=gralloc, subname=mt6735 
01-01 08:09:33.740741  2363  2473 E HAL     : SLCODE-hw_module_exists return ENOENT 
01-01 08:09:33.740791  2363  2473 E HAL     : SLCODE-hw_module_exists HAL_LIBRARY_PATH2=/vendor/lib64/hw, name=gralloc, subname=MT6737 
01-01 08:09:33.740859  2363  2473 E HAL     : SLCODE-hw_module_exists HAL_LIBRARY_PATH1=/system/lib64/hw, name=gralloc, subname=MT6737 
01-01 08:09:33.740909  2363  2473 E HAL     : SLCODE-hw_module_exists return ENOENT 
01-01 08:09:33.740959  2363  2473 E HAL     : SLCODE-hw_module_exists HAL_LIBRARY_PATH2=/vendor/lib64/hw, name=gralloc, subname=mt6737t 
01-01 08:09:33.741026  2363  2473 E HAL     : SLCODE-hw_module_exists HAL_LIBRARY_PATH1=/system/lib64/hw, name=gralloc, subname=mt6737t 
01-01 08:09:33.741079  2363  2473 E HAL     : SLCODE-loaded HAL id=gralloc path=/system/lib64/hw/gralloc.mt6737t.so 
01-01 08:09:33.741883  2363  2473 I [MALI][Gralloc]: [+]r_hnd(0x7f83354ba0), client(30), share_fd(39)
01-01 08:09:33.741935  2363  2473 D GraphicBuffer: register, handle(0x7f83354ba0) (w:720 h:1280 s:720 f:0x1 u:0x000b00)
01-01 08:09:33.746369  1790  1790 V WallpaperService: Delivering touch event: MotionEvent { action=ACTION_MOVE, actionButton=0, id[0]=0, x[0]=606.15814, y[0]=584.54333, toolType[0]=TOOL_TYPE_FINGER, buttonState=0, metaState=0, flags=0x3, edgeFlags=0x0, pointerCount=1, historySize=0, eventTime=426355, downTime=426293, deviceId=1, source=0x1002 }
01-01 08:09:33.758617  1790  1790 V WallpaperService: Delivering touch event: MotionEvent { action=ACTION_MOVE, actionButton=0, id[0]=0, x[0]=576.1997, y[0]=597.5332, toolType[0]=TOOL_TYPE_FINGER, buttonState=0, metaState=0, flags=0x3, edgeFlags=0x0, pointerCount=1, historySize=0, eventTime=426367, downTime=426293, deviceId=1, source=0x1002 }
01-01 08:09:33.767473  1456  1456 D SettingsInterface:  from settings cache , name = sys_free_storage_log_interval , value = null
01-01 08:09:33.767566  1456  1456 D SettingsInterface:  from settings cache , name = disk_free_change_reporting_threshold , value = null
01-01 08:09:33.770913  1790  1790 V WallpaperService: Delivering touch event: MotionEvent { action=ACTION_MOVE, actionButton=0, id[0]=0, x[0]=540.2497, y[0]=613.5207, toolType[0]=TOOL_TYPE_FINGER, buttonState=0, metaState=0, flags=0x3, edgeFlags=0x0, pointerCount=1, historySize=0, eventTime=426380, downTime=426293, deviceId=1, source=0x1002 }
01-01 08:09:33.783207  1790  1790 V WallpaperService: Delivering touch event: MotionEvent { action=ACTION_MOVE, actionButton=0, id[0]=0, x[0]=504.2996, y[0]=629.5082, toolType[0]=TOOL_TYPE_FINGER, buttonState=0, metaState=0, flags=0x3, edgeFlags=0x0, pointerCount=1, historySize=0, eventTime=426392, downTime=426293, deviceId=1, source=0x1002 }
01-01 08:09:33.795666  1790  1790 V WallpaperService: Delivering touch event: MotionEvent { action=ACTION_MOVE, actionButton=0, id[0]=0, x[0]=472.34396, y[0]=644.49646, toolType[0]=TOOL_TYPE_FINGER, buttonState=0, metaState=0, flags=0x3, edgeFlags=0x0, pointerCount=1, historySize=0, eventTime=426404, downTime=426293, deviceId=1, source=0x1002 }
01-01 08:09:33.808237  1790  1790 V WallpaperService: Delivering touch event: MotionEvent { action=ACTION_MOVE, actionButton=0, id[0]=0, x[0]=445.38144, y[0]=656.4871, toolType[0]=TOOL_TYPE_FINGER, buttonState=0, metaState=0, flags=0x3, edgeFlags=0x0, pointerCount=1, historySize=0, eventTime=426417, downTime=426293, deviceId=1, source=0x1002 }
01-01 08:09:33.820411  1790  1790 V WallpaperService: Delivering touch event: MotionEvent { action=ACTION_MOVE, actionButton=0, id[0]=0, x[0]=425.40915, y[0]=665.4801, toolType[0]=TOOL_TYPE_FINGER, buttonState=0, metaState=0, flags=0x3, edgeFlags=0x0, pointerCount=1, historySize=0, eventTime=426429, downTime=426293, deviceId=1, source=0x1002 }
01-01 08:09:33.830163  1095  1099 D EMDLOGGER1: CTRL_reader: incoming SPLM req, msgid=6, token=0, result=0
01-01 08:09:33.830218  1095  1099 I EMDLOGGER1: [MDLOG] [stats][buf] L1 : data:0xb68de last:0x1e117; (1, 0x4de0, 0x1e116)PS : data:0x4de0 last:0x1e116; L2 : data:0x57d2a last:0x1e114; 
01-01 08:09:33.830377  1095  1099 D EMDLOGGER1: CTRL_reader: incoming SPLM req, msgid=6, token=0, result=0
01-01 08:09:33.830415  1095  1099 I EMDLOGGER1: [MDLOG] [stats][mux] MCU : data:0xc978b last:0x1e04f; (3, 0x82410, 0x1e115)(5, 0xd068, 0x1e086)(7, 0x6834, 0x1e0c0)(9, 0x6834, 0x1e067)(11, 0x6834, 0x1e0c1)(13, 0x6834, 0x1e0bd)DSP : data:0xa9548 last:0x1e115; 
01-01 08:09:33.832736  1790  1790 V WallpaperService: Delivering touch event: MotionEvent { action=ACTION_MOVE, actionButton=0, id[0]=0, x[0]=404.4383, y[0]=670.4762, toolType[0]=TOOL_TYPE_FINGER, buttonState=0, metaState=0, flags=0x3, edgeFlags=0x0, pointerCount=1, historySize=0, eventTime=426441, downTime=426293, deviceId=1, source=0x1002 }
01-01 08:09:33.844539  1456  1575 D InputReader: AP_PROF:AppLaunch_dispatchPtr:Up:426454, ID:0, Index:-2088688384
01-01 08:09:33.844660  1456  1575 I PerfService: PerfServiceNative_boostEnableTimeoutMsAsync:3, 100
01-01 08:09:33.845717  1790  1790 V WallpaperService: Delivering touch event: MotionEvent { action=ACTION_UP, actionButton=0, id[0]=0, x[0]=404.4383, y[0]=670.4762, toolType[0]=TOOL_TYPE_FINGER, buttonState=0, metaState=0, flags=0x3, edgeFlags=0x0, pointerCount=1, historySize=0, eventTime=426454, downTime=426293, deviceId=1, source=0x1002 }
01-01 08:09:33.846558  2363  2363 D Launcher3: Launcher.Workspace, onTouchEvent: Set HW layer off in touch up event
01-01 08:09:33.945580  1456  1639 D PerfServiceManager: [PerfService] MESSAGE_TIMEOUT:103 
01-01 08:09:33.945974  1456  1639 I libPerfService: 3: set: 3
01-01 08:09:33.946113  1456  1639 I libPerfService: 3: set freq: 819000
01-01 08:09:33.946155  1456  1639 I libPerfService: 3: set vcore level: 0
01-01 08:09:34.028242  2626  2627 I PerfService: PerfServiceNative_getPackName
01-01 08:09:34.028738  1456  1755 I libPerfService: perfGetLastBoostPid 2363
01-01 08:09:34.028854  1456  1755 D PerfServiceManager: [PerfService] getLastBoostPid 2363 
01-01 08:09:34.028894  1456  1755 I libPerfService: perfGetLastBoostPid 2363
01-01 08:09:34.029328  2626  2627 D GasService: FG app changed: from com.mediatek.mtklogger to com.android.launcher3
01-01 08:09:34.121313   270   270 I SurfaceFlinger: [Built-in Screen (type:0)] fps:48.700333,dur:1006.15,max:71.06,min:17.30
01-01 08:09:34.147782   270  1519 I BufferQueueProducer: [com.android.launcher3/com.android.launcher3.Launcher](this:0x7fa068a800,id:135,api:1,p:2363,c:270) queueBuffer: fps=25.87 dur=1004.94 max=508.92 min=3.46
01-01 08:09:34.152941  1790  1823 I System  : FinalizerDaemon: finalize objects = 2040
01-01 08:09:34.160097   270  3554 I BufferQueueProducer: [](this:0x7f9dddd000,id:123,api:1,p:4557,c:270) queueBuffer: fps=0.96 dur=1040.35 max=1040.35 min=1040.35
01-01 08:09:34.175912   270   270 I BufferQueueProducer: [FrameBufferSurface_0](this:0x7fa3099000,id:0,api:1,p:270,c:270) queueBuffer: fps=48.83 dur=1003.45 max=71.07 min=16.74
01-01 08:09:34.552877  1456  1575 D InputReader: AP_PROF:AppLaunch_dispatchPtr:Down:427162, ID:0, Index:-2088691776
01-01 08:09:34.552989  1456  1575 I PerfService: PerfServiceNative_boostEnableAsync:3
01-01 08:09:34.554247  1790  1790 V WallpaperService: Delivering touch event: MotionEvent { action=ACTION_DOWN, actionButton=0, id[0]=0, x[0]=338.52982, y[0]=1123.1226, toolType[0]=TOOL_TYPE_FINGER, buttonState=0, metaState=0, flags=0x3, edgeFlags=0x0, pointerCount=1, historySize=0, eventTime=427162, downTime=427162, deviceId=1, source=0x1002 }
01-01 08:09:34.555509  1456  1759 D AppOps  : startOperation: allowing code 3 uid 10013 package com.android.launcher3
01-01 08:09:34.651566  1456  1575 D InputReader: AP_PROF:AppLaunch_dispatchPtr:Up:427261, ID:0, Index:-2088688384
01-01 08:09:34.651683  1456  1575 I PerfService: PerfServiceNative_boostEnableTimeoutMsAsync:3, 100
01-01 08:09:34.652647  1790  1790 V WallpaperService: Delivering touch event: MotionEvent { action=ACTION_UP, actionButton=0, id[0]=0, x[0]=338.52982, y[0]=1123.1226, toolType[0]=TOOL_TYPE_FINGER, buttonState=0, metaState=0, flags=0x3, edgeFlags=0x0, pointerCount=1, historySize=0, eventTime=427261, downTime=427162, deviceId=1, source=0x1002 }
01-01 08:09:34.653352  2363  2363 D SettingsInterface:  from settings cache , name = sound_effects_enabled , value = 0
01-01 08:09:34.678423  2363  2363 V InputMethodManager: START INPUT: com.android.launcher3.allapps.AllAppsRecyclerView{5c35b4f VFED..... .F...... 0,0-720,992 #7f090015 app:id/apps_list_view} ic=null tba=android.view.inputmethod.EditorInfo@58ceab5 controlFlags=#100
01-01 08:09:34.752284  1456  1639 D PerfServiceManager: [PerfService] MESSAGE_TIMEOUT:103 
01-01 08:09:34.752671  1456  1639 I libPerfService: 3: set: 3
01-01 08:09:34.752807  1456  1639 I libPerfService: 3: set freq: 819000
01-01 08:09:34.752849  1456  1639 I libPerfService: 3: set vcore level: 0
01-01 08:09:35.029507  2626  2627 I PerfService: PerfServiceNative_getPackName
01-01 08:09:35.029875  1456  1756 I libPerfService: perfGetLastBoostPid 2363
01-01 08:09:35.029963  1456  1756 D PerfServiceManager: [PerfService] getLastBoostPid 2363 
01-01 08:09:35.030013  1456  1756 I libPerfService: perfGetLastBoostPid 2363
01-01 08:09:35.178555   270  3554 I BufferQueueProducer: [](this:0x7f9dddd000,id:123,api:1,p:4557,c:270) queueBuffer: fps=0.98 dur=1018.45 max=1018.45 min=1018.45
01-01 08:09:35.196099   270   270 I BufferQueueProducer: [FrameBufferSurface_0](this:0x7fa3099000,id:0,api:1,p:270,c:270) queueBuffer: fps=49.99 dur=1020.19 max=91.16 min=16.69
01-01 08:09:35.196255   270   270 I SurfaceFlinger: [Built-in Screen (type:0)] fps:50.232510,dur:1075.00,max:91.34,min:16.68
01-01 08:09:35.677670  1456  1639 D PerfServiceManager: [PerfService] MESSAGE_TIMEOUT:105 
01-01 08:09:35.677979  1456  1639 I libPerfService: 5: set: 1
01-01 08:09:35.678141  1456  1639 I libPerfService: 5: set freq: 0
01-01 08:09:35.678185  1456  1639 I libPerfService: 5: set vcore level: 0
01-01 08:09:35.678503  1456  1639 D PerfServiceManager: [PerfService] set utilization:0.8 
01-01 08:09:35.736816  1095  4714 I EMDLOGGER1: MDL rate:1641 KB/s, full count:0
01-01 08:09:35.745152  1456  1575 D InputReader: AP_PROF:AppLaunch_dispatchPtr:Down:428354, ID:0, Index:-2088691776
01-01 08:09:35.745246  1456  1575 I PerfService: PerfServiceNative_boostEnableAsync:3
01-01 08:09:35.745731  1456  1639 I libPerfService: 3: set freq: 819000
01-01 08:09:35.745875  1456  1639 I libPerfService: 3: set: 3
01-01 08:09:35.746414  1790  1790 V WallpaperService: Delivering touch event: MotionEvent { action=ACTION_DOWN, actionButton=0, id[0]=0, x[0]=58.91817, y[0]=673.4739, toolType[0]=TOOL_TYPE_FINGER, buttonState=0, metaState=0, flags=0x3, edgeFlags=0x0, pointerCount=1, historySize=0, eventTime=428354, downTime=428354, deviceId=1, source=0x1002 }
01-01 08:09:35.831399  1456  1575 D InputReader: AP_PROF:AppLaunch_dispatchPtr:Up:428441, ID:0, Index:-2088688384
01-01 08:09:35.831530  1456  1575 I PerfService: PerfServiceNative_boostEnableTimeoutMsAsync:3, 100
01-01 08:09:35.832898  2363  2363 D Launcher3: FastBitmapDrawable, setPressed,Processors:4
01-01 08:09:35.833411  1790  1790 V WallpaperService: Delivering touch event: MotionEvent { action=ACTION_UP, actionButton=0, id[0]=0, x[0]=58.91817, y[0]=673.4739, toolType[0]=TOOL_TYPE_FINGER, buttonState=0, metaState=0, flags=0x3, edgeFlags=0x0, pointerCount=1, historySize=0, eventTime=428441, downTime=428354, deviceId=1, source=0x1002 }
01-01 08:09:35.836733  2363  2363 D SettingsInterface:  from settings cache , name = sound_effects_enabled , value = 0
01-01 08:09:35.842248   270   295 I BufferQueueProducer: [com.android.launcher3/com.android.launcher3.Launcher](this:0x7fa068a800,id:135,api:1,p:2363,c:270) queueBuffer: fps=30.10 dur=1694.46 max=766.61 min=3.90
01-01 08:09:35.842839  1456  1639 I libPerfService: 1: set freq: 1300000
01-01 08:09:35.843348  1456  1639 I libPerfService: 1: set: 4
01-01 08:09:35.847579  1456  1512 D WindowClient: Add to mViews: com.android.internal.policy.PhoneWindow$DecorView{118d3e3 V.E...... R.....ID 0,0-0,0}, this = android.view.WindowManagerGlobal@c4a6331
01-01 08:09:35.847750  1456  1512 D ViewRootImpl: hardware acceleration is disabled, fakeHwAccelerated = true, HardwareRenderer.sRendererDisabled = false, forceHwAccelerated = false, HardwareRenderer.sSystemRendererDisabled = false, this = ViewRoot{ec535d1 Starting com.android.vending,ident = 17}
01-01 08:09:35.853879   270   270 I BufferQueue: [unnamed-270-136](this:0x7f9dddf800,id:136,api:0,p:-1,c:-1) BufferQueue core=(270:/system/bin/surfaceflinger)
01-01 08:09:35.854047   270   270 D BufferQueueDump: [unnamed-270-136] this:0x7fa3568b40, value:0x7fd4c3e28c, iLen:6
01-01 08:09:35.854185   270   270 I BufferQueueConsumer: [unnamed-270-136](this:0x7f9dddf800,id:136,api:0,p:-1,c:270) connect(C): consumer=(270:/system/bin/surfaceflinger) controlledByApp=false
01-01 08:09:35.854220   270   270 D BufferQueueDump: [unnamed-270-136] this:0x7fa3568b40, value:0x7fd4c3e2ac, iLen:6
01-01 08:09:35.854255   270   270 I BufferQueueConsumer: [unnamed-270-136](this:0x7f9dddf800,id:136,api:0,p:-1,c:270) setConsumerName: unnamed-270-136
01-01 08:09:35.854289   270   270 D BufferQueueDump: [Starting com.android.vending] this:0x7fa3568b40, value:0x7fd4c3e31c, iLen:6
01-01 08:09:35.854320   270   270 I BufferQueueConsumer: [Starting com.android.vending](this:0x7f9dddf800,id:136,api:0,p:-1,c:270) setConsumerName: Starting com.android.vending
01-01 08:09:35.854365   270   270 I BufferQueueConsumer: [Starting com.android.vending](this:0x7f9dddf800,id:136,api:0,p:-1,c:270) setDefaultBufferSize: width=1 height=1
01-01 08:09:35.867699   270   270 I BufferQueueConsumer: [Starting com.android.vending](this:0x7f9dddf800,id:136,api:0,p:-1,c:270) setDefaultBufferSize: width=720 height=1280
01-01 08:09:35.871517  1456  1512 D Surface : Surface::connect(this=0x7f800cba00,api=2)
01-01 08:09:35.871793  1456  2302 D InputReader: InputReader:: getSwitchState lock 
01-01 08:09:35.871828  1456  2302 D InputReader: InputReader::getStateLocked:: return 
01-01 08:09:35.871880   270  3993 I BufferQueueProducer: [Starting com.android.vending](this:0x7f9dddf800,id:136,api:2,p:1456,c:270) connect(P): api=2 producer=(1456:system_server) producerControlledByApp=false
01-01 08:09:35.872195   270   297 I BufferQueueProducer: [Starting com.android.vending](this:0x7f9dddf800,id:136,api:2,p:1456,c:270) new GraphicBuffer needed
01-01 08:09:35.872948  1456  2302 I libPerfService: perfSetFavorPid - pid:3037, bdd
01-01 08:09:35.873298   270   297 I [MALI][Gralloc]: [+]hnd(0x7fa355ee00), client(26), share_fd(72), hnd->flags:4
01-01 08:09:35.873350   270   297 D GraphicBuffer: alloc, handle(0x7fa355ee00) (w:720 h:1280 s:720 f:0x1 u:0x000933) err(0)
01-01 08:09:35.873760  1456  1512 E HAL     : SLCODE-loaded class_id=gralloc 
01-01 08:09:35.873791  1456  1512 E HAL     : SLCODE-loaded name=gralloc 
01-01 08:09:35.873817  1456  1512 E HAL     : SLCODE-loaded prop_name=ro.hardware.gralloc 
01-01 08:09:35.873841  1456  1512 E HAL     : SLCODE-loaded for circle execute 
01-01 08:09:35.873870  1456  1512 E HAL     : SLCODE-hw_module_exists HAL_LIBRARY_PATH2=/vendor/lib64/hw, name=gralloc, subname=mt6735 
01-01 08:09:35.873937  1456  1512 E HAL     : SLCODE-hw_module_exists HAL_LIBRARY_PATH1=/system/lib64/hw, name=gralloc, subname=mt6735 
01-01 08:09:35.873971  1456  1512 E HAL     : SLCODE-hw_module_exists return ENOENT 
01-01 08:09:35.874001  1456  1512 E HAL     : SLCODE-hw_module_exists HAL_LIBRARY_PATH2=/vendor/lib64/hw, name=gralloc, subname=MT6737 
01-01 08:09:35.874042  1456  1512 E HAL     : SLCODE-hw_module_exists HAL_LIBRARY_PATH1=/system/lib64/hw, name=gralloc, subname=MT6737 
01-01 08:09:35.874073  1456  1512 E HAL     : SLCODE-hw_module_exists return ENOENT 
01-01 08:09:35.874100  1456  1512 E HAL     : SLCODE-hw_module_exists HAL_LIBRARY_PATH2=/vendor/lib64/hw, name=gralloc, subname=mt6737t 
01-01 08:09:35.874144  1456  1512 E HAL     : SLCODE-hw_module_exists HAL_LIBRARY_PATH1=/system/lib64/hw, name=gralloc, subname=mt6737t 
01-01 08:09:35.874188  1456  1512 E HAL     : SLCODE-loaded HAL id=gralloc path=/system/lib64/hw/gralloc.mt6737t.so 
01-01 08:09:35.875228  1456  1512 I [MALI][Gralloc]: [+]r_hnd(0x7f7e812dc0), client(115), share_fd(216)
01-01 08:09:35.875303  1456  1512 D GraphicBuffer: register, handle(0x7f7e812dc0) (w:720 h:1280 s:720 f:0x1 u:0x000933)
01-01 08:09:35.879265  1456  1512 E HAL     : SLCODE-loaded class_id=gralloc 
01-01 08:09:35.879335  1456  1512 E HAL     : SLCODE-loaded name=gralloc 
01-01 08:09:35.879363  1456  1512 E HAL     : SLCODE-loaded prop_name=ro.hardware.gralloc 
01-01 08:09:35.879389  1456  1512 E HAL     : SLCODE-loaded for circle execute 
01-01 08:09:35.879421  1456  1512 E HAL     : SLCODE-hw_module_exists HAL_LIBRARY_PATH2=/vendor/lib64/hw, name=gralloc, subname=mt6735 
01-01 08:09:35.879489  1456  1512 E HAL     : SLCODE-hw_module_exists HAL_LIBRARY_PATH1=/system/lib64/hw, name=gralloc, subname=mt6735 
01-01 08:09:35.879529  1456  1512 E HAL     : SLCODE-hw_module_exists return ENOENT 
01-01 08:09:35.879558  1456  1512 E HAL     : SLCODE-hw_module_exists HAL_LIBRARY_PATH2=/vendor/lib64/hw, name=gralloc, subname=MT6737 
01-01 08:09:35.879601  1456  1512 E HAL     : SLCODE-hw_module_exists HAL_LIBRARY_PATH1=/system/lib64/hw, name=gralloc, subname=MT6737 
01-01 08:09:35.879643  1456  1512 E HAL     : SLCODE-hw_module_exists return ENOENT 
01-01 08:09:35.879672  1456  1512 E HAL     : SLCODE-hw_module_exists HAL_LIBRARY_PATH2=/vendor/lib64/hw, name=gralloc, subname=mt6737t 
01-01 08:09:35.879716  1456  1512 E HAL     : SLCODE-hw_module_exists HAL_LIBRARY_PATH1=/system/lib64/hw, name=gralloc, subname=mt6737t 
01-01 08:09:35.879757  1456  1512 E HAL     : SLCODE-loaded HAL id=gralloc path=/system/lib64/hw/gralloc.mt6737t.so 
01-01 08:09:35.881117  3037  3037 V Monotype: SetAppTypeFace- try to flip, app = com.android.vending
01-01 08:09:35.881270  3037  3037 D SettingsInterface:  from settings cache , name = flipfont_settings_path , value = null
01-01 08:09:35.881309  3037  3037 D SettingsInterface:  from settings cache , name = flipfont_settings_name , value = null
01-01 08:09:35.881342  3037  3037 V Monotype:     Typeface getFontPathFlipFont - systemFont = default#default
01-01 08:09:35.889621  1790  1790 D PhoneStatusBar: hiding the MENU button
01-01 08:09:35.898087  1790  1790 D PhoneStatusBar: hiding the MENU button
01-01 08:09:35.906147  2363  2473 D Surface : Surface::disconnect(this=0x7f9a31f000,api=1)
01-01 08:09:35.906638   270   295 I BufferQueueProducer: [com.android.launcher3/com.android.launcher3.Launcher](this:0x7fa068a800,id:135,api:1,p:-1,c:270) disconnect(P): api 1
01-01 08:09:35.907146   270   295 I BufferQueueConsumer: [com.android.launcher3/com.android.launcher3.Launcher](this:0x7fa068a800,id:135,api:1,p:-1,c:270) getReleasedBuffers: returning mask 0xffffffffffffffff
01-01 08:09:35.907431   270   295 D GraphicBuffer: free, handle(0x7fa355f1c0) (w:720 h:1280 s:720 f:0x1 u:0x000b00)
01-01 08:09:35.907555   270   295 I [MALI][Gralloc]: [-]hnd(0x7fa355f1c0), client(26), share_fd(61)
01-01 08:09:35.907708   270   295 D GraphicBuffer: free, handle(0x7fa355f3a0) (w:720 h:1280 s:720 f:0x1 u:0x000b00)
01-01 08:09:35.907815   270   295 I [MALI][Gralloc]: [-]hnd(0x7fa355f3a0), client(26), share_fd(34)
01-01 08:09:35.907808  1456  1759 D InputReader: InputReader:: getSwitchState lock 
01-01 08:09:35.907872  1456  1759 D InputReader: InputReader::getStateLocked:: return 
01-01 08:09:35.907969   270   295 D GraphicBuffer: free, handle(0x7fa355e7c0) (w:720 h:1280 s:720 f:0x1 u:0x000b00)
01-01 08:09:35.908071   270   295 I [MALI][Gralloc]: [-]hnd(0x7fa355e7c0), client(26), share_fd(28)
01-01 08:09:35.909253  2363  2473 D GraphicBuffer: unregister, handle(0x7f86e1f520) (w:720 h:1280 s:720 f:0x1 u:0x000b00)
01-01 08:09:35.909307  2363  2473 E HAL     : SLCODE-loaded class_id=gralloc 
01-01 08:09:35.909330  2363  2473 E HAL     : SLCODE-loaded name=gralloc 
01-01 08:09:35.909354  2363  2473 E HAL     : SLCODE-loaded prop_name=ro.hardware.gralloc 
01-01 08:09:35.909392  2363  2473 E HAL     : SLCODE-loaded for circle execute 
01-01 08:09:35.910556  2363  2473 E HAL     : SLCODE-hw_module_exists HAL_LIBRARY_PATH2=/vendor/lib64/hw, name=gralloc, subname=mt6735 
01-01 08:09:35.910662  2363  2473 E HAL     : SLCODE-hw_module_exists HAL_LIBRARY_PATH1=/system/lib64/hw, name=gralloc, subname=mt6735 
01-01 08:09:35.910709  2363  2473 E HAL     : SLCODE-hw_module_exists return ENOENT 
01-01 08:09:35.910742  2363  2473 E HAL     : SLCODE-hw_module_exists HAL_LIBRARY_PATH2=/vendor/lib64/hw, name=gralloc, subname=MT6737 
01-01 08:09:35.910785  2363  2473 E HAL     : SLCODE-hw_module_exists HAL_LIBRARY_PATH1=/system/lib64/hw, name=gralloc, subname=MT6737 
01-01 08:09:35.910816  2363  2473 E HAL     : SLCODE-hw_module_exists return ENOENT 
01-01 08:09:35.910845  2363  2473 E HAL     : SLCODE-hw_module_exists HAL_LIBRARY_PATH2=/vendor/lib64/hw, name=gralloc, subname=mt6737t 
01-01 08:09:35.910886  2363  2473 E HAL     : SLCODE-hw_module_exists HAL_LIBRARY_PATH1=/system/lib64/hw, name=gralloc, subname=mt6737t 
01-01 08:09:35.910921  2363  2473 E HAL     : SLCODE-loaded HAL id=gralloc path=/system/lib64/hw/gralloc.mt6737t.so 
01-01 08:09:35.911425  2363  2473 I [MALI][Gralloc]: [-]r_hnd(0x7f86e1f520), client(30), share_fd(36)
01-01 08:09:35.911607  2363  2473 D GraphicBuffer: unregister, handle(0x7f86e1f3e0) (w:720 h:1280 s:720 f:0x1 u:0x000b00)
01-01 08:09:35.911642  2363  2473 E HAL     : SLCODE-loaded class_id=gralloc 
01-01 08:09:35.911665  2363  2473 E HAL     : SLCODE-loaded name=gralloc 
01-01 08:09:35.911689  2363  2473 E HAL     : SLCODE-loaded prop_name=ro.hardware.gralloc 
01-01 08:09:35.911713  2363  2473 E HAL     : SLCODE-loaded for circle execute 
01-01 08:09:35.911757  2363  2473 E HAL     : SLCODE-hw_module_exists HAL_LIBRARY_PATH2=/vendor/lib64/hw, name=gralloc, subname=mt6735 
01-01 08:09:35.911882  2363  2473 E HAL     : SLCODE-hw_module_exists HAL_LIBRARY_PATH1=/system/lib64/hw, name=gralloc, subname=mt6735 
