01-01 08:09:26.626552  4633  4650 E HAL     : SLCODE-loaded name=gralloc 
01-01 08:09:26.626578  4633  4650 E HAL     : SLCODE-loaded prop_name=ro.hardware.gralloc 
01-01 08:09:26.626606  4633  4650 E HAL     : SLCODE-loaded for circle execute 
01-01 08:09:26.626634  4633  4650 E HAL     : SLCODE-hw_module_exists HAL_LIBRARY_PATH2=/vendor/lib64/hw, name=gralloc, subname=mt6735 
01-01 08:09:26.626692  4633  4650 E HAL     : SLCODE-hw_module_exists HAL_LIBRARY_PATH1=/system/lib64/hw, name=gralloc, subname=mt6735 
01-01 08:09:26.626727  4633  4650 E HAL     : SLCODE-hw_module_exists return ENOENT 
01-01 08:09:26.626755  4633  4650 E HAL     : SLCODE-hw_module_exists HAL_LIBRARY_PATH2=/vendor/lib64/hw, name=gralloc, subname=MT6737 
01-01 08:09:26.626796  4633  4650 E HAL     : SLCODE-hw_module_exists HAL_LIBRARY_PATH1=/system/lib64/hw, name=gralloc, subname=MT6737 
01-01 08:09:26.626827  4633  4650 E HAL     : SLCODE-hw_module_exists return ENOENT 
01-01 08:09:26.626856  4633  4650 E HAL     : SLCODE-hw_module_exists HAL_LIBRARY_PATH2=/vendor/lib64/hw, name=gralloc, subname=mt6737t 
01-01 08:09:26.626894  4633  4650 E HAL     : SLCODE-hw_module_exists HAL_LIBRARY_PATH1=/system/lib64/hw, name=gralloc, subname=mt6737t 
01-01 08:09:26.626927  4633  4650 E HAL     : SLCODE-loaded HAL id=gralloc path=/system/lib64/hw/gralloc.mt6737t.so 
01-01 08:09:26.657432   877   898 E Netdiag : commandlistening unlock exit
01-01 08:09:26.864838  4633  4671 E MTKLogger/LogInstance: Connection retry
01-01 08:09:27.065367  4633  4671 E MTKLogger/LogInstance: Connection retry
01-01 08:09:27.218863  4633  4650 E HAL     : SLCODE-loaded class_id=gralloc 
01-01 08:09:27.218912  4633  4650 E HAL     : SLCODE-loaded name=gralloc 
01-01 08:09:27.218938  4633  4650 E HAL     : SLCODE-loaded prop_name=ro.hardware.gralloc 
01-01 08:09:27.218964  4633  4650 E HAL     : SLCODE-loaded for circle execute 
01-01 08:09:27.218993  4633  4650 E HAL     : SLCODE-hw_module_exists HAL_LIBRARY_PATH2=/vendor/lib64/hw, name=gralloc, subname=mt6735 
01-01 08:09:27.219075  4633  4650 E HAL     : SLCODE-hw_module_exists HAL_LIBRARY_PATH1=/system/lib64/hw, name=gralloc, subname=mt6735 
01-01 08:09:27.219112  4633  4650 E HAL     : SLCODE-hw_module_exists return ENOENT 
01-01 08:09:27.219143  4633  4650 E HAL     : SLCODE-hw_module_exists HAL_LIBRARY_PATH2=/vendor/lib64/hw, name=gralloc, subname=MT6737 
01-01 08:09:27.219183  4633  4650 E HAL     : SLCODE-hw_module_exists HAL_LIBRARY_PATH1=/system/lib64/hw, name=gralloc, subname=MT6737 
01-01 08:09:27.219217  4633  4650 E HAL     : SLCODE-hw_module_exists return ENOENT 
01-01 08:09:27.219246  4633  4650 E HAL     : SLCODE-hw_module_exists HAL_LIBRARY_PATH2=/vendor/lib64/hw, name=gralloc, subname=mt6737t 
01-01 08:09:27.219291  4633  4650 E HAL     : SLCODE-hw_module_exists HAL_LIBRARY_PATH1=/system/lib64/hw, name=gralloc, subname=mt6737t 
01-01 08:09:27.219327  4633  4650 E HAL     : SLCODE-loaded HAL id=gralloc path=/system/lib64/hw/gralloc.mt6737t.so 
01-01 08:09:27.262678  4633  4650 E HAL     : SLCODE-loaded class_id=gralloc 
01-01 08:09:27.262731  4633  4650 E HAL     : SLCODE-loaded name=gralloc 
01-01 08:09:27.262760  4633  4650 E HAL     : SLCODE-loaded prop_name=ro.hardware.gralloc 
01-01 08:09:27.262786  4633  4650 E HAL     : SLCODE-loaded for circle execute 
01-01 08:09:27.262814  4633  4650 E HAL     : SLCODE-hw_module_exists HAL_LIBRARY_PATH2=/vendor/lib64/hw, name=gralloc, subname=mt6735 
01-01 08:09:27.262919  4633  4650 E HAL     : SLCODE-hw_module_exists HAL_LIBRARY_PATH1=/system/lib64/hw, name=gralloc, subname=mt6735 
01-01 08:09:27.262960  4633  4650 E HAL     : SLCODE-hw_module_exists return ENOENT 
01-01 08:09:27.262995  4633  4650 E HAL     : SLCODE-hw_module_exists HAL_LIBRARY_PATH2=/vendor/lib64/hw, name=gralloc, subname=MT6737 
01-01 08:09:27.263039  4633  4650 E HAL     : SLCODE-hw_module_exists HAL_LIBRARY_PATH1=/system/lib64/hw, name=gralloc, subname=MT6737 
01-01 08:09:27.263074  4633  4650 E HAL     : SLCODE-hw_module_exists return ENOENT 
01-01 08:09:27.263104  4633  4650 E HAL     : SLCODE-hw_module_exists HAL_LIBRARY_PATH2=/vendor/lib64/hw, name=gralloc, subname=mt6737t 
01-01 08:09:27.263143  4633  4650 E HAL     : SLCODE-hw_module_exists HAL_LIBRARY_PATH1=/system/lib64/hw, name=gralloc, subname=mt6737t 
01-01 08:09:27.263179  4633  4650 E HAL     : SLCODE-loaded HAL id=gralloc path=/system/lib64/hw/gralloc.mt6737t.so 
01-01 08:09:27.263540  4633  4650 E HAL     : SLCODE-loaded class_id=gralloc 
01-01 08:09:27.263568  4633  4650 E HAL     : SLCODE-loaded name=gralloc 
01-01 08:09:27.263591  4633  4650 E HAL     : SLCODE-loaded prop_name=ro.hardware.gralloc 
01-01 08:09:27.263616  4633  4650 E HAL     : SLCODE-loaded for circle execute 
01-01 08:09:27.263643  4633  4650 E HAL     : SLCODE-hw_module_exists HAL_LIBRARY_PATH2=/vendor/lib64/hw, name=gralloc, subname=mt6735 
01-01 08:09:27.263687  4633  4650 E HAL     : SLCODE-hw_module_exists HAL_LIBRARY_PATH1=/system/lib64/hw, name=gralloc, subname=mt6735 
01-01 08:09:27.263720  4633  4650 E HAL     : SLCODE-hw_module_exists return ENOENT 
01-01 08:09:27.263750  4633  4650 E HAL     : SLCODE-hw_module_exists HAL_LIBRARY_PATH2=/vendor/lib64/hw, name=gralloc, subname=MT6737 
01-01 08:09:27.263790  4633  4650 E HAL     : SLCODE-hw_module_exists HAL_LIBRARY_PATH1=/system/lib64/hw, name=gralloc, subname=MT6737 
01-01 08:09:27.263822  4633  4650 E HAL     : SLCODE-hw_module_exists return ENOENT 
01-01 08:09:27.263852  4633  4650 E HAL     : SLCODE-hw_module_exists HAL_LIBRARY_PATH2=/vendor/lib64/hw, name=gralloc, subname=mt6737t 
01-01 08:09:27.263893  4633  4650 E HAL     : SLCODE-hw_module_exists HAL_LIBRARY_PATH1=/system/lib64/hw, name=gralloc, subname=mt6737t 
01-01 08:09:27.263926  4633  4650 E HAL     : SLCODE-loaded HAL id=gralloc path=/system/lib64/hw/gralloc.mt6737t.so 
01-01 08:09:27.265928  4633  4671 E MTKLogger/LogInstance: Connection retry
01-01 08:09:27.270299  4633  4650 E HAL     : SLCODE-loaded class_id=gralloc 
01-01 08:09:27.270351  4633  4650 E HAL     : SLCODE-loaded name=gralloc 
01-01 08:09:27.270376  4633  4650 E HAL     : SLCODE-loaded prop_name=ro.hardware.gralloc 
01-01 08:09:27.270402  4633  4650 E HAL     : SLCODE-loaded for circle execute 
01-01 08:09:27.270431  4633  4650 E HAL     : SLCODE-hw_module_exists HAL_LIBRARY_PATH2=/vendor/lib64/hw, name=gralloc, subname=mt6735 
01-01 08:09:27.270499  4633  4650 E HAL     : SLCODE-hw_module_exists HAL_LIBRARY_PATH1=/system/lib64/hw, name=gralloc, subname=mt6735 
01-01 08:09:27.270535  4633  4650 E HAL     : SLCODE-hw_module_exists return ENOENT 
01-01 08:09:27.270565  4633  4650 E HAL     : SLCODE-hw_module_exists HAL_LIBRARY_PATH2=/vendor/lib64/hw, name=gralloc, subname=MT6737 
01-01 08:09:27.270605  4633  4650 E HAL     : SLCODE-hw_module_exists HAL_LIBRARY_PATH1=/system/lib64/hw, name=gralloc, subname=MT6737 
01-01 08:09:27.270637  4633  4650 E HAL     : SLCODE-hw_module_exists return ENOENT 
01-01 08:09:27.270668  4633  4650 E HAL     : SLCODE-hw_module_exists HAL_LIBRARY_PATH2=/vendor/lib64/hw, name=gralloc, subname=mt6737t 
01-01 08:09:27.270709  4633  4650 E HAL     : SLCODE-hw_module_exists HAL_LIBRARY_PATH1=/system/lib64/hw, name=gralloc, subname=mt6737t 
01-01 08:09:27.270744  4633  4650 E HAL     : SLCODE-loaded HAL id=gralloc path=/system/lib64/hw/gralloc.mt6737t.so 
01-01 08:09:27.278496  4633  4650 E HAL     : SLCODE-loaded class_id=gralloc 
01-01 08:09:27.278558  4633  4650 E HAL     : SLCODE-loaded name=gralloc 
01-01 08:09:27.278584  4633  4650 E HAL     : SLCODE-loaded prop_name=ro.hardware.gralloc 
01-01 08:09:27.278608  4633  4650 E HAL     : SLCODE-loaded for circle execute 
01-01 08:09:27.278639  4633  4650 E HAL     : SLCODE-hw_module_exists HAL_LIBRARY_PATH2=/vendor/lib64/hw, name=gralloc, subname=mt6735 
01-01 08:09:27.278712  4633  4650 E HAL     : SLCODE-hw_module_exists HAL_LIBRARY_PATH1=/system/lib64/hw, name=gralloc, subname=mt6735 
01-01 08:09:27.278746  4633  4650 E HAL     : SLCODE-hw_module_exists return ENOENT 
01-01 08:09:27.278780  4633  4650 E HAL     : SLCODE-hw_module_exists HAL_LIBRARY_PATH2=/vendor/lib64/hw, name=gralloc, subname=MT6737 
01-01 08:09:27.278820  4633  4650 E HAL     : SLCODE-hw_module_exists HAL_LIBRARY_PATH1=/system/lib64/hw, name=gralloc, subname=MT6737 
01-01 08:09:27.278854  4633  4650 E HAL     : SLCODE-hw_module_exists return ENOENT 
01-01 08:09:27.278885  4633  4650 E HAL     : SLCODE-hw_module_exists HAL_LIBRARY_PATH2=/vendor/lib64/hw, name=gralloc, subname=mt6737t 
01-01 08:09:27.278927  4633  4650 E HAL     : SLCODE-hw_module_exists HAL_LIBRARY_PATH1=/system/lib64/hw, name=gralloc, subname=mt6737t 
01-01 08:09:27.278963  4633  4650 E HAL     : SLCODE-loaded HAL id=gralloc path=/system/lib64/hw/gralloc.mt6737t.so 
01-01 08:09:27.301029  4633  4650 E HAL     : SLCODE-loaded class_id=gralloc 
01-01 08:09:27.301082  4633  4650 E HAL     : SLCODE-loaded name=gralloc 
01-01 08:09:27.301108  4633  4650 E HAL     : SLCODE-loaded prop_name=ro.hardware.gralloc 
01-01 08:09:27.301135  4633  4650 E HAL     : SLCODE-loaded for circle execute 
01-01 08:09:27.301166  4633  4650 E HAL     : SLCODE-hw_module_exists HAL_LIBRARY_PATH2=/vendor/lib64/hw, name=gralloc, subname=mt6735 
01-01 08:09:27.301235  4633  4650 E HAL     : SLCODE-hw_module_exists HAL_LIBRARY_PATH1=/system/lib64/hw, name=gralloc, subname=mt6735 
01-01 08:09:27.301271  4633  4650 E HAL     : SLCODE-hw_module_exists return ENOENT 
01-01 08:09:27.301302  4633  4650 E HAL     : SLCODE-hw_module_exists HAL_LIBRARY_PATH2=/vendor/lib64/hw, name=gralloc, subname=MT6737 
01-01 08:09:27.301347  4633  4650 E HAL     : SLCODE-hw_module_exists HAL_LIBRARY_PATH1=/system/lib64/hw, name=gralloc, subname=MT6737 
01-01 08:09:27.301381  4633  4650 E HAL     : SLCODE-hw_module_exists return ENOENT 
01-01 08:09:27.301413  4633  4650 E HAL     : SLCODE-hw_module_exists HAL_LIBRARY_PATH2=/vendor/lib64/hw, name=gralloc, subname=mt6737t 
01-01 08:09:27.301455  4633  4650 E HAL     : SLCODE-hw_module_exists HAL_LIBRARY_PATH1=/system/lib64/hw, name=gralloc, subname=mt6737t 
01-01 08:09:27.301491  4633  4650 E HAL     : SLCODE-loaded HAL id=gralloc path=/system/lib64/hw/gralloc.mt6737t.so 
01-01 08:09:27.322287  4633  4650 E HAL     : SLCODE-loaded class_id=gralloc 
01-01 08:09:27.322363  4633  4650 E HAL     : SLCODE-loaded name=gralloc 
01-01 08:09:27.322391  4633  4650 E HAL     : SLCODE-loaded prop_name=ro.hardware.gralloc 
01-01 08:09:27.322423  4633  4650 E HAL     : SLCODE-loaded for circle execute 
01-01 08:09:27.322454  4633  4650 E HAL     : SLCODE-hw_module_exists HAL_LIBRARY_PATH2=/vendor/lib64/hw, name=gralloc, subname=mt6735 
01-01 08:09:27.322536  4633  4650 E HAL     : SLCODE-hw_module_exists HAL_LIBRARY_PATH1=/system/lib64/hw, name=gralloc, subname=mt6735 
01-01 08:09:27.322574  4633  4650 E HAL     : SLCODE-hw_module_exists return ENOENT 
01-01 08:09:27.322617  4633  4650 E HAL     : SLCODE-hw_module_exists HAL_LIBRARY_PATH2=/vendor/lib64/hw, name=gralloc, subname=MT6737 
01-01 08:09:27.322659  4633  4650 E HAL     : SLCODE-hw_module_exists HAL_LIBRARY_PATH1=/system/lib64/hw, name=gralloc, subname=MT6737 
01-01 08:09:27.322693  4633  4650 E HAL     : SLCODE-hw_module_exists return ENOENT 
01-01 08:09:27.322723  4633  4650 E HAL     : SLCODE-hw_module_exists HAL_LIBRARY_PATH2=/vendor/lib64/hw, name=gralloc, subname=mt6737t 
01-01 08:09:27.322764  4633  4650 E HAL     : SLCODE-hw_module_exists HAL_LIBRARY_PATH1=/system/lib64/hw, name=gralloc, subname=mt6737t 
01-01 08:09:27.322805  4633  4650 E HAL     : SLCODE-loaded HAL id=gralloc path=/system/lib64/hw/gralloc.mt6737t.so 
01-01 08:09:27.389485  1456  1512 E HAL     : SLCODE-loaded class_id=gralloc 
01-01 08:09:27.389565  1456  1512 E HAL     : SLCODE-loaded name=gralloc 
01-01 08:09:27.389599  1456  1512 E HAL     : SLCODE-loaded prop_name=ro.hardware.gralloc 
01-01 08:09:27.389628  1456  1512 E HAL     : SLCODE-loaded for circle execute 
01-01 08:09:27.389659  1456  1512 E HAL     : SLCODE-hw_module_exists HAL_LIBRARY_PATH2=/vendor/lib64/hw, name=gralloc, subname=mt6735 
01-01 08:09:27.389728  1456  1512 E HAL     : SLCODE-hw_module_exists HAL_LIBRARY_PATH1=/system/lib64/hw, name=gralloc, subname=mt6735 
01-01 08:09:27.389767  1456  1512 E HAL     : SLCODE-hw_module_exists return ENOENT 
01-01 08:09:27.389803  1456  1512 E HAL     : SLCODE-hw_module_exists HAL_LIBRARY_PATH2=/vendor/lib64/hw, name=gralloc, subname=MT6737 
01-01 08:09:27.389848  1456  1512 E HAL     : SLCODE-hw_module_exists HAL_LIBRARY_PATH1=/system/lib64/hw, name=gralloc, subname=MT6737 
01-01 08:09:27.389885  1456  1512 E HAL     : SLCODE-hw_module_exists return ENOENT 
01-01 08:09:27.389918  1456  1512 E HAL     : SLCODE-hw_module_exists HAL_LIBRARY_PATH2=/vendor/lib64/hw, name=gralloc, subname=mt6737t 
01-01 08:09:27.389962  1456  1512 E HAL     : SLCODE-hw_module_exists HAL_LIBRARY_PATH1=/system/lib64/hw, name=gralloc, subname=mt6737t 
01-01 08:09:27.390001  1456  1512 E HAL     : SLCODE-loaded HAL id=gralloc path=/system/lib64/hw/gralloc.mt6737t.so 
01-01 08:09:27.466614  4633  4671 E MTKLogger/LogInstance: Connection retry
01-01 08:09:27.667181  4633  4671 E MTKLogger/LogInstance: Connection retry
01-01 08:09:27.667365  4633  4671 E MTKLogger/MultiModemLog/ModemManager: Fail to init connection for modem [4]
01-01 08:09:27.868980  4633  4671 E MTKLogger/LogInstance: Connection retry
01-01 08:09:28.069936  4633  4671 E MTKLogger/LogInstance: Connection retry
01-01 08:09:28.271518  4633  4671 E MTKLogger/LogInstance: Connection retry
01-01 08:09:28.472858  4633  4671 E MTKLogger/LogInstance: Connection retry
01-01 08:09:28.674034  4633  4671 E MTKLogger/LogInstance: Connection retry
01-01 08:09:28.674178  4633  4671 E MTKLogger/MultiModemLog/ModemManager: Fail to init connection for modem [1]
01-01 08:09:28.875680  4633  4671 E MTKLogger/LogInstance: Connection retry
01-01 08:09:29.076990  4633  4671 E MTKLogger/LogInstance: Connection retry
01-01 08:09:29.124359  4633  4650 E HAL     : SLCODE-loaded class_id=gralloc 
01-01 08:09:29.124446  4633  4650 E HAL     : SLCODE-loaded name=gralloc 
01-01 08:09:29.124486  4633  4650 E HAL     : SLCODE-loaded prop_name=ro.hardware.gralloc 
01-01 08:09:29.124525  4633  4650 E HAL     : SLCODE-loaded for circle execute 
01-01 08:09:29.124569  4633  4650 E HAL     : SLCODE-hw_module_exists HAL_LIBRARY_PATH2=/vendor/lib64/hw, name=gralloc, subname=mt6735 
01-01 08:09:29.124672  4633  4650 E HAL     : SLCODE-hw_module_exists HAL_LIBRARY_PATH1=/system/lib64/hw, name=gralloc, subname=mt6735 
01-01 08:09:29.124726  4633  4650 E HAL     : SLCODE-hw_module_exists return ENOENT 
01-01 08:09:29.124774  4633  4650 E HAL     : SLCODE-hw_module_exists HAL_LIBRARY_PATH2=/vendor/lib64/hw, name=gralloc, subname=MT6737 
01-01 08:09:29.124843  4633  4650 E HAL     : SLCODE-hw_module_exists HAL_LIBRARY_PATH1=/system/lib64/hw, name=gralloc, subname=MT6737 
01-01 08:09:29.124896  4633  4650 E HAL     : SLCODE-hw_module_exists return ENOENT 
01-01 08:09:29.124943  4633  4650 E HAL     : SLCODE-hw_module_exists HAL_LIBRARY_PATH2=/vendor/lib64/hw, name=gralloc, subname=mt6737t 
01-01 08:09:29.125005  4633  4650 E HAL     : SLCODE-hw_module_exists HAL_LIBRARY_PATH1=/system/lib64/hw, name=gralloc, subname=mt6737t 
01-01 08:09:29.125058  4633  4650 E HAL     : SLCODE-loaded HAL id=gralloc path=/system/lib64/hw/gralloc.mt6737t.so 
01-01 08:09:29.277646  4633  4671 E MTKLogger/LogInstance: Connection retry
01-01 08:09:29.322249  4633  4650 E HAL     : SLCODE-loaded class_id=gralloc 
01-01 08:09:29.322366  4633  4650 E HAL     : SLCODE-loaded name=gralloc 
01-01 08:09:29.322414  4633  4650 E HAL     : SLCODE-loaded prop_name=ro.hardware.gralloc 
01-01 08:09:29.322454  4633  4650 E HAL     : SLCODE-loaded for circle execute 
01-01 08:09:29.322503  4633  4650 E HAL     : SLCODE-hw_module_exists HAL_LIBRARY_PATH2=/vendor/lib64/hw, name=gralloc, subname=mt6735 
01-01 08:09:29.322595  4633  4650 E HAL     : SLCODE-hw_module_exists HAL_LIBRARY_PATH1=/system/lib64/hw, name=gralloc, subname=mt6735 
01-01 08:09:29.322653  4633  4650 E HAL     : SLCODE-hw_module_exists return ENOENT 
01-01 08:09:29.322698  4633  4650 E HAL     : SLCODE-hw_module_exists HAL_LIBRARY_PATH2=/vendor/lib64/hw, name=gralloc, subname=MT6737 
01-01 08:09:29.322778  4633  4650 E HAL     : SLCODE-hw_module_exists HAL_LIBRARY_PATH1=/system/lib64/hw, name=gralloc, subname=MT6737 
01-01 08:09:29.322828  4633  4650 E HAL     : SLCODE-hw_module_exists return ENOENT 
01-01 08:09:29.322871  4633  4650 E HAL     : SLCODE-hw_module_exists HAL_LIBRARY_PATH2=/vendor/lib64/hw, name=gralloc, subname=mt6737t 
01-01 08:09:29.322943  4633  4650 E HAL     : SLCODE-hw_module_exists HAL_LIBRARY_PATH1=/system/lib64/hw, name=gralloc, subname=mt6737t 
01-01 08:09:29.322997  4633  4650 E HAL     : SLCODE-loaded HAL id=gralloc path=/system/lib64/hw/gralloc.mt6737t.so 
01-01 08:09:29.339711  4633  4650 E HAL     : SLCODE-loaded class_id=gralloc 
01-01 08:09:29.339799  4633  4650 E HAL     : SLCODE-loaded name=gralloc 
01-01 08:09:29.339843  4633  4650 E HAL     : SLCODE-loaded prop_name=ro.hardware.gralloc 
01-01 08:09:29.339891  4633  4650 E HAL     : SLCODE-loaded for circle execute 
01-01 08:09:29.339938  4633  4650 E HAL     : SLCODE-hw_module_exists HAL_LIBRARY_PATH2=/vendor/lib64/hw, name=gralloc, subname=mt6735 
01-01 08:09:29.340043  4633  4650 E HAL     : SLCODE-hw_module_exists HAL_LIBRARY_PATH1=/system/lib64/hw, name=gralloc, subname=mt6735 
01-01 08:09:29.340101  4633  4650 E HAL     : SLCODE-hw_module_exists return ENOENT 
01-01 08:09:29.340226  4633  4650 E HAL     : SLCODE-hw_module_exists HAL_LIBRARY_PATH2=/vendor/lib64/hw, name=gralloc, subname=MT6737 
01-01 08:09:29.340295  4633  4650 E HAL     : SLCODE-hw_module_exists HAL_LIBRARY_PATH1=/system/lib64/hw, name=gralloc, subname=MT6737 
01-01 08:09:29.340347  4633  4650 E HAL     : SLCODE-hw_module_exists return ENOENT 
01-01 08:09:29.340392  4633  4650 E HAL     : SLCODE-hw_module_exists HAL_LIBRARY_PATH2=/vendor/lib64/hw, name=gralloc, subname=mt6737t 
01-01 08:09:29.340455  4633  4650 E HAL     : SLCODE-hw_module_exists HAL_LIBRARY_PATH1=/system/lib64/hw, name=gralloc, subname=mt6737t 
01-01 08:09:29.340512  4633  4650 E HAL     : SLCODE-loaded HAL id=gralloc path=/system/lib64/hw/gralloc.mt6737t.so 
01-01 08:09:29.349292  4633  4650 E HAL     : SLCODE-loaded class_id=gralloc 
01-01 08:09:29.349516  4633  4650 E HAL     : SLCODE-loaded name=gralloc 
01-01 08:09:29.349571  4633  4650 E HAL     : SLCODE-loaded prop_name=ro.hardware.gralloc 
01-01 08:09:29.349637  4633  4650 E HAL     : SLCODE-loaded for circle execute 
01-01 08:09:29.349683  4633  4650 E HAL     : SLCODE-hw_module_exists HAL_LIBRARY_PATH2=/vendor/lib64/hw, name=gralloc, subname=mt6735 
01-01 08:09:29.349789  4633  4650 E HAL     : SLCODE-hw_module_exists HAL_LIBRARY_PATH1=/system/lib64/hw, name=gralloc, subname=mt6735 
01-01 08:09:29.349840  4633  4650 E HAL     : SLCODE-hw_module_exists return ENOENT 
01-01 08:09:29.349889  4633  4650 E HAL     : SLCODE-hw_module_exists HAL_LIBRARY_PATH2=/vendor/lib64/hw, name=gralloc, subname=MT6737 
01-01 08:09:29.349954  4633  4650 E HAL     : SLCODE-hw_module_exists HAL_LIBRARY_PATH1=/system/lib64/hw, name=gralloc, subname=MT6737 
01-01 08:09:29.350006  4633  4650 E HAL     : SLCODE-hw_module_exists return ENOENT 
01-01 08:09:29.350050  4633  4650 E HAL     : SLCODE-hw_module_exists HAL_LIBRARY_PATH2=/vendor/lib64/hw, name=gralloc, subname=mt6737t 
01-01 08:09:29.350282  4633  4650 E HAL     : SLCODE-hw_module_exists HAL_LIBRARY_PATH1=/system/lib64/hw, name=gralloc, subname=mt6737t 
01-01 08:09:29.350357  4633  4650 E HAL     : SLCODE-loaded HAL id=gralloc path=/system/lib64/hw/gralloc.mt6737t.so 
01-01 08:09:29.478410  4633  4671 E MTKLogger/LogInstance: Connection retry
01-01 08:09:29.545441   876  4686 E MobileLogD/size: open /data/misc/mblog/inter_sd_folder faild No such file or directory
01-01 08:09:29.550955   876  4686 E MobileLogD/new: open tagmap done
01-01 08:09:29.565639   876  4686 E MobileLogD/new: open /dev/scp fail(No such file or directory)
01-01 08:09:29.598319  4633  4650 E HAL     : SLCODE-loaded class_id=gralloc 
01-01 08:09:29.598386  4633  4650 E HAL     : SLCODE-loaded name=gralloc 
01-01 08:09:29.598418  4633  4650 E HAL     : SLCODE-loaded prop_name=ro.hardware.gralloc 
01-01 08:09:29.598449  4633  4650 E HAL     : SLCODE-loaded for circle execute 
01-01 08:09:29.598484  4633  4650 E HAL     : SLCODE-hw_module_exists HAL_LIBRARY_PATH2=/vendor/lib64/hw, name=gralloc, subname=mt6735 
01-01 08:09:29.598568  4633  4650 E HAL     : SLCODE-hw_module_exists HAL_LIBRARY_PATH1=/system/lib64/hw, name=gralloc, subname=mt6735 
01-01 08:09:29.598612  4633  4650 E HAL     : SLCODE-hw_module_exists return ENOENT 
01-01 08:09:29.598659  4633  4650 E HAL     : SLCODE-hw_module_exists HAL_LIBRARY_PATH2=/vendor/lib64/hw, name=gralloc, subname=MT6737 
01-01 08:09:29.598715  4633  4650 E HAL     : SLCODE-hw_module_exists HAL_LIBRARY_PATH1=/system/lib64/hw, name=gralloc, subname=MT6737 
01-01 08:09:29.598756  4633  4650 E HAL     : SLCODE-hw_module_exists return ENOENT 
01-01 08:09:29.598797  4633  4650 E HAL     : SLCODE-hw_module_exists HAL_LIBRARY_PATH2=/vendor/lib64/hw, name=gralloc, subname=mt6737t 
01-01 08:09:29.598856  4633  4650 E HAL     : SLCODE-hw_module_exists HAL_LIBRARY_PATH1=/system/lib64/hw, name=gralloc, subname=mt6737t 
01-01 08:09:29.598900  4633  4650 E HAL     : SLCODE-loaded HAL id=gralloc path=/system/lib64/hw/gralloc.mt6737t.so 
01-01 08:09:29.679173  4633  4671 E MTKLogger/LogInstance: Connection retry
01-01 08:09:29.679373  4633  4671 E MTKLogger/MultiModemLog/ModemManager: Fail to init connection for modem [2]
01-01 08:09:29.699486  1095  1100 E EMDLOGGER1: executeCommand: Wait g_pLogWriterRegister become true.
01-01 08:09:29.728632  4633  4692 E MTKLogger/Utils: Fail to get detail log path string for type: external_sd, return empty to avoid NullPointerException.
01-01 08:09:29.830456   877   898 E Netdiag : select out for fd=6,i=0  
01-01 08:09:29.830524   877   898 E Netdiag : commandlistening handle_message
01-01 08:09:29.830611   877   898 E Netdiag : commandlistening buffer set_storage_path,/storage/emulated/0
01-01 08:09:29.830640   877   898 E Netdiag : FD_CLR fd=6,index i:0
01-01 08:09:29.830666   877   898 E Netdiag : commandlistening unlock exit
01-01 08:09:29.841278   877   898 E Netdiag : select out for fd=6,i=0  
01-01 08:09:29.841331   877   898 E Netdiag : commandlistening handle_message
01-01 08:09:29.841376   877   898 E Netdiag : commandlistening buffer tcpdump_sdcard_start_400
01-01 08:09:29.841399   877   898 E Netdiag : COMMAND = tcpdump
01-01 08:09:29.841422   877   898 E Netdiag : location = sdcard
01-01 08:09:29.841444   877   898 E Netdiag : action = start
01-01 08:09:29.841466   877   898 E Netdiag : log size= 400
01-01 08:09:29.841504   877   898 E Netdiag : Tcpdump STARTING
01-01 08:09:29.844766   877   898 E Netdiag : FD_CLR fd=6,index i:0
01-01 08:09:29.844838   877   898 E Netdiag : commandlistening unlock exit
01-01 08:09:29.860346  4694  4694 E Netdiag : Directly call tcpdump in system begin, uid=2000, errno=2, retry_num=0
01-01 08:09:30.213507   871   871 D AEE/AED : p 1 poll events 1 revents 0
01-01 08:09:30.213557   871   871 D AEE/AED : not know revents:0
01-01 08:09:30.213581   871   871 D AEE/AED : p 2 poll events 1 revents 0
01-01 08:09:30.213601   871   871 D AEE/AED : not know revents:0
01-01 08:09:30.213622   871   871 D AEE/AED : p 3 poll events 1 revents 0
01-01 08:09:30.213642   871   871 D AEE/AED : not know revents:0
01-01 08:09:30.213671   871   871 V AEE/AED : No exception handling or backtrace dumping now, aed quit 
01-01 08:09:30.215243  4702  4702 D AEE/RTT_LIB: Rtt send 64 req done
01-01 08:09:30.219178   876  4686 I MobileLogD/config: thread 4686 comes
01-01 08:09:30.220076   876  4686 I MobileLogD/config: thread 4686 ends
01-01 08:09:30.220203   876  4686 D MobileLogD/lib: write deep_start,1 to client 7 
01-01 08:09:30.220243   876  4686 D MobileLogD/lib: write to client over
01-01 08:09:30.221719  4633  4670 V MTKLogger/LogConnection: Response from native byte size=12
01-01 08:09:30.221819  4633  4670 I MTKLogger/MobileLog: -->dealWithResponse(), resp=deep_start,1
01-01 08:09:30.226533  4633  4669 I MTKLogger/MobileLog: Handle receive message, what=25
01-01 08:09:30.226911  4633  4669 D MTKLogger/MobileLog: Got an update event, new state = 1, reason=null, oldState=0
01-01 08:09:30.227159  4633  4669 I MTKLogger/MobileLog: -->notifyServiceStatus(), status=1,  reason=[]
01-01 08:09:30.243464  4633  4669 D MTKLogger/LogInstance: -->updateStatusBar(), logType=1, titleRes=2131296258, enable=true
01-01 08:09:30.243572  4633  4669 W MTKLogger/LogInstance: Too frequent status bar update request, slow down.
01-01 08:09:30.244349   876  4687 I MobileLogD/dupm: dump /proc/last_kmsg
01-01 08:09:30.250971  4705  4705 I AEE/AED : Built Mar 21 2016 10:08:19
01-01 08:09:30.252321  4705  4705 I AEE/AED : debuggerd chip_security_check pass! 
01-01 08:09:30.252604  4705  4705 D AEE/AED : [main]: kernel version: 3.18
01-01 08:09:30.252649  4705  4705 D AEE/AED : [main][normal] platform MT6737T
01-01 08:09:30.253093  4705  4705 I AEE/AED : socket server: android:debuggerd
01-01 08:09:30.253988  4705  4705 D AEE/AED : ChangeAEEWorkMode: 3
01-01 08:09:30.256649  4705  4705 D AEE/AED : aed_update_db_count: 3
01-01 08:09:30.256825  4705  4705 I AEE/AED : AED config
01-01 08:09:30.256825  4705  4705 I AEE/AED :   mode '3'
01-01 08:09:30.256825  4705  4705 I AEE/AED :   exp level '1
01-01 08:09:30.256825  4705  4705 I AEE/AED :   dal enable '0'
01-01 08:09:30.256825  4705  4705 I AEE/AED :   db count '12'
01-01 08:09:30.256825  4705  4705 I AEE/AED :   fatal db count '8'
01-01 08:09:30.256825  4705  4705 I AEE/AED :  db storage '0'
01-01 08:09:30.256851  4705  4705 I AEE/AED : SMP Info => 1
01-01 08:09:30.257611  4633  4706 D MTKLogger/MTKLoggerService:  mNativeStateHandler receive message, what=1, arg1=1, arg2=1
01-01 08:09:30.257710  4633  4706 D MTKLogger/MTKLoggerService: -->handleLogStateChangeMsg(), mCachedStartStopCmd = 19
01-01 08:09:30.257771  4633  4706 D MTKLogger/MTKLoggerService:  MSG_LOG_STATE_CHANGED, logType=1, result=1, reason=[]
01-01 08:09:30.257822  4633  4706 D MTKLogger/MTKLoggerService: Still waiting start/stop command response, mark it as finished.
01-01 08:09:30.268861  4633  4641 I System  : FinalizerDaemon: finalize objects = 1313
01-01 08:09:30.271391  4633  4650 D OpenGLRenderer: ~CanvasContext() 0x7f95039800
01-01 08:09:30.275875  4704  4704 I AEE/AED : Built Mar 21 2016 10:08:01
01-01 08:09:30.276365  4704  4704 I AEE/AED : debuggerd chip_security_check pass! 
01-01 08:09:30.276487  4704  4704 D AEE/AED : [main]: kernel version: 3.18
01-01 08:09:30.276514  4704  4704 D AEE/AED : [main][normal] platform MT6737T
01-01 08:09:30.276667  4704  4704 I AEE/AED : socket server: android:debuggerd32
01-01 08:09:30.276929  4704  4704 D AEE/AED : ChangeAEEWorkMode: 3
01-01 08:09:30.280432  4704  4704 D AEE/AED : aed_update_db_count: 3
01-01 08:09:30.280556  4704  4704 I AEE/AED : AED config
01-01 08:09:30.280556  4704  4704 I AEE/AED :   mode '3'
01-01 08:09:30.280556  4704  4704 I AEE/AED :   exp level '1
01-01 08:09:30.280556  4704  4704 I AEE/AED :   dal enable '0'
01-01 08:09:30.280556  4704  4704 I AEE/AED :   db count '12'
01-01 08:09:30.280556  4704  4704 I AEE/AED :   fatal db count '8'
01-01 08:09:30.280556  4704  4704 I AEE/AED :  db storage '0'
01-01 08:09:30.280584  4704  4704 I AEE/AED : SMP Info => 1
01-01 08:09:30.280661  4704  4704 D AEE/RTT_LIB: aee_exception_running_64: send req to debuggerd64
01-01 08:09:30.280858  4704  4704 D AEE/RTT_LIB: Rtt waiting 64_daemon finish the job...
01-01 08:09:30.280889  4705  4705 D AEE/AED : $===AEE===AEE===AEE===$
01-01 08:09:30.280934  4705  4705 D AEE/AED : p 0 poll events 1 revents 1
01-01 08:09:30.281035  4705  4705 D AEE/AED : requesting from: pid=4704 cmd=9
01-01 08:09:30.281063  4705  4705 D AEE/AED : Go RTT_AEE_GET_EXCEPTION_RUNNING
01-01 08:09:30.281137  4704  4704 D AEE/RTT_LIB: Rtt send 64 req done
01-01 08:09:30.281146  4705  4705 D AEE/AED : p 1 poll events 1 revents 0
01-01 08:09:30.281172  4705  4705 D AEE/AED : not know revents:0
01-01 08:09:30.281195  4705  4705 D AEE/AED : p 2 poll events 1 revents 0
01-01 08:09:30.281217  4705  4705 D AEE/AED : not know revents:0
01-01 08:09:30.281240  4705  4705 D AEE/AED : p 3 poll events 1 revents 0
01-01 08:09:30.281263  4705  4705 D AEE/AED : not know revents:0
01-01 08:09:30.281867  4704  4704 E AEE/LIBAEE: Can't remove file /sdcard/mtklog/aee_exp/temp: No such file or directory
01-01 08:09:30.281916  4704  4704 E AEE/LIBAEE: Can't remove file /data/aee_exp/temp: No such file or directory
01-01 08:09:30.281959  4704  4704 E AEE/LIBAEE: Can't remove file /storage/ext_sd/mtklog/aee_exp/temp: No such file or directory
01-01 08:09:30.304821  4704  4704 W AEE/AED : read_fstab: get fstab /fstab.mt6735
01-01 08:09:30.290000  4704  4704 W debuggerd: type=1400 audit(0.0:2266): avc: denied { ioctl } for path="/proc/lk_env" dev="proc" ino=4026533701 ioctlcmd=6501 scontext=u:r:debuggerd:s0 tcontext=u:object_r:proc_lk_env:s0 tclass=file permissive=0
01-01 08:09:30.305380  4704  4704 W AEE/AED : get_expdb_path: get expdb_path /dev/block/platform/mtk-msdc.0/11230000.msdc0/by-name/expdb
01-01 08:09:30.305525  4704  4704 I AEE/AED : ipanic_blk_open, expdb, 200 x 5000 = a00000
01-01 08:09:30.290000  4704  4704 W debuggerd: type=1400 audit(0.0:2267): avc: denied { ioctl } for path="/proc/lk_env" dev="proc" ino=4026533701 ioctlcmd=6501 scontext=u:r:debuggerd:s0 tcontext=u:object_r:proc_lk_env:s0 tclass=file permissive=0
01-01 08:09:30.305993  4704  4704 W AEE/AED : aed_reboot_session, no valid ipanic header, ignored
01-01 08:09:30.306045  4704  4704 I AEE/AED : aed_wait_decrypt done!, vold.decrypt:trigger_restart_framework
01-01 08:09:30.306165  4704  4704 V ETM     : open etb_get_nr fail! , default etb_nr is 1 , (2, No such file or directory)
01-01 08:09:30.306220  4704  4704 V ETM     : open etb_length fail! (2, No such file or directory)
01-01 08:09:30.306259  4704  4704 V ETM     : open etb_length fail! (2, No such file or directory)
01-01 08:09:30.306408  4704  4704 I AEE/AED : reboot_reason = 0
01-01 08:09:30.306441  4704  4704 W AEE/AED : read_fstab: get fstab /fstab.mt6735
01-01 08:09:30.306979  4704  4704 W AEE/AED : get_expdb_path: get expdb_path /dev/block/platform/mtk-msdc.0/11230000.msdc0/by-name/expdb
01-01 08:09:30.307127  4704  4704 I AEE/AED : ipanic_blk_open, expdb, 200 x 5000 = a00000
01-01 08:09:30.307629  4704  4704 D AEE/AED : version(aabbccdd)
01-01 08:09:30.307712  4704  4704 I AEE/AED : aed_wait_decrypt done!, vold.decrypt:trigger_restart_framework
01-01 08:09:30.307831  4704  4704 D AEE/AED : $===AEE===AEE===AEE===$
01-01 08:09:30.307864  4704  4704 D AEE/AED : p 0 poll events 1 revents 0
01-01 08:09:30.307887  4704  4704 D AEE/AED : not know revents:0
01-01 08:09:30.307912  4704  4704 D AEE/AED : p 1 poll events 1 revents 0
01-01 08:09:30.307933  4704  4704 D AEE/AED : not know revents:0
01-01 08:09:30.307956  4704  4704 D AEE/AED : p 2 poll events 1 revents 0
01-01 08:09:30.307978  4704  4704 D AEE/AED : not know revents:0
01-01 08:09:30.308000  4704  4704 D AEE/AED : p 3 poll events 1 revents 0
01-01 08:09:30.308020  4704  4704 D AEE/AED : not know revents:0
01-01 08:09:30.308041  4704  4704 D AEE/AED : p 4 poll events 1 revents 0
01-01 08:09:30.308061  4704  4704 D AEE/AED : not know revents:0
01-01 08:09:30.308083  4704  4704 D AEE/AED : p 5 poll events 1 revents 1
01-01 08:09:30.308114  4704  4704 D AEE/AED : aed_main_fork_worker: generator 0xf71060d8, worker 0xff990688, recv_fd 0
01-01 08:09:30.309500  4704  4704 D AEE/AED : aee handle:-1, cpu cores:4, online:4
01-01 08:09:30.320483  4707  4707 E         : mrdump_status_get: Signature mismatched
01-01 08:09:30.321316  4704  4704 D AEE/AED : $===AEE===AEE===AEE===$
01-01 08:09:30.321359  4704  4704 D AEE/AED : p 0 poll events 1 revents 0
01-01 08:09:30.321382  4704  4704 D AEE/AED : not know revents:0
01-01 08:09:30.321405  4704  4704 D AEE/AED : p 1 poll events 1 revents 0
01-01 08:09:30.321425  4704  4704 D AEE/AED : not know revents:0
01-01 08:09:30.321447  4704  4704 D AEE/AED : p 2 poll events 1 revents 0
01-01 08:09:30.321466  4704  4704 D AEE/AED : not know revents:0
01-01 08:09:30.321487  4704  4704 D AEE/AED : p 3 poll events 1 revents 0
01-01 08:09:30.321510  4704  4704 D AEE/AED : not know revents:0
01-01 08:09:30.321531  4704  4704 D AEE/AED : p 4 poll events 1 revents 0
01-01 08:09:30.321550  4704  4704 D AEE/AED : not know revents:0
01-01 08:09:30.321571  4704  4704 D AEE/AED : p 5 poll events 0 revents 0
01-01 08:09:30.321594  4704  4704 D AEE/AED : not know revents:0
01-01 08:09:30.345050   270   297 I BufferQueueProducer: [](this:0x7fa068a800,id:134,api:1,p:4633,c:270) queueBuffer: fps=43.32 dur=1015.60 max=249.73 min=9.67
01-01 08:09:30.386026   876  4687 I MobileLogD/dupm: dump sys property
01-01 08:09:30.387120   876  4687 I MobileLogD/dupm: copydump over
01-01 08:09:30.389368   270   270 I BufferQueueProducer: [FrameBufferSurface_0](this:0x7fa3099000,id:0,api:1,p:270,c:270) queueBuffer: fps=54.57 dur=1007.82 max=27.76 min=16.06
01-01 08:09:30.417903  4633  4665 I MTKLogger/GPSLog: Handle receive message, what=1
01-01 08:09:30.418152  4633  4665 D MTKLogger/LogInstance: -->getStorageState(), currentLogPathType=internal_sd
01-01 08:09:30.418191  4633  4665 I MTKLogger/Utils: -->getInternalSdPath()
01-01 08:09:30.419108  1456  2301 D AppOps  : noteOperation: allowing code 59 uid 10052 package com.mediatek.mtklogger
01-01 08:09:30.419204  1456  2301 D AppOps  : noteOperation: allowing code 60 uid 10052 package com.mediatek.mtklogger
01-01 08:09:30.419430  1456  2301 D SettingsInterface:  from settings cache , name = sys_storage_threshold_percentage , value = null
01-01 08:09:30.419621  1456  2301 D SettingsInterface:  from settings cache , name = sys_storage_threshold_max_bytes , value = null
01-01 08:09:30.419875  4633  4665 I MTKLogger/Utils: /storage/emulated/0 is mounted!
01-01 08:09:30.420210  4633  4665 I MTKLogger/Utils: Is emulated and volumeInfo.getId() : emulated
01-01 08:09:30.420248  4633  4665 I MTKLogger/Utils: <--getInternalSdPath() : internalPath = /storage/emulated/0
01-01 08:09:30.420433  4633  4665 V MTKLogger: <--getLogPath(), type=internal_sd, string=/storage/emulated/0
01-01 08:09:30.421083  1456  2268 D AppOps  : noteOperation: allowing code 59 uid 10052 package com.mediatek.mtklogger
01-01 08:09:30.421145  1456  2268 D AppOps  : noteOperation: allowing code 60 uid 10052 package com.mediatek.mtklogger
01-01 08:09:30.421351  1456  2268 D SettingsInterface:  from settings cache , name = sys_storage_threshold_percentage , value = null
01-01 08:09:30.421510  1456  2268 D SettingsInterface:  from settings cache , name = sys_storage_threshold_max_bytes , value = null
01-01 08:09:30.421806  4633  4665 I MTKLogger/Utils: -->getInternalSdPath()
01-01 08:09:30.422428  1456  2275 D AppOps  : noteOperation: allowing code 59 uid 10052 package com.mediatek.mtklogger
01-01 08:09:30.422481  1456  2275 D AppOps  : noteOperation: allowing code 60 uid 10052 package com.mediatek.mtklogger
01-01 08:09:30.422665  1456  2275 D SettingsInterface:  from settings cache , name = sys_storage_threshold_percentage , value = null
01-01 08:09:30.422882  1456  2275 D SettingsInterface:  from settings cache , name = sys_storage_threshold_max_bytes , value = null
01-01 08:09:30.423679  4633  4665 I MTKLogger/Utils: /storage/emulated/0 is mounted!
01-01 08:09:30.424465  4633  4665 I MTKLogger/Utils: Is emulated and volumeInfo.getId() : emulated
01-01 08:09:30.424538  4633  4665 I MTKLogger/Utils: <--getInternalSdPath() : internalPath = /storage/emulated/0
01-01 08:09:30.424847  4633  4665 V MTKLogger: <--getLogPath(), type=internal_sd, string=/storage/emulated/0
01-01 08:09:30.425317  4633  4665 D MTKLogger: -->getAvailableStorageSize(), path=/storage/emulated/0, size=11185MB
01-01 08:09:30.425391  4633  4665 D MTKLogger/LogInstance: <--getStorageState(), storage is ready for log capture.
01-01 08:09:30.425451  4633  4665 I MTKLogger/Utils: -->getInternalSdPath()
01-01 08:09:30.426457  1456  1759 D AppOps  : noteOperation: allowing code 59 uid 10052 package com.mediatek.mtklogger
01-01 08:09:30.426550  1456  1759 D AppOps  : noteOperation: allowing code 60 uid 10052 package com.mediatek.mtklogger
01-01 08:09:30.426763  1456  1759 D SettingsInterface:  from settings cache , name = sys_storage_threshold_percentage , value = null
01-01 08:09:30.426934  1456  1759 D SettingsInterface:  from settings cache , name = sys_storage_threshold_max_bytes , value = null
01-01 08:09:30.427169  4633  4665 I MTKLogger/Utils: /storage/emulated/0 is mounted!
01-01 08:09:30.427444  4633  4665 I MTKLogger/Utils: Is emulated and volumeInfo.getId() : emulated
01-01 08:09:30.427482  4633  4665 I MTKLogger/Utils: <--getInternalSdPath() : internalPath = /storage/emulated/0
01-01 08:09:30.427641  4633  4665 V MTKLogger: <--getLogPath(), type=internal_sd, string=/storage/emulated/0
01-01 08:09:30.427707  4633  4665 I MTKLogger/LogConnection: -->send cmd: [set_storage_path,/storage/emulated/0] to [gpslogd]
01-01 08:09:30.427759  4633  4665 D MTKLogger/LogConnection: Command builder success
01-01 08:09:30.427863   883   883 D MNLD    : process: epoll_wait() received 1 events
01-01 08:09:30.427972   883   883 D MNLD    : mtklogger2mnl_handler: recv set_storage_path,/storage/emulated/0 from 14
01-01 08:09:30.428012   883   883 D MNLD    : notify_client: write set_storage_path,/storage/emulated/0,1 to client fd 14 
01-01 08:09:30.428043   883   883 D MNLD    : mtklogger2mnl_handler: notify_client,ans = set_storage_path,/storage/emulated/0,1
01-01 08:09:30.428070   883   883 D MNLD    : get_mtklog_path: logpath for mtklogger socket msg: /storage/emulated/0
01-01 08:09:30.428096   883   883 D MNLD    : get_mtklog_path: get_mtklog_path:logpath is /storage/emulated/0/mtklog/gpsdbglog/
01-01 08:09:30.428134  4633  4666 V MTKLogger/LogConnection: Response from native byte size=38
01-01 08:09:30.428174   883   883 D MNLD    : process: mtklogger2mnl_handler: ret = 0
01-01 08:09:30.428217  4633  4666 I MTKLogger/GPSLog: -->dealWithResponse(), resp=set_storage_path,/storage/emulated/0,1
01-01 08:09:30.438053  4633  4665 I MTKLogger/LogConnection: <--send cmd done : [set_storage_path,/storage/emulated/0] to [gpslogd]
01-01 08:09:30.438339  4633  4665 I MTKLogger/GPSLog: GPS log initialization reason = from_ui
01-01 08:09:30.438393  4633  4665 W MTKLogger/GPSLog: Start command come from UI, change log auto start to true at the same time
01-01 08:09:30.438456  4633  4665 I MTKLogger/LogConnection: -->send cmd: [deep_start,1] to [gpslogd]
01-01 08:09:30.438508  4633  4665 D MTKLogger/LogConnection: Command builder success
01-01 08:09:30.438604   883   883 D MNLD    : process: epoll_wait() received 1 events
01-01 08:09:30.438660   883   883 D MNLD    : mtklogger2mnl_handler: recv deep_start,1 from 14
01-01 08:09:30.438690   883   883 D MNLD    : notify_client: write deep_start,1,1 to client fd 14 
01-01 08:09:30.438719   883   883 D MNLD    : mtklogger2mnl_handler: notify_client,ans = deep_start,1,1
01-01 08:09:30.438755   883   883 D MNLD    : mtklogger2mnl_handler: gps_debuglog_state:1
01-01 08:09:30.438782  4633  4666 V MTKLogger/LogConnection: Response from native byte size=14
01-01 08:09:30.438856  4633  4666 I MTKLogger/GPSLog: -->dealWithResponse(), resp=deep_start,1,1
01-01 08:09:30.439568   883   883 D MNLD    : process: mtklogger2mnl_handler: ret = 0
01-01 08:09:30.448801  4633  4665 I MTKLogger/LogConnection: <--send cmd done : [deep_start,1] to [gpslogd]
01-01 08:09:30.448890  4633  4665 D MTKLogger/GPSLog: After sending start command, wait native's resp, not treat it as successfully directly
01-01 08:09:30.448980  4633  4665 I MTKLogger/GPSLog: Handle receive message, what=0
01-01 08:09:30.449039  4633  4665 W MTKLogger/GPSLog: Not supported message: 0
01-01 08:09:30.449102  4633  4665 I MTKLogger/GPSLog: Handle receive message, what=25
01-01 08:09:30.449179  4633  4665 D MTKLogger/GPSLog: Got an update event, new state = 1, reason=null, oldState=0
01-01 08:09:30.449328  4633  4665 I MTKLogger/GPSLog: -->notifyServiceStatus(), status=1,  reason=[]
01-01 08:09:30.461388  4633  4665 D MTKLogger/LogInstance: -->updateStatusBar(), logType=16, titleRes=2131296261, enable=true
01-01 08:09:30.461491  4633  4665 W MTKLogger/LogInstance: Too frequent status bar update request, slow down.
01-01 08:09:30.462551  4633  4708 D MTKLogger/MTKLoggerService:  mNativeStateHandler receive message, what=1, arg1=16, arg2=1
01-01 08:09:30.462645  4633  4708 D MTKLogger/MTKLoggerService: -->handleLogStateChangeMsg(), mCachedStartStopCmd = 18
01-01 08:09:30.462705  4633  4708 D MTKLogger/MTKLoggerService:  MSG_LOG_STATE_CHANGED, logType=16, result=1, reason=[]
01-01 08:09:30.462753  4633  4708 D MTKLogger/MTKLoggerService: Still waiting start/stop command response, mark it as finished.
01-01 08:09:30.547207  3385  3385 W System.err: java.util.NoSuchElementException
01-01 08:09:30.547482  3385  3385 W System.err: 	at java.util.ArrayList$ArrayListIterator.next(ArrayList.java:581)
01-01 08:09:30.547521  3385  3385 W System.err: 	at evu.a(360AntiVirus:132)
01-01 08:09:30.547550  3385  3385 W System.err: 	at evu.a(360AntiVirus:52)
01-01 08:09:30.547587  3385  3385 W System.err: 	at com.qihoo.antivirus.server.app.CoreService.e(360AntiVirus:1037)
01-01 08:09:30.547616  3385  3385 W System.err: 	at com.qihoo.antivirus.server.app.CoreService.q(360AntiVirus:763)
01-01 08:09:30.547648  3385  3385 W System.err: 	at com.qihoo.antivirus.server.app.CoreService.f(360AntiVirus:74)
01-01 08:09:30.547677  3385  3385 W System.err: 	at agd.handleMessage(360AntiVirus:658)
01-01 08:09:30.547709  3385  3385 W System.err: 	at android.os.Handler.dispatchMessage(Handler.java:111)
01-01 08:09:30.547743  3385  3385 W System.err: 	at android.os.Looper.loop(Looper.java:207)
01-01 08:09:30.547775  3385  3385 W System.err: 	at android.app.ActivityThread.main(ActivityThread.java:5777)
01-01 08:09:30.547807  3385  3385 W System.err: 	at java.lang.reflect.Method.invoke(Native Method)
01-01 08:09:30.547838  3385  3385 W System.err: 	at com.android.internal.os.ZygoteInit$MethodAndArgsCaller.run(ZygoteInit.java:789)
01-01 08:09:30.547870  3385  3385 W System.err: 	at com.android.internal.os.ZygoteInit.main(ZygoteInit.java:679)
01-01 08:09:30.707161  1095  1100 D EMDLOGGER1: Handle request: deep start and set auto start.
01-01 08:09:30.711282  1095  1100 D EMDLOGGER1: Set auto start mode: 2
01-01 08:09:30.711371  1095  1100 I EMDLOGGER1: MDL: START Logging, mode=2
01-01 08:09:30.711403  1095  1100 I EMDLOGGER1: g_bMDLStarting to TRUE
01-01 08:09:30.711435  1095  1100 D EMDLOGGER1: startMDLogging: Create starter thread
01-01 08:09:30.711489  1095  1100 D EMDLOGGER1: startLoggingThreadFun: curr_mode=0, new_mode=2
01-01 08:09:30.711529  1095  1100 D EMDLOGGER1: startLoggingThread: current logging mode is idle.
01-01 08:09:30.711561  1095  1100 I EMDLOGGER1: ------>Init SD logging mode<------
01-01 08:09:30.711802  1095  1100 D EMDLOGGER1: Init MDEngine: Init start
01-01 08:09:30.711852  1095  1100 D EMDLOGGER1: MAL_RegisterMdlCtrlCallback: cb_func 0x7f9b4cedf4, obj 0x7f9a600000
01-01 08:09:30.711895  1095  1100 D EMDLOGGER1: Init MDEngine: Init done
01-01 08:09:30.711924  1095  1100 D EMDLOGGER1: Init MDEngine: OK
01-01 08:09:30.711976  1095  1100 D EMDLOGGER1: Init LogWriter: Buffer count: 1
01-01 08:09:30.712020  1095  1100 D EMDLOGGER1: Init m_ppCompressBuf[idx][bufId].
01-01 08:09:30.712079  1095  1100 D EMDLOGGER1: Init m_CompressBufUsed[idx]
01-01 08:09:30.712112  1095  1100 D EMDLOGGER1: Init m_ppCompressBuf[idx][bufId].
01-01 08:09:30.712155  1095  1100 D EMDLOGGER1: Init m_CompressBufUsed[idx]
01-01 08:09:30.712186  1095  1100 D EMDLOGGER1: Init m_ActiveCompressBufIdx
01-01 08:09:30.712214  1095  1100 D EMDLOGGER1: Init LogWritter: OK
01-01 08:09:30.712245  1095  1100 D EMDLOGGER1: OKOKOK >Init SD logging mode< OKOKOK
01-01 08:09:30.712274  1095  1100 D EMDLOGGER1: MDCommEngine.start: mode=2
01-01 08:09:30.712488  1095  1100 D EMDLOGGER1: Normal Mode 0
01-01 08:09:30.712537  1095  1100 D EMDLOGGER1: Start MDEngine: start, logging mode 2
01-01 08:09:30.712576  1095  1100 D EMDLOGGER1: LogWriter: Logging is started
01-01 08:09:30.712605  1095  1100 I EMDLOGGER1: init Cather BinPath.
01-01 08:09:30.712698  1095  1100 D EMDLOGGER1: Normal Mode 0
01-01 08:09:30.713257  1095  1100 I EMDLOGGER1: get sd config path from Log2SD property is internal_sd.
01-01 08:09:30.713308  1095  1100 D EMDLOGGER1: Get SDSwap internal real Path none
01-01 08:09:30.713652  1095  1100 D EMDLOGGER1: SD_LOG_ROOT is /storage/emulated/0/mtklog/mdlog1.
01-01 08:09:30.713699  1095  1100 I EMDLOGGER1: MAL_GetModemSuffix: begin
01-01 08:09:30.713767  1095  1100 I EMDLOGGER1: MAL_GetModemSuffix: port=3 , ioctl return 0, suffix 1_ltg_n
01-01 08:09:30.713808  1095  1100 D EMDLOGGER1: CATCHER_FILTER_PATH: /storage/emulated/0/mtklog/mdlog1_config/catcher_filter_1_ltg_n.bin
01-01 08:09:30.713838  1095  1100 I EMDLOGGER1: Creating compressor thread
01-01 08:09:30.714034  1095  4709 I EMDLOGGER1: thrLogBufferWriter started
01-01 08:09:30.714165  1095  1100 I EMDLOGGER1: Set name log_sdwrite for thread(9a3ff440)
01-01 08:09:30.714200  1095  1100 I EMDLOGGER1: Set detach  log_sdwrite for thread(9a3ff440)
01-01 08:09:30.714228  1095  1100 D EMDLOGGER1: Check SD card status
01-01 08:09:30.714255  1095  1100 I EMDLOGGER1: init Cather BinPath.
01-01 08:09:30.714385  1095  1100 D EMDLOGGER1: Normal Mode 0
01-01 08:09:30.715196  1095  1100 I EMDLOGGER1: get sd config path from Log2SD property is internal_sd.
01-01 08:09:30.715262  1095  1100 D EMDLOGGER1: Get SDSwap internal real Path none
01-01 08:09:30.715844  1095  1100 D EMDLOGGER1: SD_LOG_ROOT is /storage/emulated/0/mtklog/mdlog1.
01-01 08:09:30.715902  1095  1100 I EMDLOGGER1: MAL_GetModemSuffix: begin
01-01 08:09:30.715945  1095  1100 D EMDLOGGER1: CATCHER_FILTER_PATH: /storage/emulated/0/mtklog/mdlog1_config/catcher_filter_1_ltg_n.bin
01-01 08:09:30.716304  1095  1100 D EMDLOGGER1: Check SD card status and less than 5 times.
01-01 08:09:30.716344  1095  1100 D EMDLOGGER1: Check if receive start cmd
01-01 08:09:30.716540  1095  1100 D EMDLOGGER1: Normal Mode 0
01-01 08:09:30.716581  1095  1100 D EMDLOGGER1: Check SD card status: received command.
01-01 08:09:30.716620  1095  1100 D EMDLOGGER1: Init LogWriter: SD card is ready, record log on SD card
01-01 08:09:30.716652  1095  1100 D EMDLOGGER1: Create log file on SD card
01-01 08:09:30.717936  1095  1100 D EMDLOGGER1: Make Dir: Create directory [/storage/emulated/0/mtklog/mdlog1]
01-01 08:09:30.719228  1095  1100 D EMDLOGGER1: Success to create log folder /storage/emulated/0/mtklog/mdlog1/MDLog1_2016_0101_080930
01-01 08:09:30.719294  1095  1100 D EMDLOGGER1: Generate log folder tree file, isFolderTrue:1, isNewCreat:0
01-01 08:09:30.719955  1095  1100 D EMDLOGGER1: File /storage/emulated/0/mtklog/mdlog1/file_tree.txt open.
01-01 08:09:30.720036  1095  1100 D EMDLOGGER1: Success to write file tree file.
01-01 08:09:30.720404  1095  1100 D EMDLOGGER1: Move Modem db file to SD folder
01-01 08:09:30.720691  1095  4710 D EMDLOGGER1: Copy ExtModem DB start.
01-01 08:09:30.720769  1095  1100 I EMDLOGGER1: Set name mdl_cp_filter for thread(9a301440)
01-01 08:09:30.720801  1095  4710 I EMDLOGGER1: MAL_GetModemSuffix: begin
01-01 08:09:30.720807  1095  1100 I EMDLOGGER1: Set detach  mdl_cp_filter for thread(9a301440)
01-01 08:09:30.720840  1095  1100 D EMDLOGGER1: Generate version file
01-01 08:09:30.720865  1095  4710 D EMDLOGGER1:  MD DB md2_posfix BPLGUInfoCustomAppSrcP_MT6735_S00_MOLY_LR9_W1444_MD_LWTG_MP_V88_P12_1_ltg_n
01-01 08:09:30.721678  1095  1100 D EMDLOGGER1: File /storage/emulated/0/mtklog/mdlog1/MDLog1_2016_0101_080930/version_info.txt open.
01-01 08:09:30.721728  1095  1100 D EMDLOGGER1: MAL_GetModemVersion: 0
01-01 08:09:30.721764  1095  1100 D EMDLOGGER1: getGsmVersionBaseband(legacy): MD idx is 1
01-01 08:09:30.721812  1095  1100 D EMDLOGGER1: Modem Version: MOLY.LR9.W1444.MD.LWTG.MP.V88.P12, 2016/07/12 13:00
01-01 08:09:30.721845  1095  1100 D EMDLOGGER1: Android Version: alps-mp-m0.mp1-V2.84_gr6737t.66.m0_P34
01-01 08:09:30.721876  1095  1100 D EMDLOGGER1: getGsmProjectBaseband: MD idx is 1
01-01 08:09:30.721906  1095  1100 D EMDLOGGER1: Project Version: GR6737M_65_M0_HW(DEFAULT)
01-01 08:09:30.722112  1095  1100 D EMDLOGGER1: Success to write version file.
01-01 08:09:30.722886  1095  1100 D EMDLOGGER1: Create config folder: /storage/emulated/0/mtklog/mdlog1_config
01-01 08:09:30.723684  1095  1100 D EMDLOGGER1: Open log file /storage/emulated/0/mtklog/mdlog1/MDLog1_2016_0101_080930/MDLog1_2016_0101_080930.muxz.tmp.
01-01 08:09:30.724660  1095  1100 D EMDLOGGER1: Create log files: All 1 log files have been created.
01-01 08:09:30.724707  1095  1100 D EMDLOGGER1: Generate log folder tree file, isFolderTrue:0, isNewCreat:0
01-01 08:09:30.725636  1095  1100 D EMDLOGGER1: File /storage/emulated/0/mtklog/mdlog1/MDLog1_2016_0101_080930/file_tree.txt open.
01-01 08:09:30.725715  1095  1100 D EMDLOGGER1: Success to write file tree file.
01-01 08:09:30.728467  1095  1100 D EMDLOGGER1: init setproperty debug.mdlogger.Running: 1.
01-01 08:09:30.728760  1095  4711 I EMDLOGGER1: Started Waiting SD card thread.
01-01 08:09:30.728824  1095  4711 D EMDLOGGER1: Move Bootup Log: Start to move bootup log
01-01 08:09:30.728845  1095  1100 I EMDLOGGER1: Set name mdl_sd_monitor for thread(99a9b440)
01-01 08:09:30.728886  1095  1100 I EMDLOGGER1: Set detach  mdl_sd_monitor for thread(99a9b440)
01-01 08:09:30.728908  1095  4711 E EMDLOGGER1: Move Bootup Log: /data/mdlog/bootupLog/mdlog1 is not exist!
