----- timezone:GMT
01-01 08:00:17.586480   278   278 I         : [terserver] service not enabled. exit.
01-01 08:00:17.664803   274   274 I ViatelUtils: ro.crypto.state=
01-01 08:00:17.664849   274   274 I ViatelUtils: auto encrypt & decrypt
01-01 08:00:17.664875   274   274 D ViatelUtils: waiting vold.decrypt=trigger_restart_framework
01-01 08:00:33.858011  1120  1120 E RILC    : RIL_registerSocket: RIL version 10
01-01 08:00:33.858298  1120  1120 E RILC    : finish RIL_registerSocket
01-01 08:00:34.032896  1120  1133 E RILC    : Send Response to rild-mal
01-01 08:00:34.134794  1120  1133 E RILC    : Send Response to rild-mal
01-01 08:00:34.236730  1120  1133 E RILC    : Send Response to rild-mal
01-01 08:00:34.338722  1120  1133 E RILC    : Send Response to rild-mal
01-01 08:00:34.440560  1120  1133 E RILC    : Send Response to rild-mal
01-01 08:00:34.542006  1120  1133 E RILC    : Send Response to rild-mal
01-01 08:00:34.643417  1120  1133 E RILC    : Send Response to rild-mal
01-01 08:00:34.744938  1120  1133 E RILC    : Send Response to rild-mal
01-01 08:00:34.846499  1120  1133 E RILC    : Send Response to rild-mal
01-01 08:00:34.947759  1120  1133 E RILC    : Send Response to rild-mal
01-01 08:00:35.049340  1120  1133 E RILC    : Send Response to rild-mal
01-01 08:00:35.150750  1120  1133 E RILC    : Send Response to rild-mal
01-01 08:00:35.252070  1120  1133 E RILC    : Send Response to rild-mal
01-01 08:00:35.698377  1120  1142 E RIL     : [VSIM] requestSwitchExternalSim Done
01-01 08:00:36.767045  1120  1142 E RIL     : ERROR read fail -1
01-01 08:00:36.774930  1120  1146 E RIL     : Unhandled unsolicited result code: +ECUSD: 1
01-01 08:00:37.126995  1120  1142 E RIL     : [VSIM] requestSwitchExternalSim Done
01-01 08:00:38.183829  1120  1146 E RIL     : There is no card type!!!
01-01 08:00:38.214746  1120  1152 E RIL     : There is no card type!!!
01-01 08:00:38.230645  1530  1530 E C2K_RILC: RIL_register: RIL version 10
01-01 08:00:38.238371  1120  1142 E RIL     : bootupGetIccid[0] fail and write default string
01-01 08:00:38.301391  1120  1142 E RIL     : bootupGetBasebandVersion[0]
01-01 08:00:38.301447  1120  1142 E RIL     : bootupGetProjectAndMdInfo[0]
01-01 08:00:38.311715  1120  1142 E RIL     : bootupGetIccid[1] fail and write default string
01-01 08:00:38.321077  1120  1142 E RIL     : bootupGetBasebandVersion[1]
01-01 08:00:38.321130  1120  1142 E RIL     : bootupGetProjectAndMdInfo[1]
01-01 08:00:38.346073  1120  1142 E RIL     : ERROR read fail -1
01-01 08:00:38.347758  1120  1152 E RIL     : Unhandled unsolicited result code: +ECUSD: 1
01-01 08:00:38.354318  1120  1133 E RILC    : Send Response to rild-mal
01-01 08:00:38.357710  1120  1133 E RILC    : Send Response to rild-mal
01-01 08:00:38.370571   880   977 E RPC     : librpc.so suffix Version-temp
01-01 08:00:38.504158  1530  1532 E C2K_RILC: Send Response to RIL_SOCKET_1
01-01 08:00:43.371209   880   977 E RPC     : vendor/mediatek/proprietary/external/gps/librpc/clnt.c clnt_call 396
01-01 08:00:43.371291   880   977 E RPC     : vendor/mediatek/proprietary/external/gps/librpc/clnt.c clnt_call 431
01-01 08:00:43.371349   880   977 E RPC     : clnt_call before wait +++++
01-01 08:00:43.386629   880   977 E RPC     : clnt_call after wait -----
01-01 08:00:43.386709   880   977 E RPC     : vendor/mediatek/proprietary/external/gps/librpc/clnt.c clnt_call 519
01-01 08:00:43.387007   880   977 E RPC     : vendor/mediatek/proprietary/external/gps/librpc/clnt.c clnt_call 396
01-01 08:00:43.387061   880   977 E RPC     : vendor/mediatek/proprietary/external/gps/librpc/clnt.c clnt_call 431
01-01 08:00:43.387118   880   977 E RPC     : clnt_call before wait +++++
01-01 08:00:43.388017   880   977 E RPC     : clnt_call after wait -----
01-01 08:00:43.388067   880   977 E RPC     : vendor/mediatek/proprietary/external/gps/librpc/clnt.c clnt_call 519
01-01 08:01:13.069278  1456  1456 E SmsApplication: com.mediatek.datatransfer does not have system signature
01-01 08:01:13.069354  1456  1456 E SmsApplication: com.mediatek.apst.target does not have system signature
01-01 08:01:13.069381  1456  1456 E SmsApplication: com.mediatek.ppl does not have system signature
01-01 08:01:13.069407  1456  1456 E SmsApplication: com.mediatek.backuprestore does not have system signature
01-01 08:01:13.069433  1456  1456 E SmsApplication: com.mediatek.rcs.messageservice does not have system signature
01-01 08:01:13.069459  1456  1456 E SmsApplication: com.mediatek.esntrack does not have system signature
01-01 08:01:13.071646  1456  1456 E SmsApplication: com.mediatek.datatransfer does not have system signature
01-01 08:01:13.071717  1456  1456 E SmsApplication: com.mediatek.apst.target does not have system signature
01-01 08:01:13.071744  1456  1456 E SmsApplication: com.mediatek.ppl does not have system signature
01-01 08:01:13.071769  1456  1456 E SmsApplication: com.mediatek.backuprestore does not have system signature
01-01 08:01:13.071796  1456  1456 E SmsApplication: com.mediatek.rcs.messageservice does not have system signature
01-01 08:01:13.071824  1456  1456 E SmsApplication: com.mediatek.esntrack does not have system signature
01-01 08:01:13.077264  1456  1456 E CarrierConfigManager: Error getting config for subId -1: java.lang.NullPointerException: Attempt to invoke interface method 'android.os.PersistableBundle com.android.internal.telephony.ICarrierConfigLoader.getConfigForSubId(int)' on a null object reference
01-01 08:01:13.083662  1456  1456 E SmsApplication: com.mediatek.datatransfer does not have system signature
01-01 08:01:13.083858  1456  1456 E SmsApplication: com.mediatek.apst.target does not have system signature
01-01 08:01:13.083893  1456  1456 E SmsApplication: com.mediatek.ppl does not have system signature
01-01 08:01:13.083922  1456  1456 E SmsApplication: com.mediatek.backuprestore does not have system signature
01-01 08:01:13.083948  1456  1456 E SmsApplication: com.mediatek.rcs.messageservice does not have system signature
01-01 08:01:13.083975  1456  1456 E SmsApplication: com.mediatek.esntrack does not have system signature
01-01 08:00:00.486696  1120  1142 E         : Send Response to rild-ims
01-01 08:00:00.486809  1120  1142 E         : Send Response to rild-ims
01-01 08:00:00.486848  1120  1142 E         : Send Response to rild-ims
01-01 08:00:01.135219  2196  2196 E CarrierConfigManager: Error getting config for subId -1: java.lang.NullPointerException: Attempt to invoke interface method 'android.os.PersistableBundle com.android.internal.telephony.ICarrierConfigLoader.getConfigForSubId(int)' on a null object reference
01-01 08:00:01.144645  2196  2196 E CarrierConfigManager: Error getting config for subId -1: java.lang.NullPointerException: Attempt to invoke interface method 'android.os.PersistableBundle com.android.internal.telephony.ICarrierConfigLoader.getConfigForSubId(int)' on a null object reference
01-01 08:00:01.160296  1120  1131 E RILC    : Send Response to rild-mal
01-01 08:00:01.162915  1120  1131 E RILC    : Send Response to rild-mal
01-01 08:00:01.164771  1120  1131 E RILC    : Send Response to rild-mal
01-01 08:00:01.167966  1120  1131 E RILC    : Send Response to rild-mal
01-01 08:00:01.817455  1120  1146 E RIL     : Unhandled unsolicited result code: +EIMSIFVER:AP:51,MD:50
01-01 08:00:03.519297  2356  2356 E SmsManager: FAIL! intial mOnlyOwnerSimSupport
01-01 08:00:04.373241  1120  1142 E RILC    : Send Response to RIL_SOCKET_2
01-01 08:00:04.373371  1120  1142 E RILC    : Send Response to RIL_SOCKET_2
01-01 08:00:04.374029  1120  1142 E RILC    : Send Response to RIL_SOCKET_2
01-01 08:00:04.374115  1120  1142 E RILC    : Send Response to RIL_SOCKET_2
01-01 08:00:04.374158  1120  1142 E RILC    : Send Response to RIL_SOCKET_2
01-01 08:00:04.376617  1120  1139 E RILC    : Send Response to RIL_SOCKET_2
01-01 08:00:04.377150  1120  1137 E RILC    : Send Response to RIL_SOCKET_2
01-01 08:00:04.378371  1120  1137 E RILC    : Send Response to RIL_SOCKET_2
01-01 08:00:04.384595  1120  1152 E RILC    : Send Response to RIL_SOCKET_2
01-01 08:00:04.386356  1120  1138 E RILC    : Send Response to RIL_SOCKET_2
01-01 08:00:04.387104  1120  1152 E RILC    : Send Response to RIL_SOCKET_2
01-01 08:00:04.387201  1120  1152 E         : Send Response to rild-ims
01-01 08:00:04.387254  1120  1152 E RILC    : Send Response to RIL_SOCKET_2
01-01 08:00:04.394112  1120  1137 E RIL     : Recevice an invalid value from modem for <rxlevel>
01-01 08:00:04.394181  1120  1137 E RIL     : updateSignalStrength ERROR: -1
01-01 08:00:04.396108  1120  1137 E RILC    : Send Response to RIL_SOCKET_2
01-01 08:00:04.469181  1120  1142 E RILC    : Send Response to rild-mal
01-01 08:00:04.469261  1120  1142 E RILC    : Send Response to RIL_SOCKET_1
01-01 08:00:04.469325  1120  1142 E RILC    : Send Response to rild-mal
01-01 08:00:04.469354  1120  1142 E RILC    : Send Response to RIL_SOCKET_1
01-01 08:00:04.469900  1120  1142 E RILC    : Send Response to rild-mal
01-01 08:00:04.469952  1120  1142 E RILC    : Send Response to RIL_SOCKET_1
01-01 08:00:04.470004  1120  1142 E RILC    : Send Response to rild-mal
01-01 08:00:04.470037  1120  1142 E RILC    : Send Response to RIL_SOCKET_1
01-01 08:00:04.470075  1120  1142 E RILC    : Send Response to rild-mal
01-01 08:00:04.470108  1120  1142 E RILC    : Send Response to RIL_SOCKET_1
01-01 08:00:04.472275  1120  1133 E RILC    : Send Response to RIL_SOCKET_1
01-01 08:00:04.474433  1120  1131 E RILC    : Send Response to RIL_SOCKET_1
01-01 08:00:04.475115  1120  1131 E RILC    : Send Response to RIL_SOCKET_1
01-01 08:00:04.481643  1120  1146 E RILC    : Send Response to rild-mal
01-01 08:00:04.481715  1120  1146 E RILC    : Send Response to RIL_SOCKET_1
01-01 08:00:04.483774  1120  1132 E RILC    : Send Response to RIL_SOCKET_1
01-01 08:00:04.484659  1120  1146 E RILC    : Send Response to rild-mal
01-01 08:00:04.484724  1120  1146 E RILC    : Send Response to RIL_SOCKET_1
01-01 08:00:04.484781  1120  1146 E         : Send Response to rild-ims
01-01 08:00:04.484836  1120  1146 E RILC    : Send Response to rild-mal
01-01 08:00:04.485231  1120  1146 E RILC    : Send Response to RIL_SOCKET_1
01-01 08:00:04.488743  1120  1131 E RIL     : Recevice an invalid value from modem for <rxlevel>
01-01 08:00:04.488809  1120  1131 E RIL     : updateSignalStrength ERROR: -1
01-01 08:00:04.492206  1120  1131 E RILC    : Send Response to RIL_SOCKET_1
01-01 08:00:04.494852  1120  1134 E RILC    : Send Response to RIL_SOCKET_1
01-01 08:00:04.614626  2181  2181 E RIL_ImsSms: getFormat should never be called from here!
01-01 08:00:04.677397  2181  2181 E WAP PUSH: bindService() for wappush manager failed
01-01 08:00:04.687571  2181  2181 E WAP PUSH: bindService() for wappush manager failed
01-01 08:00:04.712224  2181  2181 E IccCardProxy: setExternalState: set mPhoneId=0 mExternalState=NOT_READY (slot 0)
01-01 08:00:04.719450  2181  2181 E IccCardProxy: setExternalState: !override and newstate unchanged from NOT_READY (slot 0)
01-01 08:00:04.733332  2181  2181 E RIL_ImsSms: getFormat should never be called from here!
01-01 08:00:04.741908  2181  2181 E WAP PUSH: bindService() for wappush manager failed
01-01 08:00:04.750322  2181  2181 E WAP PUSH: bindService() for wappush manager failed
01-01 08:00:04.887902  1120  1140 E RILC    : Send Response to RIL_SOCKET_2
01-01 08:00:04.937904  2181  2181 E RIL_ImsSms: getFormat should never be called from here!
01-01 08:00:04.945432  2181  2181 E WAP PUSH: bindService() for wappush manager failed
01-01 08:00:04.954449  2181  2181 E WAP PUSH: bindService() for wappush manager failed
01-01 08:00:04.966398  2181  2181 E IccCardProxy: setExternalState: set mPhoneId=1 mExternalState=NOT_READY (slot 1)
01-01 08:00:04.975594  2181  2181 E IccCardProxy: setExternalState: !override and newstate unchanged from NOT_READY (slot 1)
01-01 08:00:04.982872  2181  2181 E RIL_ImsSms: getFormat should never be called from here!
01-01 08:00:04.990514  2181  2181 E WAP PUSH: bindService() for wappush manager failed
01-01 08:00:04.998883  2181  2181 E WAP PUSH: bindService() for wappush manager failed
01-01 08:00:05.065951  1530  1535 E C2K_RILC: Send Response to RIL_SOCKET_1
01-01 08:00:05.066062  1530  1535 E C2K_RILC: Send Response to RIL_SOCKET_1
01-01 08:00:05.068670  1530  1535 E C2K_RILC: unsupported request code 2089 token 16 socket_id 0
01-01 08:00:05.068738  1530  1535 E C2K_RILC: onRequestUnsupportComplete: unsupport token = 16
01-01 08:00:05.068764  1530  1535 E C2K_RILC: Send Response to RIL_SOCKET_1
01-01 08:00:05.068890  1530  1532 E C2K_RILC: Send Response to RIL_SOCKET_1
01-01 08:00:05.069598  1530  1532 E C2K_RILC: Send Response to RIL_SOCKET_1
01-01 08:00:05.070571  1530  1532 E C2K_RILC: Send Response to RIL_SOCKET_1
01-01 08:00:05.107037  2181  2181 E SmsApplication: com.mediatek.datatransfer does not have system signature
01-01 08:00:05.107220  2181  2181 E SmsApplication: com.mediatek.apst.target does not have system signature
01-01 08:00:05.107368  2181  2181 E SmsApplication: com.mediatek.ppl does not have system signature
01-01 08:00:05.107513  2181  2181 E SmsApplication: com.mediatek.backuprestore does not have system signature
01-01 08:00:05.107775  2181  2181 E SmsApplication: com.mediatek.rcs.messageservice does not have system signature
01-01 08:00:05.107988  2181  2181 E SmsApplication: com.mediatek.esntrack does not have system signature
01-01 08:00:05.159107  2181  2668 E PHONE   : [ServiceState] setState deprecated use setVoiceRegState()
01-01 08:00:05.159460  2181  2181 E CarrierConfigManager: Error getting config for subId -1: java.lang.NullPointerException: Attempt to invoke interface method 'android.os.PersistableBundle com.android.internal.telephony.ICarrierConfigLoader.getConfigForSubId(int)' on a null object reference
01-01 08:00:05.161514  2181  2181 E CarrierConfigManager: Error getting config for subId -1: java.lang.NullPointerException: Attempt to invoke interface method 'android.os.PersistableBundle com.android.internal.telephony.ICarrierConfigLoader.getConfigForSubId(int)' on a null object reference
01-01 08:00:05.163418  2181  2181 E CarrierConfigManager: Error getting config for subId -1: java.lang.NullPointerException: Attempt to invoke interface method 'android.os.PersistableBundle com.android.internal.telephony.ICarrierConfigLoader.getConfigForSubId(int)' on a null object reference
01-01 08:00:05.164983  2181  2668 E CarrierConfigManager: Error getting config for subId -1: java.lang.NullPointerException: Attempt to invoke interface method 'android.os.PersistableBundle com.android.internal.telephony.ICarrierConfigLoader.getConfigForSubId(int)' on a null object reference
01-01 08:00:05.179853  2181  2181 E CarrierConfigManager: Error getting config for subId -1: java.lang.NullPointerException: Attempt to invoke interface method 'android.os.PersistableBundle com.android.internal.telephony.ICarrierConfigLoader.getConfigForSubId(int)' on a null object reference
01-01 08:00:05.199420  2181  2181 E CarrierConfigManager: Error getting config for subId -1: java.lang.NullPointerException: Attempt to invoke interface method 'android.os.PersistableBundle com.android.internal.telephony.ICarrierConfigLoader.getConfigForSubId(int)' on a null object reference
01-01 08:00:05.390652  1530  1532 E C2K_RILC: Send Response to RIL_SOCKET_1
01-01 08:00:05.402633  1120  1137 E RILC    : Send Response to RIL_SOCKET_2
01-01 08:00:05.424836  1530  1532 E C2K_RILC: Send Response to RIL_SOCKET_1
01-01 08:00:05.426652  1120  1132 E RILC    : Send Response to RIL_SOCKET_1
01-01 08:00:05.463431  1120  1131 E RILC    : Send Response to RIL_SOCKET_1
01-01 08:00:05.464170  1120  1131 E RILC    : Send Response to RIL_SOCKET_1
01-01 08:00:05.465676  1120  1131 E RILC    : Send Response to RIL_SOCKET_1
01-01 08:00:05.470077  1120  1133 E RILC    : Send Response to RIL_SOCKET_1
01-01 08:00:05.470917  2181  2181 E PHONE   : [ServiceState] setState deprecated use setVoiceRegState()
01-01 08:00:05.471385  1120  1134 E RILC    : Send Response to RIL_SOCKET_1
01-01 08:00:05.473088  2181  2181 E IccCardProxy: setExternalState: !override and newstate unchanged from NOT_READY (slot 0)
01-01 08:00:05.473350  2181  2181 E IccCardProxy: setExternalState: !override and newstate unchanged from NOT_READY (slot 0)
01-01 08:00:05.473963  2181  2181 E IccCardProxy: setExternalState: !override and newstate unchanged from NOT_READY (slot 0)
01-01 08:00:05.474922  1120  1131 E RILC    : Send Response to RIL_SOCKET_1
01-01 08:00:05.475079  1120  1131 E RILC    : Send Response to RIL_SOCKET_1
01-01 08:00:05.475136  1120  1131 E RILC    : Send Response to RIL_SOCKET_1
01-01 08:00:05.475182  1120  1131 E RILC    : Send Response to RIL_SOCKET_1
01-01 08:00:05.486187  2181  2181 E IRATCtrl: [0] handleMessage with unknow message: 104
01-01 08:00:05.523285  1120  1138 E RILC    : Send Response to RIL_SOCKET_2
01-01 08:00:05.555552  1120  1137 E RILC    : Send Response to RIL_SOCKET_2
01-01 08:00:05.558314  1120  1137 E RILC    : Send Response to RIL_SOCKET_2
01-01 08:00:05.558417  1120  1137 E RILC    : Send Response to RIL_SOCKET_2
01-01 08:00:05.565758  1120  1139 E RILC    : Send Response to RIL_SOCKET_2
01-01 08:00:05.565894  1120  1140 E RILC    : Send Response to RIL_SOCKET_2
01-01 08:00:05.568042  1120  1137 E RILC    : Send Response to RIL_SOCKET_2
01-01 08:00:05.568237  1120  1137 E RILC    : Send Response to RIL_SOCKET_2
01-01 08:00:05.568302  1120  1137 E RILC    : Send Response to RIL_SOCKET_2
01-01 08:00:05.568346  1120  1137 E RILC    : Send Response to RIL_SOCKET_2
01-01 08:00:05.601876  2181  2181 E IccCardProxy: setExternalState: !override and newstate unchanged from NOT_READY (slot 1)
01-01 08:00:05.605059  2181  2181 E IccCardProxy: setExternalState: !override and newstate unchanged from NOT_READY (slot 1)
01-01 08:00:05.607215  2181  2181 E IRATCtrl: [1] handleMessage with unknow message: 104
01-01 08:00:05.697916  1530  1532 E C2K_RILC: proxy RIL_queryMyChannelId channelid = 0
01-01 08:00:05.697975  1530  1532 E C2K_RIL : proxy getRILChannelCtxFromToken id=0, RIL_SUPPORT_CHANNELS=3
01-01 08:00:05.697999  1530  1532 E C2K_RILC: proxy RIL_queryMyChannelId channelid = 0
01-01 08:00:05.707944  1120  1138 E RILC    : Send Response to RIL_SOCKET_2
01-01 08:00:05.708063  1120  1132 E RILC    : Send Response to RIL_SOCKET_1
01-01 08:00:05.712734  1530  1535 E C2K_RILC: unsupported request code 2061 token 52 socket_id 0
01-01 08:00:05.712808  1530  1535 E C2K_RILC: onRequestUnsupportComplete: unsupport token = 52
01-01 08:00:05.712831  1530  1535 E C2K_RILC: Send Response to RIL_SOCKET_1
01-01 08:00:05.713978  1530  1538 E C2K_RIL : Unhandled unsolicited result code: ^SIMST:255
01-01 08:00:05.714364  1530  1538 E C2K_RILC: Send Response to RIL_SOCKET_1
01-01 08:00:05.716466  1530  1538 E C2K_RILC: Send Response to RIL_SOCKET_1
01-01 08:00:05.716913  1530  1538 E C2K_RILC: Send Response to RIL_SOCKET_1
01-01 08:00:05.717454  1530  1538 E C2K_RILC: Send Response to RIL_SOCKET_1
01-01 08:00:05.718546  1530  1532 E C2K_RILC: Send Response to RIL_SOCKET_1
01-01 08:00:05.718673  1530  1532 E C2K_RILC: proxy RIL_queryMyChannelId channelid = 0
01-01 08:00:05.718707  1530  1532 E C2K_RIL : proxy getRILChannelCtxFromToken id=0, RIL_SUPPORT_CHANNELS=3
01-01 08:00:05.718732  1530  1532 E C2K_RILC: proxy RIL_queryMyChannelId channelid = 0
01-01 08:00:05.719677  1530  1532 E C2K_RILC: proxy RIL_queryMyChannelId channelid = 0
01-01 08:00:05.719741  1530  1532 E C2K_RIL : proxy getRILChannelCtxFromToken id=0, RIL_SUPPORT_CHANNELS=3
01-01 08:00:05.719767  1530  1532 E C2K_RILC: proxy RIL_queryMyChannelId channelid = 0
01-01 08:00:05.720869  1530  1532 E C2K_RILC: Send Response to RIL_SOCKET_1
01-01 08:00:05.721015  1530  1532 E C2K_RILC: proxy RIL_queryMyChannelId channelid = 0
01-01 08:00:05.721049  1530  1532 E C2K_RIL : proxy getRILChannelCtxFromToken id=0, RIL_SUPPORT_CHANNELS=3
01-01 08:00:05.721074  1530  1532 E C2K_RILC: proxy RIL_queryMyChannelId channelid = 0
01-01 08:00:05.722870  1530  1532 E C2K_RILC: proxy RIL_queryMyChannelId channelid = 0
01-01 08:00:05.722944  1530  1532 E C2K_RIL : proxy getRILChannelCtxFromToken id=0, RIL_SUPPORT_CHANNELS=3
01-01 08:00:05.722971  1530  1532 E C2K_RILC: proxy RIL_queryMyChannelId channelid = 0
01-01 08:00:05.724664  1530  1532 E C2K_RILC: proxy RIL_queryMyChannelId channelid = 0
01-01 08:00:05.724733  1530  1532 E C2K_RIL : proxy getRILChannelCtxFromToken id=0, RIL_SUPPORT_CHANNELS=3
01-01 08:00:05.724760  1530  1532 E C2K_RILC: proxy RIL_queryMyChannelId channelid = 0
01-01 08:00:05.726174  1530  1532 E C2K_RILC: proxy RIL_queryMyChannelId channelid = 0
01-01 08:00:05.726244  1530  1532 E C2K_RIL : proxy getRILChannelCtxFromToken id=0, RIL_SUPPORT_CHANNELS=3
01-01 08:00:05.726270  1530  1532 E C2K_RILC: proxy RIL_queryMyChannelId channelid = 0
01-01 08:00:05.727701  1530  1532 E C2K_RILC: Send Response to RIL_SOCKET_1
01-01 08:00:05.727838  1530  1532 E C2K_RILC: proxy RIL_queryMyChannelId channelid = 0
01-01 08:00:05.727876  1530  1532 E C2K_RILC: Send Response to RIL_SOCKET_1
01-01 08:00:05.727925  1530  1532 E C2K_RILC: Send Response to RIL_SOCKET_1
01-01 08:00:05.727982  1530  1532 E C2K_RILC: proxy RIL_queryMyChannelId channelid = 0
01-01 08:00:05.728010  1530  1532 E C2K_RIL : proxy getRILChannelCtxFromToken id=0, RIL_SUPPORT_CHANNELS=3
01-01 08:00:05.728035  1530  1532 E C2K_RILC: proxy RIL_queryMyChannelId channelid = 0
01-01 08:00:05.729231  1530  1532 E C2K_RILC: Send Response to RIL_SOCKET_1
01-01 08:00:05.774956  2181  2181 E PhoneBase: Error! This function should never be executed, inactive CDMAPhone.
01-01 08:00:05.842803  1530  1532 E C2K_RILC: Send Response to RIL_SOCKET_1
01-01 08:00:05.855088  2181  2181 E IccCardProxy: setExternalState: !override and newstate unchanged from NOT_READY (slot 0)
01-01 08:00:05.858081  1120  1137 E RILC    : Send Response to RIL_SOCKET_2
01-01 08:00:06.087774  2181  2181 E GsmSST  : [GsmSST10] handlePollStateResult cancelPollState due to RADIO_NOT_AVAILABLE
01-01 08:00:06.087855  2181  2181 E GsmSST  : [GsmSST10] handlePollStateResult return due to (ar.userObj != mPollingContext)
01-01 08:00:06.087898  2181  2181 E GsmSST  : [GsmSST10] handlePollStateResult return due to (ar.userObj != mPollingContext)
01-01 08:00:06.088401  2181  2181 E GsmSST  : [GsmSST10] handlePollStateResult return due to (ar.userObj != mPollingContext)
01-01 08:00:06.132559  2181  2181 E GsmSST  : [GsmSST1] handlePollStateResult cancelPollState due to RADIO_NOT_AVAILABLE
01-01 08:00:06.132631  2181  2181 E GsmSST  : [GsmSST1] handlePollStateResult return due to (ar.userObj != mPollingContext)
01-01 08:00:06.132672  2181  2181 E GsmSST  : [GsmSST1] handlePollStateResult return due to (ar.userObj != mPollingContext)
01-01 08:00:06.132853  2181  2181 E GsmSST  : [GsmSST1] handlePollStateResult return due to (ar.userObj != mPollingContext)
01-01 08:00:06.181958  1120  1133 E RIL     : IA: defineAttachApnIfIACacheExisted empty IA property
01-01 08:00:06.197901  1530  1532 E C2K_RILC: Send Response to RIL_SOCKET_1
01-01 08:00:06.198034  1530  1532 E C2K_RILC: Send Response to RIL_SOCKET_1
01-01 08:00:06.198081  1530  1532 E C2K_RILC: Send Response to RIL_SOCKET_1
01-01 08:00:06.198118  1530  1532 E C2K_RILC: Send Response to RIL_SOCKET_1
01-01 08:00:06.198184  1530  1532 E C2K_RILC: proxy RIL_queryMyChannelId channelid = 0
01-01 08:00:06.198214  1530  1532 E C2K_RIL : proxy getRILChannelCtxFromToken id=0, RIL_SUPPORT_CHANNELS=3
01-01 08:00:06.198240  1530  1532 E C2K_RILC: proxy RIL_queryMyChannelId channelid = 0
01-01 08:00:06.199504  1530  1532 E C2K_RILC: proxy RIL_queryMyChannelId channelid = 0
01-01 08:00:06.199568  1530  1532 E C2K_RIL : proxy getRILChannelCtxFromToken id=0, RIL_SUPPORT_CHANNELS=3
01-01 08:00:06.199592  1530  1532 E C2K_RILC: proxy RIL_queryMyChannelId channelid = 0
01-01 08:00:06.200763  1530  1538 E C2K_RIL : Unhandled unsolicited result code: OK
01-01 08:00:06.273935  1120  1146 E RILC    : Send Response to rild-mal
01-01 08:00:06.274006  1120  1146 E RILC    : Send Response to RIL_SOCKET_1
01-01 08:00:06.274161  1120  1146 E RIL     : Unhandled unsolicited result code: ^MODE:0,0
01-01 08:00:06.294992  1120  1146 E RILC    : Send Response to rild-mal
01-01 08:00:06.295057  1120  1146 E RILC    : Send Response to RIL_SOCKET_1
01-01 08:00:06.295270  1120  1133 E RILC    : Send Response to rild-mal
01-01 08:00:06.295314  1120  1133 E RILC    : Send Response to RIL_SOCKET_1
01-01 08:00:06.295382  1120  1133 E         : Send Response to rild-ims
01-01 08:00:06.295450  1120  1133 E RILC    : Send Response to rild-mal
01-01 08:00:06.295489  1120  1133 E RILC    : Send Response to RIL_SOCKET_1
01-01 08:00:06.295733  1120  1146 E RIL     : Unhandled unsolicited result code: ^MODE:0,0
01-01 08:00:06.297153  1120  1133 E RILC    : Send Response to rild-mal
01-01 08:00:06.297239  1120  1133 E RILC    : Send Response to RIL_SOCKET_1
01-01 08:00:06.297327  1120  1133 E RILC    : Send Response to RIL_SOCKET_1
01-01 08:00:06.302023  1120  1133 E RIL     : IA: defineAttachApnIfIACacheExisted empty IA property
01-01 08:00:06.311035  1530  1532 E C2K_RILC: Send Response to RIL_SOCKET_1
01-01 08:00:06.312013  1530  1538 E C2K_RILC: Send Response to RIL_SOCKET_1
01-01 08:00:06.329616  1120  1133 E RILC    : Send Response to RIL_SOCKET_1
01-01 08:00:06.356518  1530  1532 E C2K_RILC: Send Response to RIL_SOCKET_1
01-01 08:00:06.356982  1530  1532 E C2K_RILC: proxy RIL_queryMyChannelId channelid = 0
01-01 08:00:06.357035  1530  1532 E C2K_RIL : proxy getRILChannelCtxFromToken id=0, RIL_SUPPORT_CHANNELS=3
01-01 08:00:06.357059  1530  1532 E C2K_RILC: proxy RIL_queryMyChannelId channelid = 0
01-01 08:00:06.358273  1530  1532 E C2K_RILC: Send Response to RIL_SOCKET_1
01-01 08:00:06.358385  1530  1532 E C2K_RILC: proxy RIL_queryMyChannelId channelid = 0
01-01 08:00:06.358419  1530  1532 E C2K_RIL : proxy getRILChannelCtxFromToken id=0, RIL_SUPPORT_CHANNELS=3
01-01 08:00:06.358443  1530  1532 E C2K_RILC: proxy RIL_queryMyChannelId channelid = 0
01-01 08:00:06.358825  1530  1534 E C2K_RILC: Send Response to RIL_SOCKET_1
01-01 08:00:06.359522  1530  1532 E C2K_RILC: Send Response to RIL_SOCKET_1
01-01 08:00:06.359597  1530  1532 E C2K_RILC: Send Response to RIL_SOCKET_1
01-01 08:00:06.360179  1530  1532 E C2K_RILC: proxy RIL_queryMyChannelId channelid = 0
01-01 08:00:06.360226  1530  1532 E C2K_RIL : proxy getRILChannelCtxFromToken id=0, RIL_SUPPORT_CHANNELS=3
01-01 08:00:06.360251  1530  1532 E C2K_RILC: proxy RIL_queryMyChannelId channelid = 0
01-01 08:00:06.361006  1530  1532 E C2K_RILC: Send Response to RIL_SOCKET_1
01-01 08:00:06.361093  1530  1532 E C2K_RILC: proxy RIL_queryMyChannelId channelid = 0
01-01 08:00:06.361123  1530  1532 E C2K_RIL : proxy getRILChannelCtxFromToken id=0, RIL_SUPPORT_CHANNELS=3
01-01 08:00:06.361157  1530  1532 E C2K_RILC: proxy RIL_queryMyChannelId channelid = 0
01-01 08:00:06.362106  1530  1532 E C2K_RILC: Send Response to RIL_SOCKET_1
01-01 08:00:06.362198  1530  1532 E C2K_RILC: Send Response to RIL_SOCKET_1
01-01 08:00:06.362534  1530  1532 E C2K_RILC: Send Response to RIL_SOCKET_1
01-01 08:00:06.368025  1120  1131 E RILC    : Send Response to RIL_SOCKET_1
01-01 08:00:06.369067  1120  1131 E RIL     : it is short CREG CGREG
01-01 08:00:06.369124  1120  1131 E RIL     : rid: 0
01-01 08:00:06.369166  1120  1131 E RILC    : Send Response to RIL_SOCKET_1
01-01 08:00:06.371146  1120  1131 E RIL     : it is short CREG CGREG
01-01 08:00:06.371206  1120  1131 E RIL     : rid: 0
01-01 08:00:06.371253  1120  1131 E RILC    : Send Response to RIL_SOCKET_1
01-01 08:00:06.373158  1120  1131 E RILC    : Send Response to RIL_SOCKET_1
01-01 08:00:06.377568  1120  1131 E RILC    : Send Response to RIL_SOCKET_1
01-01 08:00:06.378883  1120  1133 E RILC    : Send Response to RIL_SOCKET_1
01-01 08:00:06.379492  1120  1132 E RILC    : Send Response to RIL_SOCKET_1
01-01 08:00:06.380494  1120  1131 E RIL     : it is short CREG CGREG
01-01 08:00:06.380567  1120  1131 E RIL     : rid: 0
01-01 08:00:06.380617  1120  1131 E RILC    : Send Response to RIL_SOCKET_1
01-01 08:00:06.380798  1530  1532 E C2K_RILC: Send Response to RIL_SOCKET_1
01-01 08:00:06.381119  1120  1132 E RILC    : Send Response to RIL_SOCKET_1
01-01 08:00:06.381540  1530  1532 E C2K_RILC: proxy RIL_queryMyChannelId channelid = 0
01-01 08:00:06.381589  1530  1532 E C2K_RIL : proxy getRILChannelCtxFromToken id=0, RIL_SUPPORT_CHANNELS=3
01-01 08:00:06.381650  1530  1532 E C2K_RILC: proxy RIL_queryMyChannelId channelid = 0
01-01 08:00:06.382733  1530  1532 E C2K_RILC: Send Response to RIL_SOCKET_1
01-01 08:00:06.382829  1530  1532 E C2K_RILC: proxy RIL_queryMyChannelId channelid = 0
01-01 08:00:06.382865  1530  1532 E C2K_RIL : proxy getRILChannelCtxFromToken id=0, RIL_SUPPORT_CHANNELS=3
01-01 08:00:06.382889  1530  1532 E C2K_RILC: proxy RIL_queryMyChannelId channelid = 0
01-01 08:00:06.383455  1120  1131 E RIL     : it is short CREG CGREG
01-01 08:00:06.383514  1120  1131 E RIL     : rid: 0
01-01 08:00:06.383568  1120  1131 E RILC    : Send Response to RIL_SOCKET_1
01-01 08:00:06.384011  1530  1532 E C2K_RILC: Send Response to RIL_SOCKET_1
01-01 08:00:06.385044  2181  2181 E RIL_ImsSms: IMS State query failed with exp com.android.internal.telephony.CommandException: REQUEST_NOT_SUPPORTED
01-01 08:00:06.385134  2181  2181 E GsmSST  : [GsmSST10] handlePollStateResult return due to (ar.userObj != mPollingContext)
01-01 08:00:06.385177  2181  2181 E GsmSST  : [GsmSST10] handlePollStateResult return due to (ar.userObj != mPollingContext)
01-01 08:00:06.385219  2181  2181 E GsmSST  : [GsmSST10] handlePollStateResult return due to (ar.userObj != mPollingContext)
01-01 08:00:06.385264  2181  2181 E GsmSST  : [GsmSST10] handlePollStateResult return due to (ar.userObj != mPollingContext)
01-01 08:00:06.385306  2181  2181 E GsmSST  : [GsmSST10] handlePollStateResult return due to (ar.userObj != mPollingContext)
01-01 08:00:06.385657  2181  2181 E GsmSST  : [GsmSST10] handlePollStateResult return due to (ar.userObj != mPollingContext)
01-01 08:00:06.389467  1120  1131 E RILC    : Send Response to RIL_SOCKET_1
01-01 08:00:06.393425  1120  1131 E RILC    : Send Response to RIL_SOCKET_1
01-01 08:00:06.395465  1120  1131 E RIL     : it is short CREG CGREG
01-01 08:00:06.395524  1120  1131 E RIL     : rid: 0
01-01 08:00:06.395570  1120  1131 E RILC    : Send Response to RIL_SOCKET_1
01-01 08:00:06.397404  1120  1131 E RIL     : it is short CREG CGREG
01-01 08:00:06.397452  1120  1131 E RIL     : rid: 0
01-01 08:00:06.397501  1120  1131 E RILC    : Send Response to RIL_SOCKET_1
01-01 08:00:06.399417  1120  1131 E RILC    : Send Response to RIL_SOCKET_1
01-01 08:00:06.400448  1120  1131 E RILC    : Send Response to RIL_SOCKET_1
01-01 08:00:06.406383  2181  2181 E PHONE   : [ServiceState] setState deprecated use setVoiceRegState()
01-01 08:00:06.406995  2181  2181 E GsmSST  : [GsmSST10] handlePollStateResult return due to (ar.userObj != mPollingContext)
01-01 08:00:06.433683  2181  2181 E GsmSST  : [GsmSST10] handlePollStateResult return due to (ar.userObj != mPollingContext)
01-01 08:00:06.434167  2181  2181 E PHONE   : [ServiceState] setState deprecated use setVoiceRegState()
01-01 08:00:07.317576  1530  1538 E C2K_RILC: Send Response to RIL_SOCKET_1
01-01 08:00:07.318142  1530  1538 E C2K_RILC: Send Response to RIL_SOCKET_1
01-01 08:00:07.318255  1530  1538 E C2K_RILC: Send Response to RIL_SOCKET_1
01-01 08:00:07.323498  1530  1532 E C2K_RILC: Send Response to RIL_SOCKET_1
01-01 08:00:07.324084  1530  1532 E C2K_RILC: proxy RIL_queryMyChannelId channelid = 0
01-01 08:00:07.324133  1530  1532 E C2K_RIL : proxy getRILChannelCtxFromToken id=0, RIL_SUPPORT_CHANNELS=3
01-01 08:00:07.324158  1530  1532 E C2K_RILC: proxy RIL_queryMyChannelId channelid = 0
01-01 08:00:07.325678  1530  1532 E C2K_RILC: Send Response to RIL_SOCKET_1
01-01 08:00:07.325766  1530  1532 E C2K_RILC: proxy RIL_queryMyChannelId channelid = 0
01-01 08:00:07.325795  1530  1532 E C2K_RIL : proxy getRILChannelCtxFromToken id=0, RIL_SUPPORT_CHANNELS=3
01-01 08:00:07.325820  1530  1532 E C2K_RILC: proxy RIL_queryMyChannelId channelid = 0
01-01 08:00:07.326047  2181  2181 E PHONE   : [ServiceState] setState deprecated use setVoiceRegState()
01-01 08:00:07.326848  1530  1532 E C2K_RILC: Send Response to RIL_SOCKET_1
01-01 08:00:07.608124  1530  1538 E C2K_RILC: Send Response to RIL_SOCKET_1
01-01 08:00:07.609071  1530  1538 E C2K_RILC: Send Response to RIL_SOCKET_1
01-01 08:00:07.609166  1530  1538 E C2K_RILC: Send Response to RIL_SOCKET_1
01-01 08:00:07.609238  1530  1538 E C2K_RILC: Send Response to RIL_SOCKET_1
01-01 08:00:07.651877  2181  2181 E SmsApplication: com.mediatek.datatransfer does not have system signature
01-01 08:00:07.652135  2181  2181 E SmsApplication: com.mediatek.apst.target does not have system signature
01-01 08:00:07.652314  2181  2181 E SmsApplication: com.mediatek.ppl does not have system signature
01-01 08:00:07.652474  2181  2181 E SmsApplication: com.mediatek.backuprestore does not have system signature
01-01 08:00:07.652633  2181  2181 E SmsApplication: com.mediatek.rcs.messageservice does not have system signature
01-01 08:00:07.652785  2181  2181 E SmsApplication: com.mediatek.esntrack does not have system signature
01-01 08:00:07.671978  2181  2181 E SmsApplication: com.mediatek.datatransfer does not have system signature
01-01 08:00:07.672191  2181  2181 E SmsApplication: com.mediatek.apst.target does not have system signature
01-01 08:00:07.672366  2181  2181 E SmsApplication: com.mediatek.ppl does not have system signature
01-01 08:00:07.672530  2181  2181 E SmsApplication: com.mediatek.backuprestore does not have system signature
01-01 08:00:07.672692  2181  2181 E SmsApplication: com.mediatek.rcs.messageservice does not have system signature
01-01 08:00:07.672865  2181  2181 E SmsApplication: com.mediatek.esntrack does not have system signature
01-01 08:00:07.683241  2181  2181 E SmsApplication: com.mediatek.datatransfer does not have system signature
01-01 08:00:07.683471  2181  2181 E SmsApplication: com.mediatek.apst.target does not have system signature
01-01 08:00:07.683666  2181  2181 E SmsApplication: com.mediatek.ppl does not have system signature
01-01 08:00:07.683838  2181  2181 E SmsApplication: com.mediatek.backuprestore does not have system signature
01-01 08:00:07.684011  2181  2181 E SmsApplication: com.mediatek.rcs.messageservice does not have system signature
01-01 08:00:07.684187  2181  2181 E SmsApplication: com.mediatek.esntrack does not have system signature
01-01 08:00:07.695918  2181  2181 E SmsApplication: com.mediatek.datatransfer does not have system signature
01-01 08:00:07.696114  2181  2181 E SmsApplication: com.mediatek.apst.target does not have system signature
01-01 08:00:07.696283  2181  2181 E SmsApplication: com.mediatek.ppl does not have system signature
01-01 08:00:07.696445  2181  2181 E SmsApplication: com.mediatek.backuprestore does not have system signature
01-01 08:00:07.696608  2181  2181 E SmsApplication: com.mediatek.rcs.messageservice does not have system signature
01-01 08:00:07.696765  2181  2181 E SmsApplication: com.mediatek.esntrack does not have system signature
01-01 08:00:07.708984  2181  2181 E SmsApplication: com.mediatek.datatransfer does not have system signature
01-01 08:00:07.709524  2181  2181 E SmsApplication: com.mediatek.apst.target does not have system signature
01-01 08:00:07.709990  2181  2181 E SmsApplication: com.mediatek.ppl does not have system signature
01-01 08:00:07.710782  2181  2181 E SmsApplication: com.mediatek.backuprestore does not have system signature
01-01 08:00:07.711116  2181  2181 E SmsApplication: com.mediatek.rcs.messageservice does not have system signature
01-01 08:00:07.711470  2181  2181 E SmsApplication: com.mediatek.esntrack does not have system signature
01-01 08:00:07.730111  2181  2181 E SmsApplication: com.mediatek.datatransfer does not have system signature
01-01 08:00:07.730351  2181  2181 E SmsApplication: com.mediatek.apst.target does not have system signature
01-01 08:00:07.730531  2181  2181 E SmsApplication: com.mediatek.ppl does not have system signature
01-01 08:00:07.730705  2181  2181 E SmsApplication: com.mediatek.backuprestore does not have system signature
01-01 08:00:07.730876  2181  2181 E SmsApplication: com.mediatek.rcs.messageservice does not have system signature
01-01 08:00:07.731047  2181  2181 E SmsApplication: com.mediatek.esntrack does not have system signature
01-01 08:00:07.752993  2181  2181 E SmsApplication: com.mediatek.datatransfer does not have system signature
01-01 08:00:07.753272  2181  2181 E SmsApplication: com.mediatek.apst.target does not have system signature
01-01 08:00:07.753471  2181  2181 E SmsApplication: com.mediatek.ppl does not have system signature
01-01 08:00:07.753651  2181  2181 E SmsApplication: com.mediatek.backuprestore does not have system signature
01-01 08:00:07.753853  2181  2181 E SmsApplication: com.mediatek.rcs.messageservice does not have system signature
01-01 08:00:07.754036  2181  2181 E SmsApplication: com.mediatek.esntrack does not have system signature
01-01 08:00:07.758514  1530  1532 E C2K_RILC: Send Response to RIL_SOCKET_1
01-01 08:00:07.759486  1530  1532 E C2K_RILC: proxy RIL_queryMyChannelId channelid = 0
01-01 08:00:07.759542  1530  1532 E C2K_RIL : proxy getRILChannelCtxFromToken id=0, RIL_SUPPORT_CHANNELS=3
01-01 08:00:07.759567  1530  1532 E C2K_RILC: proxy RIL_queryMyChannelId channelid = 0
01-01 08:00:07.761798  1530  1532 E C2K_RILC: Send Response to RIL_SOCKET_1
01-01 08:00:07.761891  1530  1532 E C2K_RILC: proxy RIL_queryMyChannelId channelid = 0
01-01 08:00:07.761921  1530  1532 E C2K_RIL : proxy getRILChannelCtxFromToken id=0, RIL_SUPPORT_CHANNELS=3
01-01 08:00:07.761948  1530  1532 E C2K_RILC: proxy RIL_queryMyChannelId channelid = 0
01-01 08:00:07.763598  1530  1532 E C2K_RILC: Send Response to RIL_SOCKET_1
01-01 08:00:07.763692  1530  1532 E C2K_RILC: Send Response to RIL_SOCKET_1
01-01 08:00:07.763742  1530  1532 E C2K_RILC: proxy RIL_queryMyChannelId channelid = 0
01-01 08:00:07.763772  1530  1532 E C2K_RIL : proxy getRILChannelCtxFromToken id=0, RIL_SUPPORT_CHANNELS=3
01-01 08:00:07.763796  1530  1532 E C2K_RILC: proxy RIL_queryMyChannelId channelid = 0
01-01 08:00:07.765002  1530  1532 E C2K_RILC: Send Response to RIL_SOCKET_1
01-01 08:00:07.765102  1530  1532 E C2K_RILC: proxy RIL_queryMyChannelId channelid = 0
01-01 08:00:07.765134  1530  1532 E C2K_RIL : proxy getRILChannelCtxFromToken id=0, RIL_SUPPORT_CHANNELS=3
01-01 08:00:07.765158  1530  1532 E C2K_RILC: proxy RIL_queryMyChannelId channelid = 0
01-01 08:00:07.766872  1530  1532 E C2K_RILC: Send Response to RIL_SOCKET_1
01-01 08:00:07.778773  2181  2181 E PHONE   : [ServiceState] setState deprecated use setVoiceRegState()
01-01 08:00:08.018364  1530  1538 E C2K_RILC: Send Response to RIL_SOCKET_1
01-01 08:00:08.020097  1530  1532 E C2K_RILC: Send Response to RIL_SOCKET_1
01-01 08:00:08.020760  1530  1532 E C2K_RILC: proxy RIL_queryMyChannelId channelid = 0
01-01 08:00:08.020816  1530  1532 E C2K_RIL : proxy getRILChannelCtxFromToken id=0, RIL_SUPPORT_CHANNELS=3
01-01 08:00:08.020866  1530  1532 E C2K_RILC: proxy RIL_queryMyChannelId channelid = 0
01-01 08:00:08.022214  1530  1532 E C2K_RILC: Send Response to RIL_SOCKET_1
01-01 08:00:08.022310  1530  1532 E C2K_RILC: proxy RIL_queryMyChannelId channelid = 0
01-01 08:00:08.022342  1530  1532 E C2K_RIL : proxy getRILChannelCtxFromToken id=0, RIL_SUPPORT_CHANNELS=3
01-01 08:00:08.022376  1530  1532 E C2K_RILC: proxy RIL_queryMyChannelId channelid = 0
01-01 08:00:08.022631  2181  2181 E PHONE   : [ServiceState] setState deprecated use setVoiceRegState()
01-01 08:00:08.023505  1530  1532 E C2K_RILC: Send Response to RIL_SOCKET_1
01-01 08:00:08.354556  1530  1532 E C2K_RILC: proxy RIL_queryMyChannelId channelid = 0
01-01 08:00:08.354656  1530  1532 E C2K_RIL : proxy getRILChannelCtxFromToken id=0, RIL_SUPPORT_CHANNELS=3
01-01 08:00:08.354693  1530  1532 E C2K_RILC: proxy RIL_queryMyChannelId channelid = 0
01-01 08:00:08.368553  1530  1532 E C2K_RILC: Send Response to RIL_SOCKET_1
01-01 08:00:08.375161  1120  1146 E RILC    : Send Response to rild-mal
01-01 08:00:08.375245  1120  1146 E RILC    : Send Response to RIL_SOCKET_1
01-01 08:00:08.375410  1120  1146 E RILC    : Send Response to rild-mal
01-01 08:00:08.375467  1120  1146 E RILC    : Send Response to RIL_SOCKET_1
01-01 08:00:08.375544  1120  1146 E RILC    : Send Response to rild-mal
01-01 08:00:08.375593  1120  1146 E RILC    : Send Response to RIL_SOCKET_1
01-01 08:00:08.375735  2181  2600 E RILJ    : Exception processing unsol response: 3009Exception:java.lang.RuntimeException: Unrecognized unsol response: 3009
01-01 08:00:08.375739  1120  1146 E RIL     : Unhandled unsolicited result code: ^MODE:0,0
01-01 08:00:08.383150  1120  1131 E RILC    : Send Response to RIL_SOCKET_1
01-01 08:00:08.384625  2181  2181 E GsmSST  : [GsmSST10] handlePollStateResult return due to (ar.userObj != mPollingContext)
01-01 08:00:08.386663  1120  1131 E RIL     : it is short CREG CGREG
01-01 08:00:08.386731  1120  1131 E RIL     : rid: 0
01-01 08:00:08.386789  1120  1131 E RILC    : Send Response to RIL_SOCKET_1
01-01 08:00:08.387155  2181  2181 E GsmSST  : [GsmSST10] handlePollStateResult return due to (ar.userObj != mPollingContext)
01-01 08:00:08.389123  1120  1133 E RILC    : Send Response to RIL_SOCKET_1
01-01 08:00:08.389535  1120  1146 E RILC    : Send Response to rild-mal
01-01 08:00:08.389616  1120  1146 E RILC    : Send Response to RIL_SOCKET_1
01-01 08:00:08.389785  1120  1146 E RIL     : Unhandled unsolicited result code: ^MODE:0,0
01-01 08:00:08.390416  1120  1131 E RIL     : it is short CREG CGREG
01-01 08:00:08.390484  1120  1131 E RIL     : rid: 0
01-01 08:00:08.390551  1120  1131 E RILC    : Send Response to RIL_SOCKET_1
01-01 08:00:08.392369  1120  1131 E RILC    : Send Response to RIL_SOCKET_1
01-01 08:00:08.396529  1120  1131 E RIL     : EOPS got invalid plmn response
01-01 08:00:08.396619  1120  1131 E RILC    : Send Response to RIL_SOCKET_1
01-01 08:00:08.399811  1120  1131 E RIL     : it is short CREG CGREG
01-01 08:00:08.399890  1120  1131 E RIL     : rid: 0
01-01 08:00:08.399950  1120  1131 E RILC    : Send Response to RIL_SOCKET_1
01-01 08:00:08.402616  1120  1131 E RIL     : it is short CREG CGREG
01-01 08:00:08.402693  1120  1131 E RIL     : rid: 0
01-01 08:00:08.402762  1120  1131 E RILC    : Send Response to RIL_SOCKET_1
01-01 08:00:08.404540  2181  2181 E GsmSST  : [GsmSST10] handlePollStateResult return due to (ar.userObj != mPollingContext)
01-01 08:00:08.404647  2181  2181 E GsmSST  : [GsmSST10] handlePollStateResult return due to (ar.userObj != mPollingContext)
01-01 08:00:08.404710  2181  2181 E GsmSST  : [GsmSST10] handlePollStateResult return due to (ar.userObj != mPollingContext)
01-01 08:00:08.404772  2181  2181 E GsmSST  : [GsmSST10] handlePollStateResult return due to (ar.userObj != mPollingContext)
01-01 08:00:08.404904  1120  1131 E RILC    : Send Response to RIL_SOCKET_1
01-01 08:00:08.405141  2181  2181 E GsmSST  : [GsmSST10] handlePollStateResult return due to (ar.userObj != mPollingContext)
01-01 08:00:08.406861  2181  2181 E GsmSST  : [GsmSST10] handlePollStateResult return due to (ar.userObj != mPollingContext)
01-01 08:00:08.411853  1120  1131 E RIL     : EOPS got invalid plmn response
01-01 08:00:08.411944  1120  1131 E RILC    : Send Response to RIL_SOCKET_1
01-01 08:00:08.414462  1120  1131 E RIL     : it is short CREG CGREG
01-01 08:00:08.414558  1120  1131 E RIL     : rid: 0
01-01 08:00:08.414632  1120  1131 E RILC    : Send Response to RIL_SOCKET_1
01-01 08:00:08.419297  1120  1131 E RIL     : it is short CREG CGREG
01-01 08:00:08.419368  1120  1131 E RIL     : rid: 0
01-01 08:00:08.419438  1120  1131 E RILC    : Send Response to RIL_SOCKET_1
01-01 08:00:08.421110  1120  1131 E RILC    : Send Response to RIL_SOCKET_1
01-01 08:00:08.477967  1120  1132 E RILC    : Send Response to RIL_SOCKET_1
01-01 08:00:08.480534  1120  1138 E RILC    : Send Response to RIL_SOCKET_2
01-01 08:00:08.482311  2181  2181 E PHONE   : [ServiceState] setState deprecated use setVoiceRegState()
01-01 08:00:08.482985  1530  1532 E C2K_RILC: proxy RIL_queryMyChannelId channelid = 0
01-01 08:00:08.483042  1530  1532 E C2K_RIL : proxy getRILChannelCtxFromToken id=0, RIL_SUPPORT_CHANNELS=3
01-01 08:00:08.483071  1530  1532 E C2K_RILC: proxy RIL_queryMyChannelId channelid = 0
01-01 08:00:08.516203  1120  1139 E RILC    : Send Response to RIL_SOCKET_2
01-01 08:00:08.518445  2181  2181 E UiccCard: App index 8 is invalid since there are no applications (phoneId 1)
01-01 08:00:08.518526  2181  2181 E UiccCard: App index 8 is invalid since there are no applications (phoneId 1)
01-01 08:00:08.518556  2181  2181 E UiccCard: App index 8 is invalid since there are no applications (phoneId 1)
01-01 08:00:08.520540  2181  2181 E IccCardProxy: setExternalState: set mPhoneId=1 mExternalState=ABSENT (slot 1)
01-01 08:00:08.531418  2181  2181 E IccCardProxy: setExternalState: !override and newstate unchanged from ABSENT (slot 1)
01-01 08:00:13.524099  1530  1532 E C2K_RILC: Send Response to RIL_SOCKET_1
01-01 08:00:13.524272  1530  1538 E C2K_RILC: Send Response to RIL_SOCKET_1
01-01 08:00:13.524474  1530  1532 E C2K_RILC: proxy RIL_queryMyChannelId channelid = 0
01-01 08:00:13.524725  1530  1532 E C2K_RIL : proxy getRILChannelCtxFromToken id=0, RIL_SUPPORT_CHANNELS=3
01-01 08:00:13.524752  1530  1532 E C2K_RILC: proxy RIL_queryMyChannelId channelid = 0
01-01 08:00:13.525344  1530  1538 E C2K_RILC: Send Response to RIL_SOCKET_1
01-01 08:00:13.525458  1530  1538 E C2K_RILC: Send Response to RIL_SOCKET_1
01-01 08:00:13.525551  1530  1538 E C2K_RILC: Send Response to RIL_SOCKET_1
01-01 08:00:13.525600  1530  1538 E C2K_RILC: Send Response to RIL_SOCKET_1
01-01 08:00:13.527804  1530  1532 E C2K_RILC: Send Response to RIL_SOCKET_1
01-01 08:00:13.531498  1530  1532 E C2K_RILC: Send Response to RIL_SOCKET_1
01-01 08:00:13.532846  1530  1532 E C2K_RILC: proxy RIL_queryMyChannelId channelid = 0
01-01 08:00:13.532942  1530  1532 E C2K_RIL : proxy getRILChannelCtxFromToken id=0, RIL_SUPPORT_CHANNELS=3
01-01 08:00:13.532970  1530  1532 E C2K_RILC: proxy RIL_queryMyChannelId channelid = 0
01-01 08:00:13.534742  1530  1532 E C2K_RILC: Send Response to RIL_SOCKET_1
01-01 08:00:13.534868  1530  1532 E C2K_RILC: proxy RIL_queryMyChannelId channelid = 0
01-01 08:00:13.534902  1530  1532 E C2K_RIL : proxy getRILChannelCtxFromToken id=0, RIL_SUPPORT_CHANNELS=3
01-01 08:00:13.534929  1530  1532 E C2K_RILC: proxy RIL_queryMyChannelId channelid = 0
01-01 08:00:13.536474  1530  1532 E C2K_RILC: Send Response to RIL_SOCKET_1
01-01 08:00:13.546121  2181  2181 E PHONE   : [ServiceState] setState deprecated use setVoiceRegState()
01-01 08:00:13.546678  1120  1133 E RILC    : Send Response to RIL_SOCKET_1
01-01 08:00:13.789707  1120  1133 E RILC    : Send Response to RIL_SOCKET_1
01-01 08:00:13.790439  2181  2181 E UiccCard: update, but appType: APPTYPE_UNKNOWN (phoneId 0)
01-01 08:00:13.790658  2181  2181 E UiccCard: App index 8 is invalid since there are no applications (phoneId 0)
01-01 08:00:13.795762  2181  2181 E IccCardProxy: setExternalState: set mPhoneId=0 mExternalState=ABSENT (slot 0)
01-01 08:00:13.804161  2181  2181 E IccCardProxy: setExternalState: !override and newstate unchanged from ABSENT (slot 0)
01-01 08:00:13.818171  1530  1532 E C2K_RILC: Send Response to RIL_SOCKET_1
01-01 08:00:13.822282  2181  2181 E UiccCard: update, but appType: APPTYPE_UNKNOWN (phoneId 0)
01-01 08:00:13.822481  2181  2181 E UiccCard: App index 8 is invalid since there are no applications (phoneId 0)
01-01 08:00:13.824248  2181  2181 E IccCardProxy: setExternalState: !override and newstate unchanged from ABSENT (slot 0)
01-01 08:00:14.188627  1530  1532 E C2K_RILC: Send Response to RIL_SOCKET_1
01-01 08:00:14.189154  2181  2181 E UiccCard: update, but appType: APPTYPE_UNKNOWN (phoneId 0)
01-01 08:00:14.189368  2181  2181 E UiccCard: App index 8 is invalid since there are no applications (phoneId 0)
01-01 08:00:14.190402  2181  2181 E IccCardProxy: setExternalState: !override and newstate unchanged from ABSENT (slot 0)
01-01 08:00:14.195136  1530  1532 E C2K_RILC: Send Response to RIL_SOCKET_1
01-01 08:00:14.195717  2181  2181 E UiccCard: update, but appType: APPTYPE_UNKNOWN (phoneId 0)
01-01 08:00:14.195903  2181  2181 E UiccCard: App index 8 is invalid since there are no applications (phoneId 0)
01-01 08:00:14.196833  2181  2181 E IccCardProxy: setExternalState: !override and newstate unchanged from ABSENT (slot 0)
01-01 08:00:14.200841  1530  1532 E C2K_RILC: Send Response to RIL_SOCKET_1
01-01 08:00:14.201321  2181  2181 E UiccCard: update, but appType: APPTYPE_UNKNOWN (phoneId 0)
01-01 08:00:14.201496  2181  2181 E UiccCard: App index 8 is invalid since there are no applications (phoneId 0)
01-01 08:00:14.202420  2181  2181 E IccCardProxy: setExternalState: !override and newstate unchanged from ABSENT (slot 0)
01-01 08:00:14.259980  3385  3385 E SmsManager: FAIL! intial mOnlyOwnerSimSupport
01-01 08:00:14.414037  1120  1133 E RILC    : Send Response to RIL_SOCKET_1
01-01 08:00:14.415151  2181  2181 E UiccCard: update, but appType: APPTYPE_UNKNOWN (phoneId 0)
01-01 08:00:14.415716  2181  2181 E UiccCard: App index 8 is invalid since there are no applications (phoneId 0)
01-01 08:00:14.416675  1120  1133 E RILC    : Send Response to RIL_SOCKET_1
01-01 08:00:14.418460  2181  2181 E IccCardProxy: setExternalState: !override and newstate unchanged from ABSENT (slot 0)
01-01 08:00:14.423353  2181  2181 E UiccCard: update, but appType: APPTYPE_UNKNOWN (phoneId 0)
01-01 08:00:14.423859  2181  2181 E UiccCard: App index 8 is invalid since there are no applications (phoneId 0)
