01-01 08:00:14.426328  2181  2181 E IccCardProxy: setExternalState: !override and newstate unchanged from ABSENT (slot 0)
01-01 08:00:14.450958  1530  1532 E C2K_RILC: Send Response to RIL_SOCKET_1
01-01 08:00:14.452007  2181  2181 E UiccCard: update, but appType: APPTYPE_UNKNOWN (phoneId 0)
01-01 08:00:14.452581  2181  2181 E UiccCard: App index 8 is invalid since there are no applications (phoneId 0)
01-01 08:00:14.455332  2181  2181 E IccCardProxy: setExternalState: !override and newstate unchanged from ABSENT (slot 0)
01-01 08:00:15.581252  1530  1532 E C2K_RILC: proxy RIL_queryMyChannelId channelid = 0
01-01 08:00:15.581311  1530  1532 E C2K_RIL : proxy getRILChannelCtxFromToken id=0, RIL_SUPPORT_CHANNELS=3
01-01 08:00:15.581337  1530  1532 E C2K_RILC: proxy RIL_queryMyChannelId channelid = 0
01-01 08:00:15.599210  1120  1137 E RILC    : Send Response to RIL_SOCKET_2
01-01 08:00:15.600414  1120  1131 E RILC    : Send Response to RIL_SOCKET_1
01-01 08:00:15.608755  1530  1532 E C2K_RILC: proxy RIL_queryMyChannelId channelid = 0
01-01 08:00:15.608811  1530  1532 E C2K_RIL : proxy getRILChannelCtxFromToken id=0, RIL_SUPPORT_CHANNELS=3
01-01 08:00:15.608835  1530  1532 E C2K_RILC: proxy RIL_queryMyChannelId channelid = 0
01-01 08:00:15.610912  1530  1532 E C2K_RILC: proxy RIL_queryMyChannelId channelid = 0
01-01 08:00:15.610975  1530  1532 E C2K_RIL : proxy getRILChannelCtxFromToken id=0, RIL_SUPPORT_CHANNELS=3
01-01 08:00:15.611000  1530  1532 E C2K_RILC: proxy RIL_queryMyChannelId channelid = 0
01-01 08:00:15.612831  1530  1532 E C2K_RILC: proxy RIL_queryMyChannelId channelid = 0
01-01 08:00:15.612891  1530  1532 E C2K_RIL : proxy getRILChannelCtxFromToken id=0, RIL_SUPPORT_CHANNELS=3
01-01 08:00:15.612915  1530  1532 E C2K_RILC: proxy RIL_queryMyChannelId channelid = 0
01-01 08:00:15.614301  1530  1532 E C2K_RILC: proxy RIL_queryMyChannelId channelid = 0
01-01 08:00:15.614369  1530  1532 E C2K_RIL : proxy getRILChannelCtxFromToken id=0, RIL_SUPPORT_CHANNELS=3
01-01 08:00:15.614396  1530  1532 E C2K_RILC: proxy RIL_queryMyChannelId channelid = 0
01-01 08:00:15.615450  1530  1532 E C2K_RILC: proxy RIL_queryMyChannelId channelid = 0
01-01 08:00:15.615503  1530  1532 E C2K_RIL : proxy getRILChannelCtxFromToken id=0, RIL_SUPPORT_CHANNELS=3
01-01 08:00:15.615529  1530  1532 E C2K_RILC: proxy RIL_queryMyChannelId channelid = 0
01-01 08:00:15.617287  1530  1532 E C2K_RILC: proxy RIL_queryMyChannelId channelid = 0
01-01 08:00:15.617338  1530  1532 E C2K_RIL : proxy getRILChannelCtxFromToken id=0, RIL_SUPPORT_CHANNELS=3
01-01 08:00:15.617365  1530  1532 E C2K_RILC: proxy RIL_queryMyChannelId channelid = 0
01-01 08:00:15.618885  1530  1532 E C2K_RILC: Send Response to RIL_SOCKET_1
01-01 08:00:15.862106  1530  1535 E C2K_RILC: unsupported request code 2061 token 133 socket_id 0
01-01 08:00:15.862207  1530  1535 E C2K_RILC: onRequestUnsupportComplete: unsupport token = 133
01-01 08:00:15.862242  1530  1535 E C2K_RILC: Send Response to RIL_SOCKET_1
01-01 08:00:15.937864  1530  1535 E C2K_RILC: unsupported request code 2061 token 134 socket_id 0
01-01 08:00:15.937944  1530  1535 E C2K_RILC: onRequestUnsupportComplete: unsupport token = 134
01-01 08:00:15.937972  1530  1535 E C2K_RILC: Send Response to RIL_SOCKET_1
01-01 08:00:19.008133  1530  1549 E C2K_RIL : readline: read error! line is 550
01-01 08:00:19.008546  1530  1538 E C2K_RIL : readline: read error! line is 550
01-01 08:00:19.008638  1530  1550 E C2K_RIL : readline: read error! line is 550
01-01 08:00:19.682874  1530  1538 E C2K_RIL : readline: read error! line is 550
01-01 08:00:19.682960  1530  1549 E C2K_RIL : readline: read error! line is 550
01-01 08:00:19.683024  1530  1550 E C2K_RIL : readline: read error! line is 550
01-01 08:00:21.604913  2181  2181 E SmsApplication: com.mediatek.datatransfer does not have system signature
01-01 08:00:21.605299  2181  2181 E SmsApplication: com.mediatek.apst.target does not have system signature
01-01 08:00:21.605589  2181  2181 E SmsApplication: com.mediatek.ppl does not have system signature
01-01 08:00:21.605846  2181  2181 E SmsApplication: com.mediatek.backuprestore does not have system signature
01-01 08:00:21.606105  2181  2181 E SmsApplication: com.mediatek.rcs.messageservice does not have system signature
01-01 08:00:21.606359  2181  2181 E SmsApplication: com.mediatek.esntrack does not have system signature
01-01 08:00:21.687626  2181  2181 E SmsApplication: com.mediatek.datatransfer does not have system signature
01-01 08:00:21.688083  2181  2181 E SmsApplication: com.mediatek.apst.target does not have system signature
01-01 08:00:21.688614  2181  2181 E SmsApplication: com.mediatek.ppl does not have system signature
01-01 08:00:21.688992  2181  2181 E SmsApplication: com.mediatek.backuprestore does not have system signature
01-01 08:00:21.689330  2181  2181 E SmsApplication: com.mediatek.rcs.messageservice does not have system signature
01-01 08:00:21.689672  2181  2181 E SmsApplication: com.mediatek.esntrack does not have system signature
01-01 08:00:21.746431  2181  2181 E SmsApplication: com.mediatek.datatransfer does not have system signature
01-01 08:00:21.746867  2181  2181 E SmsApplication: com.mediatek.apst.target does not have system signature
01-01 08:00:21.747227  2181  2181 E SmsApplication: com.mediatek.ppl does not have system signature
01-01 08:00:21.747588  2181  2181 E SmsApplication: com.mediatek.backuprestore does not have system signature
01-01 08:00:21.747924  2181  2181 E SmsApplication: com.mediatek.rcs.messageservice does not have system signature
01-01 08:00:21.748547  2181  2181 E SmsApplication: com.mediatek.esntrack does not have system signature
01-01 08:00:21.761403  1530  1550 E C2K_RIL : readline: read error! line is 550
01-01 08:00:21.762917  1530  1549 E C2K_RIL : readline: read error! line is 550
01-01 08:00:21.762984  1530  1538 E C2K_RIL : readline: read error! line is 550
01-01 08:00:21.797120  2181  2181 E SmsApplication: com.mediatek.datatransfer does not have system signature
01-01 08:00:21.797447  2181  2181 E SmsApplication: com.mediatek.apst.target does not have system signature
01-01 08:00:21.797732  2181  2181 E SmsApplication: com.mediatek.ppl does not have system signature
01-01 08:00:21.797991  2181  2181 E SmsApplication: com.mediatek.backuprestore does not have system signature
01-01 08:00:21.798372  2181  2181 E SmsApplication: com.mediatek.rcs.messageservice does not have system signature
01-01 08:00:21.798659  2181  2181 E SmsApplication: com.mediatek.esntrack does not have system signature
01-01 08:00:21.849856  2181  2181 E SmsApplication: com.mediatek.datatransfer does not have system signature
01-01 08:00:21.851355  2181  2181 E SmsApplication: com.mediatek.apst.target does not have system signature
01-01 08:00:21.851811  2181  2181 E SmsApplication: com.mediatek.ppl does not have system signature
01-01 08:00:21.852340  2181  2181 E SmsApplication: com.mediatek.backuprestore does not have system signature
01-01 08:00:21.852646  2181  2181 E SmsApplication: com.mediatek.rcs.messageservice does not have system signature
01-01 08:00:21.852903  2181  2181 E SmsApplication: com.mediatek.esntrack does not have system signature
01-01 08:00:38.007553  1530  1538 E C2K_RIL : readline: read error! line is 550
01-01 08:00:38.007565  1530  1550 E C2K_RIL : readline: read error! line is 550
01-01 08:00:38.007633  1530  1549 E C2K_RIL : readline: read error! line is 550
01-01 08:00:38.010186  1120  1146 E RILC    : Send Response to rild-mal
01-01 08:00:38.010288  1120  1146 E RILC    : Send Response to RIL_SOCKET_1
01-01 08:00:42.013915  1530  1549 E C2K_RIL : readline: read error! line is 550
01-01 08:00:42.013967  1530  1550 E C2K_RIL : readline: read error! line is 550
01-01 08:00:42.014031  1530  1538 E C2K_RIL : readline: read error! line is 550
01-01 08:00:42.016151  1120  1146 E RILC    : Send Response to rild-mal
01-01 08:00:42.016230  1120  1146 E RILC    : Send Response to RIL_SOCKET_1
01-01 08:00:52.008933  1530  1549 E C2K_RIL : readline: read error! line is 550
01-01 08:00:52.009043  1530  1538 E C2K_RIL : readline: read error! line is 550
01-01 08:00:52.009124  1530  1550 E C2K_RIL : readline: read error! line is 550
01-01 08:00:52.031333  1530  1532 E C2K_RILC: proxy RIL_queryMyChannelId channelid = 0
01-01 08:00:52.031453  1530  1532 E C2K_RIL : proxy getRILChannelCtxFromToken id=0, RIL_SUPPORT_CHANNELS=3
01-01 08:00:52.031484  1530  1532 E C2K_RILC: proxy RIL_queryMyChannelId channelid = 0
01-01 08:00:52.041792  1120  1152 E RILC    : Send Response to RIL_SOCKET_2
01-01 08:00:52.043409  1120  1146 E RILC    : Send Response to rild-mal
01-01 08:00:52.043492  1120  1146 E RILC    : Send Response to RIL_SOCKET_1
01-01 08:00:52.044391  1120  1152 E RILC    : Send Response to RIL_SOCKET_2
01-01 08:00:52.044519  1120  1152 E         : Send Response to rild-ims
01-01 08:00:52.044596  1120  1152 E RILC    : Send Response to RIL_SOCKET_2
01-01 08:00:52.045756  1120  1146 E RILC    : Send Response to rild-mal
01-01 08:00:52.045840  1120  1146 E RILC    : Send Response to RIL_SOCKET_1
01-01 08:00:52.045915  1120  1146 E         : Send Response to rild-ims
01-01 08:00:52.045994  1120  1146 E RILC    : Send Response to rild-mal
01-01 08:00:52.046042  1120  1146 E RILC    : Send Response to RIL_SOCKET_1
01-01 08:00:52.048277  2181  2224 E PHONE   : [ServiceState] setState deprecated use setVoiceRegState()
01-01 08:00:52.059033  1530  1532 E C2K_RILC: proxy RIL_queryMyChannelId channelid = 0
01-01 08:00:52.059119  1530  1532 E C2K_RIL : proxy getRILChannelCtxFromToken id=0, RIL_SUPPORT_CHANNELS=3
01-01 08:00:52.059151  1530  1532 E C2K_RILC: proxy RIL_queryMyChannelId channelid = 0
01-01 08:00:52.060657  1530  1532 E C2K_RILC: proxy RIL_queryMyChannelId channelid = 0
01-01 08:00:52.060743  1530  1532 E C2K_RIL : proxy getRILChannelCtxFromToken id=0, RIL_SUPPORT_CHANNELS=3
01-01 08:00:52.060776  1530  1532 E C2K_RILC: proxy RIL_queryMyChannelId channelid = 0
01-01 08:00:52.061785  1530  1532 E C2K_RILC: proxy RIL_queryMyChannelId channelid = 0
01-01 08:00:52.061854  1530  1532 E C2K_RIL : proxy getRILChannelCtxFromToken id=0, RIL_SUPPORT_CHANNELS=3
01-01 08:00:52.061886  1530  1532 E C2K_RILC: proxy RIL_queryMyChannelId channelid = 0
01-01 08:00:52.063123  1530  1532 E C2K_RILC: proxy RIL_queryMyChannelId channelid = 0
01-01 08:00:52.063201  1530  1532 E C2K_RIL : proxy getRILChannelCtxFromToken id=0, RIL_SUPPORT_CHANNELS=3
01-01 08:00:52.063231  1530  1532 E C2K_RILC: proxy RIL_queryMyChannelId channelid = 0
01-01 08:00:52.064176  1530  1532 E C2K_RILC: proxy RIL_queryMyChannelId channelid = 0
01-01 08:00:52.064247  1530  1532 E C2K_RIL : proxy getRILChannelCtxFromToken id=0, RIL_SUPPORT_CHANNELS=3
01-01 08:00:52.064277  1530  1532 E C2K_RILC: proxy RIL_queryMyChannelId channelid = 0
01-01 08:00:52.066959  1120  1137 E RIL     : Recevice an invalid value from modem for <rxlevel>
01-01 08:00:52.066975  1120  1131 E RILC    : Send Response to rild-mal
01-01 08:00:52.067057  1120  1137 E RIL     : updateSignalStrength ERROR: -1
01-01 08:00:52.067074  1120  1131 E RILC    : Send Response to RIL_SOCKET_1
01-01 08:00:52.067952  1530  1532 E C2K_RILC: proxy RIL_queryMyChannelId channelid = 0
01-01 08:00:52.068023  1530  1532 E C2K_RIL : proxy getRILChannelCtxFromToken id=0, RIL_SUPPORT_CHANNELS=3
01-01 08:00:52.068055  1530  1532 E C2K_RILC: proxy RIL_queryMyChannelId channelid = 0
01-01 08:00:52.070766  1530  1538 E C2K_RILC: Send Response to RIL_SOCKET_1
01-01 08:00:52.071698  1530  1538 E C2K_RILC: Send Response to RIL_SOCKET_1
01-01 08:00:52.072550  1530  1538 E C2K_RILC: Send Response to RIL_SOCKET_1
01-01 08:00:52.073514  1530  1538 E C2K_RILC: Send Response to RIL_SOCKET_1
01-01 08:00:52.074775  1530  1538 E C2K_RILC: Send Response to RIL_SOCKET_1
01-01 08:00:52.075829  1530  1538 E C2K_RILC: Send Response to RIL_SOCKET_1
01-01 08:00:52.076069  1530  1532 E C2K_RILC: proxy RIL_queryMyChannelId channelid = 0
01-01 08:00:52.076127  1530  1532 E C2K_RIL : proxy getRILChannelCtxFromToken id=0, RIL_SUPPORT_CHANNELS=3
01-01 08:00:52.076158  1530  1532 E C2K_RILC: proxy RIL_queryMyChannelId channelid = 0
01-01 08:00:52.077696  1120  1131 E RILC    : Send Response to RIL_SOCKET_1
01-01 08:00:52.078181  1530  1538 E C2K_RILC: Send Response to RIL_SOCKET_1
01-01 08:00:52.078491  1530  1532 E C2K_RILC: Send Response to RIL_SOCKET_1
01-01 08:00:52.078571  1530  1532 E C2K_RILC: Send Response to RIL_SOCKET_1
01-01 08:00:52.078985  1120  1137 E RILC    : Send Response to RIL_SOCKET_2
01-01 08:00:52.079153  1120  1137 E RILC    : Send Response to RIL_SOCKET_2
01-01 08:00:52.079233  1120  1137 E RILC    : Send Response to RIL_SOCKET_2
01-01 08:00:52.079295  1120  1137 E RILC    : Send Response to RIL_SOCKET_2
01-01 08:00:52.083504  1120  1131 E RILC    : Send Response to RIL_SOCKET_1
01-01 08:00:52.084081  1120  1137 E RILC    : Send Response to RIL_SOCKET_2
01-01 08:00:52.084216  1120  1137 E RILC    : Send Response to RIL_SOCKET_2
01-01 08:00:52.084281  1120  1137 E RILC    : Send Response to RIL_SOCKET_2
01-01 08:00:52.088183  1120  1131 E RIL     : it is short CREG CGREG
01-01 08:00:52.088258  1120  1131 E RIL     : rid: 0
01-01 08:00:52.088317  1120  1131 E RILC    : Send Response to RIL_SOCKET_1
01-01 08:00:52.097330  1120  1131 E RIL     : it is short CREG CGREG
01-01 08:00:52.097420  1120  1131 E RIL     : rid: 0
01-01 08:00:52.097493  1120  1131 E RILC    : Send Response to RIL_SOCKET_1
01-01 08:00:52.100035  1530  1532 E C2K_RILC: Send Response to RIL_SOCKET_1
01-01 08:00:52.101139  1530  1532 E C2K_RILC: proxy RIL_queryMyChannelId channelid = 0
01-01 08:00:52.101222  1530  1532 E C2K_RIL : proxy getRILChannelCtxFromToken id=0, RIL_SUPPORT_CHANNELS=3
01-01 08:00:52.101253  1530  1532 E C2K_RILC: proxy RIL_queryMyChannelId channelid = 0
01-01 08:00:52.102787  1530  1532 E C2K_RILC: Send Response to RIL_SOCKET_1
01-01 08:00:52.102988  1530  1532 E C2K_RILC: proxy RIL_queryMyChannelId channelid = 0
01-01 08:00:52.103032  1530  1532 E C2K_RIL : proxy getRILChannelCtxFromToken id=0, RIL_SUPPORT_CHANNELS=3
01-01 08:00:52.103063  1530  1532 E C2K_RILC: proxy RIL_queryMyChannelId channelid = 0
01-01 08:00:52.106144  1530  1532 E C2K_RILC: Send Response to RIL_SOCKET_1
01-01 08:00:52.108226  1120  1131 E RILC    : Send Response to RIL_SOCKET_1
01-01 08:00:52.110686  1120  1131 E RILC    : Send Response to RIL_SOCKET_1
01-01 08:00:52.112590  1120  1131 E RILC    : Send Response to RIL_SOCKET_1
01-01 08:00:52.115445  1530  1532 E C2K_RILC: Send Response to RIL_SOCKET_1
01-01 08:00:52.116196  1530  1532 E C2K_RILC: proxy RIL_queryMyChannelId channelid = 0
01-01 08:00:52.116276  1530  1532 E C2K_RIL : proxy getRILChannelCtxFromToken id=0, RIL_SUPPORT_CHANNELS=3
01-01 08:00:52.116307  1530  1532 E C2K_RILC: proxy RIL_queryMyChannelId channelid = 0
01-01 08:00:52.117788  1530  1532 E C2K_RILC: Send Response to RIL_SOCKET_1
01-01 08:00:52.117929  1530  1532 E C2K_RILC: proxy RIL_queryMyChannelId channelid = 0
01-01 08:00:52.117974  1530  1532 E C2K_RIL : proxy getRILChannelCtxFromToken id=0, RIL_SUPPORT_CHANNELS=3
01-01 08:00:52.118004  1530  1532 E C2K_RILC: proxy RIL_queryMyChannelId channelid = 0
01-01 08:00:52.119502  1530  1532 E C2K_RILC: Send Response to RIL_SOCKET_1
01-01 08:00:52.119634  1530  1532 E C2K_RILC: Send Response to RIL_SOCKET_1
01-01 08:00:52.121685  1530  1532 E C2K_RILC: proxy RIL_queryMyChannelId channelid = 0
01-01 08:00:52.121766  1530  1532 E C2K_RIL : proxy getRILChannelCtxFromToken id=0, RIL_SUPPORT_CHANNELS=3
01-01 08:00:52.121798  1530  1532 E C2K_RILC: proxy RIL_queryMyChannelId channelid = 0
01-01 08:00:52.123487  1530  1532 E C2K_RILC: Send Response to RIL_SOCKET_1
01-01 08:00:52.123597  1530  1532 E C2K_RILC: proxy RIL_queryMyChannelId channelid = 0
01-01 08:00:52.123634  1530  1532 E C2K_RIL : proxy getRILChannelCtxFromToken id=0, RIL_SUPPORT_CHANNELS=3
01-01 08:00:52.123666  1530  1532 E C2K_RILC: proxy RIL_queryMyChannelId channelid = 0
01-01 08:00:52.124886  1530  1532 E C2K_RILC: Send Response to RIL_SOCKET_1
01-01 08:00:52.125644  1530  1532 E C2K_RILC: Send Response to RIL_SOCKET_1
01-01 08:00:52.126702  1530  1532 E C2K_RILC: proxy RIL_queryMyChannelId channelid = 0
01-01 08:00:52.126780  1530  1532 E C2K_RIL : proxy getRILChannelCtxFromToken id=0, RIL_SUPPORT_CHANNELS=3
01-01 08:00:52.126811  1530  1532 E C2K_RILC: proxy RIL_queryMyChannelId channelid = 0
01-01 08:00:52.128008  1530  1532 E C2K_RILC: Send Response to RIL_SOCKET_1
01-01 08:00:52.128140  1530  1532 E C2K_RILC: proxy RIL_queryMyChannelId channelid = 0
01-01 08:00:52.128177  1530  1532 E C2K_RIL : proxy getRILChannelCtxFromToken id=0, RIL_SUPPORT_CHANNELS=3
01-01 08:00:52.128207  1530  1532 E C2K_RILC: proxy RIL_queryMyChannelId channelid = 0
01-01 08:00:52.129383  1530  1532 E C2K_RILC: Send Response to RIL_SOCKET_1
01-01 08:00:52.134381  1530  1532 E C2K_RILC: Send Response to RIL_SOCKET_1
01-01 08:00:52.135339  1530  1532 E C2K_RILC: proxy RIL_queryMyChannelId channelid = 0
01-01 08:00:52.135410  1530  1532 E C2K_RIL : proxy getRILChannelCtxFromToken id=0, RIL_SUPPORT_CHANNELS=3
01-01 08:00:52.135443  1530  1532 E C2K_RILC: proxy RIL_queryMyChannelId channelid = 0
01-01 08:00:52.136525  2181  2181 E GsmSST  : [GsmSST1] handlePollStateResult cancelPollState due to RADIO_NOT_AVAILABLE
01-01 08:00:52.136643  2181  2181 E GsmSST  : [GsmSST1] handlePollStateResult return due to (ar.userObj != mPollingContext)
01-01 08:00:52.136826  2181  2181 E GsmSST  : [GsmSST1] handlePollStateResult return due to (ar.userObj != mPollingContext)
01-01 08:00:52.136929  1530  1532 E C2K_RILC: Send Response to RIL_SOCKET_1
01-01 08:00:52.137024  1530  1532 E C2K_RILC: proxy RIL_queryMyChannelId channelid = 0
01-01 08:00:52.137062  1530  1532 E C2K_RIL : proxy getRILChannelCtxFromToken id=0, RIL_SUPPORT_CHANNELS=3
01-01 08:00:52.137093  1530  1532 E C2K_RILC: proxy RIL_queryMyChannelId channelid = 0
01-01 08:00:52.138478  1530  1532 E C2K_RILC: Send Response to RIL_SOCKET_1
01-01 08:00:52.141309  2181  2181 E GsmSST  : [GsmSST1] handlePollStateResult return due to (ar.userObj != mPollingContext)
01-01 08:00:52.141527  2181  2181 E RIL_ImsSms: IMS State query failed with exp com.android.internal.telephony.CommandException: RADIO_NOT_AVAILABLE
01-01 08:00:52.141836  2181  2181 E PHONE   : [ServiceState] setState deprecated use setVoiceRegState()
01-01 08:00:52.185009  2181  2181 E PHONE   : [ServiceState] setState deprecated use setVoiceRegState()
01-01 08:00:52.468853  1530  1535 E C2K_RILC: unsupported request code 2061 token 166 socket_id 0
01-01 08:00:52.468920  1530  1535 E C2K_RILC: onRequestUnsupportComplete: unsupport token = 166
01-01 08:00:52.468945  1530  1535 E C2K_RILC: Send Response to RIL_SOCKET_1
01-01 08:00:54.149214  1120  1146 E RILC    : Send Response to rild-mal
01-01 08:00:54.149398  1120  1146 E RILC    : Send Response to RIL_SOCKET_1
01-01 08:00:59.269465  1120  1146 E RILC    : Send Response to rild-mal
01-01 08:00:59.269574  1120  1146 E RILC    : Send Response to RIL_SOCKET_1
01-01 08:01:04.389459  1120  1146 E RILC    : Send Response to rild-mal
01-01 08:01:04.389667  1120  1146 E RILC    : Send Response to RIL_SOCKET_1
01-01 08:01:09.509449  1120  1146 E RILC    : Send Response to rild-mal
01-01 08:01:09.509530  1120  1146 E RILC    : Send Response to RIL_SOCKET_1
01-01 08:01:13.406423  2181  2181 E SmsApplication: com.mediatek.datatransfer does not have system signature
01-01 08:01:13.408889  2181  2181 E SmsApplication: com.mediatek.apst.target does not have system signature
01-01 08:01:13.409947  2181  2181 E SmsApplication: com.mediatek.ppl does not have system signature
01-01 08:01:13.411772  2181  2181 E SmsApplication: com.mediatek.backuprestore does not have system signature
01-01 08:01:13.412486  2181  2181 E SmsApplication: com.mediatek.rcs.messageservice does not have system signature
01-01 08:01:13.412928  2181  2181 E SmsApplication: com.mediatek.esntrack does not have system signature
01-01 08:01:14.629679  1120  1146 E RILC    : Send Response to rild-mal
01-01 08:01:14.629878  1120  1146 E RILC    : Send Response to RIL_SOCKET_1
01-01 08:01:16.801730  1530  1538 E C2K_RILC: Send Response to RIL_SOCKET_1
01-01 08:01:19.749043  1120  1146 E RILC    : Send Response to rild-mal
01-01 08:01:19.749114  1120  1146 E RILC    : Send Response to RIL_SOCKET_1
01-01 08:01:24.869903  1120  1146 E RILC    : Send Response to rild-mal
01-01 08:01:24.870009  1120  1146 E RILC    : Send Response to RIL_SOCKET_1
01-01 08:01:27.093778  1530  1538 E C2K_RILC: Send Response to RIL_SOCKET_1
01-01 08:01:29.989757  1120  1146 E RILC    : Send Response to rild-mal
01-01 08:01:29.989961  1120  1146 E RILC    : Send Response to RIL_SOCKET_1
01-01 08:01:35.109214  1120  1146 E RILC    : Send Response to rild-mal
01-01 08:01:35.109297  1120  1146 E RILC    : Send Response to RIL_SOCKET_1
01-01 08:01:37.331566  1530  1538 E C2K_RILC: Send Response to RIL_SOCKET_1
01-01 08:01:40.229247  1120  1146 E RILC    : Send Response to rild-mal
01-01 08:01:40.229331  1120  1146 E RILC    : Send Response to RIL_SOCKET_1
01-01 08:01:45.349542  1120  1146 E RILC    : Send Response to rild-mal
01-01 08:01:45.349755  1120  1146 E RILC    : Send Response to RIL_SOCKET_1
01-01 08:01:50.469334  1120  1146 E RILC    : Send Response to rild-mal
01-01 08:01:50.469424  1120  1146 E RILC    : Send Response to RIL_SOCKET_1
01-01 08:01:51.975586  3793  3793 E SmsManager: FAIL! intial mOnlyOwnerSimSupport
01-01 08:01:55.589666  1120  1146 E RILC    : Send Response to rild-mal
01-01 08:01:55.589854  1120  1146 E RILC    : Send Response to RIL_SOCKET_1
01-01 08:01:57.812414  1530  1538 E C2K_RILC: Send Response to RIL_SOCKET_1
01-01 08:02:00.709358  1120  1146 E RILC    : Send Response to rild-mal
01-01 08:02:00.709448  1120  1146 E RILC    : Send Response to RIL_SOCKET_1
01-01 08:02:05.829272  1120  1146 E RILC    : Send Response to rild-mal
01-01 08:02:05.829383  1120  1146 E RILC    : Send Response to RIL_SOCKET_1
01-01 08:02:10.949625  1120  1146 E RILC    : Send Response to rild-mal
01-01 08:02:10.949747  1120  1146 E RILC    : Send Response to RIL_SOCKET_1
01-01 08:02:16.069700  1120  1146 E RILC    : Send Response to rild-mal
01-01 08:02:16.069839  1120  1146 E RILC    : Send Response to RIL_SOCKET_1
01-01 08:02:21.189370  1120  1146 E RILC    : Send Response to rild-mal
01-01 08:02:21.189469  1120  1146 E RILC    : Send Response to RIL_SOCKET_1
01-01 08:02:23.357706  1530  1538 E C2K_RILC: Send Response to RIL_SOCKET_1
01-01 08:02:26.309387  1120  1146 E RILC    : Send Response to rild-mal
01-01 08:02:26.309477  1120  1146 E RILC    : Send Response to RIL_SOCKET_1
01-01 08:02:31.429396  1120  1146 E RILC    : Send Response to rild-mal
01-01 08:02:31.429476  1120  1146 E RILC    : Send Response to RIL_SOCKET_1
01-01 08:02:36.549687  1120  1146 E RILC    : Send Response to rild-mal
01-01 08:02:36.549786  1120  1146 E RILC    : Send Response to RIL_SOCKET_1
01-01 08:02:38.715404  1530  1538 E C2K_RILC: Send Response to RIL_SOCKET_1
01-01 08:02:41.669392  1120  1146 E RILC    : Send Response to rild-mal
01-01 08:02:41.669465  1120  1146 E RILC    : Send Response to RIL_SOCKET_1
01-01 08:02:46.791422  1120  1146 E RILC    : Send Response to rild-mal
01-01 08:02:46.791576  1120  1146 E RILC    : Send Response to RIL_SOCKET_1
01-01 08:02:50.635346  1120  1146 E RILC    : Send Response to rild-mal
01-01 08:02:50.635453  1120  1146 E RILC    : Send Response to RIL_SOCKET_1
01-01 08:02:55.749452  1120  1146 E RILC    : Send Response to rild-mal
01-01 08:02:55.749547  1120  1146 E RILC    : Send Response to RIL_SOCKET_1
01-01 08:03:00.869486  1120  1146 E RILC    : Send Response to rild-mal
01-01 08:03:00.869552  1120  1146 E RILC    : Send Response to RIL_SOCKET_1
01-01 08:03:05.989662  1120  1146 E RILC    : Send Response to rild-mal
01-01 08:03:05.989738  1120  1146 E RILC    : Send Response to RIL_SOCKET_1
01-01 08:03:11.110173  1120  1146 E RILC    : Send Response to rild-mal
01-01 08:03:11.110405  1120  1146 E RILC    : Send Response to RIL_SOCKET_1
01-01 08:03:16.229661  1120  1146 E RILC    : Send Response to rild-mal
01-01 08:03:16.229741  1120  1146 E RILC    : Send Response to RIL_SOCKET_1
01-01 08:03:19.729141  1530  1538 E C2K_RILC: Send Response to RIL_SOCKET_1
01-01 08:03:21.349830  1120  1146 E RILC    : Send Response to rild-mal
01-01 08:03:21.349927  1120  1146 E RILC    : Send Response to RIL_SOCKET_1
01-01 08:03:26.469656  1120  1146 E RILC    : Send Response to rild-mal
01-01 08:03:26.469746  1120  1146 E RILC    : Send Response to RIL_SOCKET_1
01-01 08:03:29.949074  1530  1538 E C2K_RILC: Send Response to RIL_SOCKET_1
01-01 08:03:31.589584  1120  1146 E RILC    : Send Response to rild-mal
01-01 08:03:31.589654  1120  1146 E RILC    : Send Response to RIL_SOCKET_1
01-01 08:03:35.147204  1530  1538 E C2K_RILC: Send Response to RIL_SOCKET_1
01-01 08:03:36.709700  1120  1146 E RILC    : Send Response to rild-mal
01-01 08:03:36.709784  1120  1146 E RILC    : Send Response to RIL_SOCKET_1
01-01 08:03:40.235161  1530  1538 E C2K_RILC: Send Response to RIL_SOCKET_1
01-01 08:03:41.830190  1120  1146 E RILC    : Send Response to rild-mal
01-01 08:03:41.830284  1120  1146 E RILC    : Send Response to RIL_SOCKET_1
01-01 08:03:45.330847  1530  1538 E C2K_RILC: Send Response to RIL_SOCKET_1
01-01 08:03:46.950001  1120  1146 E RILC    : Send Response to rild-mal
01-01 08:03:46.950093  1120  1146 E RILC    : Send Response to RIL_SOCKET_1
01-01 08:03:52.070096  1120  1146 E RILC    : Send Response to rild-mal
01-01 08:03:52.070273  1120  1146 E RILC    : Send Response to RIL_SOCKET_1
01-01 08:03:55.573251  1530  1538 E C2K_RILC: Send Response to RIL_SOCKET_1
01-01 08:03:57.190001  1120  1146 E RILC    : Send Response to rild-mal
01-01 08:03:57.190097  1120  1146 E RILC    : Send Response to RIL_SOCKET_1
01-01 08:04:02.309950  1120  1146 E RILC    : Send Response to rild-mal
01-01 08:04:02.310925  1120  1146 E RILC    : Send Response to RIL_SOCKET_1
01-01 08:04:07.430005  1120  1146 E RILC    : Send Response to rild-mal
01-01 08:04:07.430089  1120  1146 E RILC    : Send Response to RIL_SOCKET_1
01-01 08:04:10.926126  4412  4412 E SmsManager: FAIL! intial mOnlyOwnerSimSupport
01-01 08:04:12.549817  1120  1146 E RILC    : Send Response to rild-mal
01-01 08:04:12.549893  1120  1146 E RILC    : Send Response to RIL_SOCKET_1
01-01 08:04:17.670155  1120  1146 E RILC    : Send Response to rild-mal
01-01 08:04:17.670256  1120  1146 E RILC    : Send Response to RIL_SOCKET_1
01-01 08:04:21.173831  1530  1538 E C2K_RILC: Send Response to RIL_SOCKET_1
01-01 08:04:22.790145  1120  1146 E RILC    : Send Response to rild-mal
01-01 08:04:22.790502  1120  1146 E RILC    : Send Response to RIL_SOCKET_1
01-01 08:04:27.909924  1120  1146 E RILC    : Send Response to rild-mal
01-01 08:04:27.910024  1120  1146 E RILC    : Send Response to RIL_SOCKET_1
01-01 08:04:31.413211  1530  1538 E C2K_RILC: Send Response to RIL_SOCKET_1
01-01 08:04:33.030078  1120  1146 E RILC    : Send Response to rild-mal
01-01 08:04:33.030173  1120  1146 E RILC    : Send Response to RIL_SOCKET_1
01-01 08:04:38.150036  1120  1146 E RILC    : Send Response to rild-mal
01-01 08:04:38.150130  1120  1146 E RILC    : Send Response to RIL_SOCKET_1
01-01 08:04:41.652684  1530  1538 E C2K_RILC: Send Response to RIL_SOCKET_1
01-01 08:04:43.270761  1120  1146 E RILC    : Send Response to rild-mal
01-01 08:04:43.270862  1120  1146 E RILC    : Send Response to RIL_SOCKET_1
01-01 08:04:48.389938  1120  1146 E RILC    : Send Response to rild-mal
01-01 08:04:48.390011  1120  1146 E RILC    : Send Response to RIL_SOCKET_1
01-01 08:04:53.509994  1120  1146 E RILC    : Send Response to rild-mal
01-01 08:04:53.510073  1120  1146 E RILC    : Send Response to RIL_SOCKET_1
01-01 08:04:56.984475  1530  1538 E C2K_RILC: Send Response to RIL_SOCKET_1
01-01 08:04:58.630267  1120  1146 E RILC    : Send Response to rild-mal
01-01 08:04:58.630354  1120  1146 E RILC    : Send Response to RIL_SOCKET_1
01-01 08:05:02.204452  1530  1538 E C2K_RILC: Send Response to RIL_SOCKET_1
01-01 08:05:03.750474  1120  1146 E RILC    : Send Response to rild-mal
01-01 08:05:03.750659  1120  1146 E RILC    : Send Response to RIL_SOCKET_1
01-01 08:05:08.870468  1120  1146 E RILC    : Send Response to rild-mal
01-01 08:05:08.870664  1120  1146 E RILC    : Send Response to RIL_SOCKET_1
01-01 08:05:13.990640  1120  1146 E RILC    : Send Response to rild-mal
01-01 08:05:13.990838  1120  1146 E RILC    : Send Response to RIL_SOCKET_1
01-01 08:05:19.112249  1120  1146 E RILC    : Send Response to rild-mal
01-01 08:05:19.112436  1120  1146 E RILC    : Send Response to RIL_SOCKET_1
01-01 08:05:22.616684  1530  1538 E C2K_RILC: Send Response to RIL_SOCKET_1
01-01 08:05:24.230588  1120  1146 E RILC    : Send Response to rild-mal
01-01 08:05:24.231796  1120  1146 E RILC    : Send Response to RIL_SOCKET_1
01-01 08:05:29.352551  1120  1146 E RILC    : Send Response to rild-mal
01-01 08:05:29.352746  1120  1146 E RILC    : Send Response to RIL_SOCKET_1
01-01 08:05:32.850139  1530  1538 E C2K_RILC: Send Response to RIL_SOCKET_1
01-01 08:05:34.470559  1120  1146 E RILC    : Send Response to rild-mal
01-01 08:05:34.470755  1120  1146 E RILC    : Send Response to RIL_SOCKET_1
01-01 08:05:39.590569  1120  1146 E RILC    : Send Response to rild-mal
01-01 08:05:39.590759  1120  1146 E RILC    : Send Response to RIL_SOCKET_1
01-01 08:05:44.710570  1120  1146 E RILC    : Send Response to rild-mal
01-01 08:05:44.710751  1120  1146 E RILC    : Send Response to RIL_SOCKET_1
01-01 08:05:46.057962  1120  1146 E RILC    : Send Response to rild-mal
01-01 08:05:46.058159  1120  1146 E RILC    : Send Response to RIL_SOCKET_1
01-01 08:05:49.830601  1120  1146 E RILC    : Send Response to rild-mal
01-01 08:05:49.830792  1120  1146 E RILC    : Send Response to RIL_SOCKET_1
01-01 08:05:53.338552  1530  1538 E C2K_RILC: Send Response to RIL_SOCKET_1
01-01 08:05:54.950809  1120  1146 E RILC    : Send Response to rild-mal
01-01 08:05:54.951001  1120  1146 E RILC    : Send Response to RIL_SOCKET_1
01-01 08:06:00.070254  1120  1146 E RILC    : Send Response to rild-mal
01-01 08:06:00.070323  1120  1146 E RILC    : Send Response to RIL_SOCKET_1
01-01 08:06:01.066466  1530  1532 E C2K_RILC: proxy RIL_queryMyChannelId channelid = 0
01-01 08:06:01.066521  1530  1532 E C2K_RIL : proxy getRILChannelCtxFromToken id=0, RIL_SUPPORT_CHANNELS=3
01-01 08:06:01.066545  1530  1532 E C2K_RILC: proxy RIL_queryMyChannelId channelid = 0
01-01 08:06:01.085363  1530  1532 E C2K_RILC: proxy RIL_queryMyChannelId channelid = 0
01-01 08:06:01.085424  1530  1532 E C2K_RIL : proxy getRILChannelCtxFromToken id=0, RIL_SUPPORT_CHANNELS=3
01-01 08:06:01.085448  1530  1532 E C2K_RILC: proxy RIL_queryMyChannelId channelid = 0
01-01 08:06:01.086357  1530  1532 E C2K_RILC: proxy RIL_queryMyChannelId channelid = 0
01-01 08:06:01.086395  1530  1532 E C2K_RIL : proxy getRILChannelCtxFromToken id=0, RIL_SUPPORT_CHANNELS=3
01-01 08:06:01.086419  1530  1532 E C2K_RILC: proxy RIL_queryMyChannelId channelid = 0
01-01 08:06:01.087440  1530  1532 E C2K_RILC: proxy RIL_queryMyChannelId channelid = 0
01-01 08:06:01.087482  1530  1532 E C2K_RIL : proxy getRILChannelCtxFromToken id=0, RIL_SUPPORT_CHANNELS=3
01-01 08:06:01.087507  1530  1532 E C2K_RILC: proxy RIL_queryMyChannelId channelid = 0
01-01 08:06:01.087901  1120  1137 E RILC    : Send Response to RIL_SOCKET_2
01-01 08:06:01.089242  1530  1532 E C2K_RILC: proxy RIL_queryMyChannelId channelid = 0
01-01 08:06:01.089297  1530  1532 E C2K_RIL : proxy getRILChannelCtxFromToken id=0, RIL_SUPPORT_CHANNELS=3
01-01 08:06:01.089321  1530  1532 E C2K_RILC: proxy RIL_queryMyChannelId channelid = 0
01-01 08:06:01.090397  1530  1532 E C2K_RILC: proxy RIL_queryMyChannelId channelid = 0
01-01 08:06:01.090433  1530  1532 E C2K_RIL : proxy getRILChannelCtxFromToken id=0, RIL_SUPPORT_CHANNELS=3
01-01 08:06:01.090457  1530  1532 E C2K_RILC: proxy RIL_queryMyChannelId channelid = 0
01-01 08:06:01.091426  1530  1532 E C2K_RILC: proxy RIL_queryMyChannelId channelid = 0
01-01 08:06:01.091462  1530  1532 E C2K_RIL : proxy getRILChannelCtxFromToken id=0, RIL_SUPPORT_CHANNELS=3
01-01 08:06:01.091486  1530  1532 E C2K_RILC: proxy RIL_queryMyChannelId channelid = 0
01-01 08:06:01.092269  1530  1532 E C2K_RILC: Send Response to RIL_SOCKET_1
01-01 08:06:01.100970  1120  1131 E RILC    : Send Response to RIL_SOCKET_1
01-01 08:06:01.358747  1530  1535 E C2K_RILC: unsupported request code 2061 token 171 socket_id 0
01-01 08:06:01.358829  1530  1535 E C2K_RILC: onRequestUnsupportComplete: unsupport token = 171
01-01 08:06:01.358858  1530  1535 E C2K_RILC: Send Response to RIL_SOCKET_1
01-01 08:06:06.007601  1530  1549 E C2K_RIL : readline: read error! line is 550
01-01 08:06:06.008756  1530  1538 E C2K_RIL : readline: read error! line is 550
01-01 08:06:06.008857  1530  1550 E C2K_RIL : readline: read error! line is 550
01-01 08:09:12.007543  1530  1538 E C2K_RIL : readline: read error! line is 550
01-01 08:09:12.007671  1530  1549 E C2K_RIL : readline: read error! line is 550
01-01 08:09:12.008499  1530  1550 E C2K_RIL : readline: read error! line is 550
01-01 08:09:12.031646  1530  1532 E C2K_RILC: proxy RIL_queryMyChannelId channelid = 0
01-01 08:09:12.031736  1530  1532 E C2K_RIL : proxy getRILChannelCtxFromToken id=0, RIL_SUPPORT_CHANNELS=3
01-01 08:09:12.031767  1530  1532 E C2K_RILC: proxy RIL_queryMyChannelId channelid = 0
01-01 08:09:12.041483  1120  1152 E RILC    : Send Response to RIL_SOCKET_2
01-01 08:09:12.043022  1120  1146 E RILC    : Send Response to rild-mal
01-01 08:09:12.043106  1120  1146 E RILC    : Send Response to RIL_SOCKET_1
01-01 08:09:12.044097  1120  1152 E RILC    : Send Response to RIL_SOCKET_2
01-01 08:09:12.044213  1120  1152 E         : Send Response to rild-ims
01-01 08:09:12.044296  1120  1152 E RILC    : Send Response to RIL_SOCKET_2
01-01 08:09:12.050368  1120  1137 E RIL     : Recevice an invalid value from modem for <rxlevel>
01-01 08:09:12.050456  1120  1137 E RIL     : updateSignalStrength ERROR: -1
01-01 08:09:12.053621  1120  1146 E RILC    : Send Response to rild-mal
01-01 08:09:12.053696  1120  1146 E RILC    : Send Response to RIL_SOCKET_1
01-01 08:09:12.053768  1120  1146 E         : Send Response to rild-ims
01-01 08:09:12.053841  1120  1146 E RILC    : Send Response to rild-mal
01-01 08:09:12.053882  1120  1146 E RILC    : Send Response to RIL_SOCKET_1
01-01 08:09:12.054927  1530  1532 E C2K_RILC: proxy RIL_queryMyChannelId channelid = 0
01-01 08:09:12.054973  1530  1532 E C2K_RIL : proxy getRILChannelCtxFromToken id=0, RIL_SUPPORT_CHANNELS=3
01-01 08:09:12.055004  1530  1532 E C2K_RILC: proxy RIL_queryMyChannelId channelid = 0
01-01 08:09:12.055744  1120  1137 E RILC    : Send Response to RIL_SOCKET_2
01-01 08:09:12.056655  2181  2714 E PHONE   : [ServiceState] setState deprecated use setVoiceRegState()
01-01 08:09:12.058370  1530  1532 E C2K_RILC: proxy RIL_queryMyChannelId channelid = 0
01-01 08:09:12.058440  1530  1532 E C2K_RIL : proxy getRILChannelCtxFromToken id=0, RIL_SUPPORT_CHANNELS=3
01-01 08:09:12.058470  1530  1532 E C2K_RILC: proxy RIL_queryMyChannelId channelid = 0
01-01 08:09:12.058685  1120  1137 E RILC    : Send Response to RIL_SOCKET_2
01-01 08:09:12.059334  1530  1532 E C2K_RILC: proxy RIL_queryMyChannelId channelid = 0
01-01 08:09:12.059423  1530  1532 E C2K_RIL : proxy getRILChannelCtxFromToken id=0, RIL_SUPPORT_CHANNELS=3
01-01 08:09:12.059457  1530  1532 E C2K_RILC: proxy RIL_queryMyChannelId channelid = 0
01-01 08:09:12.061807  1530  1532 E C2K_RILC: proxy RIL_queryMyChannelId channelid = 0
01-01 08:09:12.061869  1530  1532 E C2K_RIL : proxy getRILChannelCtxFromToken id=0, RIL_SUPPORT_CHANNELS=3
01-01 08:09:12.061901  1530  1532 E C2K_RILC: proxy RIL_queryMyChannelId channelid = 0
01-01 08:09:12.062039  1120  1137 E RILC    : Send Response to RIL_SOCKET_2
01-01 08:09:12.063344  1530  1532 E C2K_RILC: proxy RIL_queryMyChannelId channelid = 0
01-01 08:09:12.063414  1530  1532 E C2K_RIL : proxy getRILChannelCtxFromToken id=0, RIL_SUPPORT_CHANNELS=3
01-01 08:09:12.063451  1530  1532 E C2K_RILC: proxy RIL_queryMyChannelId channelid = 0
01-01 08:09:12.064256  1120  1137 E RILC    : Send Response to RIL_SOCKET_2
01-01 08:09:12.064617  1530  1532 E C2K_RILC: proxy RIL_queryMyChannelId channelid = 0
01-01 08:09:12.064675  1530  1532 E C2K_RIL : proxy getRILChannelCtxFromToken id=0, RIL_SUPPORT_CHANNELS=3
01-01 08:09:12.064706  1530  1532 E C2K_RILC: proxy RIL_queryMyChannelId channelid = 0
01-01 08:09:12.079344  1120  1137 E RILC    : Send Response to RIL_SOCKET_2
01-01 08:09:12.079541  1120  1137 E RILC    : Send Response to RIL_SOCKET_2
01-01 08:09:12.081510  1530  1538 E C2K_RILC: Send Response to RIL_SOCKET_1
01-01 08:09:12.082992  1530  1538 E C2K_RILC: Send Response to RIL_SOCKET_1
01-01 08:09:12.084394  1530  1538 E C2K_RILC: Send Response to RIL_SOCKET_1
01-01 08:09:12.084806  1120  1137 E RILC    : Send Response to RIL_SOCKET_2
01-01 08:09:12.088566  1530  1538 E C2K_RILC: Send Response to RIL_SOCKET_1
01-01 08:09:12.089643  1120  1131 E RILC    : Send Response to rild-mal
01-01 08:09:12.089768  1120  1131 E RILC    : Send Response to RIL_SOCKET_1
01-01 08:09:12.089994  1530  1538 E C2K_RILC: Send Response to RIL_SOCKET_1
01-01 08:09:12.090861  1530  1538 E C2K_RILC: Send Response to RIL_SOCKET_1
01-01 08:09:12.093896  1530  1532 E C2K_RILC: proxy RIL_queryMyChannelId channelid = 0
01-01 08:09:12.093979  1530  1532 E C2K_RIL : proxy getRILChannelCtxFromToken id=0, RIL_SUPPORT_CHANNELS=3
01-01 08:09:12.094015  1530  1532 E C2K_RILC: proxy RIL_queryMyChannelId channelid = 0
01-01 08:09:12.094971  1530  1538 E C2K_RILC: Send Response to RIL_SOCKET_1
01-01 08:09:12.095179  1530  1532 E C2K_RILC: Send Response to RIL_SOCKET_1
01-01 08:09:12.095251  1530  1532 E C2K_RILC: Send Response to RIL_SOCKET_1
01-01 08:09:12.096056  2181  2181 E GsmSST  : [GsmSST1] handlePollStateResult cancelPollState due to RADIO_NOT_AVAILABLE
01-01 08:09:12.096188  2181  2181 E GsmSST  : [GsmSST1] handlePollStateResult return due to (ar.userObj != mPollingContext)
01-01 08:09:12.096251  2181  2181 E GsmSST  : [GsmSST1] handlePollStateResult return due to (ar.userObj != mPollingContext)
01-01 08:09:12.096317  2181  2181 E GsmSST  : [GsmSST1] handlePollStateResult return due to (ar.userObj != mPollingContext)
01-01 08:09:12.098485  1530  1532 E C2K_RILC: Send Response to RIL_SOCKET_1
01-01 08:09:12.099923  1120  1131 E RILC    : Send Response to RIL_SOCKET_1
01-01 08:09:12.100010  1530  1532 E C2K_RILC: proxy RIL_queryMyChannelId channelid = 0
01-01 08:09:12.100063  1530  1532 E C2K_RIL : proxy getRILChannelCtxFromToken id=0, RIL_SUPPORT_CHANNELS=3
01-01 08:09:12.100094  1530  1532 E C2K_RILC: proxy RIL_queryMyChannelId channelid = 0
01-01 08:09:12.101547  2181  2181 E RIL_ImsSms: IMS State query failed with exp com.android.internal.telephony.CommandException: RADIO_NOT_AVAILABLE
01-01 08:09:12.101644  1530  1532 E C2K_RILC: Send Response to RIL_SOCKET_1
01-01 08:09:12.102009  1530  1532 E C2K_RILC: proxy RIL_queryMyChannelId channelid = 0
01-01 08:09:12.102052  1530  1532 E C2K_RIL : proxy getRILChannelCtxFromToken id=0, RIL_SUPPORT_CHANNELS=3
01-01 08:09:12.102082  1530  1532 E C2K_RILC: proxy RIL_queryMyChannelId channelid = 0
01-01 08:09:12.103554  1530  1532 E C2K_RILC: Send Response to RIL_SOCKET_1
01-01 08:09:12.105095  1530  1532 E C2K_RILC: Send Response to RIL_SOCKET_1
01-01 08:09:12.105205  1530  1532 E C2K_RILC: proxy RIL_queryMyChannelId channelid = 0
01-01 08:09:12.105245  1530  1532 E C2K_RIL : proxy getRILChannelCtxFromToken id=0, RIL_SUPPORT_CHANNELS=3
01-01 08:09:12.105275  1530  1532 E C2K_RILC: proxy RIL_queryMyChannelId channelid = 0
01-01 08:09:12.105742  1120  1131 E RILC    : Send Response to RIL_SOCKET_1
01-01 08:09:12.106672  1530  1532 E C2K_RILC: Send Response to RIL_SOCKET_1
01-01 08:09:12.106776  1530  1532 E C2K_RILC: proxy RIL_queryMyChannelId channelid = 0
01-01 08:09:12.106818  1530  1532 E C2K_RIL : proxy getRILChannelCtxFromToken id=0, RIL_SUPPORT_CHANNELS=3
01-01 08:09:12.106876  1530  1532 E C2K_RILC: proxy RIL_queryMyChannelId channelid = 0
01-01 08:09:12.107905  1120  1131 E RIL     : it is short CREG CGREG
01-01 08:09:12.107994  1120  1131 E RIL     : rid: 0
01-01 08:09:12.108058  1120  1131 E RILC    : Send Response to RIL_SOCKET_1
01-01 08:09:12.108062  1530  1532 E C2K_RILC: Send Response to RIL_SOCKET_1
01-01 08:09:12.110821  1120  1131 E RIL     : it is short CREG CGREG
01-01 08:09:12.110914  1120  1131 E RIL     : rid: 0
01-01 08:09:12.110979  1120  1131 E RILC    : Send Response to RIL_SOCKET_1
01-01 08:09:12.112889  1120  1131 E RILC    : Send Response to RIL_SOCKET_1
01-01 08:09:12.115481  1120  1131 E RILC    : Send Response to RIL_SOCKET_1
01-01 08:09:12.116958  1530  1532 E C2K_RILC: Send Response to RIL_SOCKET_1
01-01 08:09:12.117971  1530  1532 E C2K_RILC: proxy RIL_queryMyChannelId channelid = 0
01-01 08:09:12.118047  1530  1532 E C2K_RIL : proxy getRILChannelCtxFromToken id=0, RIL_SUPPORT_CHANNELS=3
01-01 08:09:12.118080  1530  1532 E C2K_RILC: proxy RIL_queryMyChannelId channelid = 0
01-01 08:09:12.119866  1530  1532 E C2K_RILC: Send Response to RIL_SOCKET_1
01-01 08:09:12.120026  1530  1532 E C2K_RILC: proxy RIL_queryMyChannelId channelid = 0
01-01 08:09:12.120070  1530  1532 E C2K_RIL : proxy getRILChannelCtxFromToken id=0, RIL_SUPPORT_CHANNELS=3
01-01 08:09:12.120174  1530  1532 E C2K_RILC: proxy RIL_queryMyChannelId channelid = 0
01-01 08:09:12.120706  1120  1131 E RILC    : Send Response to RIL_SOCKET_1
01-01 08:09:12.121371  1530  1532 E C2K_RILC: Send Response to RIL_SOCKET_1
01-01 08:09:12.122821  1530  1532 E C2K_RILC: Send Response to RIL_SOCKET_1
01-01 08:09:12.122972  1530  1532 E C2K_RILC: proxy RIL_queryMyChannelId channelid = 0
01-01 08:09:12.123015  1530  1532 E C2K_RIL : proxy getRILChannelCtxFromToken id=0, RIL_SUPPORT_CHANNELS=3
01-01 08:09:12.123045  1530  1532 E C2K_RILC: proxy RIL_queryMyChannelId channelid = 0
01-01 08:09:12.124240  1530  1532 E C2K_RILC: Send Response to RIL_SOCKET_1
01-01 08:09:12.124373  1530  1532 E C2K_RILC: proxy RIL_queryMyChannelId channelid = 0
01-01 08:09:12.124411  1530  1532 E C2K_RIL : proxy getRILChannelCtxFromToken id=0, RIL_SUPPORT_CHANNELS=3
01-01 08:09:12.124442  1530  1532 E C2K_RILC: proxy RIL_queryMyChannelId channelid = 0
01-01 08:09:12.126401  1530  1532 E C2K_RILC: Send Response to RIL_SOCKET_1
01-01 08:09:12.130776  1530  1532 E C2K_RILC: Send Response to RIL_SOCKET_1
01-01 08:09:12.130907  1530  1532 E C2K_RILC: proxy RIL_queryMyChannelId channelid = 0
01-01 08:09:12.130947  1530  1532 E C2K_RIL : proxy getRILChannelCtxFromToken id=0, RIL_SUPPORT_CHANNELS=3
01-01 08:09:12.130979  1530  1532 E C2K_RILC: proxy RIL_queryMyChannelId channelid = 0
01-01 08:09:12.132086  1530  1532 E C2K_RILC: Send Response to RIL_SOCKET_1
01-01 08:09:12.133275  1530  1532 E C2K_RILC: proxy RIL_queryMyChannelId channelid = 0
01-01 08:09:12.133321  1530  1532 E C2K_RIL : proxy getRILChannelCtxFromToken id=0, RIL_SUPPORT_CHANNELS=3
01-01 08:09:12.133351  1530  1532 E C2K_RILC: proxy RIL_queryMyChannelId channelid = 0
01-01 08:09:12.133587  2181  2181 E PHONE   : [ServiceState] setState deprecated use setVoiceRegState()
01-01 08:09:12.137006  1530  1532 E C2K_RILC: Send Response to RIL_SOCKET_1
01-01 08:09:12.159343  2181  2181 E PHONE   : [ServiceState] setState deprecated use setVoiceRegState()
01-01 08:09:12.256991  1530  1535 E C2K_RILC: unsupported request code 2061 token 203 socket_id 0
01-01 08:09:12.257077  1530  1535 E C2K_RILC: onRequestUnsupportComplete: unsupport token = 203
01-01 08:09:12.257108  1530  1535 E C2K_RILC: Send Response to RIL_SOCKET_1
01-01 08:09:14.824516  1120  1146 E RILC    : Send Response to rild-mal
01-01 08:09:14.824621  1120  1146 E RILC    : Send Response to RIL_SOCKET_1
01-01 08:09:14.868310  1530  1533 E C2K_RILC: proxy RIL_queryMyChannelId channelid = 1
01-01 08:09:14.868411  1530  1533 E C2K_RIL : proxy getRILChannelCtxFromToken id=1, RIL_SUPPORT_CHANNELS=3
01-01 08:09:14.868451  1530  1533 E C2K_RILC: proxy RIL_queryMyChannelId channelid = 1
01-01 08:09:14.875650  1120  1146 E RILC    : Send Response to rild-mal
01-01 08:09:14.875741  1120  1146 E RILC    : Send Response to RIL_SOCKET_1
01-01 08:09:14.876053  1120  1134 E RILC    : Send Response to RIL_SOCKET_1
01-01 08:09:14.876172  1120  1146 E RILC    : Send Response to rild-mal
01-01 08:09:14.876229  1120  1146 E RILC    : Send Response to RIL_SOCKET_1
01-01 08:09:14.881841  1120  1146 E RIL     : Unhandled unsolicited result code: ^MODE:0,0
01-01 08:09:14.882031  1120  1146 E RILC    : Send Response to rild-mal
01-01 08:09:14.882093  1120  1146 E RILC    : Send Response to RIL_SOCKET_1
01-01 08:09:14.882224  1120  1146 E RILC    : Send Response to rild-mal
01-01 08:09:14.882278  1120  1146 E RILC    : Send Response to RIL_SOCKET_1
01-01 08:09:14.882397  1120  1146 E RIL     : Recevice an invalid value from modem for <rsrp>
01-01 08:09:14.887738  1120  1131 E RILC    : Send Response to RIL_SOCKET_1
01-01 08:09:14.889703  1120  1131 E RIL     : it is short CREG CGREG
01-01 08:09:14.889776  1120  1131 E RIL     : rid: 0
01-01 08:09:14.889842  1120  1131 E RILC    : Send Response to RIL_SOCKET_1
01-01 08:09:14.892033  1120  1131 E RIL     : it is short CREG CGREG
01-01 08:09:14.892132  1120  1131 E RIL     : rid: 0
01-01 08:09:14.892211  1120  1131 E RILC    : Send Response to RIL_SOCKET_1
01-01 08:09:14.893709  1120  1131 E RILC    : Send Response to RIL_SOCKET_1
01-01 08:09:14.895212  1530  1533 E C2K_RILC: Send Response to RIL_SOCKET_1
01-01 08:09:14.898903  1120  1131 E RILC    : Send Response to RIL_SOCKET_1
01-01 08:09:14.901262  1120  1131 E RIL     : it is short CREG CGREG
01-01 08:09:14.901327  1120  1131 E RIL     : rid: 0
01-01 08:09:14.901376  1120  1131 E RILC    : Send Response to RIL_SOCKET_1
01-01 08:09:14.902248  2181  2181 E GsmSST  : [GsmSST10] handlePollStateResult return due to (ar.userObj != mPollingContext)
01-01 08:09:14.902381  2181  2181 E GsmSST  : [GsmSST10] handlePollStateResult return due to (ar.userObj != mPollingContext)
01-01 08:09:14.902437  2181  2181 E GsmSST  : [GsmSST10] handlePollStateResult return due to (ar.userObj != mPollingContext)
01-01 08:09:14.902830  2181  2181 E GsmSST  : [GsmSST10] handlePollStateResult return due to (ar.userObj != mPollingContext)
01-01 08:09:14.902900  2181  2181 E GsmSST  : [GsmSST10] handlePollStateResult return due to (ar.userObj != mPollingContext)
01-01 08:09:14.903133  1120  1131 E RIL     : it is short CREG CGREG
01-01 08:09:14.903186  1120  1131 E RIL     : rid: 0
01-01 08:09:14.903237  1120  1131 E RILC    : Send Response to RIL_SOCKET_1
01-01 08:09:14.903398  2181  2181 E GsmSST  : [GsmSST10] handlePollStateResult return due to (ar.userObj != mPollingContext)
01-01 08:09:14.903578  2181  2181 E GsmSST  : [GsmSST10] handlePollStateResult return due to (ar.userObj != mPollingContext)
01-01 08:09:14.905207  1120  1131 E RILC    : Send Response to RIL_SOCKET_1
01-01 08:09:14.905691  2181  2181 E GsmSST  : [GsmSST10] handlePollStateResult return due to (ar.userObj != mPollingContext)
01-01 08:09:14.908229  1120  1131 E RILC    : Send Response to RIL_SOCKET_1
01-01 08:09:14.908517  2181  2181 E GsmSST  : [GsmSST10] handlePollStateResult return due to (ar.userObj != mPollingContext)
01-01 08:09:14.909240  1120  1131 E RIL     : it is short CREG CGREG
01-01 08:09:14.909285  1120  1131 E RIL     : rid: 0
01-01 08:09:14.909329  1120  1131 E RILC    : Send Response to RIL_SOCKET_1
01-01 08:09:14.909545  2181  2181 E GsmSST  : [GsmSST10] handlePollStateResult return due to (ar.userObj != mPollingContext)
01-01 08:09:14.911302  1120  1131 E RIL     : it is short CREG CGREG
01-01 08:09:14.911346  1120  1131 E RIL     : rid: 0
01-01 08:09:14.911396  1120  1131 E RILC    : Send Response to RIL_SOCKET_1
01-01 08:09:14.911617  2181  2181 E GsmSST  : [GsmSST10] handlePollStateResult return due to (ar.userObj != mPollingContext)
01-01 08:09:14.913492  1120  1131 E RILC    : Send Response to RIL_SOCKET_1
01-01 08:09:14.914326  2181  2181 E GsmSST  : [GsmSST10] handlePollStateResult return due to (ar.userObj != mPollingContext)
01-01 08:09:14.917690  1120  1131 E RILC    : Send Response to RIL_SOCKET_1
01-01 08:09:14.920419  1120  1131 E RIL     : it is short CREG CGREG
01-01 08:09:14.920501  1120  1131 E RIL     : rid: 0
01-01 08:09:14.920553  1120  1131 E RILC    : Send Response to RIL_SOCKET_1
01-01 08:09:14.922715  1120  1131 E RIL     : it is short CREG CGREG
01-01 08:09:14.922769  1120  1131 E RIL     : rid: 0
01-01 08:09:14.922825  1120  1131 E RILC    : Send Response to RIL_SOCKET_1
01-01 08:09:14.923281  2181  2181 E PHONE   : [ServiceState] setState deprecated use setVoiceRegState()
01-01 08:09:14.927061  1120  1131 E RILC    : Send Response to RIL_SOCKET_1
01-01 08:09:18.332124  1530  1538 E C2K_RILC: Send Response to RIL_SOCKET_1
01-01 08:09:28.563207  1530  1538 E C2K_RILC: Send Response to RIL_SOCKET_1
01-01 08:09:30.324248   880  1548 I RPC     : RPC-client RX thread after select! - (0)
01-01 08:09:30.324336   880  1548 I RPC     : RPC-client RX thread Before select!
01-01 08:09:30.824676   880  1548 I RPC     : RPC-client RX thread after select! - (0)
01-01 08:09:30.824733   880  1548 I RPC     : RPC-client RX thread Before select!
01-01 08:09:31.325343   880  1548 I RPC     : RPC-client RX thread after select! - (0)
01-01 08:09:31.325459   880  1548 I RPC     : RPC-client RX thread Before select!
01-01 08:09:31.826453   880  1548 I RPC     : RPC-client RX thread after select! - (0)
01-01 08:09:31.826577   880  1548 I RPC     : RPC-client RX thread Before select!
01-01 08:09:31.901013  2181  2181 D SvlteSST: [LteSST0] BroadcastReceiver: via.cdma.action.set.ets.dev.c2klogger
01-01 08:09:31.901231  2181  2181 I SvlteModeController: [getCdmaSocketSlotId] slotId: 0
