01-01 08:09:31.901317  2181  2181 D SvlteSST: [LteSST0] via.cdma.action.set.ets.dev.c2klogger BroadcastReceiver: dev=1
01-01 08:09:31.901498  2181  2181 D RILJ    : [3870]> RIL_REQUEST_SET_ETS_DEV: 1 [SUB0]
01-01 08:09:31.903004  2181  2181 D SvlteSST: [LteSST1] BroadcastReceiver: via.cdma.action.set.ets.dev.c2klogger
01-01 08:09:31.903081  2181  2181 I SvlteModeController: [getCdmaSocketSlotId] slotId: 0
01-01 08:09:31.903098  1530  1535 W C2K_RILC: token = 222
01-01 08:09:31.903172  1530  1535 W C2K_RILC: request = 4016
01-01 08:09:31.903198  1530  1535 D C2K_RILC: SOCKET RIL_SOCKET_1 REQUEST: <unknown request> length:16
01-01 08:09:31.903244  1530  1535 I C2K_RILC: processCommandBuffer enqueueProxyList &s_Proxy[proxyId]=-145649680, request=150, proxyId=0
01-01 08:09:31.903285  1530  1535 I         : enqueueProxyList &pProxyList=-145649680, &s_Proxy[0]=-145649680, &s_Proxy[1]=-145649676
01-01 08:09:31.903326  1530  1535 D         : SET_ETS_DEV dispatched to AT_CHANNEL
01-01 08:09:31.903381  1530  1533 I         : DATA_CHANNEL wakeup
01-01 08:09:31.903398  1530  1534 I         : MISC_CHANNEL wakeup
01-01 08:09:31.903412  1530  1533 I         : proxy deque done
01-01 08:09:31.903437  1530  1533 I         : DATA_CHANNEL sleep
01-01 08:09:31.903503  1530  1534 I         : proxy deque done
01-01 08:09:31.903522  1530  1534 I         : MISC_CHANNEL sleep
01-01 08:09:31.903581  1530  1532 I         : AT_CHANNEL wakeup
01-01 08:09:31.903605  1530  1532 I         : proxy deque done
01-01 08:09:31.903629  1530  1532 D         : SET_ETS_DEV execute on AT_CHANNEL using channel 0
01-01 08:09:31.903651  1530  1532 I C2K_RILC: dispatchInts count=1, status=0
01-01 08:09:31.903672  1530  1532 I C2K_RILC: dispatchInts, t=1, status=0
01-01 08:09:31.903694  1530  1532 D C2K_RIL : C2K onRequest: SET_ETS_DEV
01-01 08:09:31.903712  1530  1532 D C2K_RIL : C2K sState= 7
01-01 08:09:31.903736  1530  1532 D C2K_RIL : smsReadyReported= 1, uimInsertedReported= 1
01-01 08:09:31.903761  1530  1532 D C2K_RIL : processing_md5_cmd=0
01-01 08:09:31.903786  1530  1532 D C2K_RIL : rilDataMain request = 150, datalen = 4.
01-01 08:09:31.903806  1530  1532 D C2K_RIL : rilSimMain enter
01-01 08:09:31.903838  1530  1532 D C2K_RIL : requestSetEtsDev: ETS log output from SDIO
01-01 08:09:31.903864  1530  1532 E C2K_RILC: proxy RIL_queryMyChannelId channelid = 0
01-01 08:09:31.903889  1530  1532 E C2K_RIL : proxy getRILChannelCtxFromToken id=0, RIL_SUPPORT_CHANNELS=3
01-01 08:09:31.903913  1530  1532 E C2K_RILC: proxy RIL_queryMyChannelId channelid = 0
01-01 08:09:31.903934  1530  1532 D C2K_RIL : at_send_command_full enter
01-01 08:09:31.903962  1530  1532 D C2K_RIL : at_send_command_full p_channel->tid_myProxy=-149415632
01-01 08:09:31.903993  1530  1532 D C2K_RIL : AT send on AT_CHANNEL, tid:4145551664
01-01 08:09:31.904015  1530  1532 I C2K_RIL : at_send_command_full_nolock enter
01-01 08:09:31.904035  1530  1532 D C2K_RIL : <fd 18> AT > AT+VTCHSW=1,3
01-01 08:09:31.904052  1530  1532 D C2K_RIL : AT+VTCHSW=1,3
01-01 08:09:31.904074  1530  1532 I C2K_RIL : AT write start, p_channel->fd=18 
01-01 08:09:31.904112  1530  1532 D C2K_RIL : writeline exit
01-01 08:09:31.904140  1530  1532 I C2K_RIL : at_send_command_full_nolock pthread cond wait timeout
01-01 08:09:31.929761  1530  1538 I C2K_RIL : AT read end: 15:Bad file descriptor
01-01 08:09:31.929826  1530  1538 D C2K_RIL : <fd 18> AT < +VTCHSW:1,3
01-01 08:09:31.929855  1530  1538 D C2K_RIL : AT_CHANNEL Enter processLine
01-01 08:09:31.929878  1530  1538 D C2K_RIL : processLine enter line=+VTCHSW:1,3
01-01 08:09:31.929907  1530  1538 D C2K_RIL : isFinalResponseSuccess exit return 0 line=+VTCHSW:1,3
01-01 08:09:31.929933  1530  1538 W C2K_RIL : processLine type=0
01-01 08:09:31.929954  1530  1538 D C2K_RIL : onUnsolicited enter s=+VTCHSW:1,3
01-01 08:09:31.930020  1530  1538 D C2K_RIL : net.ctclientd = 0, at.reset = disable
01-01 08:09:31.930048  1530  1538 E C2K_RIL : Unhandled unsolicited result code: +VTCHSW:1,3
01-01 08:09:31.930070  1530  1538 D C2K_RIL : onUnsolicited exit unhandled
01-01 08:09:31.930089  1530  1538 D C2K_RIL : processLine exit
01-01 08:09:31.930148  1530  1538 I C2K_RIL : readline enter p_channel->myName=AT_CHANNEL
01-01 08:09:31.930170  1530  1538 I C2K_RIL : AT read start
01-01 08:09:31.930198  1530  1538 I C2K_RIL : AT read end: 6:Bad file descriptor
01-01 08:09:31.930220  1530  1538 D C2K_RIL : <fd 18> AT < OK
01-01 08:09:31.930262  1530  1538 D C2K_RIL : AT_CHANNEL Enter processLine
01-01 08:09:31.930282  1530  1538 D C2K_RIL : processLine enter line=OK
01-01 08:09:31.930307  1530  1538 D C2K_RIL : isFinalResponseSuccess return 1 line=OK
01-01 08:09:31.930327  1530  1538 D C2K_RIL : handleFinalResponse enter
01-01 08:09:31.930360  1530  1538 D C2K_RIL : handleFinalResponse exit
01-01 08:09:31.930379  1530  1538 D C2K_RIL : processLine exit
01-01 08:09:31.930400  1530  1538 I C2K_RIL : readline enter p_channel->myName=AT_CHANNEL
01-01 08:09:31.930432  1530  1538 I C2K_RIL : AT read start
01-01 08:09:31.930534  1530  1532 I C2K_RIL : at_send_command_full_nolock exit
01-01 08:09:31.930564  1530  1532 D C2K_RIL : response received on AT_CHANNEL, tid:4145551664
01-01 08:09:31.930587  1530  1532 D C2K_RIL : at_send_command_full p_channel->tid_myProxy=0
01-01 08:09:31.930609  1530  1532 D C2K_RILC: RequestComplete, RIL_SOCKET_1
01-01 08:09:31.930643  1530  1532 E C2K_RILC: Send Response to RIL_SOCKET_1
01-01 08:09:31.930678  1530  1532 D C2K_RILC: writeOffset = 0 written = 4
01-01 08:09:31.930703  1530  1532 D C2K_RILC: writeOffset = 0 written = 12
01-01 08:09:31.930739  1530  1532 I         : proxy deque done
01-01 08:09:31.930761  1530  1532 I         : AT_CHANNEL sleep
01-01 08:09:31.930825  2181  2661 D RILJ    : [3870]< RIL_REQUEST_SET_ETS_DEV  [SUB0]
01-01 08:09:31.931194  2181  2181 D SvlteSST: [LteSST0] handleMessage (ACTION_VIA_ETS_DEV_CHANGED_LOGGER)
01-01 08:09:32.327266   880  1548 I RPC     : RPC-client RX thread after select! - (0)
01-01 08:09:32.327500   880  1548 I RPC     : RPC-client RX thread Before select!
01-01 08:09:32.391232  2181  2598 D SubscriptionController: getSimStateForSlotIdx:  simState=ABSENT ordinal=1
01-01 08:09:32.391431  3385  3986 D SubscriptionManager: getSimStateForSubscriber: simState=1 slotIdx=0
01-01 08:09:32.392034  2181  2714 D SubscriptionController: getSimStateForSlotIdx:  simState=ABSENT ordinal=1
01-01 08:09:32.392192  3385  3986 D SubscriptionManager: getSimStateForSubscriber: simState=1 slotIdx=1
01-01 08:09:32.393273  2181  2228 D SubscriptionManager: [getPhoneId]- return dummy value, subId = -2
01-01 08:09:32.394262  2181  2228 D CDMAPhone: mIccRecords is null, so imsi return null
01-01 08:09:32.395057  2181  2678 D SubscriptionController: getSimStateForSlotIdx:  simState=ABSENT ordinal=1
01-01 08:09:32.395227  3385  3986 D SubscriptionManager: getSimStateForSubscriber: simState=1 slotIdx=0
01-01 08:09:32.395814  2181  2224 D SubscriptionController: getSimStateForSlotIdx:  simState=ABSENT ordinal=1
01-01 08:09:32.395975  3385  3986 D SubscriptionManager: getSimStateForSubscriber: simState=1 slotIdx=1
01-01 08:09:32.790503  1096  1096 D RILMUXD : [gsm0710muxd] 3897:main(): Frames received/dropped: 626/0
01-01 08:09:32.828119   880  1548 I RPC     : RPC-client RX thread after select! - (0)
01-01 08:09:32.828178   880  1548 I RPC     : RPC-client RX thread Before select!
01-01 08:09:33.328751   880  1548 I RPC     : RPC-client RX thread after select! - (0)
01-01 08:09:33.328825   880  1548 I RPC     : RPC-client RX thread Before select!
01-01 08:09:33.829464   880  1548 I RPC     : RPC-client RX thread after select! - (0)
01-01 08:09:33.829623   880  1548 I RPC     : RPC-client RX thread Before select!
01-01 08:09:34.330184   880  1548 I RPC     : RPC-client RX thread after select! - (0)
01-01 08:09:34.330256   880  1548 I RPC     : RPC-client RX thread Before select!
01-01 08:09:34.830851   880  1548 I RPC     : RPC-client RX thread after select! - (0)
01-01 08:09:34.830952   880  1548 I RPC     : RPC-client RX thread Before select!
01-01 08:09:35.331556   880  1548 I RPC     : RPC-client RX thread after select! - (0)
01-01 08:09:35.331634   880  1548 I RPC     : RPC-client RX thread Before select!
01-01 08:09:35.832415   880  1548 I RPC     : RPC-client RX thread after select! - (0)
01-01 08:09:35.832500   880  1548 I RPC     : RPC-client RX thread Before select!
01-01 08:09:36.333089   880  1548 I RPC     : RPC-client RX thread after select! - (0)
01-01 08:09:36.333185   880  1548 I RPC     : RPC-client RX thread Before select!
01-01 08:09:36.833795   880  1548 I RPC     : RPC-client RX thread after select! - (0)
01-01 08:09:36.833885   880  1548 I RPC     : RPC-client RX thread Before select!
01-01 08:09:37.334465   880  1548 I RPC     : RPC-client RX thread after select! - (0)
01-01 08:09:37.334527   880  1548 I RPC     : RPC-client RX thread Before select!
01-01 08:09:37.478602  1120  1142 I RILC    : NUMBER:1
01-01 08:09:37.478750  1120  1142 I RILC    : arg len:14
01-01 08:09:37.478858  1120  1142 I RILC    : ARGS[0]:THERMAL,0,-1
01-01 08:09:37.479046  1120  1142 D RILC    : C[locl]> QUERY_MODEM_THERMAL
01-01 08:09:37.479185  1120  1142 D RILC-MTK: QUERY_MODEM_THERMAL pRI=0x7f88b8c6f0 p=0x7f88b97180 dispatched to RIL_CMD_PROXY_1
01-01 08:09:37.479482  1120  1134 I RILC-MTK: RIL_CMD_PROXY_4 wakeup
01-01 08:09:37.479496  1120  1131 I RILC-MTK: RIL_CMD_PROXY_3 wakeup
01-01 08:09:37.479576  1120  1134 I RILC-MTK: RIL_CMD_PROXY_4 sleep
01-01 08:09:37.479688  1120  1136 I RILC-MTK: RIL_URC2_PROXY wakeup
01-01 08:09:37.479697  1120  1141 I RILC-MTK: RIL_ATCI2_PROXY wakeup
01-01 08:09:37.479774  1120  1136 I RILC-MTK: RIL_URC2_PROXY sleep
01-01 08:09:37.479863  1120  1137 I RILC-MTK: RIL_CMD2_PROXY_3 wakeup
01-01 08:09:37.479898  1120  1140 I RILC-MTK: RIL_CMD2_PROXY_4 wakeup
01-01 08:09:37.479922  1120  1139 I RILC-MTK: RIL_CMD2_PROXY_1 wakeup
01-01 08:09:37.479941  1120  1137 I RILC-MTK: RIL_CMD2_PROXY_3 sleep
01-01 08:09:37.480025  1120  1131 I RILC-MTK: RIL_CMD_PROXY_3 sleep
01-01 08:09:37.480275  1120  1132 I RILC-MTK: RIL_CMD_PROXY_2 wakeup
01-01 08:09:37.480352  1120  1132 I RILC-MTK: RIL_CMD_PROXY_2 sleep
01-01 08:09:37.480465  1120  1130 I RILC-MTK: RIL_URC_PROXY wakeup
01-01 08:09:37.480516  1120  1140 I RILC-MTK: RIL_CMD2_PROXY_4 sleep
01-01 08:09:37.480697  1120  1135 I RILC-MTK: RIL_ATCI_PROXY wakeup
01-01 08:09:37.480771  1120  1135 I RILC-MTK: RIL_ATCI_PROXY sleep
01-01 08:09:37.481027  1120  1139 I RILC-MTK: RIL_CMD2_PROXY_1 sleep
01-01 08:09:37.481220  1120  1133 I RILC-MTK: RIL_CMD_PROXY_1 wakeup
01-01 08:09:37.481311  1120  1133 D RILC-MTK: proxy id:3, proxyName: RIL_CMD_PROXY_1
01-01 08:09:37.481411  1120  1133 D RILC-MTK: QUERY_MODEM_THERMAL pRI=0x7f88b8c6f0 p=0x7f88b97180 execute on RIL_CMD_PROXY_1 using channel 3
01-01 08:09:37.481504  1120  1133 D RILC    : callOnRequest for new vendor ril
01-01 08:09:37.481590  1120  1133 D RIL     : onRequest: QUERY_MODEM_THERMAL, datalen = 8
01-01 08:09:37.481664  1120  1133 D RIL     : radioState:10
01-01 08:09:37.481761  1120  1133 D RIL     : requestQueryThermal Enter,-1
01-01 08:09:37.481878  1120  1133 D AT      : getRILChannelCtx subsystem:1, rid:0 channelOffset:0
01-01 08:09:37.481966  1120  1133 D AT      : AT send on RIL_CMD_READER_3, tid:547744666688
01-01 08:09:37.482037  1120  1133 D AT      : AT> AT+ETHERMAL
01-01 08:09:37.482106  1120  1133 I AT      : AT write start
01-01 08:09:37.482346  1120  1138 I RILC-MTK: RIL_CMD2_PROXY_2 wakeup
01-01 08:09:37.482420  1120  1138 I RILC-MTK: RIL_CMD2_PROXY_2 sleep
01-01 08:09:37.482559  1120  1141 I RILC-MTK: RIL_ATCI2_PROXY sleep
01-01 08:09:37.482709  1120  1130 I RILC-MTK: RIL_URC_PROXY sleep
01-01 08:09:37.482963  1096  1112 D RILMUXD : [gsm0710muxd] 3614:poll_thread(): poll_thread select found
01-01 08:09:37.483086  1096  1112 D RILMUXD : [gsm0710muxd] 1045:pseudo_device_read(): Enter, LackofAtciChannel=0
01-01 08:09:37.483213  1096  1112 D RILMUXD : [gsm0710muxd] 657:write_frame(): Sending frame to channel 5
01-01 08:09:37.483420  1096  1112 D RILMUXD : [gsm0710muxd] 766:write_frame(): Write a frame on channel 5 with length 12
01-01 08:09:37.484936  1096  1106 D RILMUXD : [gsm0710muxd] 1643:gsm0710_base_buffer_get_frame(): Get a complete frame. ch:5, ctrl:239, len:42
01-01 08:09:37.485123  1096  1106 D RILMUXD : [gsm0710muxd] 2383:extract_frames(): Writing 42 byte frame received on channel 5 to /dev/pts/9
01-01 08:09:37.485309  1096  1106 D RILMUXD : [gsm0710muxd] 2403:extract_frames(): write() returned. Written 42/42 bytes of frame to /dev/pts/9
01-01 08:09:37.485434  1096  1106 D RILMUXD : [gsm0710muxd] 2408:extract_frames(): fsync() failed (-1, 22 - Invalid argument)
01-01 08:09:37.485579  1096  1106 D RILMUXD : [gsm0710muxd] 1643:gsm0710_base_buffer_get_frame(): Get a complete frame. ch:5, ctrl:239, len:6
01-01 08:09:37.485700  1096  1106 D RILMUXD : [gsm0710muxd] 2383:extract_frames(): Writing 6 byte frame received on channel 5 to /dev/pts/9
01-01 08:09:37.485833  1096  1106 D RILMUXD : [gsm0710muxd] 2403:extract_frames(): write() returned. Written 6/6 bytes of frame to /dev/pts/9
01-01 08:09:37.485949  1096  1106 D RILMUXD : [gsm0710muxd] 2408:extract_frames(): fsync() failed (-1, 22 - Invalid argument)
01-01 08:09:37.486150  1120  1149 I AT      : AT read end: 48
01-01 08:09:37.486238  1120  1149 D AT      : AT< +ETHERMAL: 0, 32767, -127, 0, 32767, 2
01-01 08:09:37.486323  1120  1149 D AT      : RIL_CMD_READER_3 Enter processLine:+ETHERMAL: 0, 32767, -127, 0, 32767, 2
01-01 08:09:37.486408  1120  1149 D AT      : AT< OK
01-01 08:09:37.486487  1120  1149 D AT      : RIL_CMD_READER_3 Enter processLine:OK
01-01 08:09:37.486582  1120  1149 I AT      : AT read start
01-01 08:09:37.486660  1120  1133 D AT      : response received on RIL_CMD_READER_3, tid:547744666688
01-01 08:09:37.486751  1120  1133 D RIL     : requestQueryThermal success
01-01 08:09:37.486834  1120  1133 D RILC    : RequestComplete, RIL_SOCKET_1
01-01 08:09:37.486920  1120  1133 D RILC    : [THERMAL] local request for THERMAL returned 
01-01 08:09:37.487023  1120  1133 D RILC    : [THERMAL] s_THERMAL_fd is valid strResult is  0, 32767, -127, 0, 32767, 2
01-01 08:09:37.487162  1120  1133 D RILC-MTK: proxyLoop free  pRI=0x7f88b8c6f0 p=0x7f88b97180 
01-01 08:09:37.487268  1120  1133 D RILC-MTK: proxyLoop free  pRequest=0x7f868ff1a0
01-01 08:09:37.487348  1120  1133 I RILC-MTK: RIL_CMD_PROXY_1 sleep
01-01 08:09:37.790685  1096  1096 D RILMUXD : [gsm0710muxd] 3897:main(): Frames received/dropped: 628/0
01-01 08:09:37.835125   880  1548 I RPC     : RPC-client RX thread after select! - (0)
01-01 08:09:37.835216   880  1548 I RPC     : RPC-client RX thread Before select!
01-01 08:09:38.335800   880  1548 I RPC     : RPC-client RX thread after select! - (0)
01-01 08:09:38.335869   880  1548 I RPC     : RPC-client RX thread Before select!
01-01 08:09:38.808115  1530  1538 I C2K_RIL : AT read end: 20:Bad file descriptor
01-01 08:09:38.808190  1530  1538 D C2K_RIL : <fd 18> AT < +HDRCSQ:29,99,-9
01-01 08:09:38.808227  1530  1538 D C2K_RIL : AT_CHANNEL Enter processLine
01-01 08:09:38.808261  1530  1538 D C2K_RIL : processLine enter line=+HDRCSQ:29,99,-9
01-01 08:09:38.808295  1530  1538 D C2K_RIL : processLine, p_response is null
01-01 08:09:38.808329  1530  1538 D C2K_RIL : onUnsolicited enter s=+HDRCSQ:29,99,-9
01-01 08:09:38.808374  1530  1538 D C2K_RIL : commas_count is 2
01-01 08:09:38.808437  1530  1538 D C2K_RIL : onUnsolicited s_unsol_msg_cache.signal_strength.EVDO_SignalStrength.dbm = 55
01-01 08:09:38.808483  1530  1538 D C2K_RIL : onUnsolicited s_unsol_msg_cache.signal_strength.EVDO_SignalStrength.ecio = -1
01-01 08:09:38.808552  1530  1538 I C2K_RILC: RIL_SOCKET_1 UNSOLICITED: UNSOL_SIGNAL_STRENGTH length:56
01-01 08:09:38.808583  1530  1538 E C2K_RILC: Send Response to RIL_SOCKET_1
01-01 08:09:38.808639  1530  1538 D C2K_RILC: writeOffset = 0 written = 4
01-01 08:09:38.808678  1530  1538 D C2K_RILC: writeOffset = 0 written = 56
01-01 08:09:38.808715  1530  1538 D C2K_RIL : onUnsolicited exit normal
01-01 08:09:38.808751  1530  1538 I C2K_RIL : readline enter p_channel->myName=AT_CHANNEL
01-01 08:09:38.808781  1530  1538 I C2K_RIL : AT read start
01-01 08:09:38.809573  2181  2181 D SvlteSST: [LteSST0] EVENT_SIGNAL_STRENGTH_UPDATE, ar = SignalStrength: 0 0 113 -256 55 -1 8 99 2147483647 0 2147483647 2147483647 2147483647 cdma 0 0 0
01-01 08:09:38.809815  2181  2181 D SvlteSST: [LteSST0] Before combine Signal Strength, setSignalStrength(): isGsm = falsenew mSignalStrength = SignalStrength: 0 0 -113 -160 -55 -1 8 99 2147483647 -2147483647 2147483647 2147483647 2147483647 cdma 0 0 0
01-01 08:09:38.809893  2181  2181 D SvlteSST: [LteSST0] onCDMASignalStrengthResult(): cdmaSignalStrength = SignalStrength: 0 0 -113 -160 -55 -1 8 99 2147483647 -2147483647 2147483647 2147483647 2147483647 cdma 0 0 0
01-01 08:09:38.809996  2181  2181 D SvlteSST: [LteSST0] combineGsmCdmaSignalStrength: mGSMSignalStrength= SignalStrength: 17 47 -120 -160 -7 0 -1 99 -93 -93 -11 57 2147483647 gsm|lte 1 1 1mCDMASignalStrength = SignalStrength: 0 0 -113 -160 -55 -1 8 99 2147483647 -2147483647 2147483647 2147483647 2147483647 cdma 0 0 0
01-01 08:09:38.810086  2181  2181 D SvlteSST: [LteSST0] combineGsmCdmaSignalStrength: mCombinedSignalStrength= SignalStrength: 17 47 -113 -160 -55 -1 8 99 -93 0 -11 57 2147483647 cdma 1 1 1
01-01 08:09:38.810221  2181  2181 D SvlteSST: [LteSST0] notifySignalStrength: mCombinedSignalStrength.getLevel=4
01-01 08:09:38.810300  2181  2181 D SubscriptionController: [getSubId]- sSlotIdxToSubId.size == 0, return DummySubIds slotIdx=0
01-01 08:09:38.810358  2181  2181 D SubscriptionController: getDummySubIds: slotIdx=0 return 2 DummySubIds with each subId=-2
01-01 08:09:38.810469  2181  2181 D DefaultPhoneNotifier: notifySignalStrength: mRegistry=com.android.internal.telephony.ITelephonyRegistry$Stub$Proxy@7e80317 ss=SignalStrength: 17 47 -113 -160 -55 -1 8 99 -93 0 -11 57 2147483647 cdma 1 1 1 sender=Handler (com.android.internal.telephony.cdma.CDMAPhone) {34038c2}
01-01 08:09:38.811142  1456  1759 D TelephonyRegistry: notifySignalStrengthForSubscriber: subId=-2 signalStrength=SignalStrength: 17 47 -113 -160 -55 -1 8 99 -93 0 -11 57 2147483647 cdma 1 1 1
01-01 08:09:38.811233  1456  1759 D TelephonyRegistry: notifySignalStrengthForSubscriber: logSSC.length=5 next=2
01-01 08:09:38.811674  1456  1759 D TelephonyRegistry: notifyServiceStateForSubscriber Time 20160101T080008Asia/Shanghai(5,0,28800,0,1451606408) mSubId -2 mPhoneId 0  mState 1 1 voice home data home        Unknown 1xRTT CSS not supported 16 13840 RoamInd=1 DefRoamInd=0 EmergOnly=true Ril Voice Regist state: 2 Ril Data Regist state: 0 mProprietaryDataRadioTechnology: 0 VoiceRejectCause: -1 DataRejectCause: -1 mCdmaNetWorkMode: 2 IsDataRoamingFromRegistration=false
01-01 08:09:38.812133  1456  1759 D TelephonyRegistry: notifyServiceStateForSubscriber Time 20160101T080013Asia/Shanghai(5,0,28800,0,1451606413) mSubId -2 mPhoneId 0  mState 1 1 voice home data home        Unknown EvDo-rev.A CSS not supported 16 13840 RoamInd=1 DefRoamInd=0 EmergOnly=true Ril Voice Regist state: 2 Ril Data Regist state: 0 mProprietaryDataRadioTechnology: 0 VoiceRejectCause: -1 DataRejectCause: -1 mCdmaNetWorkMode: 8 IsDataRoamingFromRegistration=false
01-01 08:09:38.812782  1456  1759 D TelephonyRegistry: notifyServiceStateForSubscriber Time 20160101T080052Asia/Shanghai(5,0,28800,0,1451606452) mSubId -2 mPhoneId 0  mState 1 1 voice home data home        Unknown EvDo-rev.A CSS not supported 16 13840 RoamInd=1 DefRoamInd=0 EmergOnly=true Ril Voice Regist state: 2 Ril Data Regist state: 0 mProprietaryDataRadioTechnology: 0 VoiceRejectCause: -1 DataRejectCause: -1 mCdmaNetWorkMode: 8 IsDataRoamingFromRegistration=false
01-01 08:09:38.813212  1456  1759 D TelephonyRegistry: notifyServiceStateForSubscriber Time 20160101T080912Asia/Shanghai(5,0,28800,0,1451606952) mSubId -2 mPhoneId 0  mState 1 1 voice home data home        Unknown EvDo-rev.A CSS not supported 16 13840 RoamInd=1 DefRoamInd=0 EmergOnly=true Ril Voice Regist state: 2 Ril Data Regist state: 0 mProprietaryDataRadioTechnology: 0 VoiceRejectCause: -1 DataRejectCause: -1 mCdmaNetWorkMode: 8 IsDataRoamingFromRegistration=false
01-01 08:09:38.813535  1456  1759 D TelephonyRegistry: notifyServiceStateForSubscriber Time 20160101T080914Asia/Shanghai(5,0,28800,0,1451606954) mSubId -2 mPhoneId 0  mState 1 1 voice home data home        Unknown EvDo-rev.A CSS not supported 16 13840 RoamInd=1 DefRoamInd=0 EmergOnly=true Ril Voice Regist state: 2 Ril Data Regist state: 0 mProprietaryDataRadioTechnology: 0 VoiceRejectCause: -1 DataRejectCause: -1 mCdmaNetWorkMode: 8 IsDataRoamingFromRegistration=false
01-01 08:09:38.813595  1456  1759 D TelephonyRegistry: notifySignalStrengthForSubscriber: ----------------
01-01 08:09:38.813762  1456  1759 D SubscriptionManager: [getPhoneId]- return dummy value, subId = -2
01-01 08:09:38.813817  1456  1759 D TelephonyRegistry: validatePhoneId: true
01-01 08:09:38.813858  1456  1759 D TelephonyRegistry: notifySignalStrengthForSubscriber: valid phoneId=0
01-01 08:09:38.815246  2181  2181 D SubscriptionController: [getPhoneId] asked for default subId=-1
01-01 08:09:38.815593  2181  2181 D SubscriptionController: [getPhoneId]- invalid subId = -1 return = -1
01-01 08:09:38.815927  1456  1759 D SubscriptionManager: [getPhoneId]- return dummy value, subId = -2
01-01 08:09:38.815987  1456  1759 D TelephonyRegistry: idMatch: rlt=false
01-01 08:09:38.816060  1456  1759 D TelephonyRegistry: handleRemoveListLocked: mRemoveList.size()=0
01-01 08:09:38.816303  1456  1759 D SubscriptionManager: [getPhoneId]- return dummy value, subId = -2
01-01 08:09:38.816969  2181  2181 D SubscriptionController: [getSubId]- sSlotIdxToSubId.size == 0, return DummySubIds slotIdx=0
01-01 08:09:38.817047  2181  2181 D SubscriptionController: getDummySubIds: slotIdx=0 return 2 DummySubIds with each subId=-2
01-01 08:09:38.836459   880  1548 I RPC     : RPC-client RX thread after select! - (0)
01-01 08:09:38.836575   880  1548 I RPC     : RPC-client RX thread Before select!
01-01 08:09:39.228490  1790  2556 D SubscriptionManager: [getPhoneId]- return dummy value, subId = -1
01-01 08:09:39.228671  1790  2556 D TelephonyManager: getTelephonyProperty prop value= 46003,,,,,,,,,,
01-01 08:09:39.240312  2181  2714 D DCT     : [0]fetchDunApn: config_tether_apndata dunSetting=null
01-01 08:09:39.240361  2181  2714 D DCT     : [0]hasMatchedTetherApnSetting: APN=null
01-01 08:09:39.249019  1790  2556 D SubscriptionManager: [getPhoneId]- return dummy value, subId = -1
01-01 08:09:39.249092  1790  2556 D TelephonyManager: getTelephonyProperty prop value= 46003,,,,,,,,,,
01-01 08:09:39.251272  1790  2556 D SubscriptionManager: [getPhoneId]- return dummy value, subId = -1
01-01 08:09:39.251331  1790  2556 D TelephonyManager: getTelephonyProperty prop value= 46003,,,,,,,,,,
01-01 08:09:39.252710  1790  2556 D SubscriptionManager: [getPhoneId]- return dummy value, subId = -1
01-01 08:09:39.252779  1790  2556 D TelephonyManager: getTelephonyProperty prop value= 46003,,,,,,,,,,
01-01 08:09:39.337164   880  1548 I RPC     : RPC-client RX thread after select! - (0)
01-01 08:09:39.337241   880  1548 I RPC     : RPC-client RX thread Before select!
01-01 08:09:39.837838   880  1548 I RPC     : RPC-client RX thread after select! - (0)
01-01 08:09:39.837933   880  1548 I RPC     : RPC-client RX thread Before select!
01-01 08:09:40.338526   880  1548 I RPC     : RPC-client RX thread after select! - (0)
01-01 08:09:40.338611   880  1548 I RPC     : RPC-client RX thread Before select!
01-01 08:09:40.839213   880  1548 I RPC     : RPC-client RX thread after select! - (0)
01-01 08:09:40.839307   880  1548 I RPC     : RPC-client RX thread Before select!
01-01 08:09:41.339893   880  1548 I RPC     : RPC-client RX thread after select! - (0)
01-01 08:09:41.339967   880  1548 I RPC     : RPC-client RX thread Before select!
