01-01 08:09:30.796836  1456  1512 I WindowManager: Focus moving from Window{93cc044 u0 开始录制 EXITING} to Window{49ab302 u0 com.mediatek.mtklogger/com.mediatek.mtklogger.MainActivity}
01-01 08:09:30.796916  1456  1512 I WindowManager: Gaining focus: Window{49ab302 u0 com.mediatek.mtklogger/com.mediatek.mtklogger.MainActivity}
01-01 08:09:30.797046  1456  1512 I WindowManager: Losing focus: Window{93cc044 u0 开始录制 EXITING}
01-01 08:09:30.799782  1456  1476 V InputMethodManagerService: windowGainedFocus: android.os.BinderProxy@a5b7fe4 controlFlags=#0 softInputMode=#20 windowFlags=#1810100
01-01 08:09:30.799964  1456  1476 W InputMethodManagerService: Window already focused, ignoring focus gain of: com.android.internal.view.IInputMethodClient$Stub$Proxy@51c6ce5 attribute=null, token = android.os.BinderProxy@8451c4d
01-01 08:09:31.790479  1456  1497 V NotificationService: enqueueNotificationInternal: pkg=com.mediatek.mtklogger id=2130837539 notification=Notification(pri=0 contentView=com.mediatek.mtklogger/0x109008d vibrate=null sound=null tick defaults=0x0 flags=0x60 color=0x00000000 vis=PRIVATE)
01-01 08:09:31.792326  1456  1456 V MoMS.NotificationController: notifications are enabled for com.mediatek.mtklogger
01-01 08:09:31.795270  1456  1456 V NotificationService: pkg=com.mediatek.mtklogger canInterrupt=true intercept=false
01-01 08:09:31.795475  1456  1456 V NotificationService: Interrupting!
01-01 08:09:31.899892  1456  1476 V ActivityManager: Broadcast: Intent { act=via.cdma.action.set.ets.dev.c2klogger flg=0x10 (has extras) } ordered=false userid=0 callerApp=ProcessRecord{242b650 4633:com.mediatek.mtklogger/u0a52}
01-01 08:09:31.902113  1456  2268 D PowerManagerService: acquireWakeLockInternal: lock=73814970, flags=0x1, tag="RILJ", ws=null, uid=1001, pid=2181
01-01 08:09:31.902216  1456  2268 D PowerManagerService: updateWakeLockSummaryLocked: mWakefulness=Awake, mWakeLockSummary=0x1
01-01 08:09:31.902294  1456  2268 D PowerManagerService: updateUserActivitySummaryLocked: mWakefulness=Awake, mUserActivitySummary=0x1, nextTimeout=474722 (in 50210 ms)
01-01 08:09:31.902401  1456  2268 D DisplayPowerController: requestPowerState: policy=BRIGHT, useProximitySensor=false, screenBrightness=61, screenAutoBrightnessAdjustment=0.0, brightnessSetByUser=true, useAutoBrightness=false, blockScreenOn=false, lowPowerMode=false, boostScreenBrightness=false, dozeScreenBrightness=-1, dozeScreenState=UNKNOWN, waitForNegativeProximity=false
01-01 08:09:31.902441  1456  2268 I PowerManagerService: setBrightness mButtonLight 0.
01-01 08:09:31.902481  1456  2268 D PowerManagerService: updateDisplayPowerStateLocked: mDisplayReady=true, policy=3, mWakefulness=1, mWakeLockSummary=0x1, mUserActivitySummary=0x1, mBootCompleted=true, mScreenBrightnessBoostInProgress=false
01-01 08:09:31.902533  1456  2268 D PowerManagerService: Acquiring suspend blocker "PowerManagerService.WakeLocks".
01-01 08:09:31.902646  1456  2268 D PowerManagerNotifier: onWakeLockAcquired: flags=1, tag="RILJ", packageName=com.android.phone, ownerUid=1001, ownerPid=2181, workSource=null
01-01 08:09:31.931295  1456  1758 D PowerManagerService: releaseWakeLockInternal: lock=73814970 [RILJ], flags=0x0, total_time=29ms
01-01 08:09:31.931386  1456  1758 D PowerManagerNotifier: onWakeLockReleased: flags=1, tag="RILJ", packageName=com.android.phone, ownerUid=1001, ownerPid=2181, workSource=null
01-01 08:09:31.931521  1456  1758 D PowerManagerService: updateWakeLockSummaryLocked: mWakefulness=Awake, mWakeLockSummary=0x0
01-01 08:09:31.931607  1456  1758 D PowerManagerService: updateUserActivitySummaryLocked: mWakefulness=Awake, mUserActivitySummary=0x1, nextTimeout=474722 (in 50181 ms)
01-01 08:09:31.931686  1456  1758 D DisplayPowerController: requestPowerState: policy=BRIGHT, useProximitySensor=false, screenBrightness=61, screenAutoBrightnessAdjustment=0.0, brightnessSetByUser=true, useAutoBrightness=false, blockScreenOn=false, lowPowerMode=false, boostScreenBrightness=false, dozeScreenBrightness=-1, dozeScreenState=UNKNOWN, waitForNegativeProximity=false
01-01 08:09:31.931714  1456  1758 I PowerManagerService: setBrightness mButtonLight 0.
01-01 08:09:31.931766  1456  1758 D PowerManagerService: updateDisplayPowerStateLocked: mDisplayReady=true, policy=3, mWakefulness=1, mWakeLockSummary=0x0, mUserActivitySummary=0x1, mBootCompleted=true, mScreenBrightnessBoostInProgress=false
01-01 08:09:31.931814  1456  1758 D PowerManagerService: Releasing suspend blocker "PowerManagerService.WakeLocks".
01-01 08:09:31.932259  1456  1758 V ActivityManager: Broadcast: Intent { act=via.cdma.action.ets.dev.changed.c2klogger flg=0x10 (has extras) } ordered=false userid=0 callerApp=ProcessRecord{3c5aac3 2181:com.android.phone/1001}
01-01 08:09:32.952543  1456  1574 D PowerManagerService: userActivityFromNative
01-01 08:09:32.953188  1456  1574 D PowerManagerService: userActivityNoUpdateLocked: eventTime=425561, event=2, flags=0x0, uid=1000
01-01 08:09:32.953251  1456  1574 D PowerManagerNotifier: onUserActivity: event=2, uid=1000
01-01 08:09:32.953405  1456  1574 D PowerManagerService: updateUserActivitySummaryLocked: mWakefulness=Awake, mUserActivitySummary=0x1, nextTimeout=478561 (in 52998 ms)
01-01 08:09:32.953490  1456  1574 D DisplayPowerController: requestPowerState: policy=BRIGHT, useProximitySensor=false, screenBrightness=61, screenAutoBrightnessAdjustment=0.0, brightnessSetByUser=true, useAutoBrightness=false, blockScreenOn=false, lowPowerMode=false, boostScreenBrightness=false, dozeScreenBrightness=-1, dozeScreenState=UNKNOWN, waitForNegativeProximity=false
01-01 08:09:32.953527  1456  1574 I PowerManagerService: setBrightness mButtonLight 0.
01-01 08:09:32.953574  1456  1574 D PowerManagerService: updateDisplayPowerStateLocked: mDisplayReady=true, policy=3, mWakefulness=1, mWakeLockSummary=0x0, mUserActivitySummary=0x1, mBootCompleted=true, mScreenBrightnessBoostInProgress=false
01-01 08:09:32.954827  1456  1756 V SettingsProvider: packageValueForCallResult, name = haptic_feedback_enabled, value : 1
01-01 08:09:32.955316  1456  1756 D PowerManagerService: acquireWakeLockInternal: lock=109361618, flags=0x1, tag="*vibrator*", ws=WorkSource{1000}, uid=1000, pid=1456
01-01 08:09:32.955392  1456  1756 D PowerManagerService: updateWakeLockSummaryLocked: mWakefulness=Awake, mWakeLockSummary=0x1
01-01 08:09:32.955475  1456  1756 D PowerManagerService: updateUserActivitySummaryLocked: mWakefulness=Awake, mUserActivitySummary=0x1, nextTimeout=478561 (in 52996 ms)
01-01 08:09:32.955554  1456  1756 D DisplayPowerController: requestPowerState: policy=BRIGHT, useProximitySensor=false, screenBrightness=61, screenAutoBrightnessAdjustment=0.0, brightnessSetByUser=true, useAutoBrightness=false, blockScreenOn=false, lowPowerMode=false, boostScreenBrightness=false, dozeScreenBrightness=-1, dozeScreenState=UNKNOWN, waitForNegativeProximity=false
01-01 08:09:32.955586  1456  1756 I PowerManagerService: setBrightness mButtonLight 0.
01-01 08:09:32.955632  1456  1756 D PowerManagerService: updateDisplayPowerStateLocked: mDisplayReady=true, policy=3, mWakefulness=1, mWakeLockSummary=0x1, mUserActivitySummary=0x1, mBootCompleted=true, mScreenBrightnessBoostInProgress=false
01-01 08:09:32.955685  1456  1756 D PowerManagerService: Acquiring suspend blocker "PowerManagerService.WakeLocks".
01-01 08:09:32.955767  1456  1756 D PowerManagerNotifier: onWakeLockAcquired: flags=1, tag="*vibrator*", packageName=android, ownerUid=1000, ownerPid=1456, workSource=WorkSource{1000}
01-01 08:09:32.956354  1456  1574 D PowerManagerService: userActivityFromNative
01-01 08:09:32.956438  1456  1574 D PowerManagerService: userActivityNoUpdateLocked: eventTime=425563, event=1, flags=0x0, uid=1000
01-01 08:09:32.956478  1456  1574 D PowerManagerNotifier: onUserActivity: event=1, uid=1000
01-01 08:09:32.956610  1456  1574 D PowerManagerService: updateUserActivitySummaryLocked: mWakefulness=Awake, mUserActivitySummary=0x9, nextTimeout=433563 (in 7997 ms)
01-01 08:09:32.956711  1456  1574 D DisplayPowerController: requestPowerState: policy=BRIGHT, useProximitySensor=false, screenBrightness=61, screenAutoBrightnessAdjustment=0.0, brightnessSetByUser=true, useAutoBrightness=false, blockScreenOn=false, lowPowerMode=false, boostScreenBrightness=false, dozeScreenBrightness=-1, dozeScreenState=UNKNOWN, waitForNegativeProximity=false
01-01 08:09:32.956929  1456  1574 I PowerManagerService: setBrightness mButtonLight, screenBrightness=61
01-01 08:09:32.956977  1456  1574 D PowerManagerService: updateDisplayPowerStateLocked: mDisplayReady=true, policy=3, mWakefulness=1, mWakeLockSummary=0x1, mUserActivitySummary=0x9, mBootCompleted=true, mScreenBrightnessBoostInProgress=false
01-01 08:09:33.017769  1456  4726 D PowerManagerService: releaseWakeLockInternal: lock=109361618 [*vibrator*], flags=0x0, total_time=62ms
01-01 08:09:33.017892  1456  4726 D PowerManagerNotifier: onWakeLockReleased: flags=1, tag="*vibrator*", packageName=android, ownerUid=1000, ownerPid=1456, workSource=WorkSource{1000}
01-01 08:09:33.018001  1456  4726 D PowerManagerService: updateWakeLockSummaryLocked: mWakefulness=Awake, mWakeLockSummary=0x0
01-01 08:09:33.018086  1456  4726 D PowerManagerService: updateUserActivitySummaryLocked: mWakefulness=Awake, mUserActivitySummary=0x9, nextTimeout=433563 (in 7936 ms)
01-01 08:09:33.018177  1456  4726 D DisplayPowerController: requestPowerState: policy=BRIGHT, useProximitySensor=false, screenBrightness=61, screenAutoBrightnessAdjustment=0.0, brightnessSetByUser=true, useAutoBrightness=false, blockScreenOn=false, lowPowerMode=false, boostScreenBrightness=false, dozeScreenBrightness=-1, dozeScreenState=UNKNOWN, waitForNegativeProximity=false
01-01 08:09:33.018220  1456  4726 I PowerManagerService: setBrightness mButtonLight, screenBrightness=61
01-01 08:09:33.018271  1456  4726 D PowerManagerService: updateDisplayPowerStateLocked: mDisplayReady=true, policy=3, mWakefulness=1, mWakeLockSummary=0x0, mUserActivitySummary=0x9, mBootCompleted=true, mScreenBrightnessBoostInProgress=false
01-01 08:09:33.018332  1456  4726 D PowerManagerService: Releasing suspend blocker "PowerManagerService.WakeLocks".
01-01 08:09:33.051509  1456  1477 D PowerManagerService: userActivityNoUpdateLocked: eventTime=425661, event=0, flags=0x0, uid=1000
01-01 08:09:33.051592  1456  1477 D PowerManagerNotifier: onUserActivity: event=0, uid=1000
01-01 08:09:33.051788  1456  1477 D PowerManagerService: updateUserActivitySummaryLocked: mWakefulness=Awake, mUserActivitySummary=0x9, nextTimeout=433563 (in 7902 ms)
01-01 08:09:33.051895  1456  1477 D DisplayPowerController: requestPowerState: policy=BRIGHT, useProximitySensor=false, screenBrightness=61, screenAutoBrightnessAdjustment=0.0, brightnessSetByUser=true, useAutoBrightness=false, blockScreenOn=false, lowPowerMode=false, boostScreenBrightness=false, dozeScreenBrightness=-1, dozeScreenState=UNKNOWN, waitForNegativeProximity=false
01-01 08:09:33.051945  1456  1477 I PowerManagerService: setBrightness mButtonLight, screenBrightness=61
01-01 08:09:33.052018  1456  1477 D PowerManagerService: updateDisplayPowerStateLocked: mDisplayReady=true, policy=3, mWakefulness=1, mWakeLockSummary=0x0, mUserActivitySummary=0x9, mBootCompleted=true, mScreenBrightnessBoostInProgress=false
01-01 08:09:33.058346  1456  1574 V ActivityManager: Broadcast: Intent { act=android.intent.action.CLOSE_SYSTEM_DIALOGS flg=0x50000010 (has extras) } ordered=false userid=-1 callerApp=null
01-01 08:09:33.059272  1456  1574 D PowerManagerService: userActivityNoUpdateLocked: eventTime=425669, event=0, flags=0x0, uid=1000
01-01 08:09:33.059534  1456  1574 D PowerManagerNotifier: onUserActivity: event=0, uid=1000
01-01 08:09:33.059719  1456  1574 D PowerManagerService: updateUserActivitySummaryLocked: mWakefulness=Awake, mUserActivitySummary=0x9, nextTimeout=433563 (in 7894 ms)
01-01 08:09:33.059991  1456  1574 D DisplayPowerController: requestPowerState: policy=BRIGHT, useProximitySensor=false, screenBrightness=61, screenAutoBrightnessAdjustment=0.0, brightnessSetByUser=true, useAutoBrightness=false, blockScreenOn=false, lowPowerMode=false, boostScreenBrightness=false, dozeScreenBrightness=-1, dozeScreenState=UNKNOWN, waitForNegativeProximity=false
01-01 08:09:33.060142  1456  1574 I PowerManagerService: setBrightness mButtonLight, screenBrightness=61
01-01 08:09:33.060208  1456  1574 D PowerManagerService: updateDisplayPowerStateLocked: mDisplayReady=true, policy=3, mWakefulness=1, mWakeLockSummary=0x0, mUserActivitySummary=0x9, mBootCompleted=true, mScreenBrightnessBoostInProgress=false
01-01 08:09:33.060510  1456  1574 V SettingsProvider: packageValueForCallResult, name = user_setup_complete, value : 1
01-01 08:09:33.061602  1456  1574 I ActivityManager: START u0 {act=android.intent.action.MAIN cat=[android.intent.category.HOME] flg=0x10200000 cmp=com.android.launcher3/.Launcher (has extras)} from uid 1000 from pid 1456 on display 0
01-01 08:09:33.062800  1456  1574 V WindowManager: Looking for focus: 8 = Window{553e67c u0 StatusBar}, flags=-2122055608, canReceive=false
01-01 08:09:33.062874  1456  1574 V WindowManager: findFocusedWindow: Found new focus @ 3 = Window{49ab302 u0 com.mediatek.mtklogger/com.mediatek.mtklogger.MainActivity}
01-01 08:09:33.064657  1456  1574 V WindowManager: Set focused app to: AppWindowToken{87f7d64 token=Token{422eaf7 ActivityRecord{a6e16f6 u0 com.android.launcher3/.Launcher t3}}} old focus=AppWindowToken{a7ce87 token=Token{ab87ff0 ActivityRecord{9237033 u0 com.mediatek.mtklogger/.MainActivity t21}}} moveFocusNow=true
01-01 08:09:33.065741  1456  1574 V WindowManager: Looking for focus: 8 = Window{553e67c u0 StatusBar}, flags=-2122055608, canReceive=false
01-01 08:09:33.065881  1456  1574 V WindowManager: findFocusedWindow: Reached focused app=AppWindowToken{87f7d64 token=Token{422eaf7 ActivityRecord{a6e16f6 u0 com.android.launcher3/.Launcher t3}}}
01-01 08:09:33.067126  1456  1574 V WindowManager: Changing focus from Window{49ab302 u0 com.mediatek.mtklogger/com.mediatek.mtklogger.MainActivity} to null Callers=com.android.server.wm.WindowManagerService.setFocusedApp:4480 com.android.server.am.ActivityManagerService.setFocusedActivityLocked:2924 com.android.server.am.ActivityStack.moveTaskToFrontLocked:4316 com.android.server.am.ActivityStackSupervisor.startActivityUncheckedLocked:2391 
01-01 08:09:33.067228  1456  1574 D WindowManager: Input focus has changed to null
01-01 08:09:33.067812  1456  1512 I WindowManager: Focus moving from Window{49ab302 u0 com.mediatek.mtklogger/com.mediatek.mtklogger.MainActivity} to null
01-01 08:09:33.067872  1456  1512 I WindowManager: Losing focus: Window{49ab302 u0 com.mediatek.mtklogger/com.mediatek.mtklogger.MainActivity}
01-01 08:09:33.081841  1456  1574 D PowerManagerService: acquireWakeLockInternal: lock=185970747, flags=0x1, tag="*launch*", ws=WorkSource{10013}, uid=1000, pid=1456
01-01 08:09:33.081942  1456  1574 D PowerManagerService: updateWakeLockSummaryLocked: mWakefulness=Awake, mWakeLockSummary=0x1
01-01 08:09:33.082028  1456  1574 D PowerManagerService: updateUserActivitySummaryLocked: mWakefulness=Awake, mUserActivitySummary=0x9, nextTimeout=433563 (in 7872 ms)
01-01 08:09:33.082106  1456  1574 D DisplayPowerController: requestPowerState: policy=BRIGHT, useProximitySensor=false, screenBrightness=61, screenAutoBrightnessAdjustment=0.0, brightnessSetByUser=true, useAutoBrightness=false, blockScreenOn=false, lowPowerMode=false, boostScreenBrightness=false, dozeScreenBrightness=-1, dozeScreenState=UNKNOWN, waitForNegativeProximity=false
01-01 08:09:33.082145  1456  1574 I PowerManagerService: setBrightness mButtonLight, screenBrightness=61
01-01 08:09:33.082186  1456  1574 D PowerManagerService: updateDisplayPowerStateLocked: mDisplayReady=true, policy=3, mWakefulness=1, mWakeLockSummary=0x1, mUserActivitySummary=0x9, mBootCompleted=true, mScreenBrightnessBoostInProgress=false
01-01 08:09:33.082289  1456  1574 D PowerManagerService: Acquiring suspend blocker "PowerManagerService.WakeLocks".
01-01 08:09:33.082425  1456  1574 D PowerManagerNotifier: onWakeLockAcquired: flags=1, tag="*launch*", packageName=android, ownerUid=1000, ownerPid=1456, workSource=WorkSource{10013}
01-01 08:09:33.082958  1456  1574 D ActivityManager: Delay resumeKeyDispatchingLocked() to avoid deadlock.
01-01 08:09:33.085528  1456  1574 W WindowManager:  SLCODE computeScreenConfigurationLocked, the hard device name is: himax-touchscreen
01-01 08:09:33.085588  1456  1574 W WindowManager:  SLCODE computeScreenConfigurationLocked, the hard device name is: mtk-tpd
01-01 08:09:33.085632  1456  1574 W WindowManager:  SLCODE computeScreenConfigurationLocked, the hard device name is: gf-key
01-01 08:09:33.085708  1456  1574 W WindowManager:  SLCODE computeScreenConfigurationLocked, the hard device name is: ACCDET
01-01 08:09:33.085737  1456  1574 W WindowManager:  SLCODE computeScreenConfigurationLocked, the hard device name is: mtk-kpd
01-01 08:09:33.087684  1456  1574 D ActivityManager: Set intentActivity.task.mMovingToFront = true
01-01 08:09:33.090192  1456  2302 V ActivityManager: Broadcast: Intent { act=action_hide_recents_activity flg=0x14000010 pkg=com.android.systemui (has extras) } ordered=false userid=-2 callerApp=ProcessRecord{426617a 1790:com.android.systemui/u0a23}
01-01 08:09:33.092851  1456  1499 V NetworkStats: setKernelCounterSet uid=10052 set=0
01-01 08:09:33.092899  4633  4633 D ActivityThread: ACT-AM_ON_PAUSE_CALLED ActivityRecord{ad2898e token=android.os.BinderProxy@36205af {com.mediatek.mtklogger/com.mediatek.mtklogger.MainActivity}}
01-01 08:09:33.092966  4633  4633 D ActivityThread: ACT-PAUSE_ACTIVITY handled : 3 / android.os.BinderProxy@36205af
01-01 08:09:33.095249  4633  4633 V ActivityThread: Finishing stop of ActivityRecord{ad2898e token=android.os.BinderProxy@36205af {com.mediatek.mtklogger/com.mediatek.mtklogger.MainActivity}}: show=false win=com.android.internal.policy.PhoneWindow@1efa3df
01-01 08:09:33.097026  1456  1755 V WindowManager: Looking for focus: 8 = Window{553e67c u0 StatusBar}, flags=-2122055608, canReceive=false
01-01 08:09:33.097092  1456  1755 V WindowManager: findFocusedWindow: No focusable windows.
01-01 08:09:33.097567  4633  4633 D ActivityThread: ACT-STOP_ACTIVITY_HIDE handled : 0 / android.os.BinderProxy@36205af
01-01 08:09:33.102941  2363  2363 V ActivityThread: Performing resume of ActivityRecord{4d34dcb token=android.os.BinderProxy@5ae29a8 {com.android.launcher3/com.android.launcher3.Launcher}}
01-01 08:09:33.106293  2363  2363 D ActivityThread: ACT-AM_ON_RESUME_CALLED ActivityRecord{4d34dcb token=android.os.BinderProxy@5ae29a8 {com.android.launcher3/com.android.launcher3.Launcher}}
01-01 08:09:33.106353  2363  2363 V ActivityThread: Resume ActivityRecord{4d34dcb token=android.os.BinderProxy@5ae29a8 {com.android.launcher3/com.android.launcher3.Launcher}} started activity: false, hideForNow: false, finished: false
01-01 08:09:33.106400  2363  2363 V ActivityThread: Resuming ActivityRecord{4d34dcb token=android.os.BinderProxy@5ae29a8 {com.android.launcher3/com.android.launcher3.Launcher}} with isForward=true
01-01 08:09:33.109275  2363  2363 V ActivityThread: Scheduling idle handler for ActivityRecord{4d34dcb token=android.os.BinderProxy@5ae29a8 {com.android.launcher3/com.android.launcher3.Launcher}}
01-01 08:09:33.109743  2363  2363 D ActivityThread: ACT-RESUME_ACTIVITY handled : 1 / android.os.BinderProxy@5ae29a8
01-01 08:09:33.112007  2363  2363 D ActivityThread: ACT-NEW_INTENT handled : 0 / NewIntentData{intents=[Intent { act=android.intent.action.MAIN cat=[android.intent.category.HOME] flg=0x10600000 cmp=com.android.launcher3/.Launcher (has extras) }] token=android.os.BinderProxy@5ae29a8}
01-01 08:09:33.115591  1456  1477 V WindowManager: Looking for focus: 8 = Window{553e67c u0 StatusBar}, flags=-2122055608, canReceive=false
01-01 08:09:33.115652  1456  1477 V WindowManager: findFocusedWindow: No focusable windows.
01-01 08:09:33.120098  1456  1756 V WindowManager: Looking for focus: 8 = Window{553e67c u0 StatusBar}, flags=-2122055608, canReceive=false
01-01 08:09:33.120242  1456  1756 V WindowManager: findFocusedWindow: Found new focus @ 4 = Window{e3b59a8 u0 com.android.launcher3/com.android.launcher3.Launcher}
01-01 08:09:33.120523  1456  1756 V WindowManager: Changing focus from null to Window{e3b59a8 u0 com.android.launcher3/com.android.launcher3.Launcher} Callers=com.android.server.wm.WindowManagerService.relayoutWindow:3599 com.android.server.wm.Session.relayout:201 android.view.IWindowSession$Stub.onTransact:284 com.android.server.wm.Session.onTransact:133 
01-01 08:09:33.120636  1456  1756 D WindowManager: Input focus has changed to Window{e3b59a8 u0 com.android.launcher3/com.android.launcher3.Launcher}
01-01 08:09:33.122855  1456  1512 I WindowManager: Focus moving from null to Window{e3b59a8 u0 com.android.launcher3/com.android.launcher3.Launcher}
01-01 08:09:33.122927  1456  1512 I WindowManager: Gaining focus: Window{e3b59a8 u0 com.android.launcher3/com.android.launcher3.Launcher}
01-01 08:09:33.129088  1456  1489 V InputMethodManagerService: windowGainedFocus: android.os.BinderProxy@a8f609a controlFlags=#104 softInputMode=#120 windowFlags=#81910100
01-01 08:09:33.144127  1456  1757 D PowerManagerService: releaseWakeLockInternal: lock=185970747 [*launch*], flags=0x0, total_time=62ms
01-01 08:09:33.144199  1456  1757 D PowerManagerNotifier: onWakeLockReleased: flags=1, tag="*launch*", packageName=android, ownerUid=1000, ownerPid=1456, workSource=WorkSource{10013}
01-01 08:09:33.144301  1456  1757 D PowerManagerService: updateWakeLockSummaryLocked: mWakefulness=Awake, mWakeLockSummary=0x0
01-01 08:09:33.144371  1456  1757 D PowerManagerService: updateUserActivitySummaryLocked: mWakefulness=Awake, mUserActivitySummary=0x9, nextTimeout=433563 (in 7809 ms)
01-01 08:09:33.144510  1456  1757 D DisplayPowerController: requestPowerState: policy=BRIGHT, useProximitySensor=false, screenBrightness=61, screenAutoBrightnessAdjustment=0.0, brightnessSetByUser=true, useAutoBrightness=false, blockScreenOn=false, lowPowerMode=false, boostScreenBrightness=false, dozeScreenBrightness=-1, dozeScreenState=UNKNOWN, waitForNegativeProximity=false
01-01 08:09:33.144549  1456  1757 I PowerManagerService: setBrightness mButtonLight, screenBrightness=61
01-01 08:09:33.144588  1456  1757 D PowerManagerService: updateDisplayPowerStateLocked: mDisplayReady=true, policy=3, mWakefulness=1, mWakeLockSummary=0x0, mUserActivitySummary=0x9, mBootCompleted=true, mScreenBrightnessBoostInProgress=false
01-01 08:09:33.144642  1456  1757 D PowerManagerService: Releasing suspend blocker "PowerManagerService.WakeLocks".
01-01 08:09:33.147541  1456  1512 V WindowManager: Looking for focus: 8 = Window{553e67c u0 StatusBar}, flags=-2122055608, canReceive=false
01-01 08:09:33.147631  1456  1512 V WindowManager: findFocusedWindow: Found new focus @ 4 = Window{e3b59a8 u0 com.android.launcher3/com.android.launcher3.Launcher}
01-01 08:09:33.147914  1456  1512 D WindowManager: notifyActivityDrawnForKeyguard: waiting=false Callers=com.android.server.wm.WindowManagerService.handleAppTransitionReadyLocked:10113 com.android.server.wm.WindowManagerService.performLayoutAndPlaceSurfacesLockedInner:10733 com.android.server.wm.WindowManagerService.performLayoutAndPlaceSurfacesLockedLoop:9477 com.android.server.wm.WindowManagerService.performLayoutAndPlaceSurfacesLocked:9424 com.android.server.wm.WindowManagerService.-wrap8:-1 
01-01 08:09:33.155245  1456  1477 V WindowManager: Looking for focus: 8 = Window{553e67c u0 StatusBar}, flags=-2122055608, canReceive=false
01-01 08:09:33.155344  1456  1477 V WindowManager: findFocusedWindow: Found new focus @ 4 = Window{e3b59a8 u0 com.android.launcher3/com.android.launcher3.Launcher}
01-01 08:09:33.571958  1456  1512 V WindowManager: Looking for focus: 8 = Window{553e67c u0 StatusBar}, flags=-2122055608, canReceive=false
01-01 08:09:33.572072  1456  1512 V WindowManager: findFocusedWindow: Found new focus @ 4 = Window{e3b59a8 u0 com.android.launcher3/com.android.launcher3.Launcher}
01-01 08:09:33.684671  1456  1574 D PowerManagerService: userActivityFromNative
01-01 08:09:33.684799  1456  1574 D PowerManagerService: userActivityNoUpdateLocked: eventTime=426293, event=2, flags=0x0, uid=1000
01-01 08:09:33.684892  1456  1574 D PowerManagerNotifier: onUserActivity: event=2, uid=1000
01-01 08:09:33.685082  1456  1574 D PowerManagerService: updateUserActivitySummaryLocked: mWakefulness=Awake, mUserActivitySummary=0x9, nextTimeout=433563 (in 7269 ms)
01-01 08:09:33.685180  1456  1574 D DisplayPowerController: requestPowerState: policy=BRIGHT, useProximitySensor=false, screenBrightness=61, screenAutoBrightnessAdjustment=0.0, brightnessSetByUser=true, useAutoBrightness=false, blockScreenOn=false, lowPowerMode=false, boostScreenBrightness=false, dozeScreenBrightness=-1, dozeScreenState=UNKNOWN, waitForNegativeProximity=false
01-01 08:09:33.685227  1456  1574 I PowerManagerService: setBrightness mButtonLight, screenBrightness=61
01-01 08:09:33.685293  1456  1574 D PowerManagerService: updateDisplayPowerStateLocked: mDisplayReady=true, policy=3, mWakefulness=1, mWakeLockSummary=0x0, mUserActivitySummary=0x9, mBootCompleted=true, mScreenBrightnessBoostInProgress=false
01-01 08:09:34.553733  1456  1574 D PowerManagerService: userActivityFromNative
01-01 08:09:34.553850  1456  1574 D PowerManagerService: userActivityNoUpdateLocked: eventTime=427162, event=2, flags=0x0, uid=1000
01-01 08:09:34.553902  1456  1574 D PowerManagerNotifier: onUserActivity: event=2, uid=1000
01-01 08:09:34.554069  1456  1574 D PowerManagerService: updateUserActivitySummaryLocked: mWakefulness=Awake, mUserActivitySummary=0x9, nextTimeout=433563 (in 6400 ms)
01-01 08:09:34.554177  1456  1574 D DisplayPowerController: requestPowerState: policy=BRIGHT, useProximitySensor=false, screenBrightness=61, screenAutoBrightnessAdjustment=0.0, brightnessSetByUser=true, useAutoBrightness=false, blockScreenOn=false, lowPowerMode=false, boostScreenBrightness=false, dozeScreenBrightness=-1, dozeScreenState=UNKNOWN, waitForNegativeProximity=false
01-01 08:09:34.554226  1456  1574 I PowerManagerService: setBrightness mButtonLight, screenBrightness=61
01-01 08:09:34.554283  1456  1574 D PowerManagerService: updateDisplayPowerStateLocked: mDisplayReady=true, policy=3, mWakefulness=1, mWakeLockSummary=0x0, mUserActivitySummary=0x9, mBootCompleted=true, mScreenBrightnessBoostInProgress=false
01-01 08:09:34.554934  1456  1759 V SettingsProvider: packageValueForCallResult, name = haptic_feedback_enabled, value : 1
01-01 08:09:34.555753  1456  1759 D PowerManagerService: acquireWakeLockInternal: lock=109361618, flags=0x1, tag="*vibrator*", ws=WorkSource{10013}, uid=1000, pid=1456
01-01 08:09:34.555856  1456  1759 D PowerManagerService: updateWakeLockSummaryLocked: mWakefulness=Awake, mWakeLockSummary=0x1
01-01 08:09:34.555984  1456  1759 D PowerManagerService: updateUserActivitySummaryLocked: mWakefulness=Awake, mUserActivitySummary=0x9, nextTimeout=433563 (in 6398 ms)
01-01 08:09:34.556083  1456  1759 D DisplayPowerController: requestPowerState: policy=BRIGHT, useProximitySensor=false, screenBrightness=61, screenAutoBrightnessAdjustment=0.0, brightnessSetByUser=true, useAutoBrightness=false, blockScreenOn=false, lowPowerMode=false, boostScreenBrightness=false, dozeScreenBrightness=-1, dozeScreenState=UNKNOWN, waitForNegativeProximity=false
01-01 08:09:34.556130  1456  1759 I PowerManagerService: setBrightness mButtonLight, screenBrightness=61
01-01 08:09:34.556186  1456  1759 D PowerManagerService: updateDisplayPowerStateLocked: mDisplayReady=true, policy=3, mWakefulness=1, mWakeLockSummary=0x1, mUserActivitySummary=0x9, mBootCompleted=true, mScreenBrightnessBoostInProgress=false
01-01 08:09:34.556262  1456  1759 D PowerManagerService: Acquiring suspend blocker "PowerManagerService.WakeLocks".
01-01 08:09:34.556357  1456  1759 D PowerManagerNotifier: onWakeLockAcquired: flags=1, tag="*vibrator*", packageName=android, ownerUid=1000, ownerPid=1456, workSource=WorkSource{10013}
01-01 08:09:34.618581  1456  4728 D PowerManagerService: releaseWakeLockInternal: lock=109361618 [*vibrator*], flags=0x0, total_time=63ms
01-01 08:09:34.618724  1456  4728 D PowerManagerNotifier: onWakeLockReleased: flags=1, tag="*vibrator*", packageName=android, ownerUid=1000, ownerPid=1456, workSource=WorkSource{10013}
01-01 08:09:34.618852  1456  4728 D PowerManagerService: updateWakeLockSummaryLocked: mWakefulness=Awake, mWakeLockSummary=0x0
01-01 08:09:34.619401  1456  4728 D PowerManagerService: updateUserActivitySummaryLocked: mWakefulness=Awake, mUserActivitySummary=0x9, nextTimeout=433563 (in 6334 ms)
01-01 08:09:34.619518  1456  4728 D DisplayPowerController: requestPowerState: policy=BRIGHT, useProximitySensor=false, screenBrightness=61, screenAutoBrightnessAdjustment=0.0, brightnessSetByUser=true, useAutoBrightness=false, blockScreenOn=false, lowPowerMode=false, boostScreenBrightness=false, dozeScreenBrightness=-1, dozeScreenState=UNKNOWN, waitForNegativeProximity=false
01-01 08:09:34.619678  1456  4728 I PowerManagerService: setBrightness mButtonLight, screenBrightness=61
01-01 08:09:34.619741  1456  4728 D PowerManagerService: updateDisplayPowerStateLocked: mDisplayReady=true, policy=3, mWakefulness=1, mWakeLockSummary=0x0, mUserActivitySummary=0x9, mBootCompleted=true, mScreenBrightnessBoostInProgress=false
01-01 08:09:34.620050  1456  4728 D PowerManagerService: Releasing suspend blocker "PowerManagerService.WakeLocks".
01-01 08:09:35.745954  1456  1574 D PowerManagerService: userActivityFromNative
01-01 08:09:35.746050  1456  1574 D PowerManagerService: userActivityNoUpdateLocked: eventTime=428354, event=2, flags=0x0, uid=1000
01-01 08:09:35.746101  1456  1574 D PowerManagerNotifier: onUserActivity: event=2, uid=1000
01-01 08:09:35.746275  1456  1574 D PowerManagerService: updateUserActivitySummaryLocked: mWakefulness=Awake, mUserActivitySummary=0x9, nextTimeout=433563 (in 5207 ms)
01-01 08:09:35.746373  1456  1574 D DisplayPowerController: requestPowerState: policy=BRIGHT, useProximitySensor=false, screenBrightness=61, screenAutoBrightnessAdjustment=0.0, brightnessSetByUser=true, useAutoBrightness=false, blockScreenOn=false, lowPowerMode=false, boostScreenBrightness=false, dozeScreenBrightness=-1, dozeScreenState=UNKNOWN, waitForNegativeProximity=false
01-01 08:09:35.746428  1456  1574 I PowerManagerService: setBrightness mButtonLight, screenBrightness=61
01-01 08:09:35.746485  1456  1574 D PowerManagerService: updateDisplayPowerStateLocked: mDisplayReady=true, policy=3, mWakefulness=1, mWakeLockSummary=0x0, mUserActivitySummary=0x9, mBootCompleted=true, mScreenBrightnessBoostInProgress=false
01-01 08:09:35.838248  1456  2275 I ActivityManager: START u0 {act=android.intent.action.MAIN cat=[android.intent.category.LAUNCHER] flg=0x10200000 cmp=com.android.vending/.AssetBrowserActivity (has extras)} from uid 10013 from pid 2363 on display 0
01-01 08:09:35.838992  1456  2275 V WindowManager: Looking for focus: 8 = Window{553e67c u0 StatusBar}, flags=-2122055608, canReceive=false
01-01 08:09:35.839071  1456  2275 V WindowManager: findFocusedWindow: Found new focus @ 1 = Window{e3b59a8 u0 com.android.launcher3/com.android.launcher3.Launcher}
01-01 08:09:35.844028  1456  2275 D PowerManagerService: acquireWakeLockInternal: lock=185970747, flags=0x1, tag="*launch*", ws=WorkSource{10018}, uid=1000, pid=1456
01-01 08:09:35.844266  1456  2275 D PowerManagerService: updateWakeLockSummaryLocked: mWakefulness=Awake, mWakeLockSummary=0x1
01-01 08:09:35.844370  1456  2275 D PowerManagerService: updateUserActivitySummaryLocked: mWakefulness=Awake, mUserActivitySummary=0x9, nextTimeout=433563 (in 5109 ms)
01-01 08:09:35.844569  1456  2275 D DisplayPowerController: requestPowerState: policy=BRIGHT, useProximitySensor=false, screenBrightness=61, screenAutoBrightnessAdjustment=0.0, brightnessSetByUser=true, useAutoBrightness=false, blockScreenOn=false, lowPowerMode=false, boostScreenBrightness=false, dozeScreenBrightness=-1, dozeScreenState=UNKNOWN, waitForNegativeProximity=false
01-01 08:09:35.844620  1456  2275 I PowerManagerService: setBrightness mButtonLight, screenBrightness=61
01-01 08:09:35.844665  1456  2275 D PowerManagerService: updateDisplayPowerStateLocked: mDisplayReady=true, policy=3, mWakefulness=1, mWakeLockSummary=0x1, mUserActivitySummary=0x9, mBootCompleted=true, mScreenBrightnessBoostInProgress=false
01-01 08:09:35.844723  1456  2275 D PowerManagerService: Acquiring suspend blocker "PowerManagerService.WakeLocks".
01-01 08:09:35.844822  1456  2275 D PowerManagerNotifier: onWakeLockAcquired: flags=1, tag="*launch*", packageName=android, ownerUid=1000, ownerPid=1456, workSource=WorkSource{10018}
01-01 08:09:35.845542  1456  2275 V WindowManager: Looking for focus: 8 = Window{553e67c u0 StatusBar}, flags=-2122055608, canReceive=false
01-01 08:09:35.845599  1456  2275 V WindowManager: findFocusedWindow: Found new focus @ 1 = Window{e3b59a8 u0 com.android.launcher3/com.android.launcher3.Launcher}
01-01 08:09:35.846801  1456  2275 V WindowManager: Set focused app to: AppWindowToken{9dadc5b token=Token{ecfa012 ActivityRecord{554539d u0 com.android.vending/.AssetBrowserActivity t22}}} old focus=AppWindowToken{87f7d64 token=Token{422eaf7 ActivityRecord{a6e16f6 u0 com.android.launcher3/.Launcher t3}}} moveFocusNow=true
01-01 08:09:35.847345  1456  2275 V WindowManager: Looking for focus: 8 = Window{553e67c u0 StatusBar}, flags=-2122055608, canReceive=false
01-01 08:09:35.847426  1456  2275 V WindowManager: findFocusedWindow: Reached focused app=AppWindowToken{9dadc5b token=Token{ecfa012 ActivityRecord{554539d u0 com.android.vending/.AssetBrowserActivity t22}}}
01-01 08:09:35.848756  1456  2275 V WindowManager: Changing focus from Window{e3b59a8 u0 com.android.launcher3/com.android.launcher3.Launcher} to null Callers=com.android.server.wm.WindowManagerService.setFocusedApp:4480 com.android.server.am.ActivityManagerService.setFocusedActivityLocked:2924 com.android.server.am.ActivityStackSupervisor.startActivityUncheckedLocked:2875 com.android.server.am.ActivityStackSupervisor.startActivityLocked:1881 
01-01 08:09:35.848844  1456  2275 D WindowManager: Input focus has changed to null
01-01 08:09:35.850328  1456  1512 D WindowManager: addWindowToListInOrderLocked: win=Window{560e337 u0 Starting com.android.vending} Callers=com.android.server.wm.WindowManagerService.addWindow:2782 com.android.server.wm.Session.addToDisplay:171 android.view.ViewRootImpl.setView:645 android.view.WindowManagerGlobal.addView:328 
01-01 08:09:35.855278  1456  1512 V WindowManager: Looking for focus: 9 = Window{553e67c u0 StatusBar}, flags=-2122055608, canReceive=false
01-01 08:09:35.855378  1456  1512 V WindowManager: findFocusedWindow: Reached focused app=AppWindowToken{9dadc5b token=Token{ecfa012 ActivityRecord{554539d u0 com.android.vending/.AssetBrowserActivity t22}}}
01-01 08:09:35.856537  2363  2363 D ActivityThread: ACT-AM_ON_PAUSE_CALLED ActivityRecord{4d34dcb token=android.os.BinderProxy@5ae29a8 {com.android.launcher3/com.android.launcher3.Launcher}}
01-01 08:09:35.871391  1456  2302 W WindowManager:  SLCODE computeScreenConfigurationLocked, the hard device name is: himax-touchscreen
01-01 08:09:35.871465  1456  2302 W WindowManager:  SLCODE computeScreenConfigurationLocked, the hard device name is: mtk-tpd
01-01 08:09:35.871495  1456  2302 W WindowManager:  SLCODE computeScreenConfigurationLocked, the hard device name is: gf-key
01-01 08:09:35.871520  1456  2302 W WindowManager:  SLCODE computeScreenConfigurationLocked, the hard device name is: ACCDET
01-01 08:09:35.871669  1456  2302 W WindowManager:  SLCODE computeScreenConfigurationLocked, the hard device name is: mtk-kpd
01-01 08:09:35.874673  3037  3037 V ActivityThread: Handling launch of ActivityRecord{13593d3 token=android.os.BinderProxy@f0c6b10 {com.android.vending/com.android.vending.AssetBrowserActivity}} startsNotResumed=false
01-01 08:09:35.874902  3037  3037 V ActivityThread: ActivityRecord{13593d3 token=android.os.BinderProxy@f0c6b10 {com.android.vending/com.android.vending.AssetBrowserActivity}}: app=com.google.android.finsky.FinskyApp@d43e420, appName=com.android.vending, pkg=com.android.vending, comp={com.android.vending/com.android.vending.AssetBrowserActivity}, dir=/system/priv-app/Phonesky/Phonesky.apk
01-01 08:09:35.875816  1456  2302 D ActivityManager: Delay resumeKeyDispatchingLocked() to avoid deadlock.
01-01 08:09:35.877207  2363  2363 D ActivityThread: ACT-PAUSE_ACTIVITY handled : 1 / android.os.BinderProxy@5ae29a8
01-01 08:09:35.881248  1456  1512 I WindowManager: Focus moving from Window{e3b59a8 u0 com.android.launcher3/com.android.launcher3.Launcher} to null
01-01 08:09:35.881285  1456  1512 I WindowManager: Losing focus: Window{e3b59a8 u0 com.android.launcher3/com.android.launcher3.Launcher}
01-01 08:09:35.882568  1456  1499 V NetworkStats: setKernelCounterSet uid=10018 set=1
01-01 08:09:35.883644  1456  2268 I ActivityManager: START u0 {act=android.intent.action.MAIN cat=[android.intent.category.LAUNCHER] flg=0x10000000 cmp=com.android.vending/com.google.android.finsky.activities.MainActivity bnds=[55,600][175,720] (has extras)} from uid 10018 from pid 3037 on display 0
01-01 08:09:35.885793  1456  1512 V WindowManager: Looking for focus: 9 = Window{553e67c u0 StatusBar}, flags=-2122055608, canReceive=false
01-01 08:09:35.885873  1456  1512 V WindowManager: findFocusedWindow: No focusable windows.
01-01 08:09:35.886605  1456  1512 D WindowManager: notifyActivityDrawnForKeyguard: waiting=false Callers=com.android.server.wm.WindowManagerService.handleAppTransitionReadyLocked:10113 com.android.server.wm.WindowManagerService.performLayoutAndPlaceSurfacesLockedInner:10733 com.android.server.wm.WindowManagerService.performLayoutAndPlaceSurfacesLockedLoop:9477 com.android.server.wm.WindowManagerService.performLayoutAndPlaceSurfacesLocked:9424 com.android.server.wm.WindowManagerService.-wrap8:-1 
01-01 08:09:35.890805  1456  2268 V WindowManager: Looking for focus: 9 = Window{553e67c u0 StatusBar}, flags=-2122055608, canReceive=false
01-01 08:09:35.890865  1456  2268 V WindowManager: findFocusedWindow: No focusable windows.
01-01 08:09:35.894335  1456  2268 V WindowManager: Looking for focus: 9 = Window{553e67c u0 StatusBar}, flags=-2122055608, canReceive=false
01-01 08:09:35.894374  1456  2268 V WindowManager: findFocusedWindow: No focusable windows.
01-01 08:09:35.897201  1456  2268 D WindowManager: addWindowToListInOrderLocked: win=Window{560e337 u0 Starting com.android.vending} Callers=com.android.server.wm.WindowManagerService.setAppStartingWindow:4674 com.android.server.am.ActivityStack.startActivityLocked:2675 com.android.server.am.ActivityStackSupervisor.startActivityUncheckedLocked:2872 com.android.server.am.ActivityStackSupervisor.startActivityLocked:1881 
01-01 08:09:35.897288  1456  2268 V WindowManager: Based on layer: Adding window Window{560e337 u0 Starting com.android.vending} at 5 of 10
01-01 08:09:35.897352  1456  2268 V WindowManager: Looking for focus: 9 = Window{553e67c u0 StatusBar}, flags=-2122055608, canReceive=false
01-01 08:09:35.897382  1456  2268 V WindowManager: findFocusedWindow: No focusable windows.
01-01 08:09:35.898997  1456  2268 D PowerManagerService: acquireWakeLockInternal: lock=185970747, flags=0x1, tag="*launch*", ws=WorkSource{10018}, uid=1000, pid=1456
01-01 08:09:35.899064  1456  2268 D PowerManagerService: updateWakeLockSummaryLocked: mWakefulness=Awake, mWakeLockSummary=0x1
01-01 08:09:35.899128  1456  2268 D PowerManagerService: updateUserActivitySummaryLocked: mWakefulness=Awake, mUserActivitySummary=0x9, nextTimeout=433563 (in 5054 ms)
01-01 08:09:35.899199  1456  2268 D DisplayPowerController: requestPowerState: policy=BRIGHT, useProximitySensor=false, screenBrightness=61, screenAutoBrightnessAdjustment=0.0, brightnessSetByUser=true, useAutoBrightness=false, blockScreenOn=false, lowPowerMode=false, boostScreenBrightness=false, dozeScreenBrightness=-1, dozeScreenState=UNKNOWN, waitForNegativeProximity=false
01-01 08:09:35.899245  1456  2268 I PowerManagerService: setBrightness mButtonLight, screenBrightness=61
01-01 08:09:35.899283  1456  2268 D PowerManagerService: updateDisplayPowerStateLocked: mDisplayReady=true, policy=3, mWakefulness=1, mWakeLockSummary=0x1, mUserActivitySummary=0x9, mBootCompleted=true, mScreenBrightnessBoostInProgress=false
01-01 08:09:35.899931  1456  2268 V WindowManager: Looking for focus: 9 = Window{553e67c u0 StatusBar}, flags=-2122055608, canReceive=false
01-01 08:09:35.899960  1456  2268 V WindowManager: findFocusedWindow: No focusable windows.
01-01 08:09:35.901842  1456  2268 V WindowManager: Set focused app to: AppWindowToken{83f3310 token=Token{7d67bd3 ActivityRecord{d3c31c2 u0 com.android.vending/com.google.android.finsky.activities.MainActivity t22}}} old focus=AppWindowToken{9dadc5b token=Token{ecfa012 ActivityRecord{554539d u0 com.android.vending/.AssetBrowserActivity t22}}} moveFocusNow=true
01-01 08:09:35.902216  1456  2268 V WindowManager: Looking for focus: 9 = Window{553e67c u0 StatusBar}, flags=-2122055608, canReceive=false
01-01 08:09:35.902257  1456  2268 V WindowManager: findFocusedWindow: No focusable windows.
01-01 08:09:35.903212  3037  3037 V ActivityThread: Performing resume of ActivityRecord{13593d3 token=android.os.BinderProxy@f0c6b10 {com.android.vending/com.google.android.finsky.activities.MainActivity}}
01-01 08:09:35.903282  3037  3037 V ActivityThread: Resume ActivityRecord{13593d3 token=android.os.BinderProxy@f0c6b10 {com.android.vending/com.google.android.finsky.activities.MainActivity}} started activity: false, hideForNow: false, finished: true
01-01 08:09:35.903334  3037  3037 V ActivityThread: Scheduling idle handler for ActivityRecord{13593d3 token=android.os.BinderProxy@f0c6b10 {com.android.vending/com.google.android.finsky.activities.MainActivity}}
01-01 08:09:35.903399  3037  3037 D ActivityThread: ACT-LAUNCH_ACTIVITY handled : 0 / ActivityRecord{13593d3 token=android.os.BinderProxy@f0c6b10 {com.android.vending/com.google.android.finsky.activities.MainActivity}}
01-01 08:09:35.907387  1456  1759 W WindowManager:  SLCODE computeScreenConfigurationLocked, the hard device name is: himax-touchscreen
01-01 08:09:35.907461  1456  1759 W WindowManager:  SLCODE computeScreenConfigurationLocked, the hard device name is: mtk-tpd
01-01 08:09:35.907492  1456  1759 W WindowManager:  SLCODE computeScreenConfigurationLocked, the hard device name is: gf-key
01-01 08:09:35.907537  1456  1759 W WindowManager:  SLCODE computeScreenConfigurationLocked, the hard device name is: ACCDET
01-01 08:09:35.907563  1456  1759 W WindowManager:  SLCODE computeScreenConfigurationLocked, the hard device name is: mtk-kpd
01-01 08:09:35.910652  1456  1759 V WindowManager: Looking for focus: 9 = Window{553e67c u0 StatusBar}, flags=-2122055608, canReceive=false
01-01 08:09:35.910692  1456  1759 V WindowManager: findFocusedWindow: No focusable windows.
01-01 08:09:35.911228  1456  1759 D WindowManager: notifyActivityDrawnForKeyguard: waiting=false Callers=com.android.server.wm.WindowManagerService.handleAppTransitionReadyLocked:10113 com.android.server.wm.WindowManagerService.performLayoutAndPlaceSurfacesLockedInner:10733 com.android.server.wm.WindowManagerService.performLayoutAndPlaceSurfacesLockedLoop:9477 com.android.server.wm.WindowManagerService.performLayoutAndPlaceSurfacesLocked:9424 com.android.server.wm.WindowManagerService.executeAppTransition:4596 
01-01 08:09:35.917966  1456  1757 V WindowManager: Looking for focus: 9 = Window{553e67c u0 StatusBar}, flags=-2122055608, canReceive=false
01-01 08:09:35.918092  1456  1757 V WindowManager: findFocusedWindow: No focusable windows.
01-01 08:09:35.918160  1456  1759 D ActivityManager: Delay resumeKeyDispatchingLocked() to avoid deadlock.
01-01 08:09:35.919562  3037  3037 D ActivityThread: ACT-PAUSE_ACTIVITY handled : 1 / android.os.BinderProxy@f0c6b10
01-01 08:09:35.919764  3037  3037 V ActivityThread: Handling launch of ActivityRecord{f48a609 token=android.os.BinderProxy@87ba00e {com.android.vending/com.google.android.finsky.activities.MainActivity}} startsNotResumed=false
01-01 08:09:35.919991  3037  3037 V ActivityThread: ActivityRecord{f48a609 token=android.os.BinderProxy@87ba00e {com.android.vending/com.google.android.finsky.activities.MainActivity}}: app=com.google.android.finsky.FinskyApp@d43e420, appName=com.android.vending, pkg=com.android.vending, comp={com.android.vending/com.google.android.finsky.activities.MainActivity}, dir=/system/priv-app/Phonesky/Phonesky.apk
01-01 08:09:35.993849  3037  3037 V ActivityThread: Performing resume of ActivityRecord{f48a609 token=android.os.BinderProxy@87ba00e {com.android.vending/com.google.android.finsky.activities.MainActivity}}
01-01 08:09:35.994322  1456  1757 D CSLegacyTypeTracker: getNetworkForType type 0
01-01 08:09:35.994409  1456  1757 D CSLegacyTypeTracker: getNetworkForType type 1
01-01 08:09:35.994459  1456  1757 D CSLegacyTypeTracker: getNetworkForType type 2
01-01 08:09:35.994501  1456  1757 D CSLegacyTypeTracker: getNetworkForType type 3
01-01 08:09:35.994543  1456  1757 D CSLegacyTypeTracker: getNetworkForType type 4
01-01 08:09:35.994602  1456  1757 D CSLegacyTypeTracker: getNetworkForType type 5
01-01 08:09:35.994654  1456  1757 D CSLegacyTypeTracker: getNetworkForType type 7
01-01 08:09:35.994710  1456  1757 D CSLegacyTypeTracker: getNetworkForType type 10
01-01 08:09:35.994752  1456  1757 D CSLegacyTypeTracker: getNetworkForType type 11
01-01 08:09:35.994793  1456  1757 D CSLegacyTypeTracker: getNetworkForType type 12
01-01 08:09:35.994842  1456  1757 D CSLegacyTypeTracker: getNetworkForType type 14
01-01 08:09:35.994886  1456  1757 D CSLegacyTypeTracker: getNetworkForType type 15
01-01 08:09:35.994934  1456  1757 D CSLegacyTypeTracker: getNetworkForType type 17
01-01 08:09:35.995069  1456  1757 D CSLegacyTypeTracker: getNetworkForType type 34
01-01 08:09:35.995113  1456  1757 D CSLegacyTypeTracker: getNetworkForType type 35
01-01 08:09:35.995258  1456  1757 D CSLegacyTypeTracker: getNetworkForType type 36
01-01 08:09:35.995330  1456  1757 D CSLegacyTypeTracker: getNetworkForType type 37
01-01 08:09:35.995376  1456  1757 D CSLegacyTypeTracker: getNetworkForType type 38
01-01 08:09:35.995429  1456  1757 D CSLegacyTypeTracker: getNetworkForType type 40
01-01 08:09:35.995470  1456  1757 D CSLegacyTypeTracker: getNetworkForType type 41
01-01 08:09:35.995560  1456  1757 D CSLegacyTypeTracker: getNetworkForType type 49
01-01 08:09:35.996992  3037  3037 D ActivityThread: ACT-AM_ON_RESUME_CALLED ActivityRecord{f48a609 token=android.os.BinderProxy@87ba00e {com.android.vending/com.google.android.finsky.activities.MainActivity}}
01-01 08:09:35.997071  3037  3037 V ActivityThread: Resume ActivityRecord{f48a609 token=android.os.BinderProxy@87ba00e {com.android.vending/com.google.android.finsky.activities.MainActivity}} started activity: false, hideForNow: false, finished: false
01-01 08:09:36.001530  1456  1477 D WindowManager: addWindowToListInOrderLocked: win=Window{3b2371a u0 com.android.vending/com.google.android.finsky.activities.MainActivity} Callers=com.android.server.wm.WindowManagerService.addWindow:2782 com.android.server.wm.Session.addToDisplay:171 android.view.IWindowSession$Stub.onTransact:124 com.android.server.wm.Session.onTransact:133 
01-01 08:09:36.003408  3037  3037 V ActivityThread: Resuming ActivityRecord{f48a609 token=android.os.BinderProxy@87ba00e {com.android.vending/com.google.android.finsky.activities.MainActivity}} with isForward=true
01-01 08:09:36.003622  3037  3037 V ActivityThread: Scheduling idle handler for ActivityRecord{f48a609 token=android.os.BinderProxy@87ba00e {com.android.vending/com.google.android.finsky.activities.MainActivity}}
01-01 08:09:36.003952  3037  3037 D ActivityThread: ACT-LAUNCH_ACTIVITY handled : 0 / ActivityRecord{f48a609 token=android.os.BinderProxy@87ba00e {com.android.vending/com.google.android.finsky.activities.MainActivity}}
01-01 08:09:36.009341  1456  1755 V WindowManager: Looking for focus: 10 = Window{553e67c u0 StatusBar}, flags=-2122055608, canReceive=false
01-01 08:09:36.009371  1456  1755 V WindowManager: findFocusedWindow: No focusable windows.
01-01 08:09:36.010891  1456  1755 V WindowManager: Set focused app to: AppWindowToken{87f7d64 token=Token{422eaf7 ActivityRecord{a6e16f6 u0 com.android.launcher3/.Launcher t3}}} old focus=AppWindowToken{83f3310 token=Token{7d67bd3 ActivityRecord{d3c31c2 u0 com.android.vending/com.google.android.finsky.activities.MainActivity t22}}} moveFocusNow=true
01-01 08:09:36.011421  1456  1755 V WindowManager: Looking for focus: 10 = Window{553e67c u0 StatusBar}, flags=-2122055608, canReceive=false
01-01 08:09:36.011472  1456  1755 V WindowManager: findFocusedWindow: No focusable windows.
01-01 08:09:36.012114   869  1504 D FrameworkListener: dispatchCommand data = (getaddrinfo play.googleapis.com ^ 1024 0 1 0 0)
01-01 08:09:36.026192  1456  1755 D PowerManagerService: acquireWakeLockInternal: lock=185970747, flags=0x1, tag="*launch*", ws=WorkSource{10018}, uid=1000, pid=1456
01-01 08:09:36.026281  1456  1755 D PowerManagerService: updateWakeLockSummaryLocked: mWakefulness=Awake, mWakeLockSummary=0x1
01-01 08:09:36.026375  1456  1755 D PowerManagerService: updateUserActivitySummaryLocked: mWakefulness=Awake, mUserActivitySummary=0x9, nextTimeout=433563 (in 4927 ms)
01-01 08:09:36.026493  1456  1755 D DisplayPowerController: requestPowerState: policy=BRIGHT, useProximitySensor=false, screenBrightness=61, screenAutoBrightnessAdjustment=0.0, brightnessSetByUser=true, useAutoBrightness=false, blockScreenOn=false, lowPowerMode=false, boostScreenBrightness=false, dozeScreenBrightness=-1, dozeScreenState=UNKNOWN, waitForNegativeProximity=false
