01-01 08:09:36.026528  1456  1755 I PowerManagerService: setBrightness mButtonLight, screenBrightness=61
01-01 08:09:36.026578  1456  1755 D PowerManagerService: updateDisplayPowerStateLocked: mDisplayReady=true, policy=3, mWakefulness=1, mWakeLockSummary=0x1, mUserActivitySummary=0x9, mBootCompleted=true, mScreenBrightnessBoostInProgress=false
01-01 08:09:36.038691  1456  1757 V WindowManager: Looking for focus: 10 = Window{553e67c u0 StatusBar}, flags=-2122055608, canReceive=false
01-01 08:09:36.038752  1456  1757 V WindowManager: findFocusedWindow: No focusable windows.
01-01 08:09:36.074980  3037  3037 D ActivityThread: ACT-AM_ON_PAUSE_CALLED ActivityRecord{f48a609 token=android.os.BinderProxy@87ba00e {com.android.vending/com.google.android.finsky.activities.MainActivity}}
01-01 08:09:36.076837  1456  2301 D PowerManagerService: updateWakeLockWorkSourceInternal: lock=185970747 [*launch*], ws=WorkSource{10013}
01-01 08:09:36.076991  1456  2301 D PowerManagerNotifier: onWakeLockChanging: flags=1, tag="*launch*", packageName=android, ownerUid=1000, ownerPid=1456, workSource=WorkSource{10013}
01-01 08:09:36.078519  1456  2301 W WindowManager:  SLCODE computeScreenConfigurationLocked, the hard device name is: himax-touchscreen
01-01 08:09:36.078571  1456  2301 W WindowManager:  SLCODE computeScreenConfigurationLocked, the hard device name is: mtk-tpd
01-01 08:09:36.078599  1456  2301 W WindowManager:  SLCODE computeScreenConfigurationLocked, the hard device name is: gf-key
01-01 08:09:36.078624  1456  2301 W WindowManager:  SLCODE computeScreenConfigurationLocked, the hard device name is: ACCDET
01-01 08:09:36.078648  1456  2301 W WindowManager:  SLCODE computeScreenConfigurationLocked, the hard device name is: mtk-kpd
01-01 08:09:36.080772  1456  2301 D ActivityManager: Delay resumeKeyDispatchingLocked() to avoid deadlock.
01-01 08:09:36.081688  3037  3037 D ActivityThread: ACT-PAUSE_ACTIVITY_FINISHING handled : 0 / android.os.BinderProxy@87ba00e
01-01 08:09:36.082811  1456  1756 V WindowManager: Looking for focus: 10 = Window{553e67c u0 StatusBar}, flags=-2122055608, canReceive=false
01-01 08:09:36.082875  1456  1756 V WindowManager: findFocusedWindow: No focusable windows.
01-01 08:09:36.093970  1456  1760 V WindowManager: Looking for focus: 10 = Window{553e67c u0 StatusBar}, flags=-2122055608, canReceive=false
01-01 08:09:36.094115  1456  1760 V WindowManager: findFocusedWindow: Found new focus @ 6 = Window{e3b59a8 u0 com.android.launcher3/com.android.launcher3.Launcher}
01-01 08:09:36.094455  1456  1760 V WindowManager: Changing focus from null to Window{e3b59a8 u0 com.android.launcher3/com.android.launcher3.Launcher} Callers=com.android.server.wm.WindowManagerService.relayoutWindow:3599 com.android.server.wm.Session.relayout:201 android.view.IWindowSession$Stub.onTransact:284 com.android.server.wm.Session.onTransact:133 
01-01 08:09:36.094627  1456  1760 D WindowManager: Input focus has changed to Window{e3b59a8 u0 com.android.launcher3/com.android.launcher3.Launcher}
01-01 08:09:36.103667  1456  1760 V WindowManager: Looking for focus: 10 = Window{553e67c u0 StatusBar}, flags=-2122055608, canReceive=false
01-01 08:09:36.103743  1456  1760 V WindowManager: findFocusedWindow: Found new focus @ 6 = Window{e3b59a8 u0 com.android.launcher3/com.android.launcher3.Launcher}
01-01 08:09:36.104048  1456  1760 D WindowManager: notifyActivityDrawnForKeyguard: waiting=false Callers=com.android.server.wm.WindowManagerService.handleAppTransitionReadyLocked:10113 com.android.server.wm.WindowManagerService.performLayoutAndPlaceSurfacesLockedInner:10733 com.android.server.wm.WindowManagerService.performLayoutAndPlaceSurfacesLockedLoop:9477 com.android.server.wm.WindowManagerService.performLayoutAndPlaceSurfacesLocked:9424 com.android.server.wm.WindowManagerService.relayoutWindow:3628 
01-01 08:09:36.110829  1456  1512 I WindowManager: Focus moving from null to Window{e3b59a8 u0 com.android.launcher3/com.android.launcher3.Launcher}
01-01 08:09:36.110905  1456  1512 I WindowManager: Gaining focus: Window{e3b59a8 u0 com.android.launcher3/com.android.launcher3.Launcher}
01-01 08:09:36.121170  2363  2363 V ActivityThread: Performing resume of ActivityRecord{4d34dcb token=android.os.BinderProxy@5ae29a8 {com.android.launcher3/com.android.launcher3.Launcher}}
01-01 08:09:36.122557  2363  2363 D ActivityThread: ACT-AM_ON_RESUME_CALLED ActivityRecord{4d34dcb token=android.os.BinderProxy@5ae29a8 {com.android.launcher3/com.android.launcher3.Launcher}}
01-01 08:09:36.122621  2363  2363 V ActivityThread: Resume ActivityRecord{4d34dcb token=android.os.BinderProxy@5ae29a8 {com.android.launcher3/com.android.launcher3.Launcher}} started activity: false, hideForNow: false, finished: false
01-01 08:09:36.122681  2363  2363 V ActivityThread: Resuming ActivityRecord{4d34dcb token=android.os.BinderProxy@5ae29a8 {com.android.launcher3/com.android.launcher3.Launcher}} with isForward=false
01-01 08:09:36.122887  2363  2363 V ActivityThread: Scheduling idle handler for ActivityRecord{4d34dcb token=android.os.BinderProxy@5ae29a8 {com.android.launcher3/com.android.launcher3.Launcher}}
01-01 08:09:36.128391  2363  2363 D ActivityThread: ACT-RESUME_ACTIVITY handled : 0 / android.os.BinderProxy@5ae29a8
01-01 08:09:36.129900  1456  1512 V WindowManager: Looking for focus: 10 = Window{553e67c u0 StatusBar}, flags=-2122055608, canReceive=false
01-01 08:09:36.131001  1456  1512 V WindowManager: findFocusedWindow: Found new focus @ 6 = Window{e3b59a8 u0 com.android.launcher3/com.android.launcher3.Launcher}
01-01 08:09:36.161835  1456  2301 V InputMethodManagerService: windowGainedFocus: android.os.BinderProxy@a8f609a controlFlags=#5 softInputMode=#20 windowFlags=#81910100
01-01 08:09:36.161986  1456  2301 W InputMethodManagerService: Window already focused, ignoring focus gain of: com.android.internal.view.IInputMethodClient$Stub$Proxy@7934b79 attribute=null, token = android.os.BinderProxy@f973dcb
01-01 08:09:36.163382  1456  1756 V WindowManager: Looking for focus: 10 = Window{553e67c u0 StatusBar}, flags=-2122055608, canReceive=false
01-01 08:09:36.163659  1456  1756 V WindowManager: findFocusedWindow: Found new focus @ 6 = Window{e3b59a8 u0 com.android.launcher3/com.android.launcher3.Launcher}
01-01 08:09:36.164939  1456  1755 D PowerManagerService: releaseWakeLockInternal: lock=185970747 [*launch*], flags=0x0, total_time=320ms
01-01 08:09:36.165030  1456  1755 D PowerManagerNotifier: onWakeLockReleased: flags=1, tag="*launch*", packageName=android, ownerUid=1000, ownerPid=1456, workSource=WorkSource{10013}
01-01 08:09:36.165150  1456  1755 D PowerManagerService: updateWakeLockSummaryLocked: mWakefulness=Awake, mWakeLockSummary=0x0
01-01 08:09:36.165238  1456  1755 D PowerManagerService: updateUserActivitySummaryLocked: mWakefulness=Awake, mUserActivitySummary=0x9, nextTimeout=433563 (in 4788 ms)
01-01 08:09:36.165314  1456  1755 D DisplayPowerController: requestPowerState: policy=BRIGHT, useProximitySensor=false, screenBrightness=61, screenAutoBrightnessAdjustment=0.0, brightnessSetByUser=true, useAutoBrightness=false, blockScreenOn=false, lowPowerMode=false, boostScreenBrightness=false, dozeScreenBrightness=-1, dozeScreenState=UNKNOWN, waitForNegativeProximity=false
01-01 08:09:36.165353  1456  1755 I PowerManagerService: setBrightness mButtonLight, screenBrightness=61
01-01 08:09:36.165397  1456  1755 D PowerManagerService: updateDisplayPowerStateLocked: mDisplayReady=true, policy=3, mWakefulness=1, mWakeLockSummary=0x0, mUserActivitySummary=0x9, mBootCompleted=true, mScreenBrightnessBoostInProgress=false
01-01 08:09:36.165452  1456  1755 D PowerManagerService: Releasing suspend blocker "PowerManagerService.WakeLocks".
01-01 08:09:36.168246  3037  3037 D ActivityThread: ACT-DESTROY_ACTIVITY handled : 1 / android.os.BinderProxy@f0c6b10
01-01 08:09:36.168693  1456  1499 V NetworkStats: setKernelCounterSet uid=10018 set=0
01-01 08:09:36.173393  1456  1757 V WindowManager: Looking for focus: 10 = Window{553e67c u0 StatusBar}, flags=-2122055608, canReceive=false
01-01 08:09:36.173505  1456  1757 V WindowManager: findFocusedWindow: Found new focus @ 6 = Window{e3b59a8 u0 com.android.launcher3/com.android.launcher3.Launcher}
01-01 08:09:36.175228  3037  3037 D ActivityThread: ACT-DESTROY_ACTIVITY handled : 1 / android.os.BinderProxy@87ba00e
01-01 08:09:36.468415   901   901 I sn      : Retry 40
01-01 08:09:36.468854   901   901 I sn      : Fail to access err=2
01-01 08:09:36.469090   901   901 I sn      : Fail to access err=2
01-01 08:09:36.469143   901   901 I sn      : Fail to access err=2
01-01 08:09:36.469173   901   901 I sn      : Check all possible paths
01-01 08:09:36.526724  1456  1512 V WindowManager: Looking for focus: 8 = Window{553e67c u0 StatusBar}, flags=-2122055608, canReceive=false
01-01 08:09:36.526921  1456  1512 V WindowManager: findFocusedWindow: Found new focus @ 4 = Window{e3b59a8 u0 com.android.launcher3/com.android.launcher3.Launcher}
01-01 08:09:37.511958  1456  1574 D PowerManagerService: userActivityFromNative
01-01 08:09:37.512083  1456  1574 D PowerManagerService: userActivityNoUpdateLocked: eventTime=430119, event=2, flags=0x0, uid=1000
01-01 08:09:37.512169  1456  1574 D PowerManagerNotifier: onUserActivity: event=2, uid=1000
01-01 08:09:37.512334  1456  1574 D PowerManagerService: updateUserActivitySummaryLocked: mWakefulness=Awake, mUserActivitySummary=0x9, nextTimeout=433563 (in 3441 ms)
01-01 08:09:37.512479  1456  1574 D DisplayPowerController: requestPowerState: policy=BRIGHT, useProximitySensor=false, screenBrightness=61, screenAutoBrightnessAdjustment=0.0, brightnessSetByUser=true, useAutoBrightness=false, blockScreenOn=false, lowPowerMode=false, boostScreenBrightness=false, dozeScreenBrightness=-1, dozeScreenState=UNKNOWN, waitForNegativeProximity=false
01-01 08:09:37.512531  1456  1574 I PowerManagerService: setBrightness mButtonLight, screenBrightness=61
01-01 08:09:37.512591  1456  1574 D PowerManagerService: updateDisplayPowerStateLocked: mDisplayReady=true, policy=3, mWakefulness=1, mWakeLockSummary=0x0, mUserActivitySummary=0x9, mBootCompleted=true, mScreenBrightnessBoostInProgress=false
01-01 08:09:37.513914  1456  1489 V SettingsProvider: packageValueForCallResult, name = haptic_feedback_enabled, value : 1
01-01 08:09:37.514517  1456  1489 D PowerManagerService: acquireWakeLockInternal: lock=109361618, flags=0x1, tag="*vibrator*", ws=WorkSource{1000}, uid=1000, pid=1456
01-01 08:09:37.514614  1456  1489 D PowerManagerService: updateWakeLockSummaryLocked: mWakefulness=Awake, mWakeLockSummary=0x1
01-01 08:09:37.514713  1456  1489 D PowerManagerService: updateUserActivitySummaryLocked: mWakefulness=Awake, mUserActivitySummary=0x9, nextTimeout=433563 (in 3439 ms)
01-01 08:09:37.514812  1456  1489 D DisplayPowerController: requestPowerState: policy=BRIGHT, useProximitySensor=false, screenBrightness=61, screenAutoBrightnessAdjustment=0.0, brightnessSetByUser=true, useAutoBrightness=false, blockScreenOn=false, lowPowerMode=false, boostScreenBrightness=false, dozeScreenBrightness=-1, dozeScreenState=UNKNOWN, waitForNegativeProximity=false
01-01 08:09:37.514867  1456  1489 I PowerManagerService: setBrightness mButtonLight, screenBrightness=61
01-01 08:09:37.514924  1456  1489 D PowerManagerService: updateDisplayPowerStateLocked: mDisplayReady=true, policy=3, mWakefulness=1, mWakeLockSummary=0x1, mUserActivitySummary=0x9, mBootCompleted=true, mScreenBrightnessBoostInProgress=false
01-01 08:09:37.514998  1456  1489 D PowerManagerService: Acquiring suspend blocker "PowerManagerService.WakeLocks".
01-01 08:09:37.515103  1456  1489 D PowerManagerNotifier: onWakeLockAcquired: flags=1, tag="*vibrator*", packageName=android, ownerUid=1000, ownerPid=1456, workSource=WorkSource{1000}
01-01 08:09:37.515775  1456  1574 D PowerManagerService: userActivityFromNative
01-01 08:09:37.515887  1456  1574 D PowerManagerService: userActivityNoUpdateLocked: eventTime=430122, event=1, flags=0x0, uid=1000
01-01 08:09:37.515940  1456  1574 D PowerManagerNotifier: onUserActivity: event=1, uid=1000
01-01 08:09:37.516139  1456  1574 D PowerManagerService: updateUserActivitySummaryLocked: mWakefulness=Awake, mUserActivitySummary=0x9, nextTimeout=438122 (in 7996 ms)
01-01 08:09:37.516237  1456  1574 D DisplayPowerController: requestPowerState: policy=BRIGHT, useProximitySensor=false, screenBrightness=61, screenAutoBrightnessAdjustment=0.0, brightnessSetByUser=true, useAutoBrightness=false, blockScreenOn=false, lowPowerMode=false, boostScreenBrightness=false, dozeScreenBrightness=-1, dozeScreenState=UNKNOWN, waitForNegativeProximity=false
01-01 08:09:37.516285  1456  1574 I PowerManagerService: setBrightness mButtonLight, screenBrightness=61
01-01 08:09:37.516343  1456  1574 D PowerManagerService: updateDisplayPowerStateLocked: mDisplayReady=true, policy=3, mWakefulness=1, mWakeLockSummary=0x1, mUserActivitySummary=0x9, mBootCompleted=true, mScreenBrightnessBoostInProgress=false
01-01 08:09:37.577125  1456  4733 D PowerManagerService: releaseWakeLockInternal: lock=109361618 [*vibrator*], flags=0x0, total_time=62ms
01-01 08:09:37.577240  1456  4733 D PowerManagerNotifier: onWakeLockReleased: flags=1, tag="*vibrator*", packageName=android, ownerUid=1000, ownerPid=1456, workSource=WorkSource{1000}
01-01 08:09:37.577366  1456  4733 D PowerManagerService: updateWakeLockSummaryLocked: mWakefulness=Awake, mWakeLockSummary=0x0
01-01 08:09:37.577487  1456  4733 D PowerManagerService: updateUserActivitySummaryLocked: mWakefulness=Awake, mUserActivitySummary=0x9, nextTimeout=438122 (in 7935 ms)
01-01 08:09:37.577599  1456  4733 D DisplayPowerController: requestPowerState: policy=BRIGHT, useProximitySensor=false, screenBrightness=61, screenAutoBrightnessAdjustment=0.0, brightnessSetByUser=true, useAutoBrightness=false, blockScreenOn=false, lowPowerMode=false, boostScreenBrightness=false, dozeScreenBrightness=-1, dozeScreenState=UNKNOWN, waitForNegativeProximity=false
01-01 08:09:37.577653  1456  4733 I PowerManagerService: setBrightness mButtonLight, screenBrightness=61
01-01 08:09:37.577724  1456  4733 D PowerManagerService: updateDisplayPowerStateLocked: mDisplayReady=true, policy=3, mWakefulness=1, mWakeLockSummary=0x0, mUserActivitySummary=0x9, mBootCompleted=true, mScreenBrightnessBoostInProgress=false
01-01 08:09:37.577799  1456  4733 D PowerManagerService: Releasing suspend blocker "PowerManagerService.WakeLocks".
01-01 08:09:38.359671  1456  2143 W Watchdog: SWT Watchdog after wait current time:430969
01-01 08:09:38.359855  1456  2143 W Watchdog: **Get SF Time **1
01-01 08:09:38.359975  1456  2143 W Watchdog: SWT Watchdog before synchronized:430969
01-01 08:09:38.360005  1456  2143 W Watchdog: SWT Watchdog after synchronized:430969
01-01 08:09:38.360245  1456  2143 W Watchdog: SWT Watchdog before wait timeout:30000
01-01 08:09:38.360294  1456  2143 W Watchdog: SWT Watchdog before wait current time:430970
01-01 08:09:38.360328  1456  2143 W Watchdog: SWT Watchdog before wait start:430969
01-01 08:09:38.360360  1456  2143 W Watchdog: SWT Watchdog before wait CHECK_INTERVAL:30000
01-01 08:09:38.714767  1456  1574 D PowerManagerService: userActivityFromNative
01-01 08:09:38.714883  1456  1574 D PowerManagerService: userActivityNoUpdateLocked: eventTime=431323, event=2, flags=0x0, uid=1000
01-01 08:09:38.714938  1456  1574 D PowerManagerNotifier: onUserActivity: event=2, uid=1000
01-01 08:09:38.715109  1456  1574 D PowerManagerService: updateUserActivitySummaryLocked: mWakefulness=Awake, mUserActivitySummary=0x9, nextTimeout=438122 (in 6798 ms)
01-01 08:09:38.715223  1456  1574 D DisplayPowerController: requestPowerState: policy=BRIGHT, useProximitySensor=false, screenBrightness=61, screenAutoBrightnessAdjustment=0.0, brightnessSetByUser=true, useAutoBrightness=false, blockScreenOn=false, lowPowerMode=false, boostScreenBrightness=false, dozeScreenBrightness=-1, dozeScreenState=UNKNOWN, waitForNegativeProximity=false
01-01 08:09:38.715273  1456  1574 I PowerManagerService: setBrightness mButtonLight, screenBrightness=61
01-01 08:09:38.715333  1456  1574 D PowerManagerService: updateDisplayPowerStateLocked: mDisplayReady=true, policy=3, mWakefulness=1, mWakeLockSummary=0x0, mUserActivitySummary=0x9, mBootCompleted=true, mScreenBrightnessBoostInProgress=false
01-01 08:09:38.721369  1456  2302 D NotificationService: clearEffects
01-01 08:09:38.723431  1456  1477 D NotificationService: Marking notification as seen 0|com.qihoo.antivirus|100000000|null|10000
01-01 08:09:38.817495  1456  1759 V ActivityManager: Broadcast sticky: Intent { act=android.intent.action.SIG_STR flg=0x20000010 (has extras) } ordered=false userid=-1 callerApp=ProcessRecord{8d6fbe0 1456:system/1000}
01-01 08:09:38.862999  1456  1499 V SettingsProvider: packageValueForCallResult, name = user_setup_complete, value : 1
01-01 08:09:38.863563  1456  1757 V WindowManager: Looking for focus: 8 = Window{553e67c u0 StatusBar}, flags=-2121924544, canReceive=true
01-01 08:09:38.863641  1456  1757 V WindowManager: findFocusedWindow: Found new focus @ 8 = Window{553e67c u0 StatusBar}
01-01 08:09:38.864025  1456  1757 V WindowManager: Changing focus from Window{e3b59a8 u0 com.android.launcher3/com.android.launcher3.Launcher} to Window{553e67c u0 StatusBar} Callers=com.android.server.wm.WindowManagerService.relayoutWindow:3599 com.android.server.wm.Session.relayout:201 android.view.IWindowSession$Stub.onTransact:284 com.android.server.wm.Session.onTransact:133 
01-01 08:09:38.864150  1456  1757 D WindowManager: Input focus has changed to Window{553e67c u0 StatusBar}
01-01 08:09:38.866018  1456  1512 I WindowManager: Focus moving from Window{e3b59a8 u0 com.android.launcher3/com.android.launcher3.Launcher} to Window{553e67c u0 StatusBar}
01-01 08:09:38.866104  1456  1512 I WindowManager: Gaining focus: Window{553e67c u0 StatusBar}
01-01 08:09:38.866231  1456  1512 I WindowManager: Losing focus: Window{e3b59a8 u0 com.android.launcher3/com.android.launcher3.Launcher}
01-01 08:09:39.216480  1456  1477 V SettingsProvider: packageValueForCallResult, name = accelerometer_rotation, value : 1
01-01 08:09:39.220395  1456  1477 D WifiDisplayAdapter: getWifiDisplayStatusLocked: result=WifiDisplayStatus{featureState=2, scanState=0, activeDisplayState=0, activeDisplay=null, displays=[], sessionInfo=WifiDisplaySessionInfo: C/O:Client,GId:,Pp:,SId:0,IP:}
01-01 08:09:39.220817  1456  1489 D WifiDisplayAdapter: getIfSinkEnabledLocked
01-01 08:09:39.221116  1456  1489 I WifiDisplayController: getIfSinkEnabled,enable = false
01-01 08:09:39.221558  1456  2301 D WifiDisplayAdapter: getWifiDisplayStatusLocked: result=WifiDisplayStatus{featureState=2, scanState=0, activeDisplayState=0, activeDisplay=null, displays=[], sessionInfo=WifiDisplaySessionInfo: C/O:Client,GId:,Pp:,SId:0,IP:}
01-01 08:09:39.230405  1456  1757 V SettingsProvider: packageValueForCallResult, name = accelerometer_rotation, value : 1
01-01 08:09:39.231651  1456  1756 V SettingsProvider: packageValueForCallResult, name = screen_brightness_mode, value : 0
01-01 08:09:39.232925  1456  1757 V SettingsProvider: packageValueForCallResult, name = screen_brightness, value : 61
01-01 08:09:39.245205  1456  1758 D NotificationService: Marking notification as seen 0|com.mediatek.mtklogger|2130837539|null|10052
01-01 08:09:39.732257  1456  1574 D PowerManagerService: userActivityFromNative
01-01 08:09:39.732368  1456  1574 D PowerManagerService: userActivityNoUpdateLocked: eventTime=432341, event=2, flags=0x0, uid=1000
01-01 08:09:39.732451  1456  1574 D PowerManagerNotifier: onUserActivity: event=2, uid=1000
01-01 08:09:39.732633  1456  1574 D PowerManagerService: updateUserActivitySummaryLocked: mWakefulness=Awake, mUserActivitySummary=0x9, nextTimeout=438122 (in 5780 ms)
01-01 08:09:39.732785  1456  1574 D DisplayPowerController: requestPowerState: policy=BRIGHT, useProximitySensor=false, screenBrightness=61, screenAutoBrightnessAdjustment=0.0, brightnessSetByUser=true, useAutoBrightness=false, blockScreenOn=false, lowPowerMode=false, boostScreenBrightness=false, dozeScreenBrightness=-1, dozeScreenState=UNKNOWN, waitForNegativeProximity=false
01-01 08:09:39.732842  1456  1574 I PowerManagerService: setBrightness mButtonLight, screenBrightness=61
01-01 08:09:39.732908  1456  1574 D PowerManagerService: updateDisplayPowerStateLocked: mDisplayReady=true, policy=3, mWakefulness=1, mWakeLockSummary=0x0, mUserActivitySummary=0x9, mBootCompleted=true, mScreenBrightnessBoostInProgress=false
01-01 08:09:39.849905  1456  1476 I ActivityManager: START u0 {flg=0x10000000 cmp=com.mediatek.mtklogger/.MainActivity} from uid 10052 from pid -1 on display 0
01-01 08:09:39.850710  1456  1476 V WindowManager: Looking for focus: 8 = Window{553e67c u0 StatusBar}, flags=-2121924544, canReceive=true
01-01 08:09:39.850779  1456  1476 V WindowManager: findFocusedWindow: Found new focus @ 8 = Window{553e67c u0 StatusBar}
01-01 08:09:39.852585  1456  1476 V WindowManager: Set focused app to: AppWindowToken{a7ce87 token=Token{ab87ff0 ActivityRecord{9237033 u0 com.mediatek.mtklogger/.MainActivity t21}}} old focus=AppWindowToken{87f7d64 token=Token{422eaf7 ActivityRecord{a6e16f6 u0 com.android.launcher3/.Launcher t3}}} moveFocusNow=true
01-01 08:09:39.853905  1456  1476 V WindowManager: Looking for focus: 8 = Window{553e67c u0 StatusBar}, flags=-2121924544, canReceive=true
01-01 08:09:39.854006  1456  1476 V WindowManager: findFocusedWindow: Found new focus @ 8 = Window{553e67c u0 StatusBar}
01-01 08:09:39.854623  1456  1476 D PowerManagerService: acquireWakeLockInternal: lock=185970747, flags=0x1, tag="*launch*", ws=WorkSource{10052}, uid=1000, pid=1456
01-01 08:09:39.854944  1456  1476 D PowerManagerService: updateWakeLockSummaryLocked: mWakefulness=Awake, mWakeLockSummary=0x1
01-01 08:09:39.855027  1456  1476 D PowerManagerService: updateUserActivitySummaryLocked: mWakefulness=Awake, mUserActivitySummary=0x9, nextTimeout=438122 (in 5658 ms)
01-01 08:09:39.855168  1456  1476 D DisplayPowerController: requestPowerState: policy=BRIGHT, useProximitySensor=false, screenBrightness=61, screenAutoBrightnessAdjustment=0.0, brightnessSetByUser=true, useAutoBrightness=false, blockScreenOn=false, lowPowerMode=false, boostScreenBrightness=false, dozeScreenBrightness=-1, dozeScreenState=UNKNOWN, waitForNegativeProximity=false
01-01 08:09:39.855479  1456  1476 I PowerManagerService: setBrightness mButtonLight, screenBrightness=61
01-01 08:09:39.855764  1456  1476 D PowerManagerService: updateDisplayPowerStateLocked: mDisplayReady=true, policy=3, mWakefulness=1, mWakeLockSummary=0x1, mUserActivitySummary=0x9, mBootCompleted=true, mScreenBrightnessBoostInProgress=false
01-01 08:09:39.855846  1456  1476 D PowerManagerService: Acquiring suspend blocker "PowerManagerService.WakeLocks".
01-01 08:09:39.855947  1456  1476 D PowerManagerNotifier: onWakeLockAcquired: flags=1, tag="*launch*", packageName=android, ownerUid=1000, ownerPid=1456, workSource=WorkSource{10052}
01-01 08:09:39.856568  2363  2363 D ActivityThread: ACT-AM_ON_PAUSE_CALLED ActivityRecord{4d34dcb token=android.os.BinderProxy@5ae29a8 {com.android.launcher3/com.android.launcher3.Launcher}}
01-01 08:09:39.856617  1456  1476 D ActivityManager: Set intentActivity.task.mMovingToFront = true
01-01 08:09:39.858588  1456  1758 W WindowManager:  SLCODE computeScreenConfigurationLocked, the hard device name is: himax-touchscreen
01-01 08:09:39.858638  1456  1758 W WindowManager:  SLCODE computeScreenConfigurationLocked, the hard device name is: mtk-tpd
01-01 08:09:39.858672  1456  1758 W WindowManager:  SLCODE computeScreenConfigurationLocked, the hard device name is: gf-key
01-01 08:09:39.858698  1456  1758 W WindowManager:  SLCODE computeScreenConfigurationLocked, the hard device name is: ACCDET
01-01 08:09:39.858731  1456  1758 W WindowManager:  SLCODE computeScreenConfigurationLocked, the hard device name is: mtk-kpd
01-01 08:09:39.860806  1456  1758 D ActivityManager: Delay resumeKeyDispatchingLocked() to avoid deadlock.
01-01 08:09:39.861819  2363  2363 D ActivityThread: ACT-PAUSE_ACTIVITY handled : 1 / android.os.BinderProxy@5ae29a8
01-01 08:09:39.862549  1456  1499 V NetworkStats: setKernelCounterSet uid=10052 set=1
01-01 08:09:39.863538  1456  1760 V WindowManager: Looking for focus: 8 = Window{553e67c u0 StatusBar}, flags=-2121924544, canReceive=true
01-01 08:09:39.863614  1456  1760 V WindowManager: findFocusedWindow: Found new focus @ 8 = Window{553e67c u0 StatusBar}
01-01 08:09:39.866033  1456  2275 V WindowManager: Looking for focus: 8 = Window{553e67c u0 StatusBar}, flags=-2122055608, canReceive=false
01-01 08:09:39.866167  1456  2275 V WindowManager: findFocusedWindow: No focusable windows.
01-01 08:09:39.866503  4633  4633 D ActivityThread: ACT-NEW_INTENT handled : 0 / NewIntentData{intents=[Intent { flg=0x10400000 cmp=com.mediatek.mtklogger/.MainActivity }] token=android.os.BinderProxy@36205af}
01-01 08:09:39.866665  1456  2275 V WindowManager: Changing focus from Window{553e67c u0 StatusBar} to null Callers=com.android.server.wm.WindowManagerService.relayoutWindow:3599 com.android.server.wm.Session.relayout:201 android.view.IWindowSession$Stub.onTransact:284 com.android.server.wm.Session.onTransact:133 
01-01 08:09:39.866827  1456  2275 D WindowManager: Input focus has changed to null
01-01 08:09:39.866701  4633  4633 V ActivityThread: Performing resume of ActivityRecord{ad2898e token=android.os.BinderProxy@36205af {com.mediatek.mtklogger/com.mediatek.mtklogger.MainActivity}}
01-01 08:09:39.869537  1456  1512 I WindowManager: Focus moving from Window{553e67c u0 StatusBar} to null
01-01 08:09:39.869622  1456  1512 I WindowManager: Losing focus: Window{553e67c u0 StatusBar}
01-01 08:09:39.872420  4633  4633 D ActivityThread: ACT-AM_ON_RESUME_CALLED ActivityRecord{ad2898e token=android.os.BinderProxy@36205af {com.mediatek.mtklogger/com.mediatek.mtklogger.MainActivity}}
01-01 08:09:39.872478  4633  4633 V ActivityThread: Resume ActivityRecord{ad2898e token=android.os.BinderProxy@36205af {com.mediatek.mtklogger/com.mediatek.mtklogger.MainActivity}} started activity: false, hideForNow: false, finished: false
01-01 08:09:39.872531  4633  4633 V ActivityThread: Resuming ActivityRecord{ad2898e token=android.os.BinderProxy@36205af {com.mediatek.mtklogger/com.mediatek.mtklogger.MainActivity}} with isForward=true
01-01 08:09:39.875968  4633  4633 V ActivityThread: Scheduling idle handler for ActivityRecord{ad2898e token=android.os.BinderProxy@36205af {com.mediatek.mtklogger/com.mediatek.mtklogger.MainActivity}}
01-01 08:09:39.876828  4633  4633 D ActivityThread: ACT-RESUME_ACTIVITY handled : 1 / android.os.BinderProxy@36205af
01-01 08:09:39.886162  1456  1759 V WindowManager: Looking for focus: 8 = Window{553e67c u0 StatusBar}, flags=-2122055608, canReceive=false
01-01 08:09:39.886316  1456  1759 V WindowManager: findFocusedWindow: Found new focus @ 4 = Window{49ab302 u0 com.mediatek.mtklogger/com.mediatek.mtklogger.MainActivity}
01-01 08:09:39.886740  1456  1759 V WindowManager: Changing focus from null to Window{49ab302 u0 com.mediatek.mtklogger/com.mediatek.mtklogger.MainActivity} Callers=com.android.server.wm.WindowManagerService.relayoutWindow:3599 com.android.server.wm.Session.relayout:201 android.view.IWindowSession$Stub.onTransact:284 com.android.server.wm.Session.onTransact:133 
01-01 08:09:39.886890  1456  1759 D WindowManager: Input focus has changed to Window{49ab302 u0 com.mediatek.mtklogger/com.mediatek.mtklogger.MainActivity}
01-01 08:09:39.889910  1456  1512 I WindowManager: Focus moving from null to Window{49ab302 u0 com.mediatek.mtklogger/com.mediatek.mtklogger.MainActivity}
01-01 08:09:39.890002  1456  1512 I WindowManager: Gaining focus: Window{49ab302 u0 com.mediatek.mtklogger/com.mediatek.mtklogger.MainActivity}
01-01 08:09:39.914791  1456  2301 V InputMethodManagerService: windowGainedFocus: android.os.BinderProxy@a5b7fe4 controlFlags=#104 softInputMode=#120 windowFlags=#1810100
01-01 08:09:39.940417  1456  1512 V WindowManager: Looking for focus: 8 = Window{553e67c u0 StatusBar}, flags=-2122055608, canReceive=false
01-01 08:09:39.940623  1456  1512 V WindowManager: findFocusedWindow: Found new focus @ 4 = Window{49ab302 u0 com.mediatek.mtklogger/com.mediatek.mtklogger.MainActivity}
01-01 08:09:39.941281  1456  1512 D WindowManager: notifyActivityDrawnForKeyguard: waiting=false Callers=com.android.server.wm.WindowManagerService.handleAppTransitionReadyLocked:10113 com.android.server.wm.WindowManagerService.performLayoutAndPlaceSurfacesLockedInner:10733 com.android.server.wm.WindowManagerService.performLayoutAndPlaceSurfacesLockedLoop:9477 com.android.server.wm.WindowManagerService.performLayoutAndPlaceSurfacesLocked:9424 com.android.server.wm.WindowManagerService.-wrap8:-1 
01-01 08:09:39.957055  1456  1756 D PowerManagerService: releaseWakeLockInternal: lock=185970747 [*launch*], flags=0x0, total_time=102ms
01-01 08:09:39.957164  1456  1756 D PowerManagerNotifier: onWakeLockReleased: flags=1, tag="*launch*", packageName=android, ownerUid=1000, ownerPid=1456, workSource=WorkSource{10052}
01-01 08:09:39.957472  1456  1756 D PowerManagerService: updateWakeLockSummaryLocked: mWakefulness=Awake, mWakeLockSummary=0x0
01-01 08:09:39.957578  1456  1756 D PowerManagerService: updateUserActivitySummaryLocked: mWakefulness=Awake, mUserActivitySummary=0x9, nextTimeout=438122 (in 5555 ms)
01-01 08:09:39.957724  1456  1756 D DisplayPowerController: requestPowerState: policy=BRIGHT, useProximitySensor=false, screenBrightness=61, screenAutoBrightnessAdjustment=0.0, brightnessSetByUser=true, useAutoBrightness=false, blockScreenOn=false, lowPowerMode=false, boostScreenBrightness=false, dozeScreenBrightness=-1, dozeScreenState=UNKNOWN, waitForNegativeProximity=false
01-01 08:09:39.957766  1456  1756 I PowerManagerService: setBrightness mButtonLight, screenBrightness=61
01-01 08:09:39.957816  1456  1756 D PowerManagerService: updateDisplayPowerStateLocked: mDisplayReady=true, policy=3, mWakefulness=1, mWakeLockSummary=0x0, mUserActivitySummary=0x9, mBootCompleted=true, mScreenBrightnessBoostInProgress=false
01-01 08:09:39.957875  1456  1756 D PowerManagerService: Releasing suspend blocker "PowerManagerService.WakeLocks".
01-01 08:09:39.969152  1456  1759 V WindowManager: Looking for focus: 8 = Window{553e67c u0 StatusBar}, flags=-2122055608, canReceive=false
01-01 08:09:39.969410  1456  1759 V WindowManager: findFocusedWindow: Found new focus @ 4 = Window{49ab302 u0 com.mediatek.mtklogger/com.mediatek.mtklogger.MainActivity}
01-01 08:09:40.666770  1456  1512 D ActivityManager: ACT-IDLE_NOW_MSG from windowsVisible() for idle: ActivityRecord{9237033 u0 com.mediatek.mtklogger/.MainActivity t21}
01-01 08:09:40.668641  1456  1512 V WindowManager: Looking for focus: 8 = Window{553e67c u0 StatusBar}, flags=-2122055608, canReceive=false
01-01 08:09:40.668793  1456  1512 V WindowManager: findFocusedWindow: Found new focus @ 4 = Window{49ab302 u0 com.mediatek.mtklogger/com.mediatek.mtklogger.MainActivity}
01-01 08:09:40.672092  2363  2363 V ActivityThread: Finishing stop of ActivityRecord{4d34dcb token=android.os.BinderProxy@5ae29a8 {com.android.launcher3/com.android.launcher3.Launcher}}: show=false win=com.android.internal.policy.PhoneWindow@dfbc4b6
01-01 08:09:40.673197  2363  2363 D ActivityThread: ACT-STOP_ACTIVITY_HIDE handled : 0 / android.os.BinderProxy@5ae29a8
01-01 08:09:41.396827  1456  1574 D PowerManagerService: userActivityFromNative
01-01 08:09:41.396934  1456  1574 D PowerManagerService: userActivityNoUpdateLocked: eventTime=434005, event=2, flags=0x0, uid=1000
01-01 08:09:41.396982  1456  1574 D PowerManagerNotifier: onUserActivity: event=2, uid=1000
01-01 08:09:41.397146  1456  1574 D PowerManagerService: updateUserActivitySummaryLocked: mWakefulness=Awake, mUserActivitySummary=0x9, nextTimeout=438122 (in 4115 ms)
01-01 08:09:41.397228  1456  1574 D DisplayPowerController: requestPowerState: policy=BRIGHT, useProximitySensor=false, screenBrightness=61, screenAutoBrightnessAdjustment=0.0, brightnessSetByUser=true, useAutoBrightness=false, blockScreenOn=false, lowPowerMode=false, boostScreenBrightness=false, dozeScreenBrightness=-1, dozeScreenState=UNKNOWN, waitForNegativeProximity=false
01-01 08:09:41.397268  1456  1574 I PowerManagerService: setBrightness mButtonLight, screenBrightness=61
01-01 08:09:41.397316  1456  1574 D PowerManagerService: updateDisplayPowerStateLocked: mDisplayReady=true, policy=3, mWakefulness=1, mWakeLockSummary=0x0, mUserActivitySummary=0x9, mBootCompleted=true, mScreenBrightnessBoostInProgress=false
