----- timezone:GMT
01-01 08:00:17.480573   257   257 I vold    : Vold 3.0 (the awakening) firing up
01-01 08:00:17.480888   257   257 V vold    : Detected support for: ext4 vfat
01-01 08:00:17.499181   257   257 W Vold    : Tearing down stale mount /mnt/cd-rom
01-01 08:00:17.536767   257   257 D vold    : EmulatedVolume(emulated) is newed
01-01 08:00:17.552564   257   280 V vold    : ----------------
01-01 08:00:17.552662   257   280 V vold    : handleBlockEvent with action 1
01-01 08:00:17.552726   257   280 D NetlinkEvent: NL action '1'
01-01 08:00:17.552751   257   280 D NetlinkEvent: NL subsystem 'block'
01-01 08:00:17.552774   257   280 D NetlinkEvent: NL param 'DEVPATH=/devices/virtual/block/dm-0'
01-01 08:00:17.552800   257   280 D NetlinkEvent: NL param 'MAJOR=253'
01-01 08:00:17.552822   257   280 D NetlinkEvent: NL param 'MINOR=0'
01-01 08:00:17.552843   257   280 D NetlinkEvent: NL param 'DEVNAME=dm-0'
01-01 08:00:17.552865   257   280 D NetlinkEvent: NL param 'DEVTYPE=disk'
01-01 08:00:17.552885   257   280 D NetlinkEvent: NL param 'NPARTS=0'
01-01 08:00:17.552973   257   280 V vold    : ----------------
01-01 08:00:17.553007   257   280 V vold    : handleBlockEvent with action 1
01-01 08:00:17.553031   257   280 D NetlinkEvent: NL action '1'
01-01 08:00:17.553053   257   280 D NetlinkEvent: NL subsystem 'block'
01-01 08:00:17.553073   257   280 D NetlinkEvent: NL param 'DEVPATH=/devices/virtual/block/loop0'
01-01 08:00:17.553094   257   280 D NetlinkEvent: NL param 'MAJOR=7'
01-01 08:00:17.553114   257   280 D NetlinkEvent: NL param 'MINOR=0'
01-01 08:00:17.553134   257   280 D NetlinkEvent: NL param 'DEVNAME=loop0'
01-01 08:00:17.553155   257   280 D NetlinkEvent: NL param 'DEVTYPE=disk'
01-01 08:00:17.553176   257   280 D NetlinkEvent: NL param 'NPARTS=0'
01-01 08:00:17.553239   257   280 V vold    : ----------------
01-01 08:00:17.553270   257   280 V vold    : handleBlockEvent with action 1
01-01 08:00:17.553293   257   280 D NetlinkEvent: NL action '1'
01-01 08:00:17.553314   257   280 D NetlinkEvent: NL subsystem 'block'
01-01 08:00:17.553335   257   280 D NetlinkEvent: NL param 'DEVPATH=/devices/virtual/block/loop1'
01-01 08:00:17.553357   257   280 D NetlinkEvent: NL param 'MAJOR=7'
01-01 08:00:17.553377   257   280 D NetlinkEvent: NL param 'MINOR=1'
01-01 08:00:17.553397   257   280 D NetlinkEvent: NL param 'DEVNAME=loop1'
01-01 08:00:17.553418   257   280 D NetlinkEvent: NL param 'DEVTYPE=disk'
01-01 08:00:17.553439   257   280 D NetlinkEvent: NL param 'NPARTS=0'
01-01 08:00:17.553491   257   280 V vold    : ----------------
01-01 08:00:17.553518   257   280 V vold    : handleBlockEvent with action 1
01-01 08:00:17.553542   257   280 D NetlinkEvent: NL action '1'
01-01 08:00:17.553562   257   280 D NetlinkEvent: NL subsystem 'block'
01-01 08:00:17.553584   257   280 D NetlinkEvent: NL param 'DEVPATH=/devices/virtual/block/loop2'
01-01 08:00:17.553604   257   280 D NetlinkEvent: NL param 'MAJOR=7'
01-01 08:00:17.553624   257   280 D NetlinkEvent: NL param 'MINOR=2'
01-01 08:00:17.553646   257   280 D NetlinkEvent: NL param 'DEVNAME=loop2'
01-01 08:00:17.553668   257   280 D NetlinkEvent: NL param 'DEVTYPE=disk'
01-01 08:00:17.553687   257   280 D NetlinkEvent: NL param 'NPARTS=0'
01-01 08:00:17.553736   257   280 V vold    : ----------------
01-01 08:00:17.553765   257   280 V vold    : handleBlockEvent with action 1
01-01 08:00:17.553792   257   280 D NetlinkEvent: NL action '1'
01-01 08:00:17.553813   257   280 D NetlinkEvent: NL subsystem 'block'
01-01 08:00:17.553833   257   280 D NetlinkEvent: NL param 'DEVPATH=/devices/virtual/block/loop3'
01-01 08:00:17.553855   257   280 D NetlinkEvent: NL param 'MAJOR=7'
01-01 08:00:17.553881   257   280 D NetlinkEvent: NL param 'MINOR=3'
01-01 08:00:17.553903   257   280 D NetlinkEvent: NL param 'DEVNAME=loop3'
01-01 08:00:17.553923   257   280 D NetlinkEvent: NL param 'DEVTYPE=disk'
01-01 08:00:17.553942   257   280 D NetlinkEvent: NL param 'NPARTS=0'
01-01 08:00:17.559644   257   280 V vold    : ----------------
01-01 08:00:17.559716   257   280 V vold    : handleBlockEvent with action 1
01-01 08:00:17.559743   257   280 D NetlinkEvent: NL action '1'
01-01 08:00:17.559766   257   280 D NetlinkEvent: NL subsystem 'block'
01-01 08:00:17.559789   257   280 D NetlinkEvent: NL param 'DEVPATH=/devices/virtual/block/loop4'
01-01 08:00:17.559810   257   280 D NetlinkEvent: NL param 'MAJOR=7'
01-01 08:00:17.559830   257   280 D NetlinkEvent: NL param 'MINOR=4'
01-01 08:00:17.559851   257   280 D NetlinkEvent: NL param 'DEVNAME=loop4'
01-01 08:00:17.559873   257   280 D NetlinkEvent: NL param 'DEVTYPE=disk'
01-01 08:00:17.559894   257   280 D NetlinkEvent: NL param 'NPARTS=0'
01-01 08:00:17.559988   257   280 V vold    : ----------------
01-01 08:00:17.560021   257   280 V vold    : handleBlockEvent with action 1
01-01 08:00:17.560047   257   280 D NetlinkEvent: NL action '1'
01-01 08:00:17.560072   257   280 D NetlinkEvent: NL subsystem 'block'
01-01 08:00:17.560093   257   280 D NetlinkEvent: NL param 'DEVPATH=/devices/virtual/block/loop5'
01-01 08:00:17.560113   257   280 D NetlinkEvent: NL param 'MAJOR=7'
01-01 08:00:17.560133   257   280 D NetlinkEvent: NL param 'MINOR=5'
01-01 08:00:17.560152   257   280 D NetlinkEvent: NL param 'DEVNAME=loop5'
01-01 08:00:17.560174   257   280 D NetlinkEvent: NL param 'DEVTYPE=disk'
01-01 08:00:17.560194   257   280 D NetlinkEvent: NL param 'NPARTS=0'
01-01 08:00:17.560243   257   280 V vold    : ----------------
01-01 08:00:17.560273   257   280 V vold    : handleBlockEvent with action 1
01-01 08:00:17.560298   257   280 D NetlinkEvent: NL action '1'
01-01 08:00:17.560319   257   280 D NetlinkEvent: NL subsystem 'block'
01-01 08:00:17.560340   257   280 D NetlinkEvent: NL param 'DEVPATH=/devices/virtual/block/loop6'
01-01 08:00:17.560360   257   280 D NetlinkEvent: NL param 'MAJOR=7'
01-01 08:00:17.560382   257   280 D NetlinkEvent: NL param 'MINOR=6'
01-01 08:00:17.560402   257   280 D NetlinkEvent: NL param 'DEVNAME=loop6'
01-01 08:00:17.560424   257   280 D NetlinkEvent: NL param 'DEVTYPE=disk'
01-01 08:00:17.560445   257   280 D NetlinkEvent: NL param 'NPARTS=0'
01-01 08:00:17.560502   257   280 V vold    : ----------------
01-01 08:00:17.560532   257   280 V vold    : handleBlockEvent with action 1
01-01 08:00:17.560555   257   280 D NetlinkEvent: NL action '1'
01-01 08:00:17.560576   257   280 D NetlinkEvent: NL subsystem 'block'
01-01 08:00:17.560596   257   280 D NetlinkEvent: NL param 'DEVPATH=/devices/virtual/block/loop7'
01-01 08:00:17.561683   257   280 D NetlinkEvent: NL param 'MAJOR=7'
01-01 08:00:17.561719   257   280 D NetlinkEvent: NL param 'MINOR=7'
01-01 08:00:17.561741   257   280 D NetlinkEvent: NL param 'DEVNAME=loop7'
01-01 08:00:17.561761   257   280 D NetlinkEvent: NL param 'DEVTYPE=disk'
01-01 08:00:17.561780   257   280 D NetlinkEvent: NL param 'NPARTS=0'
01-01 08:00:17.561870   257   280 V vold    : ----------------
01-01 08:00:17.561907   257   280 V vold    : handleBlockEvent with action 1
01-01 08:00:17.561930   257   280 D NetlinkEvent: NL action '1'
01-01 08:00:17.561951   257   280 D NetlinkEvent: NL subsystem 'block'
01-01 08:00:17.561972   257   280 D NetlinkEvent: NL param 'DEVPATH=/devices/virtual/block/zram0'
01-01 08:00:17.561993   257   280 D NetlinkEvent: NL param 'MAJOR=254'
01-01 08:00:17.562013   257   280 D NetlinkEvent: NL param 'MINOR=0'
01-01 08:00:17.562033   257   280 D NetlinkEvent: NL param 'DEVNAME=zram0'
01-01 08:00:17.562052   257   280 D NetlinkEvent: NL param 'DEVTYPE=disk'
01-01 08:00:17.562073   257   280 D NetlinkEvent: NL param 'NPARTS=0'
01-01 08:00:17.562177   257   280 V vold    : ----------------
01-01 08:00:17.562211   257   280 V vold    : handleBlockEvent with action 1
01-01 08:00:17.562237   257   280 D NetlinkEvent: NL action '1'
01-01 08:00:17.562258   257   280 D NetlinkEvent: NL subsystem 'block'
01-01 08:00:17.562280   257   280 D NetlinkEvent: NL param 'DEVPATH=/devices/mtk-msdc.0/11230000.msdc0/mmc_host/mmc0/mmc0:0001/block/mmcblk0/mmcblk0rpmb'
01-01 08:00:17.562302   257   280 D NetlinkEvent: NL param 'MAJOR=179'
01-01 08:00:17.562322   257   280 D NetlinkEvent: NL param 'MINOR=96'
01-01 08:00:17.562342   257   280 D NetlinkEvent: NL param 'DEVNAME=mmcblk0rpmb'
01-01 08:00:17.562363   257   280 D NetlinkEvent: NL param 'DEVTYPE=disk'
01-01 08:00:17.562383   257   280 D NetlinkEvent: NL param 'NPARTS=0'
01-01 08:00:17.562413   257   280 D vold    : Skip 'mmcblk0rpmb' disk uevent
01-01 08:00:17.562462   257   280 V vold    : ----------------
01-01 08:00:17.562491   257   280 V vold    : handleBlockEvent with action 1
01-01 08:00:17.562516   257   280 D NetlinkEvent: NL action '1'
01-01 08:00:17.562538   257   280 D NetlinkEvent: NL subsystem 'block'
01-01 08:00:17.562558   257   280 D NetlinkEvent: NL param 'DEVPATH=/devices/mtk-msdc.0/11230000.msdc0/mmc_host/mmc0/mmc0:0001/block/mmcblk0/mmcblk0boot0'
01-01 08:00:17.562579   257   280 D NetlinkEvent: NL param 'MAJOR=179'
01-01 08:00:17.562598   257   280 D NetlinkEvent: NL param 'MINOR=32'
01-01 08:00:17.562618   257   280 D NetlinkEvent: NL param 'DEVNAME=mmcblk0boot0'
01-01 08:00:17.562644   257   280 D NetlinkEvent: NL param 'DEVTYPE=disk'
01-01 08:00:17.562664   257   280 D NetlinkEvent: NL param 'NPARTS=0'
01-01 08:00:17.562693   257   280 D vold    : Skip 'mmcblk0boot0' disk uevent
01-01 08:00:17.562742   257   280 V vold    : ----------------
01-01 08:00:17.562770   257   280 V vold    : handleBlockEvent with action 1
01-01 08:00:17.562794   257   280 D NetlinkEvent: NL action '1'
01-01 08:00:17.562816   257   280 D NetlinkEvent: NL subsystem 'block'
01-01 08:00:17.562838   257   280 D NetlinkEvent: NL param 'DEVPATH=/devices/mtk-msdc.0/11230000.msdc0/mmc_host/mmc0/mmc0:0001/block/mmcblk0/mmcblk0boot1'
01-01 08:00:17.562858   257   280 D NetlinkEvent: NL param 'MAJOR=179'
01-01 08:00:17.562877   257   280 D NetlinkEvent: NL param 'MINOR=64'
01-01 08:00:17.562897   257   280 D NetlinkEvent: NL param 'DEVNAME=mmcblk0boot1'
01-01 08:00:17.562918   257   280 D NetlinkEvent: NL param 'DEVTYPE=disk'
01-01 08:00:17.562938   257   280 D NetlinkEvent: NL param 'NPARTS=0'
01-01 08:00:17.564463   257   280 D vold    : Skip 'mmcblk0boot1' disk uevent
01-01 08:00:17.564561   257   280 V vold    : ----------------
01-01 08:00:17.564602   257   280 V vold    : handleBlockEvent with action 1
01-01 08:00:17.564627   257   280 D NetlinkEvent: NL action '1'
01-01 08:00:17.564648   257   280 D NetlinkEvent: NL subsystem 'block'
01-01 08:00:17.564670   257   280 D NetlinkEvent: NL param 'DEVPATH=/devices/mtk-msdc.0/11230000.msdc0/mmc_host/mmc0/mmc0:0001/block/mmcblk0'
01-01 08:00:17.564692   257   280 D NetlinkEvent: NL param 'MAJOR=179'
01-01 08:00:17.564713   257   280 D NetlinkEvent: NL param 'MINOR=0'
01-01 08:00:17.564734   257   280 D NetlinkEvent: NL param 'DEVNAME=mmcblk0'
01-01 08:00:17.564755   257   280 D NetlinkEvent: NL param 'DEVTYPE=disk'
01-01 08:00:17.565403   257   280 D NetlinkEvent: NL param 'NPARTS=23'
01-01 08:00:17.565453   257   280 I Vold    : handleBlockEvent(): For MTK_SHARED_SDCARD, remove EMMC disk
01-01 08:00:17.565540   257   280 V vold    : ----------------
01-01 08:00:17.565586   257   280 V vold    : handleBlockEvent with action 1
01-01 08:00:17.566285   257   280 D NetlinkEvent: NL action '1'
01-01 08:00:17.566348   257   280 D NetlinkEvent: NL subsystem 'block'
01-01 08:00:17.566372   257   280 D NetlinkEvent: NL param 'DEVPATH=/devices/mtk-msdc.0/11230000.msdc0/mmc_host/mmc0/mmc0:0001/block/mmcblk0/mmcblk0p1'
01-01 08:00:17.566395   257   280 D NetlinkEvent: NL param 'MAJOR=179'
01-01 08:00:17.566747   257   280 D NetlinkEvent: NL param 'MINOR=1'
01-01 08:00:17.566770   257   280 D NetlinkEvent: NL param 'DEVNAME=mmcblk0p1'
01-01 08:00:17.566790   257   280 D NetlinkEvent: NL param 'DEVTYPE=partition'
01-01 08:00:17.566810   257   280 D NetlinkEvent: NL param 'PARTN=1'
01-01 08:00:17.566830   257   280 D NetlinkEvent: NL param 'PARTNAME=proinfo'
01-01 08:00:17.566917   257   280 V vold    : ----------------
01-01 08:00:17.566958   257   280 V vold    : handleBlockEvent with action 1
01-01 08:00:17.566982   257   280 D NetlinkEvent: NL action '1'
01-01 08:00:17.567003   257   280 D NetlinkEvent: NL subsystem 'block'
01-01 08:00:17.567023   257   280 D NetlinkEvent: NL param 'DEVPATH=/devices/mtk-msdc.0/11230000.msdc0/mmc_host/mmc0/mmc0:0001/block/mmcblk0/mmcblk0p2'
01-01 08:00:17.567043   257   280 D NetlinkEvent: NL param 'MAJOR=179'
01-01 08:00:17.567062   257   280 D NetlinkEvent: NL param 'MINOR=2'
01-01 08:00:17.567082   257   280 D NetlinkEvent: NL param 'DEVNAME=mmcblk0p2'
01-01 08:00:17.567105   257   280 D NetlinkEvent: NL param 'DEVTYPE=partition'
01-01 08:00:17.567126   257   280 D NetlinkEvent: NL param 'PARTN=2'
01-01 08:00:17.567148   257   280 D NetlinkEvent: NL param 'PARTNAME=nvram'
01-01 08:00:17.567203   257   280 V vold    : ----------------
01-01 08:00:17.567231   257   280 V vold    : handleBlockEvent with action 1
01-01 08:00:17.567254   257   280 D NetlinkEvent: NL action '1'
01-01 08:00:17.567275   257   280 D NetlinkEvent: NL subsystem 'block'
01-01 08:00:17.567296   257   280 D NetlinkEvent: NL param 'DEVPATH=/devices/mtk-msdc.0/11230000.msdc0/mmc_host/mmc0/mmc0:0001/block/mmcblk0/mmcblk0p3'
01-01 08:00:17.567317   257   280 D NetlinkEvent: NL param 'MAJOR=179'
01-01 08:00:17.567338   257   280 D NetlinkEvent: NL param 'MINOR=3'
01-01 08:00:17.567360   257   280 D NetlinkEvent: NL param 'DEVNAME=mmcblk0p3'
01-01 08:00:17.567383   257   280 D NetlinkEvent: NL param 'DEVTYPE=partition'
01-01 08:00:17.567403   257   280 D NetlinkEvent: NL param 'PARTN=3'
01-01 08:00:17.567423   257   280 D NetlinkEvent: NL param 'PARTNAME=protect1'
01-01 08:00:17.567557   257   280 V vold    : ----------------
01-01 08:00:17.567589   257   280 V vold    : handleBlockEvent with action 1
01-01 08:00:17.567612   257   280 D NetlinkEvent: NL action '1'
01-01 08:00:17.567633   257   280 D NetlinkEvent: NL subsystem 'block'
01-01 08:00:17.567653   257   280 D NetlinkEvent: NL param 'DEVPATH=/devices/mtk-msdc.0/11230000.msdc0/mmc_host/mmc0/mmc0:0001/block/mmcblk0/mmcblk0p4'
01-01 08:00:17.567674   257   280 D NetlinkEvent: NL param 'MAJOR=179'
01-01 08:00:17.567694   257   280 D NetlinkEvent: NL param 'MINOR=4'
01-01 08:00:17.567716   257   280 D NetlinkEvent: NL param 'DEVNAME=mmcblk0p4'
01-01 08:00:17.567736   257   280 D NetlinkEvent: NL param 'DEVTYPE=partition'
01-01 08:00:17.567756   257   280 D NetlinkEvent: NL param 'PARTN=4'
01-01 08:00:17.567776   257   280 D NetlinkEvent: NL param 'PARTNAME=protect2'
01-01 08:00:17.567821   257   280 V vold    : ----------------
01-01 08:00:17.568901   257   280 V vold    : handleBlockEvent with action 1
01-01 08:00:17.568952   257   280 D NetlinkEvent: NL action '1'
01-01 08:00:17.568974   257   280 D NetlinkEvent: NL subsystem 'block'
01-01 08:00:17.568995   257   280 D NetlinkEvent: NL param 'DEVPATH=/devices/mtk-msdc.0/11230000.msdc0/mmc_host/mmc0/mmc0:0001/block/mmcblk0/mmcblk0p5'
01-01 08:00:17.569016   257   280 D NetlinkEvent: NL param 'MAJOR=179'
01-01 08:00:17.569036   257   280 D NetlinkEvent: NL param 'MINOR=5'
01-01 08:00:17.569055   257   280 D NetlinkEvent: NL param 'DEVNAME=mmcblk0p5'
01-01 08:00:17.569075   257   280 D NetlinkEvent: NL param 'DEVTYPE=partition'
01-01 08:00:17.569095   257   280 D NetlinkEvent: NL param 'PARTN=5'
01-01 08:00:17.569115   257   280 D NetlinkEvent: NL param 'PARTNAME=lk'
01-01 08:00:17.569202   257   280 V vold    : ----------------
01-01 08:00:17.569239   257   280 V vold    : handleBlockEvent with action 1
01-01 08:00:17.569262   257   280 D NetlinkEvent: NL action '1'
01-01 08:00:17.574214   257   280 D NetlinkEvent: NL subsystem 'block'
01-01 08:00:17.574284   257   280 D NetlinkEvent: NL param 'DEVPATH=/devices/mtk-msdc.0/11230000.msdc0/mmc_host/mmc0/mmc0:0001/block/mmcblk0/mmcblk0p6'
01-01 08:00:17.574307   257   280 D NetlinkEvent: NL param 'MAJOR=179'
01-01 08:00:17.574329   257   280 D NetlinkEvent: NL param 'MINOR=6'
01-01 08:00:17.574349   257   280 D NetlinkEvent: NL param 'DEVNAME=mmcblk0p6'
01-01 08:00:17.574369   257   280 D NetlinkEvent: NL param 'DEVTYPE=partition'
01-01 08:00:17.574388   257   280 D NetlinkEvent: NL param 'PARTN=6'
01-01 08:00:17.574409   257   280 D NetlinkEvent: NL param 'PARTNAME=para'
01-01 08:00:17.574661   257   280 V vold    : ----------------
01-01 08:00:17.577107   257   280 V vold    : handleBlockEvent with action 1
01-01 08:00:17.577139   257   280 D NetlinkEvent: NL action '1'
01-01 08:00:17.577160   257   280 D NetlinkEvent: NL subsystem 'block'
01-01 08:00:17.577182   257   280 D NetlinkEvent: NL param 'DEVPATH=/devices/mtk-msdc.0/11230000.msdc0/mmc_host/mmc0/mmc0:0001/block/mmcblk0/mmcblk0p7'
01-01 08:00:17.577203   257   280 D NetlinkEvent: NL param 'MAJOR=179'
01-01 08:00:17.577222   257   280 D NetlinkEvent: NL param 'MINOR=7'
01-01 08:00:17.577242   257   280 D NetlinkEvent: NL param 'DEVNAME=mmcblk0p7'
01-01 08:00:17.578207   257   257 I NVRAM   : Coldboot: try to wait for uevents, timeout 5s
01-01 08:00:17.578395   257   280 D NetlinkEvent: NL param 'DEVTYPE=partition'
01-01 08:00:17.578418   257   280 D NetlinkEvent: NL param 'PARTN=7'
01-01 08:00:17.578438   257   280 D NetlinkEvent: NL param 'PARTNAME=boot'
01-01 08:00:17.578531   257   280 V vold    : ----------------
01-01 08:00:17.578571   257   280 V vold    : handleBlockEvent with action 1
01-01 08:00:17.578594   257   280 D NetlinkEvent: NL action '1'
01-01 08:00:17.578618   257   280 D NetlinkEvent: NL subsystem 'block'
01-01 08:00:17.578639   257   280 D NetlinkEvent: NL param 'DEVPATH=/devices/mtk-msdc.0/11230000.msdc0/mmc_host/mmc0/mmc0:0001/block/mmcblk0/mmcblk0p8'
01-01 08:00:17.578658   257   280 D NetlinkEvent: NL param 'MAJOR=179'
01-01 08:00:17.578678   257   280 D NetlinkEvent: NL param 'MINOR=8'
01-01 08:00:17.578697   257   280 D NetlinkEvent: NL param 'DEVNAME=mmcblk0p8'
01-01 08:00:17.578717   257   280 D NetlinkEvent: NL param 'DEVTYPE=partition'
01-01 08:00:17.578739   257   280 D NetlinkEvent: NL param 'PARTN=8'
01-01 08:00:17.578759   257   280 D NetlinkEvent: NL param 'PARTNAME=recovery'
01-01 08:00:17.578801   257   280 V vold    : ----------------
01-01 08:00:17.578828   257   280 V vold    : handleBlockEvent with action 1
01-01 08:00:17.578850   257   280 D NetlinkEvent: NL action '1'
01-01 08:00:17.578872   257   280 D NetlinkEvent: NL subsystem 'block'
01-01 08:00:17.578892   257   280 D NetlinkEvent: NL param 'DEVPATH=/devices/mtk-msdc.0/11230000.msdc0/mmc_host/mmc0/mmc0:0001/block/mmcblk0/mmcblk0p9'
01-01 08:00:17.578912   257   280 D NetlinkEvent: NL param 'MAJOR=179'
01-01 08:00:17.578934   257   280 D NetlinkEvent: NL param 'MINOR=9'
01-01 08:00:17.579371   257   280 D NetlinkEvent: NL param 'DEVNAME=mmcblk0p9'
01-01 08:00:17.579624   257   280 D NetlinkEvent: NL param 'DEVTYPE=partition'
01-01 08:00:17.579650   257   280 D NetlinkEvent: NL param 'PARTN=9'
01-01 08:00:17.579670   257   280 D NetlinkEvent: NL param 'PARTNAME=logo'
01-01 08:00:17.579750   257   280 V vold    : ----------------
01-01 08:00:17.579787   257   280 V vold    : handleBlockEvent with action 1
01-01 08:00:17.579814   257   280 D NetlinkEvent: NL action '1'
01-01 08:00:17.579836   257   280 D NetlinkEvent: NL subsystem 'block'
01-01 08:00:17.579952   257   280 D NetlinkEvent: NL param 'DEVPATH=/devices/mtk-msdc.0/11230000.msdc0/mmc_host/mmc0/mmc0:0001/block/mmcblk0/mmcblk0rpmb'
01-01 08:00:17.580328   257   280 D NetlinkEvent: NL param 'MAJOR=179'
01-01 08:00:17.580365   257   280 D NetlinkEvent: NL param 'MINOR=96'
01-01 08:00:17.580389   257   280 D NetlinkEvent: NL param 'DEVNAME=mmcblk0rpmb'
01-01 08:00:17.580410   257   280 D NetlinkEvent: NL param 'DEVTYPE=disk'
01-01 08:00:17.580534   257   280 D NetlinkEvent: NL param 'NPARTS=0'
01-01 08:00:17.580590   257   280 D vold    : Skip 'mmcblk0rpmb' disk uevent
01-01 08:00:17.580659   257   280 V vold    : ----------------
01-01 08:00:17.580695   257   280 V vold    : handleBlockEvent with action 1
01-01 08:00:17.580721   257   280 D NetlinkEvent: NL action '1'
01-01 08:00:17.580743   257   280 D NetlinkEvent: NL subsystem 'block'
01-01 08:00:17.580763   257   280 D NetlinkEvent: NL param 'DEVPATH=/devices/mtk-msdc.0/11230000.msdc0/mmc_host/mmc0/mmc0:0001/block/mmcblk0/mmcblk0boot0'
01-01 08:00:17.580783   257   280 D NetlinkEvent: NL param 'MAJOR=179'
01-01 08:00:17.580803   257   280 D NetlinkEvent: NL param 'MINOR=32'
01-01 08:00:17.580824   257   280 D NetlinkEvent: NL param 'DEVNAME=mmcblk0boot0'
01-01 08:00:17.580844   257   280 D NetlinkEvent: NL param 'DEVTYPE=disk'
01-01 08:00:17.580864   257   280 D NetlinkEvent: NL param 'NPARTS=0'
01-01 08:00:17.580890   257   280 D vold    : Skip 'mmcblk0boot0' disk uevent
01-01 08:00:17.581026   257   280 V vold    : ----------------
01-01 08:00:17.581055   257   280 V vold    : handleBlockEvent with action 1
01-01 08:00:17.581078   257   280 D NetlinkEvent: NL action '1'
01-01 08:00:17.581099   257   280 D NetlinkEvent: NL subsystem 'block'
01-01 08:00:17.581121   257   280 D NetlinkEvent: NL param 'DEVPATH=/devices/mtk-msdc.0/11230000.msdc0/mmc_host/mmc0/mmc0:0001/block/mmcblk0/mmcblk0boot1'
01-01 08:00:17.581147   257   280 D NetlinkEvent: NL param 'MAJOR=179'
01-01 08:00:17.581169   257   280 D NetlinkEvent: NL param 'MINOR=64'
01-01 08:00:17.581192   257   280 D NetlinkEvent: NL param 'DEVNAME=mmcblk0boot1'
01-01 08:00:17.581212   257   280 D NetlinkEvent: NL param 'DEVTYPE=disk'
01-01 08:00:17.581231   257   280 D NetlinkEvent: NL param 'NPARTS=0'
01-01 08:00:17.581257   257   280 D vold    : Skip 'mmcblk0boot1' disk uevent
01-01 08:00:17.581299   257   280 V vold    : ----------------
01-01 08:00:17.581328   257   280 V vold    : handleBlockEvent with action 1
01-01 08:00:17.581435   257   280 D NetlinkEvent: NL action '1'
01-01 08:00:17.582176   257   280 D NetlinkEvent: NL subsystem 'block'
01-01 08:00:17.582227   257   280 D NetlinkEvent: NL param 'DEVPATH=/devices/mtk-msdc.0/11230000.msdc0/mmc_host/mmc0/mmc0:0001/block/mmcblk0/mmcblk0p10'
01-01 08:00:17.582248   257   280 D NetlinkEvent: NL param 'MAJOR=179'
01-01 08:00:17.582269   257   280 D NetlinkEvent: NL param 'MINOR=10'
01-01 08:00:17.582293   257   280 D NetlinkEvent: NL param 'DEVNAME=mmcblk0p10'
01-01 08:00:17.582316   257   280 D NetlinkEvent: NL param 'DEVTYPE=partition'
01-01 08:00:17.582339   257   280 D NetlinkEvent: NL param 'PARTN=10'
01-01 08:00:17.582359   257   280 D NetlinkEvent: NL param 'PARTNAME=expdb'
01-01 08:00:17.582519   257   280 V vold    : ----------------
01-01 08:00:17.582954   257   280 V vold    : handleBlockEvent with action 1
01-01 08:00:17.583083   257   280 D NetlinkEvent: NL action '1'
01-01 08:00:17.583163   257   280 D NetlinkEvent: NL subsystem 'block'
01-01 08:00:17.583185   257   280 D NetlinkEvent: NL param 'DEVPATH=/devices/mtk-msdc.0/11230000.msdc0/mmc_host/mmc0/mmc0:0001/block/mmcblk0/mmcblk0p11'
01-01 08:00:17.583206   257   280 D NetlinkEvent: NL param 'MAJOR=179'
01-01 08:00:17.583228   257   280 D NetlinkEvent: NL param 'MINOR=11'
01-01 08:00:17.583252   257   280 D NetlinkEvent: NL param 'DEVNAME=mmcblk0p11'
01-01 08:00:17.583276   257   280 D NetlinkEvent: NL param 'DEVTYPE=partition'
01-01 08:00:17.583297   257   280 D NetlinkEvent: NL param 'PARTN=11'
01-01 08:00:17.583321   257   280 D NetlinkEvent: NL param 'PARTNAME=seccfg'
01-01 08:00:17.583515   257   280 V vold    : ----------------
01-01 08:00:17.583555   257   280 V vold    : handleBlockEvent with action 1
01-01 08:00:17.583579   257   280 D NetlinkEvent: NL action '1'
01-01 08:00:17.583618   257   280 D NetlinkEvent: NL subsystem 'block'
01-01 08:00:17.583641   257   280 D NetlinkEvent: NL param 'DEVPATH=/devices/mtk-msdc.0/11230000.msdc0/mmc_host/mmc0/mmc0:0001/block/mmcblk0/mmcblk0p12'
01-01 08:00:17.583662   257   280 D NetlinkEvent: NL param 'MAJOR=179'
01-01 08:00:17.583685   257   280 D NetlinkEvent: NL param 'MINOR=12'
01-01 08:00:17.583706   257   280 D NetlinkEvent: NL param 'DEVNAME=mmcblk0p12'
01-01 08:00:17.583726   257   280 D NetlinkEvent: NL param 'DEVTYPE=partition'
01-01 08:00:17.583861   257   280 D NetlinkEvent: NL param 'PARTN=12'
01-01 08:00:17.583884   257   280 D NetlinkEvent: NL param 'PARTNAME=oemkeystore'
01-01 08:00:17.583960   257   280 V vold    : ----------------
01-01 08:00:17.583996   257   280 V vold    : handleBlockEvent with action 1
01-01 08:00:17.587798   257   280 D NetlinkEvent: NL action '1'
01-01 08:00:17.587851   257   280 D NetlinkEvent: NL subsystem 'block'
01-01 08:00:17.587874   257   280 D NetlinkEvent: NL param 'DEVPATH=/devices/mtk-msdc.0/11230000.msdc0/mmc_host/mmc0/mmc0:0001/block/mmcblk0/mmcblk0p13'
01-01 08:00:17.587896   257   280 D NetlinkEvent: NL param 'MAJOR=179'
01-01 08:00:17.587921   257   280 D NetlinkEvent: NL param 'MINOR=13'
01-01 08:00:17.588145   257   280 D NetlinkEvent: NL param 'DEVNAME=mmcblk0p13'
01-01 08:00:17.588261   257   280 D NetlinkEvent: NL param 'DEVTYPE=partition'
01-01 08:00:17.588331   257   280 D NetlinkEvent: NL param 'PARTN=13'
01-01 08:00:17.588353   257   280 D NetlinkEvent: NL param 'PARTNAME=secro'
01-01 08:00:17.588609   257   280 V vold    : ----------------
01-01 08:00:17.588745   257   280 V vold    : handleBlockEvent with action 1
01-01 08:00:17.588778   257   280 D NetlinkEvent: NL action '1'
01-01 08:00:17.588800   257   280 D NetlinkEvent: NL subsystem 'block'
01-01 08:00:17.588821   257   280 D NetlinkEvent: NL param 'DEVPATH=/devices/mtk-msdc.0/11230000.msdc0/mmc_host/mmc0/mmc0:0001/block/mmcblk0/mmcblk0p14'
01-01 08:00:17.588842   257   280 D NetlinkEvent: NL param 'MAJOR=179'
01-01 08:00:17.589027   257   280 D NetlinkEvent: NL param 'MINOR=14'
01-01 08:00:17.589050   257   280 D NetlinkEvent: NL param 'DEVNAME=mmcblk0p14'
01-01 08:00:17.589071   257   280 D NetlinkEvent: NL param 'DEVTYPE=partition'
01-01 08:00:17.589091   257   280 D NetlinkEvent: NL param 'PARTN=14'
01-01 08:00:17.589115   257   280 D NetlinkEvent: NL param 'PARTNAME=keystore'
01-01 08:00:17.589399   257   280 V vold    : ----------------
01-01 08:00:17.589439   257   280 V vold    : handleBlockEvent with action 1
01-01 08:00:17.589641   257   280 D NetlinkEvent: NL action '1'
01-01 08:00:17.589666   257   280 D NetlinkEvent: NL subsystem 'block'
01-01 08:00:17.590080   257   280 D NetlinkEvent: NL param 'DEVPATH=/devices/mtk-msdc.0/11230000.msdc0/mmc_host/mmc0/mmc0:0001/block/mmcblk0/mmcblk0p15'
01-01 08:00:17.590104   257   280 D NetlinkEvent: NL param 'MAJOR=179'
01-01 08:00:17.590127   257   280 D NetlinkEvent: NL param 'MINOR=15'
01-01 08:00:17.590149   257   280 D NetlinkEvent: NL param 'DEVNAME=mmcblk0p15'
01-01 08:00:17.590170   257   280 D NetlinkEvent: NL param 'DEVTYPE=partition'
01-01 08:00:17.590190   257   280 D NetlinkEvent: NL param 'PARTN=15'
01-01 08:00:17.590210   257   280 D NetlinkEvent: NL param 'PARTNAME=tee1'
01-01 08:00:17.590590   257   280 V vold    : ----------------
01-01 08:00:17.590640   257   280 V vold    : handleBlockEvent with action 1
01-01 08:00:17.590763   257   280 D NetlinkEvent: NL action '1'
01-01 08:00:17.591341   257   280 D NetlinkEvent: NL subsystem 'block'
01-01 08:00:17.591366   257   280 D NetlinkEvent: NL param 'DEVPATH=/devices/mtk-msdc.0/11230000.msdc0/mmc_host/mmc0/mmc0:0001/block/mmcblk0/mmcblk0p16'
01-01 08:00:17.591388   257   280 D NetlinkEvent: NL param 'MAJOR=179'
01-01 08:00:17.591412   257   280 D NetlinkEvent: NL param 'MINOR=16'
01-01 08:00:17.591433   257   280 D NetlinkEvent: NL param 'DEVNAME=mmcblk0p16'
01-01 08:00:17.591454   257   280 D NetlinkEvent: NL param 'DEVTYPE=partition'
01-01 08:00:17.591474   257   280 D NetlinkEvent: NL param 'PARTN=16'
01-01 08:00:17.591498   257   280 D NetlinkEvent: NL param 'PARTNAME=tee2'
01-01 08:00:17.591588   257   280 V vold    : ----------------
01-01 08:00:17.591628   257   280 V vold    : handleBlockEvent with action 1
01-01 08:00:17.591652   257   280 D NetlinkEvent: NL action '1'
01-01 08:00:17.591673   257   280 D NetlinkEvent: NL subsystem 'block'
01-01 08:00:17.591695   257   280 D NetlinkEvent: NL param 'DEVPATH=/devices/mtk-msdc.0/11230000.msdc0/mmc_host/mmc0/mmc0:0001/block/mmcblk0/mmcblk0p17'
01-01 08:00:17.591715   257   280 D NetlinkEvent: NL param 'MAJOR=179'
01-01 08:00:17.591735   257   280 D NetlinkEvent: NL param 'MINOR=17'
01-01 08:00:17.591755   257   280 D NetlinkEvent: NL param 'DEVNAME=mmcblk0p17'
01-01 08:00:17.591777   257   280 D NetlinkEvent: NL param 'DEVTYPE=partition'
01-01 08:00:17.591797   257   280 D NetlinkEvent: NL param 'PARTN=17'
01-01 08:00:17.591816   257   280 D NetlinkEvent: NL param 'PARTNAME=frp'
01-01 08:00:17.591861   257   280 V vold    : ----------------
01-01 08:00:17.592492   257   280 V vold    : handleBlockEvent with action 1
01-01 08:00:17.592521   257   280 D NetlinkEvent: NL action '1'
01-01 08:00:17.592545   257   280 D NetlinkEvent: NL subsystem 'block'
01-01 08:00:17.592565   257   280 D NetlinkEvent: NL param 'DEVPATH=/devices/mtk-msdc.0/11230000.msdc0/mmc_host/mmc0/mmc0:0001/block/mmcblk0/mmcblk0p18'
01-01 08:00:17.592585   257   280 D NetlinkEvent: NL param 'MAJOR=179'
01-01 08:00:17.592604   257   280 D NetlinkEvent: NL param 'MINOR=18'
01-01 08:00:17.592623   257   280 D NetlinkEvent: NL param 'DEVNAME=mmcblk0p18'
01-01 08:00:17.592849   257   280 D NetlinkEvent: NL param 'DEVTYPE=partition'
01-01 08:00:17.592872   257   280 D NetlinkEvent: NL param 'PARTN=18'
01-01 08:00:17.592892   257   280 D NetlinkEvent: NL param 'PARTNAME=nvdata'
01-01 08:00:17.592955   257   280 V vold    : ----------------
01-01 08:00:17.593178   257   280 V vold    : handleBlockEvent with action 1
01-01 08:00:17.593209   257   280 D NetlinkEvent: NL action '1'
01-01 08:00:17.593348   257   280 D NetlinkEvent: NL subsystem 'block'
01-01 08:00:17.593375   257   280 D NetlinkEvent: NL param 'DEVPATH=/devices/mtk-msdc.0/11230000.msdc0/mmc_host/mmc0/mmc0:0001/block/mmcblk0/mmcblk0p19'
01-01 08:00:17.593396   257   280 D NetlinkEvent: NL param 'MAJOR=179'
01-01 08:00:17.593417   257   280 D NetlinkEvent: NL param 'MINOR=19'
01-01 08:00:17.593437   257   280 D NetlinkEvent: NL param 'DEVNAME=mmcblk0p19'
01-01 08:00:17.593457   257   280 D NetlinkEvent: NL param 'DEVTYPE=partition'
01-01 08:00:17.593477   257   280 D NetlinkEvent: NL param 'PARTN=19'
01-01 08:00:17.593497   257   280 D NetlinkEvent: NL param 'PARTNAME=metadata'
01-01 08:00:17.593551   257   280 V vold    : ----------------
01-01 08:00:17.593583   257   280 V vold    : handleBlockEvent with action 1
01-01 08:00:17.593606   257   280 D NetlinkEvent: NL action '1'
01-01 08:00:17.593627   257   280 D NetlinkEvent: NL subsystem 'block'
01-01 08:00:17.593646   257   280 D NetlinkEvent: NL param 'DEVPATH=/devices/mtk-msdc.0/11230000.msdc0/mmc_host/mmc0/mmc0:0001/block/mmcblk0/mmcblk0p20'
01-01 08:00:17.593666   257   280 D NetlinkEvent: NL param 'MAJOR=179'
01-01 08:00:17.593686   257   280 D NetlinkEvent: NL param 'MINOR=20'
01-01 08:00:17.593706   257   280 D NetlinkEvent: NL param 'DEVNAME=mmcblk0p20'
01-01 08:00:17.593728   257   280 D NetlinkEvent: NL param 'DEVTYPE=partition'
01-01 08:00:17.593749   257   280 D NetlinkEvent: NL param 'PARTN=20'
01-01 08:00:17.593770   257   280 D NetlinkEvent: NL param 'PARTNAME=system'
01-01 08:00:17.593815   257   280 V vold    : ----------------
01-01 08:00:17.593843   257   280 V vold    : handleBlockEvent with action 1
01-01 08:00:17.593867   257   280 D NetlinkEvent: NL action '1'
01-01 08:00:17.593887   257   280 D NetlinkEvent: NL subsystem 'block'
01-01 08:00:17.594430   257   280 D NetlinkEvent: NL param 'DEVPATH=/devices/mtk-msdc.0/11230000.msdc0/mmc_host/mmc0/mmc0:0001/block/mmcblk0/mmcblk0p21'
01-01 08:00:17.594468   257   280 D NetlinkEvent: NL param 'MAJOR=179'
01-01 08:00:17.594489   257   280 D NetlinkEvent: NL param 'MINOR=21'
01-01 08:00:17.594509   257   280 D NetlinkEvent: NL param 'DEVNAME=mmcblk0p21'
01-01 08:00:17.594530   257   280 D NetlinkEvent: NL param 'DEVTYPE=partition'
01-01 08:00:17.594551   257   280 D NetlinkEvent: NL param 'PARTN=21'
01-01 08:00:17.594573   257   280 D NetlinkEvent: NL param 'PARTNAME=cache'
01-01 08:00:17.596180   257   280 V vold    : ----------------
01-01 08:00:17.596284   257   280 V vold    : handleBlockEvent with action 1
01-01 08:00:17.596311   257   280 D NetlinkEvent: NL action '1'
01-01 08:00:17.596333   257   280 D NetlinkEvent: NL subsystem 'block'
01-01 08:00:17.596356   257   280 D NetlinkEvent: NL param 'DEVPATH=/devices/mtk-msdc.0/11230000.msdc0/mmc_host/mmc0/mmc0:0001/block/mmcblk0/mmcblk0p22'
01-01 08:00:17.596376   257   280 D NetlinkEvent: NL param 'MAJOR=179'
01-01 08:00:17.596397   257   280 D NetlinkEvent: NL param 'MINOR=22'
01-01 08:00:17.597555   257   280 D NetlinkEvent: NL param 'DEVNAME=mmcblk0p22'
01-01 08:00:17.598011   257   280 D NetlinkEvent: NL param 'DEVTYPE=partition'
01-01 08:00:17.598037   257   280 D NetlinkEvent: NL param 'PARTN=22'
01-01 08:00:17.598058   257   280 D NetlinkEvent: NL param 'PARTNAME=userdata'
01-01 08:00:17.598659   257   280 V vold    : ----------------
01-01 08:00:17.598848   257   280 V vold    : handleBlockEvent with action 1
01-01 08:00:17.598892   257   280 D NetlinkEvent: NL action '1'
01-01 08:00:17.598915   257   280 D NetlinkEvent: NL subsystem 'block'
01-01 08:00:17.598937   257   280 D NetlinkEvent: NL param 'DEVPATH=/devices/mtk-msdc.0/11230000.msdc0/mmc_host/mmc0/mmc0:0001/block/mmcblk0/mmcblk0p23'
01-01 08:00:17.598979   257   280 D NetlinkEvent: NL param 'MAJOR=179'
01-01 08:00:17.599002   257   280 D NetlinkEvent: NL param 'MINOR=23'
01-01 08:00:17.599023   257   280 D NetlinkEvent: NL param 'DEVNAME=mmcblk0p23'
01-01 08:00:17.599043   257   280 D NetlinkEvent: NL param 'DEVTYPE=partition'
01-01 08:00:17.599064   257   280 D NetlinkEvent: NL param 'PARTN=23'
01-01 08:00:17.599084   257   280 D NetlinkEvent: NL param 'PARTNAME=flashinfo'
01-01 08:00:17.599126   257   280 I Vold    : Coldboot: sem_post() because all uevent has handled
01-01 08:00:17.599178   257   257 I NVRAM   : Coldboot: all uevent has handled
01-01 08:00:17.599219   257   257 I vold    : 'nvdata' partition exists.
01-01 08:00:17.605624   257   287 D FrameworkListener: dispatchCommand data = (0 cryptfs enablecrypto inplace default)
01-01 08:00:17.607566   257   287 D Cryptfs : Just asked init to shut down class main
01-01 08:00:17.607651   257   287 W vold    : emulated unmount requires state mounted
01-01 08:00:17.608078   257   287 D Cryptfs : unmounting /data succeeded
01-01 08:00:17.608267   257   287 D Cryptfs : Successful: mount tmpfs for '/data'
01-01 08:00:17.612479   257   287 D Cryptfs : Just triggered post_fs_data
01-01 08:00:17.635105   290   290 I md_ctrl : ro.crypto.state=, vold.decrypt=trigger_post_fs_data, vold.encryption.type=, start/stop=0
01-01 08:00:17.635160   290   290 I md_ctrl : this is first boot and will to encrypt. set vold.encryption.type to default
01-01 08:00:17.651010   290   290 E md_ctrl : ccci is waiting. No need to start/stop modem
01-01 08:00:17.749259   271   271 E BootLogoUpdater: [boot_logo_updater]boot package = 0
01-01 08:00:17.749321   271   271 E BootLogoUpdater: [boot_logo_updater]update boot reason = 0, ret = 2
01-01 08:00:17.824794   271   271 E libshowlogo: [show_animation_common: fill_animation_logo 129]Logo data error
01-01 08:00:22.257439   369   369 E md_ctrl : ccci is waiting. No need to start/stop modem
01-01 08:00:29.332927   844   844 E md_ctrl : encryption.type is default. ccci is waiting. No need to start/stop modem
01-01 08:00:32.262546   906   906 E md_ctrl : encryption.type is default. ccci is waiting. No need to start/stop modem
01-01 08:00:48.022365  1456  1456 E AlarmManager: dm binder is null!
01-01 08:00:48.307130  1456  1456 E MountService: setDefaultPath new path=
01-01 08:00:48.876051  1456  1509 E VoldConnector: Error handling '662 /data 11822116864 373859692': java.lang.NullPointerException: Attempt to invoke virtual method 'void android.os.DropBoxManager.addText(java.lang.String, java.lang.String)' on a null object reference
01-01 08:00:48.890742  1456  1509 E VoldConnector: Error handling '662 /cache 405864448 14877615': java.lang.NullPointerException: Attempt to invoke virtual method 'void android.os.DropBoxManager.addText(java.lang.String, java.lang.String)' on a null object reference
01-01 08:00:48.902765  1456  1509 E VoldConnector: Error handling '662 /protect_f 6049792 11829385': java.lang.NullPointerException: Attempt to invoke virtual method 'void android.os.DropBoxManager.addText(java.lang.String, java.lang.String)' on a null object reference
01-01 08:00:48.912459  1456  1509 E VoldConnector: Error handling '662 /protect_s 6053888 9296077': java.lang.NullPointerException: Attempt to invoke virtual method 'void android.os.DropBoxManager.addText(java.lang.String, java.lang.String)' on a null object reference
01-01 08:00:48.940217  1456  1509 E VoldConnector: Error handling '662 /nvdata 25980928 27413154': java.lang.NullPointerException: Attempt to invoke virtual method 'void android.os.DropBoxManager.addText(java.lang.String, java.lang.String)' on a null object reference
01-01 08:01:09.169174  1456  1456 E PersistentDataBlockService: not able to find package com.google.android.gms
01-01 08:01:09.169174  1456  1456 E PersistentDataBlockService: android.content.pm.PackageManager$NameNotFoundException: com.google.android.gms
01-01 08:01:09.169174  1456  1456 E PersistentDataBlockService: 	at android.app.ApplicationPackageManager.getPackageUid(ApplicationPackageManager.java:239)
01-01 08:01:09.169174  1456  1456 E PersistentDataBlockService: 	at com.android.server.PersistentDataBlockService.getAllowedUid(PersistentDataBlockService.java:100)
01-01 08:01:09.169174  1456  1456 E PersistentDataBlockService: 	at com.android.server.PersistentDataBlockService.<init>(PersistentDataBlockService.java:88)
01-01 08:01:09.169174  1456  1456 E PersistentDataBlockService: 	at java.lang.reflect.Constructor.newInstance(Native Method)
01-01 08:01:09.169174  1456  1456 E PersistentDataBlockService: 	at com.android.server.SystemServiceManager.startService(SystemServiceManager.java:97)
01-01 08:01:09.169174  1456  1456 E PersistentDataBlockService: 	at com.android.server.SystemServer.startOtherServices(SystemServer.java:795)
01-01 08:01:09.169174  1456  1456 E PersistentDataBlockService: 	at com.android.server.SystemServer.run(SystemServer.java:360)
01-01 08:01:09.169174  1456  1456 E PersistentDataBlockService: 	at com.android.server.SystemServer.main(SystemServer.java:245)
01-01 08:01:09.169174  1456  1456 E PersistentDataBlockService: 	at java.lang.reflect.Method.invoke(Native Method)
01-01 08:01:09.169174  1456  1456 E PersistentDataBlockService: 	at com.android.internal.os.ZygoteInit$MethodAndArgsCaller.run(ZygoteInit.java:789)
01-01 08:01:09.169174  1456  1456 E PersistentDataBlockService: 	at com.android.internal.os.ZygoteInit.main(ZygoteInit.java:679)
01-01 08:01:10.511936  1456  1456 E LockSettingsStorage: Cannot read file java.io.FileNotFoundException: /data/system/gatekeeper.password.key: open failed: ENOENT (No such file or directory)
01-01 08:01:10.512197  1456  1456 E LockSettingsStorage: Cannot read file java.io.FileNotFoundException: /data/system/password.key: open failed: ENOENT (No such file or directory)
01-01 08:01:10.512366  1456  1456 E LockSettingsStorage: Cannot read file java.io.FileNotFoundException: /data/system/gatekeeper.pattern.key: open failed: ENOENT (No such file or directory)
01-01 08:01:10.512554  1456  1456 E LockSettingsStorage: Cannot read file java.io.FileNotFoundException: /data/system/gatekeeper.gesture.key: open failed: ENOENT (No such file or directory)
01-01 08:01:10.512737  1456  1456 E LockSettingsStorage: Cannot read file java.io.FileNotFoundException: /data/system/gesture.key: open failed: ENOENT (No such file or directory)
01-01 08:01:10.726151  1456  1512 E WifiDisplayController: actionAtDisconnected, null display
01-01 08:01:10.726742  1456  1512 E WifiDisplayController: WFD disconnected, and WifiLock isn't Held!
01-01 08:01:13.403852  1790  1883 E FileSourceProxy: Open dupFd fail for file 
01-01 08:01:13.450391  1790  1883 E APEExtractor: getAPEInfo not ape 5002
01-01 08:01:13.789541  1456  1497 E NetdConnector: NDC Command {3 strict enable} took too long (539ms)
01-01 08:01:14.152123  1456  2145 E FileSourceProxy: Open dupFd fail for file 
01-01 08:01:14.160617  1456  1497 E InputMethodManagerService: Ignoring updateSystemUiLocked due to an invalid token. uid:1000 token:null
01-01 08:01:14.187642  1456  2145 E APEExtractor: getAPEInfo not ape 5001
01-01 08:01:14.199647  1790  1883 E FileSourceProxy: Open dupFd fail for file 
01-01 08:01:14.232766  1790  1883 E APEExtractor: getAPEInfo not ape 5002
01-01 08:01:14.245073  1456  2145 E FileSourceProxy: Open dupFd fail for file 
01-01 08:01:14.255363  1456  2145 E APEExtractor: getAPEInfo not ape 5002
01-01 08:01:14.262738  1456  1497 E LocationManagerService: no geocoder provider found
01-01 08:01:14.264083  1456  1497 E LocationManagerService: FLP HAL not supported
01-01 08:01:14.268930  1456  1497 E LocationManagerService: Unable to bind FLP Geofence proxy.
01-01 08:01:14.271953  1456  1497 E LocationManagerService: Hardware Activity-Recognition not supported.
01-01 08:01:14.401323  1456  2145 E FileSourceProxy: Open dupFd fail for file 
01-01 08:01:14.434021  1456  2145 E APEExtractor: getAPEInfo not ape 5002
01-01 08:00:00.118547  1456  2145 E FileSourceProxy: Open dupFd fail for file 
01-01 08:00:00.126229  1456  2145 E APEExtractor: getAPEInfo not ape 5002
01-01 08:00:00.348715  1456  1576 E MountService: setDefaultPath new path=/storage/emulated/0
01-01 08:00:00.407942  1456  2145 E FileSourceProxy: Open dupFd fail for file 
01-01 08:00:00.506756  1456  2145 E APEExtractor: getAPEInfo not ape 5002
01-01 08:00:00.599598  1456  1576 E MountService: setDefaultPath new path=/storage/emulated/0
01-01 08:00:00.736541  2201  2201 E VIE     : the data path is null!!
01-01 08:00:01.678667   873  2338 E APEExtractor: getAPEInfo not ape 5003
01-01 08:00:01.745998   873  2470 E APEExtractor: getAPEInfo not ape 5003
01-01 08:00:02.019365   873  2491 E APEExtractor: getAPEInfo not ape 5003
01-01 08:00:02.043983   873  2495 E APEExtractor: getAPEInfo not ape 5003
01-01 08:00:04.738920  1456  1512 E ActivityManager: Unable to mark boot complete for abi: arm64-v8a
01-01 08:00:04.739631  1456  1512 E ActivityManager: Unable to mark boot complete for abi: armeabi-v7a
01-01 08:00:05.071748  1456  1612 E ConnectivityService: Failed to find Messenger in unregisterNetworkFactory
01-01 08:00:05.074519  1456  1612 E ConnectivityService: Failed to find Messenger in unregisterNetworkFactory
01-01 08:00:10.324074  3023  3035 E ActivityThread: Failed to find provider info for com.android.launcher2.settings
01-01 08:00:12.090552  3161  3161 E ActivityThread: Service com.android.email.service.EmailBroadcastProcessorService has leaked ServiceConnection com.android.emailcommon.service.ServiceProxy$ProxyConnection@8338dab that was originally bound here
01-01 08:00:12.090552  3161  3161 E ActivityThread: android.app.ServiceConnectionLeaked: Service com.android.email.service.EmailBroadcastProcessorService has leaked ServiceConnection com.android.emailcommon.service.ServiceProxy$ProxyConnection@8338dab that was originally bound here
01-01 08:00:12.090552  3161  3161 E ActivityThread: 	at android.app.LoadedApk$ServiceDispatcher.<init>(LoadedApk.java:1145)
01-01 08:00:12.090552  3161  3161 E ActivityThread: 	at android.app.LoadedApk.getServiceDispatcher(LoadedApk.java:1039)
01-01 08:00:12.090552  3161  3161 E ActivityThread: 	at android.app.ContextImpl.bindServiceCommon(ContextImpl.java:1320)
01-01 08:00:12.090552  3161  3161 E ActivityThread: 	at android.app.ContextImpl.bindService(ContextImpl.java:1303)
01-01 08:00:12.090552  3161  3161 E ActivityThread: 	at android.content.ContextWrapper.bindService(ContextWrapper.java:612)
01-01 08:00:12.090552  3161  3161 E ActivityThread: 	at com.android.emailcommon.service.ServiceProxy.setTask(ServiceProxy.java:186)
01-01 08:00:12.090552  3161  3161 E ActivityThread: 	at com.android.emailcommon.service.ServiceProxy.test(ServiceProxy.java:229)
01-01 08:00:12.090552  3161  3161 E ActivityThread: 	at com.android.email.service.EmailServiceUtils.isServiceAvailable(EmailServiceUtils.java:166)
01-01 08:00:12.090552  3161  3161 E ActivityThread: 	at com.android.email.provider.AccountReconciler.reconcileAccountsInternal(AccountReconciler.java:206)
01-01 08:00:12.090552  3161  3161 E ActivityThread: 	at com.android.email.provider.AccountReconciler.reconcileAccounts(AccountReconciler.java:145)
01-01 08:00:12.090552  3161  3161 E ActivityThread: 	at com.android.email.service.EmailBroadcastProcessorService.reconcileAndStartServices(EmailBroadcastProcessorService.java:364)
01-01 08:00:12.090552  3161  3161 E ActivityThread: 	at com.android.email.service.EmailBroadcastProcessorService.onBootCompleted(EmailBroadcastProcessorService.java:345)
01-01 08:00:12.090552  3161  3161 E ActivityThread: 	at com.android.email.service.EmailBroadcastProcessorService.onHandleIntent(EmailBroadcastProcessorService.java:154)
01-01 08:00:12.090552  3161  3161 E ActivityThread: 	at android.app.IntentService$ServiceHandler.handleMessage(IntentService.java:66)
01-01 08:00:12.090552  3161  3161 E ActivityThread: 	at android.os.Handler.dispatchMessage(Handler.java:111)
01-01 08:00:12.090552  3161  3161 E ActivityThread: 	at android.os.Looper.loop(Looper.java:207)
01-01 08:00:12.090552  3161  3161 E ActivityThread: 	at android.os.HandlerThread.run(HandlerThread.java:61)
01-01 08:00:13.640962   873  1619 E APEExtractor: getAPEInfo not ape 5004
01-01 08:00:16.135169  2181  2181 E ActivityThread: Service com.android.stk.StkAppService has leaked IntentReceiver com.android.stk.StkAppService$15@91f282 that was originally registered here. Are you missing a call to unregisterReceiver()?
01-01 08:00:16.135169  2181  2181 E ActivityThread: android.app.IntentReceiverLeaked: Service com.android.stk.StkAppService has leaked IntentReceiver com.android.stk.StkAppService$15@91f282 that was originally registered here. Are you missing a call to unregisterReceiver()?
01-01 08:00:16.135169  2181  2181 E ActivityThread: 	at android.app.LoadedApk$ReceiverDispatcher.<init>(LoadedApk.java:971)
01-01 08:00:16.135169  2181  2181 E ActivityThread: 	at android.app.LoadedApk.getReceiverDispatcher(LoadedApk.java:740)
01-01 08:00:16.135169  2181  2181 E ActivityThread: 	at android.app.ContextImpl.registerReceiverInternal(ContextImpl.java:1189)
01-01 08:00:16.135169  2181  2181 E ActivityThread: 	at android.app.ContextImpl.registerReceiver(ContextImpl.java:1169)
01-01 08:00:16.135169  2181  2181 E ActivityThread: 	at android.app.ContextImpl.registerReceiver(ContextImpl.java:1163)
01-01 08:00:16.135169  2181  2181 E ActivityThread: 	at android.content.ContextWrapper.registerReceiver(ContextWrapper.java:562)
01-01 08:00:16.135169  2181  2181 E ActivityThread: 	at com.android.stk.StkAppService.initNotify(StkAppService.java:566)
01-01 08:00:16.135169  2181  2181 E ActivityThread: 	at com.android.stk.StkAppService.onCreate(StkAppService.java:516)
01-01 08:00:16.135169  2181  2181 E ActivityThread: 	at android.app.ActivityThread.handleCreateService(ActivityThread.java:3095)
01-01 08:00:16.135169  2181  2181 E ActivityThread: 	at android.app.ActivityThread.-wrap4(ActivityThread.java)
01-01 08:00:16.135169  2181  2181 E ActivityThread: 	at android.app.ActivityThread$H.handleMessage(ActivityThread.java:1579)
01-01 08:00:16.135169  2181  2181 E ActivityThread: 	at android.os.Handler.dispatchMessage(Handler.java:111)
01-01 08:00:16.135169  2181  2181 E ActivityThread: 	at android.os.Looper.loop(Looper.java:207)
01-01 08:00:16.135169  2181  2181 E ActivityThread: 	at android.app.ActivityThread.main(ActivityThread.java:5777)
01-01 08:00:16.135169  2181  2181 E ActivityThread: 	at java.lang.reflect.Method.invoke(Native Method)
01-01 08:00:16.135169  2181  2181 E ActivityThread: 	at com.android.internal.os.ZygoteInit$MethodAndArgsCaller.run(ZygoteInit.java:789)
01-01 08:00:16.135169  2181  2181 E ActivityThread: 	at com.android.internal.os.ZygoteInit.main(ZygoteInit.java:679)
01-01 08:01:55.977985  3793  3793 E ActivityThread: Failed to find provider info for com.qihoo360.mobilesafe.sync.NewAVSyncProvider
01-01 08:09:30.774384  1456  1489 V ActivityManager: Broadcast: Intent { act=com.mediatek.mtklogger.intent.action.LOG_STATE_CHANGED flg=0x10 (has extras) } ordered=false userid=0 callerApp=ProcessRecord{242b650 4633:com.mediatek.mtklogger/u0a52}
01-01 08:09:30.793698  1456  2268 V WindowManager: Remove Window{93cc044 u0 开始录制} client=f11ed57, surface=Surface(name=开始录制) Callers=com.android.server.wm.WindowManagerService.removeWindow:2911 com.android.server.wm.Session.remove:190 android.view.IWindowSession$Stub.onTransact:242 com.android.server.wm.Session.onTransact:133 
01-01 08:09:30.794448  1456  2268 V WindowManager: Looking for focus: 9 = Window{553e67c u0 StatusBar}, flags=-2122055608, canReceive=false
01-01 08:09:30.794541  1456  2268 V WindowManager: findFocusedWindow: Found new focus @ 4 = Window{49ab302 u0 com.mediatek.mtklogger/com.mediatek.mtklogger.MainActivity}
01-01 08:09:30.795055  1456  2268 V WindowManager: Changing focus from Window{93cc044 u0 开始录制 EXITING} to Window{49ab302 u0 com.mediatek.mtklogger/com.mediatek.mtklogger.MainActivity} Callers=com.android.server.wm.WindowManagerService.removeWindowLocked:2984 com.android.server.wm.WindowManagerService.removeWindow:2911 com.android.server.wm.Session.remove:190 android.view.IWindowSession$Stub.onTransact:242 
01-01 08:09:30.795167  1456  2268 D WindowManager: Input focus has changed to Window{49ab302 u0 com.mediatek.mtklogger/com.mediatek.mtklogger.MainActivity}
